ARM Linker, 5.03 [Build 24] [MDK-ARM Professional]

==============================================================================

Section Cross References

    startup_lpc17xx.o(RESET) refers to startup_lpc17xx.o(STACK) for __initial_sp
    startup_lpc17xx.o(RESET) refers to startup_lpc17xx.o(.text) for Reset_Handler
    startup_lpc17xx.o(RESET) refers to interrupt.o(i.NMI_Handler) for NMI_Handler
    startup_lpc17xx.o(RESET) refers to interrupt.o(i.HardFault_Handler) for HardFault_Handler
    startup_lpc17xx.o(RESET) refers to interrupt.o(i.MemManage_Handler) for MemManage_Handler
    startup_lpc17xx.o(RESET) refers to interrupt.o(i.WDT_IRQHandler) for WDT_IRQHandler
    startup_lpc17xx.o(RESET) refers to interrupt.o(i.TIMER0_IRQHandler) for TIMER0_IRQHandler
    startup_lpc17xx.o(RESET) refers to singlebus.o(i.TIMER1_IRQHandler) for TIMER1_IRQHandler
    startup_lpc17xx.o(RESET) refers to interrupt.o(i.TIMER2_IRQHandler) for TIMER2_IRQHandler
    startup_lpc17xx.o(RESET) refers to interrupt.o(i.UART0_IRQHandler) for UART0_IRQHandler
    startup_lpc17xx.o(RESET) refers to interrupt.o(i.UART1_IRQHandler) for UART1_IRQHandler
    startup_lpc17xx.o(RESET) refers to interrupt.o(i.UART2_IRQHandler) for UART2_IRQHandler
    startup_lpc17xx.o(RESET) refers to interrupt.o(i.UART3_IRQHandler) for UART3_IRQHandler
    startup_lpc17xx.o(RESET) refers to interrupt.o(i.EINT0_IRQHandler) for EINT0_IRQHandler
    startup_lpc17xx.o(RESET) refers to interrupt.o(i.EINT1_IRQHandler) for EINT1_IRQHandler
    startup_lpc17xx.o(RESET) refers to interrupt.o(i.EINT2_IRQHandler) for EINT2_IRQHandler
    startup_lpc17xx.o(RESET) refers to interrupt.o(i.EINT3_IRQHandler) for EINT3_IRQHandler
    startup_lpc17xx.o(.text) refers to entry.o(.ARM.Collect$$$$00000000) for __main
    system_lpc17xx.o(i.SystemInit) refers to system_lpc17xx.o(.data) for SystemFrequency
    main.o(i.led_pin_config) refers to wpa_cli.o(.data) for WpaState
    main.o(i.main) refers to system_lpc17xx.o(i.SystemInit) for SystemInit
    main.o(i.main) refers to wpa_cli.o(i.esp8266_pin_config) for esp8266_pin_config
    main.o(i.main) refers to main.o(i.led_pin_config) for led_pin_config
    main.o(i.main) refers to fm62429.o(i.fm62429_pincfg) for fm62429_pincfg
    main.o(i.main) refers to uart.o(i.init_uart0) for init_uart0
    main.o(i.main) refers to uart.o(i.init_uart1) for init_uart1
    main.o(i.main) refers to uart.o(i.init_uart2) for init_uart2
    main.o(i.main) refers to uart.o(i.init_uart3) for init_uart3
    main.o(i.main) refers to tel.o(i.AM79R70_pincfg) for AM79R70_pincfg
    main.o(i.main) refers to pct25vf.o(i.init_sst25vfxxx_spi) for init_sst25vfxxx_spi
    main.o(i.main) refers to pct25vf.o(i.read_id) for read_id
    main.o(i.main) refers to voice_play.o(i.dac_pin_config) for dac_pin_config
    main.o(i.main) refers to fm62429.o(i.set_play_voice_volue) for set_play_voice_volue
    main.o(i.main) refers to fm62429.o(i.set_talk_voice_volue) for set_talk_voice_volue
    main.o(i.main) refers to timer.o(i.init_timer0) for init_timer0
    main.o(i.main) refers to timer.o(i.init_timer1) for init_timer1
    main.o(i.main) refers to timer.o(i.init_timer2) for init_timer2
    main.o(i.main) refers to global.o(i.channel_pin_config) for channel_pin_config
    main.o(i.main) refers to singlebus.o(i.SingleBusInit) for SingleBusInit
    main.o(i.main) refers to singlebus.o(i.init_parameter) for init_parameter
    main.o(i.main) refers to voice_play.o(i.voice_play_word) for voice_play_word
    main.o(i.main) refers to wdt.o(i.init_wdt) for init_wdt
    main.o(i.main) refers to tel.o(i.init_tel) for init_tel
    main.o(i.main) refers to tel.o(i.init_msm7512) for init_msm7512
    main.o(i.main) refers to tel.o(i.init_mt8870) for init_mt8870
    main.o(i.main) refers to extint.o(i.eint2Init) for eint2Init
    main.o(i.main) refers to ds3231.o(i.DS3231_init) for DS3231_init
    main.o(i.main) refers to tel.o(i.init_phone_key_buf) for init_phone_key_buf
    main.o(i.main) refers to ds3231.o(i.init_black_light_status) for init_black_light_status
    main.o(i.main) refers to wpa_cli.o(i.init_ssid) for init_ssid
    main.o(i.main) refers to wpa_cli.o(i.get_right_ssid) for get_right_ssid
    main.o(i.main) refers to uart.o(i.uart2_send_str) for uart2_send_str
    main.o(i.main) refers to wpa_cli.o(i.crc32) for crc32
    main.o(i.main) refers to wpa_cli.o(i.init_pwd) for init_pwd
    main.o(i.main) refers to printf8.o(i.__0sprintf$8) for __2sprintf
    main.o(i.main) refers to uart.o(i.uart2_send_byte) for uart2_send_byte
    main.o(i.main) refers to wpa_cli.o(i.esp8266_rst) for esp8266_rst
    main.o(i.main) refers to global.o(i.soft_delay_half_ms) for soft_delay_half_ms
    main.o(i.main) refers to wpa_cli.o(i.init_esp8266) for init_esp8266
    main.o(i.main) refers to singlebus.o(i.Bus0OutputData) for Bus0OutputData
    main.o(i.main) refers to wdt.o(i.feed_wdt) for feed_wdt
    main.o(i.main) refers to pct25vf.o(i.sst_read) for sst_read
[...]
    ../clib/scanf.c                          0x00000000   Number         0  atoi.o ABSOLUTE
    ../clib/scanf.c                          0x00000000   Number         0  _strtoul.o ABSOLUTE
    ../clib/scanf.c                          0x00000000   Number         0  _chval.o ABSOLUTE
    ../fplib/microlib/d2f.c                  0x00000000   Number         0  d2f.o ABSOLUTE
    ../fplib/microlib/f2d.c                  0x00000000   Number         0  f2d.o ABSOLUTE
    ../fplib/microlib/fpadd.c                0x00000000   Number         0  dadd.o ABSOLUTE
    ../fplib/microlib/fpdiv.c                0x00000000   Number         0  ddiv.o ABSOLUTE
    ../fplib/microlib/fpepilogue.c           0x00000000   Number         0  depilogue.o ABSOLUTE
    ../fplib/microlib/fpepilogue.c           0x00000000   Number         0  fepilogue.o ABSOLUTE
    ../fplib/microlib/fpfix.c                0x00000000   Number         0  dfixul.o ABSOLUTE
    ../fplib/microlib/fpflt.c                0x00000000   Number         0  fflti.o ABSOLUTE
    ../fplib/microlib/fpmul.c                0x00000000   Number         0  dmul.o ABSOLUTE
    LPC17xx\system_LPC17xx.c                 0x00000000   Number         0  system_lpc17xx.o ABSOLUTE
    cdrcmple.s                               0x00000000   Number         0  cdrcmple.o ABSOLUTE
    dc.s                                     0x00000000   Number         0  dc.o ABSOLUTE
    handlers.s                               0x00000000   Number         0  handlers.o ABSOLUTE
    init.s                                   0x00000000   Number         0  init.o ABSOLUTE
    source\Inflash.c                         0x00000000   Number         0  inflash.o ABSOLUTE
    source\PCT25VF.C                         0x00000000   Number         0  pct25vf.o ABSOLUTE
    source\SingleBus.c                       0x00000000   Number         0  singlebus.o ABSOLUTE
    source\ds3231.c                          0x00000000   Number         0  ds3231.o ABSOLUTE
    source\extint.c                          0x00000000   Number         0  extint.o ABSOLUTE
    source\fm62429.c                         0x00000000   Number         0  fm62429.o ABSOLUTE
    source\global.c                          0x00000000   Number         0  global.o ABSOLUTE
    source\interrupt.c                       0x00000000   Number         0  interrupt.o ABSOLUTE
    source\main.c                            0x00000000   Number         0  main.o ABSOLUTE
    source\tel.c                             0x00000000   Number         0  tel.o ABSOLUTE
    source\timer.c                           0x00000000   Number         0  timer.o ABSOLUTE
    source\uart.c                            0x00000000   Number         0  uart.o ABSOLUTE
    source\voice_play.c                      0x00000000   Number         0  voice_play.o ABSOLUTE
    source\wdt.c                             0x00000000   Number         0  wdt.o ABSOLUTE
    source\wpa_cli.c                         0x00000000   Number         0  wpa_cli.o ABSOLUTE
    startup\\core_cm3.c                      0x00000000   Number         0  core_cm3.o ABSOLUTE
    startup\core_cm3.c                       0x00000000   Number         0  core_cm3.o ABSOLUTE
    startup\startup_LPC17xx.s                0x00000000   Number         0  startup_lpc17xx.o ABSOLUTE
    .ARM.Collect$$$$00000000                 0x000000cc   Section        0  entry.o(.ARM.Collect$$$$00000000)
    .ARM.Collect$$$$00000001                 0x000000cc   Section        4  entry2.o(.ARM.Collect$$$$00000001)
    .ARM.Collect$$$$00000004                 0x000000d0   Section        4  entry5.o(.ARM.Collect$$$$00000004)
    .ARM.Collect$$$$00000008                 0x000000d4   Section        0  entry7b.o(.ARM.Collect$$$$00000008)
    .ARM.Collect$$$$0000000A                 0x000000d4   Section        0  entry8b.o(.ARM.Collect$$$$0000000A)
    .ARM.Collect$$$$0000000B                 0x000000d4   Section        8  entry9a.o(.ARM.Collect$$$$0000000B)
    .ARM.Collect$$$$0000000D                 0x000000dc   Section        0  entry10a.o(.ARM.Collect$$$$0000000D)
    .ARM.Collect$$$$0000000F                 0x000000dc   Section        0  entry11a.o(.ARM.Collect$$$$0000000F)
    .ARM.Collect$$$$00002712                 0x000000dc   Section        4  entry2.o(.ARM.Collect$$$$00002712)
    __lit__00000000                          0x000000dc   Data           4  entry2.o(.ARM.Collect$$$$00002712)
    .text                                    0x000000e0   Section       28  startup_lpc17xx.o(.text)
    .text                                    0x000000fc   Section        0  memcpya.o(.text)
    .text                                    0x00000120   Section        0  strcat.o(.text)
    .text                                    0x00000138   Section        0  strstr.o(.text)
    .text                                    0x0000015c   Section        0  strcpy.o(.text)
    .text                                    0x0000016e   Section        0  atoi.o(.text)
    .text                                    0x00000188   Section        0  uldiv.o(.text)
    .text                                    0x000001ea   Section        0  strtol.o(.text)
    .text                                    0x0000025c   Section       36  init.o(.text)
    .text                                    0x00000280   Section        0  llshl.o(.text)
    .text                                    0x0000029e   Section        0  llushr.o(.text)
    .text                                    0x000002c0   Section        0  ctype_o.o(.text)
    .text                                    0x000002c8   Section        0  _chval.o(.text)
    i.AM79R70_active                         0x000002e4   Section        0  tel.o(i.AM79R70_active)
    .ARM.__at_0x02FC                         0x000002fc   Section        4  startup_lpc17xx.o(.ARM.__at_0x02FC)
    .text                                    0x00000300   Section        0  _strtoul.o(.text)
    i.AAI_Write                              0x000003a0   Section        0  pct25vf.o(i.AAI_Write)
    i.AM79R70_pincfg                         0x00000414   Section        0  tel.o(i.AM79R70_pincfg)
    i.AM79R70_ringing                        0x00000450   Section        0  tel.o(i.AM79R70_ringing)
    i.AM79R70_standby                        0x00000468   Section        0  tel.o(i.AM79R70_standby)
    i.AddCallNod                             0x00000480   Section        0  singlebus.o(i.AddCallNod)
    i.AddrCompare                            0x00000618   Section        0  singlebus.o(i.AddrCompare)
    i.Auto_Add_IncA_EBSY                     0x00000668   Section        0  pct25vf.o(i.Auto_Add_IncA_EBSY)
    i.Auto_Add_IncB_EBSY                     0x000006b8   Section        0  pct25vf.o(i.Auto_Add_IncB_EBSY)
    i.BCDtoHEX                               0x000006f4   Section        0  ds3231.o(i.BCDtoHEX)
    i.Bus0Manager                            0x00000714   Section        0  singlebus.o(i.Bus0Manager)
    i.Bus0OutputData                         0x000008a8   Section        0  singlebus.o(i.Bus0OutputData)
    i.Bus0RecDeal                            0x0000090c   Section        0  singlebus.o(i.Bus0RecDeal)
    i.Bus0SendFinishDeal                     0x00001778   Section        0  singlebus.o(i.Bus0SendFinishDeal)
    i.Byte_Program                           0x00002328   Section        0  pct25vf.o(i.Byte_Program)
    i.CheckPsk                               0x00002368   Section        0  uart.o(i.CheckPsk)
    i.Chip_DAC_UpdateValue                   0x000023a4   Section        0  interrupt.o(i.Chip_DAC_UpdateValue)
    i.DBSY                                   0x000023c0   Section        0  pct25vf.o(i.DBSY)
    i.DS3231_comm_init                       0x000023e0   Section        0  ds3231.o(i.DS3231_comm_init)
    i.DS3231_init                            0x0000243c   Section        0  ds3231.o(i.DS3231_init)
    i.DS3231_pincfg                          0x000024ec   Section        0  ds3231.o(i.DS3231_pincfg)
    i.DirAddrCompare                         0x0000250c   Section        0  singlebus.o(i.DirAddrCompare)
    i.EBSY                                   0x00002538   Section        0  pct25vf.o(i.EBSY)
    i.EINT0_IRQHandler                       0x00002558   Section        0  interrupt.o(i.EINT0_IRQHandler)
    i.EINT1_IRQHandler                       0x00002588   Section        0  interrupt.o(i.EINT1_IRQHandler)
    i.EINT2_IRQHandler                       0x000025b8   Section        0  interrupt.o(i.EINT2_IRQHandler)
    i.EINT3_IRQHandler                       0x00002664   Section        0  interrupt.o(i.EINT3_IRQHandler)
    i.EWSR                                   0x0000266c   Section        0  pct25vf.o(i.EWSR)
    i.FLASH_BufferWrite                      0x0000268c   Section        0  pct25vf.o(i.FLASH_BufferWrite)
    i.FLASH_PageWrite                        0x000027b8   Section        0  pct25vf.o(i.FLASH_PageWrite)
    i.Flash_Lock                             0x0000281c   Section        0  pct25vf.o(i.Flash_Lock)
    i.Flash_Unlock                           0x00002840   Section        0  pct25vf.o(i.Flash_Unlock)
    i.GetPskCrc                              0x00002864   Section        0  uart.o(i.GetPskCrc)
    i.Get_Byte                               0x00002892   Section        0  pct25vf.o(i.Get_Byte)
    i.HardFault_Handler                      0x000028a0   Section        0  interrupt.o(i.HardFault_Handler)
    i.MakeCH0TimerOut                        0x000028a4   Section        0  singlebus.o(i.MakeCH0TimerOut)
    i.MakeCH1TimerOut                        0x000028b4   Section        0  singlebus.o(i.MakeCH1TimerOut)
    i.MakeCallVoiceData                      0x000028c4   Section        0  voice_play.o(i.MakeCallVoiceData)
    i.MemManage_Handler                      0x00002d30   Section        0  interrupt.o(i.MemManage_Handler)
    i.NMI_Handler                            0x00002d34   Section        0  interrupt.o(i.NMI_Handler)
    i.NVIC_DisableIRQ                        0x00002d38   Section        0  voice_play.o(i.NVIC_DisableIRQ)
    NVIC_DisableIRQ                          0x00002d39   Thumb Code    18  voice_play.o(i.NVIC_DisableIRQ)
    i.NVIC_DisableIRQ                        0x00002d50   Section        0  interrupt.o(i.NVIC_DisableIRQ)
    NVIC_DisableIRQ                          0x00002d51   Thumb Code    18  interrupt.o(i.NVIC_DisableIRQ)
    i.NVIC_EnableIRQ                         0x00002d68   Section        0  uart.o(i.NVIC_EnableIRQ)
    NVIC_EnableIRQ                           0x00002d69   Thumb Code    24  uart.o(i.NVIC_EnableIRQ)
    i.NVIC_EnableIRQ                         0x00002d80   Section        0  voice_play.o(i.NVIC_EnableIRQ)
    NVIC_EnableIRQ                           0x00002d81   Thumb Code    24  voice_play.o(i.NVIC_EnableIRQ)
    i.NVIC_EnableIRQ                         0x00002d98   Section        0  interrupt.o(i.NVIC_EnableIRQ)
    NVIC_EnableIRQ                           0x00002d99   Thumb Code    24  interrupt.o(i.NVIC_EnableIRQ)
    i.NVIC_EnableIRQ                         0x00002db0   Section        0  timer.o(i.NVIC_EnableIRQ)
    NVIC_EnableIRQ                           0x00002db1   Thumb Code    24  timer.o(i.NVIC_EnableIRQ)
    i.NVIC_EnableIRQ                         0x00002dc8   Section        0  extint.o(i.NVIC_EnableIRQ)
    NVIC_EnableIRQ                           0x00002dc9   Thumb Code    24  extint.o(i.NVIC_EnableIRQ)
    i.NVIC_SetPriority                       0x00002de0   Section        0  uart.o(i.NVIC_SetPriority)
    NVIC_SetPriority                         0x00002de1   Thumb Code    32  uart.o(i.NVIC_SetPriority)
    i.NVIC_SetPriority                       0x00002e08   Section        0  interrupt.o(i.NVIC_SetPriority)
    NVIC_SetPriority                         0x00002e09   Thumb Code    32  interrupt.o(i.NVIC_SetPriority)
    i.NVIC_SetPriority                       0x00002e30   Section        0  timer.o(i.NVIC_SetPriority)
    NVIC_SetPriority                         0x00002e31   Thumb Code    32  timer.o(i.NVIC_SetPriority)
    i.NVIC_SetPriority                       0x00002e58   Section        0  extint.o(i.NVIC_SetPriority)
    NVIC_SetPriority                         0x00002e59   Thumb Code    32  extint.o(i.NVIC_SetPriority)
    i.Poll_SO                                0x00002e80   Section        0  pct25vf.o(i.Poll_SO)
    i.ReadDS3231Status                       0x00002ec0   Section        0  ds3231.o(i.ReadDS3231Status)
    i.ReadDS3231_time                        0x00002eec   Section        0  ds3231.o(i.ReadDS3231_time)
    i.Read_Status_Register                   0x00002f94   Section        0  pct25vf.o(i.Read_Status_Register)
    i.RemoveCallNod                          0x00002fbc   Section        0  singlebus.o(i.RemoveCallNod)
    i.RestartIndication                      0x000030fc   Section        0  singlebus.o(i.RestartIndication)
    i.SST25VF_Lock                           0x0000326c   Section        0  pct25vf.o(i.SST25VF_Lock)
    i.SST25VF_UnLock                         0x00003282   Section        0  pct25vf.o(i.SST25VF_UnLock)
    i.SaveCallAddr                           0x00003298   Section        0  singlebus.o(i.SaveCallAddr)
    i.SaveIndicationData                     0x000032b8   Section        0  singlebus.o(i.SaveIndicationData)
    i.Sector_Erase                           0x000032f0   Section        0  pct25vf.o(i.Sector_Erase)
    i.SingleBusInit                          0x00003328   Section        0  singlebus.o(i.SingleBusInit)
    i.StartVoicePlay                         0x000033f0   Section        0  voice_play.o(i.StartVoicePlay)
    i.StopVoicePlay                          0x00003488   Section        0  voice_play.o(i.StopVoicePlay)
    i.SystemInit                             0x000034e0   Section        0  system_lpc17xx.o(i.SystemInit)
    i.TIMER0_IRQHandler                      0x000036fc   Section        0  interrupt.o(i.TIMER0_IRQHandler)
    i.TIMER1_IRQHandler                      0x00003b7c   Section        0  singlebus.o(i.TIMER1_IRQHandler)
    i.TIMER2_IRQHandler                      0x00004388   Section        0  interrupt.o(i.TIMER2_IRQHandler)
    i.TimerOutDeal                           0x000044d8   Section        0  singlebus.o(i.TimerOutDeal)
    i.UART0_IRQHandler                       0x000048ac   Section        0  interrupt.o(i.UART0_IRQHandler)
    i.UART1_IRQHandler                       0x00004a04   Section        0  interrupt.o(i.UART1_IRQHandler)
    i.UART2_IRQHandler                       0x00004b10   Section        0  interrupt.o(i.UART2_IRQHandler)
    i.UART3_IRQHandler                       0x00004c0c   Section        0  interrupt.o(i.UART3_IRQHandler)
    i.Usart2RecDeal                          0x00004d58   Section        0  uart.o(i.Usart2RecDeal)
    i.Usart2SndCmd                           0x0000593c   Section        0  uart.o(i.Usart2SndCmd)
    i.VoiceChannelCtx                        0x00005940   Section        0  singlebus.o(i.VoiceChannelCtx)
    i.W25QXX_Lock                            0x00005a5c   Section        0  pct25vf.o(i.W25QXX_Lock)
    i.W25QXX_UnLock                          0x00005a72   Section        0  pct25vf.o(i.W25QXX_UnLock)
    i.W25QXX_WRSR                            0x00005a88   Section        0  pct25vf.o(i.W25QXX_WRSR)
    i.WDT_IRQHandler                         0x00005ab8   Section        0  interrupt.o(i.WDT_IRQHandler)
    i.WRDI                                   0x00005ac4   Section        0  pct25vf.o(i.WRDI)
    i.WREN                                   0x00005ae4   Section        0  pct25vf.o(i.WREN)
    i.WRSR                                   0x00005b08   Section        0  pct25vf.o(i.WRSR)
    i.Wait_Busy                              0x00005b30   Section        0  pct25vf.o(i.Wait_Busy)
    i.WriteDS3231_time                       0x00005b5c   Section        0  ds3231.o(i.WriteDS3231_time)
    i.__0sprintf$8                           0x00005be8   Section        0  printf8.o(i.__0sprintf$8)
    i.__aeabi_errno_addr                     0x00005c10   Section        0  errno.o(i.__aeabi_errno_addr)
    i.__scatterload_copy                     0x00005c18   Section       14  handlers.o(i.__scatterload_copy)
    i.__scatterload_null                     0x00005c26   Section        2  handlers.o(i.__scatterload_null)
    i.__scatterload_zeroinit                 0x00005c28   Section       14  handlers.o(i.__scatterload_zeroinit)
    i._printf_core                           0x00005c38   Section        0  printf8.o(i._printf_core)
    _printf_core                             0x00005c39   Thumb Code   988  printf8.o(i._printf_core)
    i._printf_post_padding                   0x00006040   Section        0  printf8.o(i._printf_post_padding)
    _printf_post_padding                     0x00006041   Thumb Code    38  printf8.o(i._printf_post_padding)
    i._printf_pre_padding                    0x00006066   Section        0  printf8.o(i._printf_pre_padding)
    _printf_pre_padding                      0x00006067   Thumb Code    48  printf8.o(i._printf_pre_padding)
    i._sputc                                 0x00006096   Section        0  printf8.o(i._sputc)
    _sputc                                   0x00006097   Thumb Code    10  printf8.o(i._sputc)
    i.channel_pin_config                     0x000060a0   Section        0  global.o(i.channel_pin_config)
    i.check_black_light_status               0x0000617c   Section        0  ds3231.o(i.check_black_light_status)
    i.check_ee_485brt                        0x0000629c   Section        0  singlebus.o(i.check_ee_485brt)
    i.check_esp8266                          0x00006324   Section        0  wpa_cli.o(i.check_esp8266)
    i.check_little_voice_status              0x00006c10   Section        0  ds3231.o(i.check_little_voice_status)
    i.crc32                                  0x00006cac   Section        0  wpa_cli.o(i.crc32)
    i.dac_pin_config                         0x00006cd0   Section        0  voice_play.o(i.dac_pin_config)
    i.delay_nop                              0x00006ce4   Section        0  ds3231.o(i.delay_nop)
    i.eint2Init                              0x00006cf0   Section        0  extint.o(i.eint2Init)
    i.eint3Isr                               0x00006d48   Section        0  singlebus.o(i.eint3Isr)
    i.esp8266_pin_config                     0x00006de8   Section        0  wpa_cli.o(i.esp8266_pin_config)
    i.esp8266_rst                            0x00006e10   Section        0  wpa_cli.o(i.esp8266_rst)
    i.feed_wdt                               0x00006e30   Section        0  wdt.o(i.feed_wdt)
    i.fm62429_pincfg                         0x00006e3c   Section        0  fm62429.o(i.fm62429_pincfg)
    i.free                                   0x00006e6c   Section        0  malloc.o(i.free)
    i.get_checksum                           0x00006ebc   Section        0  tel.o(i.get_checksum)
    i.get_complement                         0x00006ed4   Section        0  tel.o(i.get_complement)
    i.get_odd_parity                         0x00006ede   Section        0  tel.o(i.get_odd_parity)
    i.get_right_ssid                         0x00006f18   Section        0  wpa_cli.o(i.get_right_ssid)
    i.i2cread                                0x00006f70   Section        0  ds3231.o(i.i2cread)
    i.i2cwrite                               0x00006ffc   Section        0  ds3231.o(i.i2cwrite)
    i.init_black_light_status                0x000070a0   Section        0  ds3231.o(i.init_black_light_status)
    i.init_esp8266                           0x000071a4   Section        0  wpa_cli.o(i.init_esp8266)
    i.init_msm7512                           0x00007948   Section        0  tel.o(i.init_msm7512)
    i.init_mt8870                            0x00007970   Section        0  tel.o(i.init_mt8870)
    i.init_parameter                         0x000079f4   Section        0  singlebus.o(i.init_parameter)
    i.init_phone_key_buf                     0x00007a90   Section        0  tel.o(i.init_phone_key_buf)
    i.init_pwd                               0x00007aa8   Section        0  wpa_cli.o(i.init_pwd)
    i.init_scon0_Rcvbuf                      0x00007ac0   Section        0  uart.o(i.init_scon0_Rcvbuf)
    i.init_scon1_Rcvbuf                      0x00007ad8   Section        0  uart.o(i.init_scon1_Rcvbuf)
    i.init_ssid                              0x00007af4   Section        0  wpa_cli.o(i.init_ssid)
    i.init_sst25vfxxx_spi                    0x00007b0c   Section        0  pct25vf.o(i.init_sst25vfxxx_spi)
    i.init_tel                               0x00007b50   Section        0  tel.o(i.init_tel)
    i.init_timer0                            0x00007c38   Section        0  timer.o(i.init_timer0)
    i.init_timer1                            0x00007c84   Section        0  timer.o(i.init_timer1)
    i.init_timer2                            0x00007ccc   Section        0  timer.o(i.init_timer2)
    i.init_uart0                             0x00007d34   Section        0  uart.o(i.init_uart0)
    i.init_uart1                             0x00007de0   Section        0  uart.o(i.init_uart1)
    i.init_uart2                             0x00007e8c   Section        0  uart.o(i.init_uart2)
    i.init_uart3                             0x00007f38   Section        0  uart.o(i.init_uart3)
    i.init_voice_play_sequence               0x00007fe4   Section        0  voice_play.o(i.init_voice_play_sequence)
    i.init_wdt                               0x00008020   Section        0  wdt.o(i.init_wdt)
    i.led_pin_config                         0x00008040   Section        0  main.o(i.led_pin_config)
    i.main                                   0x000080a0   Section        0  main.o(i.main)
    i.make_msm7512_data                      0x00008978   Section        0  tel.o(i.make_msm7512_data)
    i.malloc                                 0x00008b14   Section        0  malloc.o(i.malloc)
    i.mt8870_received_treat                  0x00008b80   Section        0  tel.o(i.mt8870_received_treat)
    i.read_id                                0x00008cc8   Section        0  pct25vf.o(i.read_id)
    i.reset_parameter                        0x00008d14   Section        0  singlebus.o(i.reset_parameter)
    i.reset_start_timer1                     0x00008d7c   Section        0  timer.o(i.reset_start_timer1)
    i.save_parameter                         0x00008d94   Section        0  singlebus.o(i.save_parameter)
    i.send_msm7512_test                      0x00008dac   Section        0  tel.o(i.send_msm7512_test)
    i.set_play_voice_volue                   0x00008ebc   Section        0  fm62429.o(i.set_play_voice_volue)
    i.set_talk_voice_volue                   0x00008fc0   Section        0  fm62429.o(i.set_talk_voice_volue)
    i.short_delay                            0x000090c4   Section        0  global.o(i.short_delay)
    i.short_soft_delay                       0x000090d0   Section        0  global.o(i.short_soft_delay)
    i.soft_delay_half_ms                     0x000090e0   Section        0  global.o(i.soft_delay_half_ms)
    i.spi_send_data_hard                     0x00009108   Section        0  pct25vf.o(i.spi_send_data_hard)
    i.sst_fast_read                          0x00009130   Section        0  pct25vf.o(i.sst_fast_read)
    i.sst_read                               0x00009184   Section        0  pct25vf.o(i.sst_read)
    i.sst_write                              0x000091d0   Section        0  pct25vf.o(i.sst_write)
    i.start                                  0x00009260   Section        0  ds3231.o(i.start)
    i.start_tel_ring                         0x00009298   Section        0  tel.o(i.start_tel_ring)
    i.stop                                   0x000092f0   Section        0  ds3231.o(i.stop)
    i.stop_tel_ring                          0x0000932c   Section        0  tel.o(i.stop_tel_ring)
    i.tel_hungdown_treat                     0x00009370   Section        0  tel.o(i.tel_hungdown_treat)
    i.tel_pickup_treat                       0x00009484   Section        0  tel.o(i.tel_pickup_treat)
    i.uart1_send_byte                        0x00009508   Section        0  uart.o(i.uart1_send_byte)
    i.uart1_send_str                         0x00009520   Section        0  uart.o(i.uart1_send_str)
    i.uart1_send_str_len                     0x0000953e   Section        0  uart.o(i.uart1_send_str_len)
    i.uart2_send_byte                        0x00009560   Section        0  uart.o(i.uart2_send_byte)
    i.uart2_send_str                         0x00009578   Section        0  uart.o(i.uart2_send_str)
    i.uart3_send_byte                        0x00009598   Section        0  uart.o(i.uart3_send_byte)
    i.voice_continue_play_word               0x000095b0   Section        0  voice_play.o(i.voice_continue_play_word)
    i.voice_play_treat                       0x00009658   Section        0  voice_play.o(i.voice_play_treat)
    i.voice_play_word                        0x000096e8   Section        0  voice_play.o(i.voice_play_word)
    i.wifi_rec_deal                          0x000097b4   Section        0  wpa_cli.o(i.wifi_rec_deal)
    i.wifi_send_cmd                          0x0000a3c0   Section        0  wpa_cli.o(i.wifi_send_cmd)
    i.wifi_send_data                         0x0000a434   Section        0  wpa_cli.o(i.wifi_send_data)
    i.wifi_server_led_flash                  0x0000a540   Section        0  wpa_cli.o(i.wifi_server_led_flash)
    .constdata                               0x0000a57c   Section      320  voice_play.o(.constdata)
    .constdata                               0x0000a6bc   Section     1775  wpa_cli.o(.constdata)
    .constdata                               0x0000adab   Section      129  ctype_o.o(.constdata)
    .constdata                               0x0000ae2c   Section        4  ctype_o.o(.constdata)
    table                                    0x0000ae2c   Data           4  ctype_o.o(.constdata)
    .bss                                     0x10000000   Section    13332  voice_play.o(.bss)
    .data                                    0x2007c000   Section        4  system_lpc17xx.o(.data)
    .data                                    0x2007c004   Section       57  uart.o(.data)
    .data                                    0x2007c03e   Section       15  global.o(.data)
    .data                                    0x2007c050   Section       38  voice_play.o(.data)
    .data                                    0x2007c078   Section      102  singlebus.o(.data)
    byTemp                                   0x2007c097   Data           1  singlebus.o(.data)
    byCmd                                    0x2007c098   Data           1  singlebus.o(.data)
    byPriority                               0x2007c099   Data           1  singlebus.o(.data)
    .data                                    0x2007c0de   Section       23  tel.o(.data)
    number                                   0x2007c0ec   Data           1  tel.o(.data)
    .data                                    0x2007c0f8   Section        4  ds3231.o(.data)
    .data                                    0x2007c0fc   Section        2  pct25vf.o(.data)
    .data                                    0x2007c100   Section       11  wpa_cli.o(.data)
    st                                       0x2007c104   Data           4  wpa_cli.o(.data)
    .data                                    0x2007c10c   Section        4  mvars.o(.data)
    .data                                    0x2007c110   Section        4  mvars.o(.data)
    .data                                    0x2007c114   Section        4  errno.o(.data)
    _errno                                   0x2007c114   Data           4  errno.o(.data)
    .bss                                     0x2007c118   Section     1674  uart.o(.bss)
    .bss                                     0x2007c7a4   Section      180  singlebus.o(.bss)
    .bss                                     0x2007c858   Section       30  tel.o(.bss)
    .bss                                     0x2007c876   Section       40  wpa_cli.o(.bss)
    HEAP                                     0x2007c8a0   Section      512  startup_lpc17xx.o(HEAP)
    STACK                                    0x2007caa0   Section      512  startup_lpc17xx.o(STACK)

    Global Symbols

    Symbol Name                              Value     Ov Type        Size  Object(Section)

    BuildAttributes$$THM_ISAv4$P$D$K$B$S$PE$A:L22UL41UL21$X:L11$S22US41US21$IEEE1$IW$USESV6$~STKCKD$USESV7$~SHL$OTIME$ROPI$EBA8$MICROLIB$REQ8$PRES8$EABIv2 0x00000000   Number         0  anon$$obj.o ABSOLUTE
    __ARM_use_no_argv                        0x00000000   Number         0  main.o ABSOLUTE
    __Vectors                                0x00000000   Data           4  startup_lpc17xx.o(RESET)
    _printf_a                                0x00000000   Number         0  stubs.o ABSOLUTE
    _printf_c                                0x00000000   Number         0  stubs.o ABSOLUTE
    _printf_charcount                        0x00000000   Number         0  stubs.o ABSOLUTE
    _printf_d                                0x00000000   Number         0  stubs.o ABSOLUTE
    _printf_e                                0x00000000   Number         0  stubs.o ABSOLUTE
    _printf_f                                0x00000000   Number         0  stubs.o ABSOLUTE
    _printf_flags                            0x00000000   Number         0  stubs.o ABSOLUTE
    _printf_fp_dec                           0x00000000   Number         0  stubs.o ABSOLUTE
    _printf_fp_hex                           0x00000000   Number         0  stubs.o ABSOLUTE
    _printf_g                                0x00000000   Number         0  stubs.o ABSOLUTE
    _printf_i                                0x00000000   Number         0  stubs.o ABSOLUTE
    _printf_int_dec                          0x00000000   Number         0  stubs.o ABSOLUTE
    _printf_l                                0x00000000   Number         0  stubs.o ABSOLUTE
    _printf_lc                               0x00000000   Number         0  stubs.o ABSOLUTE
    _printf_ll                               0x00000000   Number         0  stubs.o ABSOLUTE
    _printf_lld                              0x00000000   Number         0  stubs.o ABSOLUTE
    _printf_lli                              0x00000000   Number         0  stubs.o ABSOLUTE
    _printf_llo                              0x00000000   Number         0  stubs.o ABSOLUTE
    _printf_llu                              0x00000000   Number         0  stubs.o ABSOLUTE
    _printf_llx                              0x00000000   Number         0  stubs.o ABSOLUTE
    _printf_longlong_dec                     0x00000000   Number         0  stubs.o ABSOLUTE
    _printf_longlong_hex                     0x00000000   Number         0  stubs.o ABSOLUTE
    _printf_longlong_oct                     0x00000000   Number         0  stubs.o ABSOLUTE
    _printf_ls                               0x00000000   Number         0  stubs.o ABSOLUTE
    _printf_mbtowc                           0x00000000   Number         0  stubs.o ABSOLUTE
    _printf_n                                0x00000000   Number         0  stubs.o ABSOLUTE
    _printf_o                                0x00000000   Number         0  stubs.o ABSOLUTE
    _printf_p                                0x00000000   Number         0  stubs.o ABSOLUTE
    _printf_percent                          0x00000000   Number         0  stubs.o ABSOLUTE
    _printf_pre_padding                      0x00000000   Number         0  stubs.o ABSOLUTE
    _printf_return_value                     0x00000000   Number         0  stubs.o ABSOLUTE
    _printf_s                                0x00000000   Number         0  stubs.o ABSOLUTE
    _printf_sizespec                         0x00000000   Number         0  stubs.o ABSOLUTE
    _printf_str                              0x00000000   Number         0  stubs.o ABSOLUTE
    _printf_truncate_signed                  0x00000000   Number         0  stubs.o ABSOLUTE
    _printf_truncate_unsigned                0x00000000   Number         0  stubs.o ABSOLUTE
    _printf_u                                0x00000000   Number         0  stubs.o ABSOLUTE
    _printf_wc                               0x00000000   Number         0  stubs.o ABSOLUTE
    _printf_wctomb                           0x00000000   Number         0  stubs.o ABSOLUTE
    _printf_widthprec                        0x00000000   Number         0  stubs.o ABSOLUTE
    _printf_x                                0x00000000   Number         0  stubs.o ABSOLUTE
    __cpp_initialize__aeabi_                  - Undefined Weak Reference
    __cxa_finalize                            - Undefined Weak Reference
    __decompress                              - Undefined Weak Reference
    _clock_init                               - Undefined Weak Reference
    _microlib_exit                            - Undefined Weak Reference
    __main                                   0x000000cd   Thumb Code     0  entry.o(.ARM.Collect$$$$00000000)
    _main_stk                                0x000000cd   Thumb Code     0  entry2.o(.ARM.Collect$$$$00000001)
    _main_scatterload                        0x000000d1   Thumb Code     0  entry5.o(.ARM.Collect$$$$00000004)
    __main_after_scatterload                 0x000000d5   Thumb Code     0  entry5.o(.ARM.Collect$$$$00000004)
    _main_clock                              0x000000d5   Thumb Code     0  entry7b.o(.ARM.Collect$$$$00000008)
    _main_cpp_init                           0x000000d5   Thumb Code     0  entry8b.o(.ARM.Collect$$$$0000000A)
    _main_init                               0x000000d5   Thumb Code     0  entry9a.o(.ARM.Collect$$$$0000000B)
    __rt_final_cpp                           0x000000dd   Thumb Code     0  entry10a.o(.ARM.Collect$$$$0000000D)
    __rt_final_exit                          0x000000dd   Thumb Code     0  entry11a.o(.ARM.Collect$$$$0000000F)
    Reset_Handler                            0x000000e1   Thumb Code     4  startup_lpc17xx.o(.text)
    BusFault_Handler                         0x000000eb   Thumb Code     2  startup_lpc17xx.o(.text)
    UsageFault_Handler                       0x000000ed   Thumb Code     2  startup_lpc17xx.o(.text)
    SVC_Handler                              0x000000ef   Thumb Code     2  startup_lpc17xx.o(.text)
    DebugMon_Handler                         0x000000f1   Thumb Code     2  startup_lpc17xx.o(.text)
    PendSV_Handler                           0x000000f3   Thumb Code     2  startup_lpc17xx.o(.text)
    SysTick_Handler                          0x000000f5   Thumb Code     2  startup_lpc17xx.o(.text)
    ADC_IRQHandler                           0x000000f7   Thumb Code     0  startup_lpc17xx.o(.text)
    BOD_IRQHandler                           0x000000f7   Thumb Code     0  startup_lpc17xx.o(.text)
    CANActivity_IRQHandler                   0x000000f7   Thumb Code     0  startup_lpc17xx.o(.text)
    CAN_IRQHandler                           0x000000f7   Thumb Code     0  startup_lpc17xx.o(.text)
    DMA_IRQHandler                           0x000000f7   Thumb Code     0  startup_lpc17xx.o(.text)
    ENET_IRQHandler                          0x000000f7   Thumb Code     0  startup_lpc17xx.o(.text)
    I2C0_IRQHandler                          0x000000f7   Thumb Code     0  startup_lpc17xx.o(.text)
    I2C1_IRQHandler                          0x000000f7   Thumb Code     0  startup_lpc17xx.o(.text)
    I2C2_IRQHandler                          0x000000f7   Thumb Code     0  startup_lpc17xx.o(.text)
    I2S_IRQHandler                           0x000000f7   Thumb Code     0  startup_lpc17xx.o(.text)
    MCPWM_IRQHandler                         0x000000f7   Thumb Code     0  startup_lpc17xx.o(.text)
    PLL0_IRQHandler                          0x000000f7   Thumb Code     0  startup_lpc17xx.o(.text)
    PLL1_IRQHandler                          0x000000f7   Thumb Code     0  startup_lpc17xx.o(.text)
    PWM1_IRQHandler                          0x000000f7   Thumb Code     0  startup_lpc17xx.o(.text)
    QEI_IRQHandler                           0x000000f7   Thumb Code     0  startup_lpc17xx.o(.text)
    RIT_IRQHandler                           0x000000f7   Thumb Code     0  startup_lpc17xx.o(.text)
    RTC_IRQHandler                           0x000000f7   Thumb Code     0  startup_lpc17xx.o(.text)
    SPI_IRQHandler                           0x000000f7   Thumb Code     0  startup_lpc17xx.o(.text)
    SSP0_IRQHandler                          0x000000f7   Thumb Code     0  startup_lpc17xx.o(.text)
    SSP1_IRQHandler                          0x000000f7   Thumb Code     0  startup_lpc17xx.o(.text)
    TIMER3_IRQHandler                        0x000000f7   Thumb Code     0  startup_lpc17xx.o(.text)
    USBActivity_IRQHandler                   0x000000f7   Thumb Code     0  startup_lpc17xx.o(.text)
    USB_IRQHandler                           0x000000f7   Thumb Code     0  startup_lpc17xx.o(.text)
    __aeabi_memcpy                           0x000000fd   Thumb Code    36  memcpya.o(.text)
    __aeabi_memcpy4                          0x000000fd   Thumb Code     0  memcpya.o(.text)
    __aeabi_memcpy8                          0x000000fd   Thumb Code     0  memcpya.o(.text)
    strcat                                   0x00000121   Thumb Code    24  strcat.o(.text)
    strstr                                   0x00000139   Thumb Code    36  strstr.o(.text)
    strcpy                                   0x0000015d   Thumb Code    18  strcpy.o(.text)
    atoi                                     0x0000016f   Thumb Code    26  atoi.o(.text)
    __aeabi_uldivmod                         0x00000189   Thumb Code    98  uldiv.o(.text)
    strtol                                   0x000001eb   Thumb Code   112  strtol.o(.text)
    __scatterload                            0x0000025d   Thumb Code    28  init.o(.text)
    __scatterload_rt2                        0x0000025d   Thumb Code     0  init.o(.text)
    __aeabi_llsl                             0x00000281   Thumb Code    30  llshl.o(.text)
    _ll_shift_l                              0x00000281   Thumb Code     0  llshl.o(.text)
    __aeabi_llsr                             0x0000029f   Thumb Code    32  llushr.o(.text)
    _ll_ushift_r                             0x0000029f   Thumb Code     0  llushr.o(.text)
    __rt_ctype_table                         0x000002c1   Thumb Code     4  ctype_o.o(.text)
    _chval                                   0x000002c9   Thumb Code    28  _chval.o(.text)
    AM79R70_active                           0x000002e5   Thumb Code    18  tel.o(i.AM79R70_active)
    _strtoul                                 0x00000301   Thumb Code   158  _strtoul.o(.text)
    AAI_Write                                0x000003a1   Thumb Code   112  pct25vf.o(i.AAI_Write)
    AM79R70_pincfg                           0x00000415   Thumb Code    52  tel.o(i.AM79R70_pincfg)
    AM79R70_ringing                          0x00000451   Thumb Code    18  tel.o(i.AM79R70_ringing)
    AM79R70_standby                          0x00000469   Thumb Code    18  tel.o(i.AM79R70_standby)
    AddCallNod                               0x00000481   Thumb Code   398  singlebus.o(i.AddCallNod)
    AddrCompare                              0x00000619   Thumb Code    78  singlebus.o(i.AddrCompare)
    Auto_Add_IncA_EBSY                       0x00000669   Thumb Code    74  pct25vf.o(i.Auto_Add_IncA_EBSY)
    Auto_Add_IncB_EBSY                       0x000006b9   Thumb Code    54  pct25vf.o(i.Auto_Add_IncB_EBSY)
    BCDtoHEX                                 0x000006f5   Thumb Code    32  ds3231.o(i.BCDtoHEX)
    Bus0Manager                              0x00000715   Thumb Code   380  singlebus.o(i.Bus0Manager)
    Bus0OutputData                           0x000008a9   Thumb Code    88  singlebus.o(i.Bus0OutputData)
    Bus0RecDeal                              0x0000090d   Thumb Code  3672  singlebus.o(i.Bus0RecDeal)
    Bus0SendFinishDeal                       0x00001779   Thumb Code  2958  singlebus.o(i.Bus0SendFinishDeal)
    Byte_Program                             0x00002329   Thumb Code    58  pct25vf.o(i.Byte_Program)
    CheckPsk                                 0x00002369   Thumb Code    58  uart.o(i.CheckPsk)
    Chip_DAC_UpdateValue                     0x000023a5   Thumb Code    24  interrupt.o(i.Chip_DAC_UpdateValue)
    DBSY                                     0x000023c1   Thumb Code    26  pct25vf.o(i.DBSY)
    DS3231_comm_init                         0x000023e1   Thumb Code    86  ds3231.o(i.DS3231_comm_init)
    DS3231_init                              0x0000243d   Thumb Code   164  ds3231.o(i.DS3231_init)
    DS3231_pincfg                            0x000024ed   Thumb Code    26  ds3231.o(i.DS3231_pincfg)
    DirAddrCompare                           0x0000250d   Thumb Code    42  singlebus.o(i.DirAddrCompare)
    EBSY                                     0x00002539   Thumb Code    26  pct25vf.o(i.EBSY)
    EINT0_IRQHandler                         0x00002559   Thumb Code    40  interrupt.o(i.EINT0_IRQHandler)
    EINT1_IRQHandler                         0x00002589   Thumb Code    40  interrupt.o(i.EINT1_IRQHandler)
    EINT2_IRQHandler                         0x000025b9   Thumb Code   154  interrupt.o(i.EINT2_IRQHandler)
    EINT3_IRQHandler                         0x00002665   Thumb Code     8  interrupt.o(i.EINT3_IRQHandler)
    EWSR                                     0x0000266d   Thumb Code    26  pct25vf.o(i.EWSR)
    FLASH_BufferWrite                        0x0000268d   Thumb Code   298  pct25vf.o(i.FLASH_BufferWrite)
    FLASH_PageWrite                          0x000027b9   Thumb Code    96  pct25vf.o(i.FLASH_PageWrite)
    Flash_Lock                               0x0000281d   Thumb Code    30  pct25vf.o(i.Flash_Lock)
    Flash_Unlock                             0x00002841   Thumb Code    30  pct25vf.o(i.Flash_Unlock)
    GetPskCrc                                0x00002865   Thumb Code    46  uart.o(i.GetPskCrc)
    Get_Byte                                 0x00002893   Thumb Code    14  pct25vf.o(i.Get_Byte)
    HardFault_Handler                        0x000028a1   Thumb Code     4  interrupt.o(i.HardFault_Handler)
    MakeCH0TimerOut                          0x000028a5   Thumb Code    10  singlebus.o(i.MakeCH0TimerOut)
    MakeCH1TimerOut                          0x000028b5   Thumb Code    10  singlebus.o(i.MakeCH1TimerOut)
    MakeCallVoiceData                        0x000028c5   Thumb Code  1122  voice_play.o(i.MakeCallVoiceData)
    MemManage_Handler                        0x00002d31   Thumb Code     4  interrupt.o(i.MemManage_Handler)
    NMI_Handler                              0x00002d35   Thumb Code     4  interrupt.o(i.NMI_Handler)
    Poll_SO                                  0x00002e81   Thumb Code    58  pct25vf.o(i.Poll_SO)
    ReadDS3231Status                         0x00002ec1   Thumb Code    44  ds3231.o(i.ReadDS3231Status)
    ReadDS3231_time                          0x00002eed   Thumb Code   160  ds3231.o(i.ReadDS3231_time)
    Read_Status_Register                     0x00002f95   Thumb Code    36  pct25vf.o(i.Read_Status_Register)
    RemoveCallNod                            0x00002fbd   Thumb Code   312  singlebus.o(i.RemoveCallNod)
    RestartIndication                        0x000030fd   Thumb Code   348  singlebus.o(i.RestartIndication)
    SST25VF_Lock                             0x0000326d   Thumb Code    22  pct25vf.o(i.SST25VF_Lock)
    SST25VF_UnLock                           0x00003283   Thumb Code    22  pct25vf.o(i.SST25VF_UnLock)
    SaveCallAddr                             0x00003299   Thumb Code    28  singlebus.o(i.SaveCallAddr)
    SaveIndicationData                       0x000032b9   Thumb Code    46  singlebus.o(i.SaveIndicationData)
    Sector_Erase                             0x000032f1   Thumb Code    50  pct25vf.o(i.Sector_Erase)
    SingleBusInit                            0x00003329   Thumb Code   162  singlebus.o(i.SingleBusInit)
    StartVoicePlay                           0x000033f1   Thumb Code   116  voice_play.o(i.StartVoicePlay)
    StopVoicePlay                            0x00003489   Thumb Code    54  voice_play.o(i.StopVoicePlay)
    SystemInit                               0x000034e1   Thumb Code   478  system_lpc17xx.o(i.SystemInit)
    TIMER0_IRQHandler                        0x000036fd   Thumb Code   972  interrupt.o(i.TIMER0_IRQHandler)
    TIMER1_IRQHandler                        0x00003b7d   Thumb Code  1994  singlebus.o(i.TIMER1_IRQHandler)
    TIMER2_IRQHandler                        0x00004389   Thumb Code   288  interrupt.o(i.TIMER2_IRQHandler)
    TimerOutDeal                             0x000044d9   Thumb Code   910  singlebus.o(i.TimerOutDeal)
    UART0_IRQHandler                         0x000048ad   Thumb Code   306  interrupt.o(i.UART0_IRQHandler)
    UART1_IRQHandler                         0x00004a05   Thumb Code   244  interrupt.o(i.UART1_IRQHandler)
    UART2_IRQHandler                         0x00004b11   Thumb Code   224  interrupt.o(i.UART2_IRQHandler)
    UART3_IRQHandler                         0x00004c0d   Thumb Code   288  interrupt.o(i.UART3_IRQHandler)
    Usart2RecDeal                            0x00004d59   Thumb Code  3008  uart.o(i.Usart2RecDeal)
    Usart2SndCmd                             0x0000593d   Thumb Code     2  uart.o(i.Usart2SndCmd)
    VoiceChannelCtx                          0x00005941   Thumb Code   270  singlebus.o(i.VoiceChannelCtx)
    W25QXX_Lock                              0x00005a5d   Thumb Code    22  pct25vf.o(i.W25QXX_Lock)
    W25QXX_UnLock                            0x00005a73   Thumb Code    22  pct25vf.o(i.W25QXX_UnLock)
    W25QXX_WRSR                              0x00005a89   Thumb Code    42  pct25vf.o(i.W25QXX_WRSR)
    WDT_IRQHandler                           0x00005ab9   Thumb Code    10  interrupt.o(i.WDT_IRQHandler)
    WRDI                                     0x00005ac5   Thumb Code    26  pct25vf.o(i.WRDI)
    WREN                                     0x00005ae5   Thumb Code    30  pct25vf.o(i.WREN)
    WRSR                                     0x00005b09   Thumb Code    34  pct25vf.o(i.WRSR)
    Wait_Busy                                0x00005b31   Thumb Code    42  pct25vf.o(i.Wait_Busy)
    WriteDS3231_time                         0x00005b5d   Thumb Code   136  ds3231.o(i.WriteDS3231_time)
    __0sprintf$8                             0x00005be9   Thumb Code    34  printf8.o(i.__0sprintf$8)
    __1sprintf$8                             0x00005be9   Thumb Code     0  printf8.o(i.__0sprintf$8)
    __2sprintf                               0x00005be9   Thumb Code     0  printf8.o(i.__0sprintf$8)
    __aeabi_errno_addr                       0x00005c11   Thumb Code     4  errno.o(i.__aeabi_errno_addr)
    __rt_errno_addr                          0x00005c11   Thumb Code     0  errno.o(i.__aeabi_errno_addr)
    __scatterload_copy                       0x00005c19   Thumb Code    14  handlers.o(i.__scatterload_copy)
    __scatterload_null                       0x00005c27   Thumb Code     2  handlers.o(i.__scatterload_null)
    __scatterload_zeroinit                   0x00005c29   Thumb Code    14  handlers.o(i.__scatterload_zeroinit)
    channel_pin_config                       0x000060a1   Thumb Code   212  global.o(i.channel_pin_config)
    check_black_light_status                 0x0000617d   Thumb Code   272  ds3231.o(i.check_black_light_status)
    check_ee_485brt                          0x0000629d   Thumb Code   130  singlebus.o(i.check_ee_485brt)
    check_esp8266                            0x00006325   Thumb Code  1994  wpa_cli.o(i.check_esp8266)
    check_little_voice_status                0x00006c11   Thumb Code   142  ds3231.o(i.check_little_voice_status)
    crc32                                    0x00006cad   Thumb Code    32  wpa_cli.o(i.crc32)
    dac_pin_config                           0x00006cd1   Thumb Code    14  voice_play.o(i.dac_pin_config)
    delay_nop                                0x00006ce5   Thumb Code    12  ds3231.o(i.delay_nop)
    eint2Init                                0x00006cf1   Thumb Code    74  extint.o(i.eint2Init)
    eint3Isr                                 0x00006d49   Thumb Code   124  singlebus.o(i.eint3Isr)
    esp8266_pin_config                       0x00006de9   Thumb Code    30  wpa_cli.o(i.esp8266_pin_config)
    esp8266_rst                              0x00006e11   Thumb Code    28  wpa_cli.o(i.esp8266_rst)
    feed_wdt                                 0x00006e31   Thumb Code    12  wdt.o(i.feed_wdt)
    fm62429_pincfg                           0x00006e3d   Thumb Code    42  fm62429.o(i.fm62429_pincfg)
    free                                     0x00006e6d   Thumb Code    76  malloc.o(i.free)
    get_checksum                             0x00006ebd   Thumb Code    24  tel.o(i.get_checksum)
    get_complement                           0x00006ed5   Thumb Code    10  tel.o(i.get_complement)
    get_odd_parity                           0x00006edf   Thumb Code    56  tel.o(i.get_odd_parity)
    get_right_ssid                           0x00006f19   Thumb Code    56  wpa_cli.o(i.get_right_ssid)
    i2cread                                  0x00006f71   Thumb Code   136  ds3231.o(i.i2cread)
    i2cwrite                                 0x00006ffd   Thumb Code   158  ds3231.o(i.i2cwrite)
    init_black_light_status                  0x000070a1   Thumb Code   248  ds3231.o(i.init_black_light_status)
    init_esp8266                             0x000071a5   Thumb Code  1760  wpa_cli.o(i.init_esp8266)
    init_msm7512                             0x00007949   Thumb Code    30  tel.o(i.init_msm7512)
    init_mt8870                              0x00007971   Thumb Code   122  tel.o(i.init_mt8870)
    init_parameter                           0x000079f5   Thumb Code   146  singlebus.o(i.init_parameter)
    init_phone_key_buf                       0x00007a91   Thumb Code    20  tel.o(i.init_phone_key_buf)
    init_pwd                                 0x00007aa9   Thumb Code    20  wpa_cli.o(i.init_pwd)
    init_scon0_Rcvbuf                        0x00007ac1   Thumb Code    20  uart.o(i.init_scon0_Rcvbuf)
    init_scon1_Rcvbuf                        0x00007ad9   Thumb Code    22  uart.o(i.init_scon1_Rcvbuf)
    init_ssid                                0x00007af5   Thumb Code    20  wpa_cli.o(i.init_ssid)
    init_sst25vfxxx_spi                      0x00007b0d   Thumb Code    56  pct25vf.o(i.init_sst25vfxxx_spi)
    init_tel                                 0x00007b51   Thumb Code   212  tel.o(i.init_tel)
    init_timer0                              0x00007c39   Thumb Code    70  timer.o(i.init_timer0)
    init_timer1                              0x00007c85   Thumb Code    64  timer.o(i.init_timer1)
    init_timer2                              0x00007ccd   Thumb Code    86  timer.o(i.init_timer2)
    init_uart0                               0x00007d35   Thumb Code   138  uart.o(i.init_uart0)
    init_uart1                               0x00007de1   Thumb Code   138  uart.o(i.init_uart1)
    init_uart2                               0x00007e8d   Thumb Code   138  uart.o(i.init_uart2)
    init_uart3                               0x00007f39   Thumb Code   138  uart.o(i.init_uart3)
    init_voice_play_sequence                 0x00007fe5   Thumb Code    42  voice_play.o(i.init_voice_play_sequence)
    init_wdt                                 0x00008021   Thumb Code    28  wdt.o(i.init_wdt)
    led_pin_config                           0x00008041   Thumb Code    82  main.o(i.led_pin_config)
    main                                     0x000080a1   Thumb Code  1996  main.o(i.main)
    make_msm7512_data                        0x00008979   Thumb Code   404  tel.o(i.make_msm7512_data)
    malloc                                   0x00008b15   Thumb Code    92  malloc.o(i.malloc)
    mt8870_received_treat                    0x00008b81   Thumb Code   302  tel.o(i.mt8870_received_treat)
    read_id                                  0x00008cc9   Thumb Code    64  pct25vf.o(i.read_id)
    reset_parameter                          0x00008d15   Thumb Code   100  singlebus.o(i.reset_parameter)
    reset_start_timer1                       0x00008d7d   Thumb Code    20  timer.o(i.reset_start_timer1)
    save_parameter                           0x00008d95   Thumb Code    14  singlebus.o(i.save_parameter)
    send_msm7512_test                        0x00008dad   Thumb Code   262  tel.o(i.send_msm7512_test)
    set_play_voice_volue                     0x00008ebd   Thumb Code   254  fm62429.o(i.set_play_voice_volue)
    set_talk_voice_volue                     0x00008fc1   Thumb Code   254  fm62429.o(i.set_talk_voice_volue)
    short_delay                              0x000090c5   Thumb Code    12  global.o(i.short_delay)
    short_soft_delay                         0x000090d1   Thumb Code    16  global.o(i.short_soft_delay)
    soft_delay_half_ms                       0x000090e1   Thumb Code    38  global.o(i.soft_delay_half_ms)
    spi_send_data_hard                       0x00009109   Thumb Code    34  pct25vf.o(i.spi_send_data_hard)
    sst_fast_read                            0x00009131   Thumb Code    78  pct25vf.o(i.sst_fast_read)
    sst_read                                 0x00009185   Thumb Code    72  pct25vf.o(i.sst_read)
    sst_write                                0x000091d1   Thumb Code   136  pct25vf.o(i.sst_write)
    start                                    0x00009261   Thumb Code    50  ds3231.o(i.start)
    start_tel_ring                           0x00009299   Thumb Code    74  tel.o(i.start_tel_ring)
    stop                                     0x000092f1   Thumb Code    56  ds3231.o(i.stop)
    stop_tel_ring                            0x0000932d   Thumb Code    56  tel.o(i.stop_tel_ring)
    tel_hungdown_treat                       0x00009371   Thumb Code   252  tel.o(i.tel_hungdown_treat)
    tel_pickup_treat                         0x00009485   Thumb Code   112  tel.o(i.tel_pickup_treat)
    uart1_send_byte                          0x00009509   Thumb Code    18  uart.o(i.uart1_send_byte)
    uart1_send_str                           0x00009521   Thumb Code    30  uart.o(i.uart1_send_str)
    uart1_send_str_len                       0x0000953f   Thumb Code    32  uart.o(i.uart1_send_str_len)
    uart2_send_byte                          0x00009561   Thumb Code    18  uart.o(i.uart2_send_byte)
    uart2_send_str                           0x00009579   Thumb Code    30  uart.o(i.uart2_send_str)
    uart3_send_byte                          0x00009599   Thumb Code    18  uart.o(i.uart3_send_byte)
    voice_continue_play_word                 0x000095b1   Thumb Code   142  voice_play.o(i.voice_continue_play_word)
    voice_play_treat                         0x00009659   Thumb Code   130  voice_play.o(i.voice_play_treat)
    voice_play_word                          0x000096e9   Thumb Code   166  voice_play.o(i.voice_play_word)
    wifi_rec_deal                            0x000097b5   Thumb Code  3048  wpa_cli.o(i.wifi_rec_deal)
    wifi_send_cmd                            0x0000a3c1   Thumb Code   108  wpa_cli.o(i.wifi_send_cmd)
    wifi_send_data                           0x0000a435   Thumb Code   220  wpa_cli.o(i.wifi_send_data)
    wifi_server_led_flash                    0x0000a541   Thumb Code    50  wpa_cli.o(i.wifi_server_led_flash)
    DataFlashTable                           0x0000a57c   Data         320  voice_play.o(.constdata)
    crc_32_tab                               0x0000a6bc   Data        1640  wpa_cli.o(.constdata)
    __ctype_table                            0x0000adab   Data         129  ctype_o.o(.constdata)
    Region$$Table$$Base                      0x0000ae30   Number         0  anon$$obj.o(Region$$Table)
    Region$$Table$$Limit                     0x0000ae60   Number         0  anon$$obj.o(Region$$Table)
    voice_buff                               0x10000000   Data       13312  voice_play.o(.bss)
    voice_play_sequence                      0x10003400   Data          20  voice_play.o(.bss)
    SystemFrequency                          0x2007c000   Data           4  system_lpc17xx.o(.data)
    scon0_time                               0x2007c004   Data           1  uart.o(.data)
    scon0_received                           0x2007c006   Data           2  uart.o(.data)
    scon0_len                                0x2007c008   Data           2  uart.o(.data)
    scon0_GucRcvNew                          0x2007c00a   Data           1  uart.o(.data)
    scon1_time                               0x2007c00b   Data           1  uart.o(.data)
    scon1_received                           0x2007c00c   Data           2  uart.o(.data)
    scon1_len                                0x2007c00e   Data           2  uart.o(.data)
    scon1_GucRcvNew                          0x2007c010   Data           1  uart.o(.data)
    scon2_time                               0x2007c011   Data           1  uart.o(.data)
    scon2_received                           0x2007c012   Data           2  uart.o(.data)
    scon2_len                                0x2007c014   Data           2  uart.o(.data)
    scon2_GucRcvNew                          0x2007c016   Data           1  uart.o(.data)
    scon3_time                               0x2007c017   Data           1  uart.o(.data)
    scon3_received                           0x2007c018   Data           2  uart.o(.data)
    scon3_len                                0x2007c01a   Data           2  uart.o(.data)
    scon0_tov                                0x2007c01c   Data           1  uart.o(.data)
    scon0_ptr                                0x2007c020   Data           4  uart.o(.data)
    scon1_tov                                0x2007c024   Data           1  uart.o(.data)
    scon1_ptr                                0x2007c028   Data           4  uart.o(.data)
    scon2_tov                                0x2007c02c   Data           1  uart.o(.data)
    scon2_ptr                                0x2007c030   Data           4  uart.o(.data)
    scon3_tov                                0x2007c034   Data           1  uart.o(.data)
    scon3_ptr                                0x2007c038   Data           4  uart.o(.data)
    uart3_auto_time                          0x2007c03c   Data           1  uart.o(.data)
    little_voice_effective                   0x2007c03e   Data           1  global.o(.data)
    blight_off_state                         0x2007c03f   Data           1  global.o(.data)
    mt8870_received                          0x2007c040   Data           1  global.o(.data)
    para_rst_key_time                        0x2007c042   Data           2  global.o(.data)
    soft_rst_key_time                        0x2007c044   Data           1  global.o(.data)
    KeyState                                 0x2007c045   Data           1  global.o(.data)
    ring_val                                 0x2007c046   Data           2  global.o(.data)
    ring_fre_val                             0x2007c048   Data           1  global.o(.data)
    ring_tlp_chk                             0x2007c049   Data           1  global.o(.data)
    ring_tlp_picked                          0x2007c04a   Data           1  global.o(.data)
    ring_tlp_release                         0x2007c04b   Data           1  global.o(.data)
    voice_change_flag                        0x2007c04c   Data           1  global.o(.data)
    cur_play_index                           0x2007c050   Data           1  voice_play.o(.data)
    voice_seg_pause_time                     0x2007c052   Data           2  voice_play.o(.data)
    voice_play_times                         0x2007c054   Data           1  voice_play.o(.data)
    voice_play_state                         0x2007c056   Data           2  voice_play.o(.data)
    pvoice_data                              0x2007c058   Data           4  voice_play.o(.data)
    value                                    0x2007c05c   Data           2  voice_play.o(.data)
    voice_data_addr                          0x2007c060   Data           4  voice_play.o(.data)
    voice_data_len                           0x2007c064   Data           4  voice_play.o(.data)
    voice_data_total_len                     0x2007c068   Data           4  voice_play.o(.data)
    voice_play_seq_cnt                       0x2007c06c   Data           1  voice_play.o(.data)
    voice_play_turns                         0x2007c06d   Data           1  voice_play.o(.data)
    played_times                             0x2007c06e   Data           1  voice_play.o(.data)
    played_turns                             0x2007c06f   Data           1  voice_play.o(.data)
    voice_times_delay_time                   0x2007c070   Data           2  voice_play.o(.data)
    voice_beds_delay_time                    0x2007c072   Data           2  voice_play.o(.data)
    voice_turns_delay_time                   0x2007c074   Data           2  voice_play.o(.data)
    byBus0State                              0x2007c078   Data           2  singlebus.o(.data)
    byBus0RecCount                           0x2007c07a   Data           1  singlebus.o(.data)
    byBus0SendCount                          0x2007c07b   Data           1  singlebus.o(.data)
    byBus0RecSendCount                       0x2007c07c   Data           1  singlebus.o(.data)
    byBus0RecTimeOut                         0x2007c07d   Data           1  singlebus.o(.data)
    byBus0DisableCount                       0x2007c07e   Data           1  singlebus.o(.data)
    byBus0TxHead                             0x2007c07f   Data           1  singlebus.o(.data)
    byBus0TxTail                             0x2007c080   Data           1  singlebus.o(.data)
    byBus0RxHead                             0x2007c081   Data           1  singlebus.o(.data)
    byBus0RxTail                             0x2007c082   Data           1  singlebus.o(.data)
    byWaitAckTimeLanding                     0x2007c083   Data           1  singlebus.o(.data)
    uiDevState                               0x2007c084   Data           2  singlebus.o(.data)
    uiDetectPcTime                           0x2007c086   Data           2  singlebus.o(.data)
    byVoicePlayTime                          0x2007c088   Data           1  singlebus.o(.data)
    byWaitCommAckDTime                       0x2007c089   Data           1  singlebus.o(.data)
    byUsart2HandingDTime                     0x2007c08a   Data           1  singlebus.o(.data)
    byUsart0SdResultDTime                    0x2007c08b   Data           1  singlebus.o(.data)
    byWaitRS485AckDTime                      0x2007c08c   Data           1  singlebus.o(.data)
    byReSndBrtTimes                          0x2007c08d   Data           1  singlebus.o(.data)
    byReSndRs485RoomTimes                    0x2007c08e   Data           1  singlebus.o(.data)
    byReSndBedVoiPlaTimes                    0x2007c08f   Data           1  singlebus.o(.data)
    TimerOutCount                            0x2007c090   Data           1  singlebus.o(.data)
    bBus0SndBitOk                            0x2007c091   Data           1  singlebus.o(.data)
    State                                    0x2007c092   Data           2  singlebus.o(.data)
    BusErrorState                            0x2007c094   Data           2  singlebus.o(.data)
    byYearH                                  0x2007c096   Data           1  singlebus.o(.data)
    byBus0RecBuf                             0x2007c09a   Data           1  singlebus.o(.data)
    byBus0SendBuf                            0x2007c09b   Data           1  singlebus.o(.data)
    byBus0RecData                            0x2007c09c   Data           7  singlebus.o(.data)
    byBus0SendData                           0x2007c0a3   Data           7  singlebus.o(.data)
    byBus0SendStopCount                      0x2007c0aa   Data           1  singlebus.o(.data)
    byChar                                   0x2007c0ab   Data           1  singlebus.o(.data)
    stBusFreq                                0x2007c0ac   Data           7  singlebus.o(.data)
    stCH0TimerOut                            0x2007c0b3   Data           3  singlebus.o(.data)
    stCH1TimerOut                            0x2007c0b6   Data           3  singlebus.o(.data)
    stCallPointer                            0x2007c0bc   Data           8  singlebus.o(.data)
    stCallAddr                               0x2007c0c4   Data           7  singlebus.o(.data)
    stCH1CallAddr                            0x2007c0cb   Data           7  singlebus.o(.data)
    stRS485Addr                              0x2007c0d2   Data           3  singlebus.o(.data)
    stCommAddr                               0x2007c0d5   Data           3  singlebus.o(.data)
    stTime                                   0x2007c0d8   Data           6  singlebus.o(.data)
    TelState                                 0x2007c0de   Data           2  tel.o(.data)
    tel_ring_time                            0x2007c0e0   Data           2  tel.o(.data)
    tel_tlp_dis_chk                          0x2007c0e2   Data           2  tel.o(.data)
    tel_tlp_chk_delay                        0x2007c0e4   Data           2  tel.o(.data)
    CID_marks_time                           0x2007c0e6   Data           2  tel.o(.data)
    CID_txe_delay                            0x2007c0e8   Data           2  tel.o(.data)
    tel_pickup_time                          0x2007c0ea   Data           2  tel.o(.data)
    phone_key_buf                            0x2007c0ed   Data           8  tel.o(.data)
    read_ds3231_delay                        0x2007c0f8   Data           4  ds3231.o(.data)
    man_id                                   0x2007c0fc   Data           1  pct25vf.o(.data)
    dev_id                                   0x2007c0fd   Data           1  pct25vf.o(.data)
    WpaState                                 0x2007c100   Data           2  wpa_cli.o(.data)
    check_esp8266_time                       0x2007c102   Data           2  wpa_cli.o(.data)
    wifi_result_sur_addr                     0x2007c108   Data           3  wpa_cli.o(.data)
    __microlib_freelist                      0x2007c10c   Data           4  mvars.o(.data)
    __microlib_freelist_initialised          0x2007c110   Data           4  mvars.o(.data)
    stUsartCfg                               0x2007c118   Data          16  uart.o(.bss)
    byUsart0SndBuf                           0x2007c128   Data         268  uart.o(.bss)
    byUsart1SndBuf                           0x2007c234   Data          30  uart.o(.bss)
    byUsart2SndBuf                           0x2007c252   Data          20  uart.o(.bss)
    byUsart3SndBuf                           0x2007c266   Data          30  uart.o(.bss)
    scon0_Rcvbuf                             0x2007c284   Data          64  uart.o(.bss)
    scon1_Rcvbuf                             0x2007c2c4   Data        1024  uart.o(.bss)
    scon2_Rcvbuf                             0x2007c6c4   Data         212  uart.o(.bss)
    scon3_Rcvbuf                             0x2007c798   Data          10  uart.o(.bss)
    byBus0TxQ                                0x2007c7a4   Data          71  singlebus.o(.bss)
    byBus0RxQ                                0x2007c7eb   Data          71  singlebus.o(.bss)
    stIndicationData                         0x2007c834   Data          12  singlebus.o(.bss)
    stEepromCfgData                          0x2007c840   Data          24  singlebus.o(.bss)
    cid_data                                 0x2007c858   Data          30  tel.o(.bss)
    ssid                                     0x2007c876   Data          30  wpa_cli.o(.bss)
    pwd                                      0x2007c894   Data          10  wpa_cli.o(.bss)
    __heap_base                              0x2007c8a0   Data           0  startup_lpc17xx.o(HEAP)
    __heap_limit                             0x2007caa0   Data           0  startup_lpc17xx.o(HEAP)
    __initial_sp                             0x2007cca0   Data           0  startup_lpc17xx.o(STACK)



==============================================================================

Memory Map of the image

  Image Entry point : 0x000000cd

  Load Region LR_IROM1 (Base: 0x00000000, Size: 0x0000af78, Max: 0x00040000, ABSOLUTE)

    Execution Region ER_IROM1 (Base: 0x00000000, Size: 0x0000ae60, Max: 0x00040000, ABSOLUTE)

    Base Addr    Size         Type   Attr      Idx    E Section Name        Object

    0x00000000   0x000000cc   Data   RO           19    RESET               startup_lpc17xx.o
    0x000000cc   0x00000000   Code   RO         1678  * .ARM.Collect$$$$00000000  mc_w.l(entry.o)
    0x000000cc   0x00000004   Code   RO         1996    .ARM.Collect$$$$00000001  mc_w.l(entry2.o)
    0x000000d0   0x00000004   Code   RO         1999    .ARM.Collect$$$$00000004  mc_w.l(entry5.o)
    0x000000d4   0x00000000   Code   RO         2001    .ARM.Collect$$$$00000008  mc_w.l(entry7b.o)
    0x000000d4   0x00000000   Code   RO         2003    .ARM.Collect$$$$0000000A  mc_w.l(entry8b.o)
    0x000000d4   0x00000008   Code   RO         2004    .ARM.Collect$$$$0000000B  mc_w.l(entry9a.o)
    0x000000dc   0x00000000   Code   RO         2006    .ARM.Collect$$$$0000000D  mc_w.l(entry10a.o)
    0x000000dc   0x00000000   Code   RO         2008    .ARM.Collect$$$$0000000F  mc_w.l(entry11a.o)
    0x000000dc   0x00000004   Code   RO         1997    .ARM.Collect$$$$00002712  mc_w.l(entry2.o)
    0x000000e0   0x0000001c   Code   RO           21    .text               startup_lpc17xx.o
    0x000000fc   0x00000024   Code   RO         1681    .text               mc_w.l(memcpya.o)
    0x00000120   0x00000018   Code   RO         1685    .text               mc_w.l(strcat.o)
    0x00000138   0x00000024   Code   RO         1687    .text               mc_w.l(strstr.o)
    0x0000015c   0x00000012   Code   RO         1693    .text               mc_w.l(strcpy.o)
    0x0000016e   0x0000001a   Code   RO         1986    .text               mc_w.l(atoi.o)
    0x00000188   0x00000062   Code   RO         2015    .text               mc_w.l(uldiv.o)
    0x000001ea   0x00000070   Code   RO         2026    .text               mc_w.l(strtol.o)
    0x0000025a   0x00000002   PAD
    0x0000025c   0x00000024   Code   RO         2041    .text               mc_w.l(init.o)
    0x00000280   0x0000001e   Code   RO         2044    .text               mc_w.l(llshl.o)
    0x0000029e   0x00000020   Code   RO         2046    .text               mc_w.l(llushr.o)
    0x000002be   0x00000002   PAD
    0x000002c0   0x00000008   Code   RO         2050    .text               mc_w.l(ctype_o.o)
    0x000002c8   0x0000001c   Code   RO         2081    .text               mc_w.l(_chval.o)
    0x000002e4   0x00000018   Code   RO          954    i.AM79R70_active    tel.o
    0x000002fc   0x00000004   Code   RO           20    .ARM.__at_0x02FC    startup_lpc17xx.o
    0x00000300   0x0000009e   Code   RO         2078    .text               mc_w.l(_strtoul.o)
    0x0000039e   0x00000002   PAD
    0x000003a0   0x00000074   Code   RO         1233    i.AAI_Write         pct25vf.o
    0x00000414   0x0000003c   Code   RO          955    i.AM79R70_pincfg    tel.o
    0x00000450   0x00000018   Code   RO          956    i.AM79R70_ringing   tel.o
    0x00000468   0x00000018   Code   RO          957    i.AM79R70_standby   tel.o
    0x00000480   0x00000198   Code   RO          796    i.AddCallNod        singlebus.o
    0x00000618   0x0000004e   Code   RO          797    i.AddrCompare       singlebus.o
    0x00000666   0x00000002   PAD
    0x00000668   0x00000050   Code   RO         1235    i.Auto_Add_IncA_EBSY  pct25vf.o
    0x000006b8   0x0000003c   Code   RO         1237    i.Auto_Add_IncB_EBSY  pct25vf.o
    0x000006f4   0x00000020   Code   RO         1079    i.BCDtoHEX          ds3231.o
    0x00000714   0x00000194   Code   RO          798    i.Bus0Manager       singlebus.o
    0x000008a8   0x00000064   Code   RO          799    i.Bus0OutputData    singlebus.o
    0x0000090c   0x00000e6c   Code   RO          800    i.Bus0RecDeal       singlebus.o
    0x00001778   0x00000bb0   Code   RO          801    i.Bus0SendFinishDeal  singlebus.o
    0x00002328   0x00000040   Code   RO         1240    i.Byte_Program      pct25vf.o
    0x00002368   0x0000003a   Code   RO          226    i.CheckPsk          uart.o
    0x000023a2   0x00000002   PAD
    0x000023a4   0x0000001c   Code   RO          571    i.Chip_DAC_UpdateValue  interrupt.o
    0x000023c0   0x00000020   Code   RO         1243    i.DBSY              pct25vf.o
    0x000023e0   0x0000005c   Code   RO         1080    i.DS3231_comm_init  ds3231.o
    0x0000243c   0x000000b0   Code   RO         1081    i.DS3231_init       ds3231.o
    0x000024ec   0x00000020   Code   RO         1082    i.DS3231_pincfg     ds3231.o
    0x0000250c   0x0000002a   Code   RO          802    i.DirAddrCompare    singlebus.o
    0x00002536   0x00000002   PAD
    0x00002538   0x00000020   Code   RO         1244    i.EBSY              pct25vf.o
    0x00002558   0x00000030   Code   RO          572    i.EINT0_IRQHandler  interrupt.o
    0x00002588   0x00000030   Code   RO          573    i.EINT1_IRQHandler  interrupt.o
    0x000025b8   0x000000ac   Code   RO          574    i.EINT2_IRQHandler  interrupt.o
    0x00002664   0x00000008   Code   RO          575    i.EINT3_IRQHandler  interrupt.o
    0x0000266c   0x00000020   Code   RO         1245    i.EWSR              pct25vf.o
    0x0000268c   0x0000012a   Code   RO         1246    i.FLASH_BufferWrite  pct25vf.o
    0x000027b6   0x00000002   PAD
    0x000027b8   0x00000064   Code   RO         1247    i.FLASH_PageWrite   pct25vf.o
    0x0000281c   0x00000024   Code   RO         1248    i.Flash_Lock        pct25vf.o
    0x00002840   0x00000024   Code   RO         1249    i.Flash_Unlock      pct25vf.o
    0x00002864   0x0000002e   Code   RO          227    i.GetPskCrc         uart.o
    0x00002892   0x0000000e   Code   RO         1250    i.Get_Byte          pct25vf.o
    0x000028a0   0x00000004   Code   RO          576    i.HardFault_Handler  interrupt.o
    0x000028a4   0x00000010   Code   RO          804    i.MakeCH0TimerOut   singlebus.o
    0x000028b4   0x00000010   Code   RO          805    i.MakeCH1TimerOut   singlebus.o
    0x000028c4   0x0000046c   Code   RO          480    i.MakeCallVoiceData  voice_play.o
    0x00002d30   0x00000004   Code   RO          577    i.MemManage_Handler  interrupt.o
    0x00002d34   0x00000004   Code   RO          578    i.NMI_Handler       interrupt.o
    0x00002d38   0x00000018   Code   RO          482    i.NVIC_DisableIRQ   voice_play.o
    0x00002d50   0x00000018   Code   RO          579    i.NVIC_DisableIRQ   interrupt.o
    0x00002d68   0x00000018   Code   RO          228    i.NVIC_EnableIRQ    uart.o
    0x00002d80   0x00000018   Code   RO          483    i.NVIC_EnableIRQ    voice_play.o
    0x00002d98   0x00000018   Code   RO          580    i.NVIC_EnableIRQ    interrupt.o
    0x00002db0   0x00000018   Code   RO          696    i.NVIC_EnableIRQ    timer.o
    0x00002dc8   0x00000018   Code   RO          746    i.NVIC_EnableIRQ    extint.o
    0x00002de0   0x00000028   Code   RO          229    i.NVIC_SetPriority  uart.o
    0x00002e08   0x00000028   Code   RO          581    i.NVIC_SetPriority  interrupt.o
    0x00002e30   0x00000028   Code   RO          697    i.NVIC_SetPriority  timer.o
    0x00002e58   0x00000028   Code   RO          747    i.NVIC_SetPriority  extint.o
    0x00002e80   0x00000040   Code   RO         1254    i.Poll_SO           pct25vf.o
    0x00002ec0   0x0000002c   Code   RO         1085    i.ReadDS3231Status  ds3231.o
    0x00002eec   0x000000a8   Code   RO         1086    i.ReadDS3231_time   ds3231.o
    0x00002f94   0x00000028   Code   RO         1256    i.Read_Status_Register  pct25vf.o
    0x00002fbc   0x00000140   Code   RO          806    i.RemoveCallNod     singlebus.o
    0x000030fc   0x00000170   Code   RO          807    i.RestartIndication  singlebus.o
    0x0000326c   0x00000016   Code   RO         1258    i.SST25VF_Lock      pct25vf.o
    0x00003282   0x00000016   Code   RO         1259    i.SST25VF_UnLock    pct25vf.o
    0x00003298   0x00000020   Code   RO          808    i.SaveCallAddr      singlebus.o
    0x000032b8   0x00000038   Code   RO          809    i.SaveIndicationData  singlebus.o
    0x000032f0   0x00000038   Code   RO         1260    i.Sector_Erase      pct25vf.o
    0x00003328   0x000000c8   Code   RO          810    i.SingleBusInit     singlebus.o
    0x000033f0   0x00000098   Code   RO          484    i.StartVoicePlay    voice_play.o
    0x00003488   0x00000058   Code   RO          485    i.StopVoicePlay     voice_play.o
    0x000034e0   0x0000021c   Code   RO           27    i.SystemInit        system_lpc17xx.o
    0x000036fc   0x00000480   Code   RO          582    i.TIMER0_IRQHandler  interrupt.o
    0x00003b7c   0x0000080c   Code   RO          811    i.TIMER1_IRQHandler  singlebus.o
    0x00004388   0x00000150   Code   RO          583    i.TIMER2_IRQHandler  interrupt.o
    0x000044d8   0x000003d4   Code   RO          812    i.TimerOutDeal      singlebus.o
    0x000048ac   0x00000158   Code   RO          584    i.UART0_IRQHandler  interrupt.o
    0x00004a04   0x0000010c   Code   RO          585    i.UART1_IRQHandler  interrupt.o
    0x00004b10   0x000000fc   Code   RO          586    i.UART2_IRQHandler  interrupt.o
    0x00004c0c   0x0000014c   Code   RO          587    i.UART3_IRQHandler  interrupt.o
    0x00004d58   0x00000be4   Code   RO          230    i.Usart2RecDeal     uart.o
    0x0000593c   0x00000002   Code   RO          231    i.Usart2SndCmd      uart.o
    0x0000593e   0x00000002   PAD
    0x00005940   0x0000011c   Code   RO          813    i.VoiceChannelCtx   singlebus.o
    0x00005a5c   0x00000016   Code   RO         1263    i.W25QXX_Lock       pct25vf.o
    0x00005a72   0x00000016   Code   RO         1264    i.W25QXX_UnLock     pct25vf.o
    0x00005a88   0x00000030   Code   RO         1265    i.W25QXX_WRSR       pct25vf.o
    0x00005ab8   0x0000000a   Code   RO          588    i.WDT_IRQHandler    interrupt.o
    0x00005ac2   0x00000002   PAD
    0x00005ac4   0x00000020   Code   RO         1267    i.WRDI              pct25vf.o
    0x00005ae4   0x00000024   Code   RO         1268    i.WREN              pct25vf.o
    0x00005b08   0x00000028   Code   RO         1271    i.WRSR              pct25vf.o
    0x00005b30   0x0000002a   Code   RO         1272    i.Wait_Busy         pct25vf.o
    0x00005b5a   0x00000002   PAD
    0x00005b5c   0x0000008c   Code   RO         1087    i.WriteDS3231_time  ds3231.o
    0x00005be8   0x00000028   Code   RO         1906    i.__0sprintf$8      mc_w.l(printf8.o)
    0x00005c10   0x00000008   Code   RO         2019    i.__aeabi_errno_addr  mc_w.l(errno.o)
    0x00005c18   0x0000000e   Code   RO         2085    i.__scatterload_copy  mc_w.l(handlers.o)
    0x00005c26   0x00000002   Code   RO         2086    i.__scatterload_null  mc_w.l(handlers.o)
    0x00005c28   0x0000000e   Code   RO         2087    i.__scatterload_zeroinit  mc_w.l(handlers.o)
    0x00005c36   0x00000002   PAD
    0x00005c38   0x00000408   Code   RO         1911    i._printf_core      mc_w.l(printf8.o)
    0x00006040   0x00000026   Code   RO         1912    i._printf_post_padding  mc_w.l(printf8.o)
    0x00006066   0x00000030   Code   RO         1913    i._printf_pre_padding  mc_w.l(printf8.o)
    0x00006096   0x0000000a   Code   RO         1915    i._sputc            mc_w.l(printf8.o)
    0x000060a0   0x000000dc   Code   RO          382    i.channel_pin_config  global.o
    0x0000617c   0x00000120   Code   RO         1088    i.check_black_light_status  ds3231.o
    0x0000629c   0x00000088   Code   RO          814    i.check_ee_485brt   singlebus.o
    0x00006324   0x000008ec   Code   RO         1538    i.check_esp8266     wpa_cli.o
    0x00006c10   0x0000009c   Code   RO         1089    i.check_little_voice_status  ds3231.o
    0x00006cac   0x00000024   Code   RO         1539    i.crc32             wpa_cli.o
    0x00006cd0   0x00000014   Code   RO          486    i.dac_pin_config    voice_play.o
    0x00006ce4   0x0000000c   Code   RO         1090    i.delay_nop         ds3231.o
    0x00006cf0   0x00000058   Code   RO          750    i.eint2Init         extint.o
    0x00006d48   0x000000a0   Code   RO          815    i.eint3Isr          singlebus.o
    0x00006de8   0x00000028   Code   RO         1540    i.esp8266_pin_config  wpa_cli.o
    0x00006e10   0x00000020   Code   RO         1541    i.esp8266_rst       wpa_cli.o
    0x00006e30   0x0000000c   Code   RO          458    i.feed_wdt          wdt.o
    0x00006e3c   0x00000030   Code   RO         1650    i.fm62429_pincfg    fm62429.o
    0x00006e6c   0x00000050   Code   RO         1958    i.free              mc_w.l(malloc.o)
    0x00006ebc   0x00000018   Code   RO          958    i.get_checksum      tel.o
    0x00006ed4   0x0000000a   Code   RO          959    i.get_complement    tel.o
    0x00006ede   0x00000038   Code   RO          960    i.get_odd_parity    tel.o
    0x00006f16   0x00000002   PAD
    0x00006f18   0x00000058   Code   RO         1542    i.get_right_ssid    wpa_cli.o
    0x00006f70   0x0000008c   Code   RO         1092    i.i2cread           ds3231.o
    0x00006ffc   0x000000a4   Code   RO         1093    i.i2cwrite          ds3231.o
    0x000070a0   0x00000104   Code   RO         1095    i.init_black_light_status  ds3231.o
    0x000071a4   0x000007a4   Code   RO         1543    i.init_esp8266      wpa_cli.o
    0x00007948   0x00000028   Code   RO          961    i.init_msm7512      tel.o
    0x00007970   0x00000084   Code   RO          962    i.init_mt8870       tel.o
    0x000079f4   0x0000009c   Code   RO          816    i.init_parameter    singlebus.o
    0x00007a90   0x00000018   Code   RO          963    i.init_phone_key_buf  tel.o
    0x00007aa8   0x00000018   Code   RO         1544    i.init_pwd          wpa_cli.o
    0x00007ac0   0x00000018   Code   RO          232    i.init_scon0_Rcvbuf  uart.o
    0x00007ad8   0x0000001c   Code   RO          233    i.init_scon1_Rcvbuf  uart.o
    0x00007af4   0x00000018   Code   RO         1545    i.init_ssid         wpa_cli.o
    0x00007b0c   0x00000044   Code   RO         1275    i.init_sst25vfxxx_spi  pct25vf.o
    0x00007b50   0x000000e8   Code   RO          964    i.init_tel          tel.o
    0x00007c38   0x0000004c   Code   RO          698    i.init_timer0       timer.o
    0x00007c84   0x00000048   Code   RO          699    i.init_timer1       timer.o
    0x00007ccc   0x00000068   Code   RO          700    i.init_timer2       timer.o
    0x00007d34   0x000000ac   Code   RO          234    i.init_uart0        uart.o
    0x00007de0   0x000000ac   Code   RO          235    i.init_uart1        uart.o
    0x00007e8c   0x000000ac   Code   RO          236    i.init_uart2        uart.o
    0x00007f38   0x000000ac   Code   RO          237    i.init_uart3        uart.o
    0x00007fe4   0x0000003c   Code   RO          487    i.init_voice_play_sequence  voice_play.o
    0x00008020   0x00000020   Code   RO          459    i.init_wdt          wdt.o
    0x00008040   0x00000060   Code   RO           52    i.led_pin_config    main.o
    0x000080a0   0x000008d8   Code   RO           53    i.main              main.o
    0x00008978   0x0000019c   Code   RO          965    i.make_msm7512_data  tel.o
    0x00008b14   0x0000006c   Code   RO         1959    i.malloc            mc_w.l(malloc.o)
    0x00008b80   0x00000148   Code   RO          966    i.mt8870_received_treat  tel.o
    0x00008cc8   0x0000004c   Code   RO         1276    i.read_id           pct25vf.o
    0x00008d14   0x00000068   Code   RO          817    i.reset_parameter   singlebus.o
    0x00008d7c   0x00000018   Code   RO          701    i.reset_start_timer1  timer.o
    0x00008d94   0x00000018   Code   RO          818    i.save_parameter    singlebus.o
    0x00008dac   0x00000110   Code   RO          967    i.send_msm7512_test  tel.o
    0x00008ebc   0x00000104   Code   RO         1651    i.set_play_voice_volue  fm62429.o
    0x00008fc0   0x00000104   Code   RO         1652    i.set_talk_voice_volue  fm62429.o
    0x000090c4   0x0000000c   Code   RO          389    i.short_delay       global.o
    0x000090d0   0x00000010   Code   RO          390    i.short_soft_delay  global.o
    0x000090e0   0x00000026   Code   RO          391    i.soft_delay_half_ms  global.o
    0x00009106   0x00000002   PAD
    0x00009108   0x00000028   Code   RO         1277    i.spi_send_data_hard  pct25vf.o
    0x00009130   0x00000054   Code   RO         1278    i.sst_fast_read     pct25vf.o
    0x00009184   0x0000004c   Code   RO         1279    i.sst_read          pct25vf.o
    0x000091d0   0x00000090   Code   RO         1280    i.sst_write         pct25vf.o
    0x00009260   0x00000038   Code   RO         1097    i.start             ds3231.o
    0x00009298   0x00000058   Code   RO          968    i.start_tel_ring    tel.o
    0x000092f0   0x0000003c   Code   RO         1098    i.stop              ds3231.o
    0x0000932c   0x00000044   Code   RO          969    i.stop_tel_ring     tel.o
    0x00009370   0x00000114   Code   RO          970    i.tel_hungdown_treat  tel.o
    0x00009484   0x00000084   Code   RO          971    i.tel_pickup_treat  tel.o
    0x00009508   0x00000018   Code   RO          241    i.uart1_send_byte   uart.o
    0x00009520   0x0000001e   Code   RO          242    i.uart1_send_str    uart.o
    0x0000953e   0x00000020   Code   RO          243    i.uart1_send_str_len  uart.o
    0x0000955e   0x00000002   PAD
    0x00009560   0x00000018   Code   RO          244    i.uart2_send_byte   uart.o
    0x00009578   0x0000001e   Code   RO          245    i.uart2_send_str    uart.o
    0x00009596   0x00000002   PAD
    0x00009598   0x00000018   Code   RO          247    i.uart3_send_byte   uart.o
    0x000095b0   0x000000a8   Code   RO          489    i.voice_continue_play_word  voice_play.o
    0x00009658   0x00000090   Code   RO          490    i.voice_play_treat  voice_play.o
    0x000096e8   0x000000cc   Code   RO          491    i.voice_play_word   voice_play.o
    0x000097b4   0x00000c0c   Code   RO         1548    i.wifi_rec_deal     wpa_cli.o
    0x0000a3c0   0x00000074   Code   RO         1549    i.wifi_send_cmd     wpa_cli.o
    0x0000a434   0x0000010c   Code   RO         1551    i.wifi_send_data    wpa_cli.o
    0x0000a540   0x0000003c   Code   RO         1552    i.wifi_server_led_flash  wpa_cli.o
    0x0000a57c   0x00000140   Data   RO          493    .constdata          voice_play.o
    0x0000a6bc   0x000006ef   Data   RO         1554    .constdata          wpa_cli.o
    0x0000adab   0x00000081   Data   RO         2051    .constdata          mc_w.l(ctype_o.o)
    0x0000ae2c   0x00000004   Data   RO         2052    .constdata          mc_w.l(ctype_o.o)
    0x0000ae30   0x00000030   Data   RO         2083    Region$$Table       anon$$obj.o


    Execution Region RW_IRAM1 (Base: 0x10000000, Size: 0x00003414, Max: 0x00008000, ABSOLUTE)

    Base Addr    Size         Type   Attr      Idx    E Section Name        Object

    0x10000000   0x00003414   Zero   RW          492    .bss                voice_play.o


    Execution Region RW_IRAM2 (Base: 0x2007c000, Size: 0x00000ca0, Max: 0x00008000, ABSOLUTE)

    Base Addr    Size         Type   Attr      Idx    E Section Name        Object

    0x2007c000   0x00000004   Data   RW           28    .data               system_lpc17xx.o
    0x2007c004   0x00000039   Data   RW          250    .data               uart.o
    0x2007c03d   0x00000001   PAD
    0x2007c03e   0x0000000f   Data   RW          392    .data               global.o
    0x2007c04d   0x00000003   PAD
    0x2007c050   0x00000026   Data   RW          494    .data               voice_play.o
    0x2007c076   0x00000002   PAD
    0x2007c078   0x00000066   Data   RW          820    .data               singlebus.o
    0x2007c0de   0x00000017   Data   RW          973    .data               tel.o
    0x2007c0f5   0x00000003   PAD
    0x2007c0f8   0x00000004   Data   RW         1100    .data               ds3231.o
    0x2007c0fc   0x00000002   Data   RW         1281    .data               pct25vf.o
    0x2007c0fe   0x00000002   PAD
    0x2007c100   0x0000000b   Data   RW         1555    .data               wpa_cli.o
    0x2007c10b   0x00000001   PAD
    0x2007c10c   0x00000004   Data   RW         2017    .data               mc_w.l(mvars.o)
    0x2007c110   0x00000004   Data   RW         2018    .data               mc_w.l(mvars.o)
    0x2007c114   0x00000004   Data   RW         2022    .data               mc_w.l(errno.o)
    0x2007c118   0x0000068a   Zero   RW          249    .bss                uart.o
    0x2007c7a2   0x00000002   PAD
    0x2007c7a4   0x000000b4   Zero   RW          819    .bss                singlebus.o
    0x2007c858   0x0000001e   Zero   RW          972    .bss                tel.o
    0x2007c876   0x00000028   Zero   RW         1553    .bss                wpa_cli.o
    0x2007c89e   0x00000002   PAD
    0x2007c8a0   0x00000200   Zero   RW           18    HEAP                startup_lpc17xx.o
    0x2007caa0   0x00000200   Zero   RW           17    STACK               startup_lpc17xx.o


==============================================================================

Image component sizes


      Code (inc. data)   RO Data    RW Data    ZI Data      Debug   Object Name

         0          0          0          0          0       3996   core_cm3.o
      1820         98          0          4          0       7673   ds3231.o
       152         22          0          0          0       1140   extint.o
       568         18          0          0          0       1603   fm62429.o
       286          8          0         15          0       2712   global.o
      3098        414          0          0          0      13098   interrupt.o
      2360        398          0          0          0      26896   main.o
      1834        144          0          2          0      14220   pct25vf.o
     12628        804          0        102        180      24276   singlebus.o
        32          8        204          0       1024        856   startup_lpc17xx.o
       540         62          0          4          0        687   system_lpc17xx.o
      2226        184          0         23         30       9064   tel.o
       340         44          0          0          0       2311   timer.o
      4118        362          0         57       1674      16584   uart.o
      2016        200        320         38      13332      14003   voice_play.o
        44          4          0          0          0        706   wdt.o
      8012       1564       1775         11         40      11506   wpa_cli.o

    ----------------------------------------------------------------------
     40096       4334       2347        268      16284     151331   Object Totals
         0          0         48          0          0          0   (incl. Generated)
        22          0          0         12          4          0   (incl. Padding)

    ----------------------------------------------------------------------

      Code (inc. data)   RO Data    RW Data    ZI Data      Debug   Library Member Name

        28          0          0          0          0         68   _chval.o
       158          0          0          0          0         92   _strtoul.o
        26          0          0          0          0         80   atoi.o
         8          4        133          0          0         68   ctype_o.o
         0          0          0          0          0          0   entry.o
         0          0          0          0          0          0   entry10a.o
         0          0          0          0          0          0   entry11a.o
         8          4          0          0          0          0   entry2.o
         4          0          0          0          0          0   entry5.o
         0          0          0          0          0          0   entry7b.o
         0          0          0          0          0          0   entry8b.o
         8          4          0          0          0          0   entry9a.o
         8          4          0          4          0         68   errno.o
        30          0          0          0          0          0   handlers.o
        36          8          0          0          0         68   init.o
        30          0          0          0          0         68   llshl.o
        32          0          0          0          0         68   llushr.o
       188         20          0          0          0        160   malloc.o
        36          0          0          0          0         68   memcpya.o
         0          0          0          8          0          0   mvars.o
      1168         50          0          0          0        420   printf8.o
        24          0          0          0          0         68   strcat.o
        18          0          0          0          0         68   strcpy.o
        36          0          0          0          0         80   strstr.o
       112          0          0          0          0         88   strtol.o
        98          0          0          0          0         92   uldiv.o

    ----------------------------------------------------------------------
      2064         94        133         12          0       1624   Library Totals
         8          0          0          0          0          0   (incl. Padding)

    ----------------------------------------------------------------------

      Code (inc. data)   RO Data    RW Data    ZI Data      Debug   Library Name

      2056         94        133         12          0       1624   mc_w.l

    ----------------------------------------------------------------------
      2064         94        133         12          0       1624   Library Totals

    ----------------------------------------------------------------------

==============================================================================


      Code (inc. data)   RO Data    RW Data    ZI Data      Debug   

     42160       4428       2480        280      16284     143751   Grand Totals
     42160       4428       2480        280      16284     143751   ELF Image Totals
     42160       4428       2480        280          0          0   ROM Totals

==============================================================================

    Total RO  Size (Code + RO Data)                44640 (  43.59kB)
    Total RW  Size (RW Data + ZI Data)             16564 (  16.18kB)
    Total ROM Size (Code + RO Data + RW Data)      44920 (  43.87kB)

==============================================================================

