BL51 BANKED LINKER/LOCATER V6.05                                                        05/24/2012  09:37:58  PAGE 1


BL51 BANKED LINKER/LOCATER V6.05, INVOKED BY:
C:\KEIL\C51\BIN\BL51.EXE eeprom.obj, I2C.obj, main.obj, PCF8563.obj, SingleBus.obj, Uart.obj, Key.obj, .\OS_CORE.obj, .\
>> OS_MEM.obj, .\OS_Q.obj, .\OS_SEM.obj, .\OS_CPU_C.obj, .\OS_CPU_A.obj TO GLZJ-V10-DEBUG RAMSIZE (256)


MEMORY MODEL: LARGE


INPUT MODULES INCLUDED:
  eeprom.obj (EEPROM)
  I2C.obj (I2C)
  main.obj (MAIN)
  PCF8563.obj (PCF8563)
  SingleBus.obj (SINGLEBUS)
  Uart.obj (UART)
  Key.obj (KEY)
  .\OS_CORE.obj (OS_CORE)
  .\OS_MEM.obj (OS_MEM)
  .\OS_Q.obj (OS_Q)
  .\OS_SEM.obj (OS_SEM)
  .\OS_CPU_C.obj (OS_CPU_C)
  .\OS_CPU_A.obj (OS_CPU_A_ASM)
  C:\KEIL\C51\LIB\C51L.LIB (?C_STARTUP)
  C:\KEIL\C51\LIB\C51L.LIB (?C?COPY)
  C:\KEIL\C51\LIB\C51L.LIB (?C?CLDPTR)
  C:\KEIL\C51\LIB\C51L.LIB (?C?CLDOPTR)
  C:\KEIL\C51\LIB\C51L.LIB (?C?CSTPTR)
  C:\KEIL\C51\LIB\C51L.LIB (?C?CSTOPTR)
  C:\KEIL\C51\LIB\C51L.LIB (?C?UIDIV)
  C:\KEIL\C51\LIB\C51L.LIB (?C?IILDX)
  C:\KEIL\C51\LIB\C51L.LIB (?C?ILDIX)
  C:\KEIL\C51\LIB\C51L.LIB (?C?ILDOPTR)
  C:\KEIL\C51\LIB\C51L.LIB (?C?ISTOPTR)
  C:\KEIL\C51\LIB\C51L.LIB (?C?SLDIV)
  C:\KEIL\C51\LIB\C51L.LIB (?C?CCASE)
  C:\KEIL\C51\LIB\C51L.LIB (?C?MEMSET)
  C:\KEIL\C51\LIB\C51L.LIB (?C_INIT)
  C:\KEIL\C51\LIB\C51L.LIB (?C?ULDIV)


LINK MAP OF MODULE:  GLZJ-V10-DEBUG (EEPROM)


            TYPE    BASE      LENGTH    RELOCATION   SEGMENT NAME
            -----------------------------------------------------

            * * * * * * *   D A T A   M E M O R Y   * * * * * * *
            REG     0000H     0008H     ABSOLUTE     "REG BANK 0"
            DATA    0008H     0018H     UNIT         ?DT?SINGLEBUS
            DATA    0020H     0004H     BIT_ADDR     ?BA?SINGLEBUS
            DATA    0024H     0001H     BIT_ADDR     ?BA?UART
            BIT     0025H.0   0000H.3   UNIT         ?BI?MAIN
                    0025H.3   0000H.5                *** GAP ***
            DATA    0026H     000BH     UNIT         ?DT?OS_CORE
            DATA    0031H     0008H     UNIT         ?DT?OS_CPU_C
            DATA    0039H     0001H     UNIT         ?DT?MAIN
            IDATA   003AH     0010H     UNIT         ?ID?MAIN
            IDATA   004AH     0002H     UNIT         ?STACK
BL51 BANKED LINKER/LOCATER V6.05                                                      05/24/2012  09:37:58  PAGE 2



            * * * * * * *  X D A T A   M E M O R Y  * * * * * * *
            XDATA   0000H     017DH     UNIT         ?XD?MAIN
            XDATA   017DH     013EH     UNIT         ?XD?UART
            XDATA   02BBH     0086H     UNIT         ?XD?SINGLEBUS
            XDATA   0341H     0014H     UNIT         _XDATA_GROUP_
            XDATA   0355H     0007H     UNIT         ?XD?PCF8563
            XDATA   035CH     0006H     UNIT         ?XD?_DIRADDRCOMPARE?SINGLEBUS
            XDATA   0362H     0003H     UNIT         ?XD?_USARTSNDERROR?UART
            XDATA   0365H     0002H     UNIT         ?XD?EEPROM
            XDATA   0367H     0002H     UNIT         ?XD?OS_MEM
            XDATA   0369H     0001H     UNIT         ?XD?USARTRECERRHANDLE?UART
            XDATA   036AH     0001H     UNIT         ?XD?OS_CPU_C

            * * * * * * *   C O D E   M E M O R Y   * * * * * * *
            CODE    0000H     0003H     ABSOLUTE     
            CODE    0003H     0003H     ABSOLUTE     
            CODE    0006H     0004H     UNIT         ?PR?SPIINT?MAIN
            CODE    000AH     0001H     UNIT         ?PR?STOPVOICEPLAY?SINGLEBUS
            CODE    000BH     0003H     ABSOLUTE     
            CODE    000EH     0003H     UNIT         ?PR?TIMER1INT?MAIN
            CODE    0011H     0002H     UNIT         ?PR?_USERMEMCHKERR?OS_MEM
            CODE    0013H     0003H     ABSOLUTE     
            CODE    0016H     0003H     UNIT         ?PR?ADCINT?MAIN
            CODE    0019H     0001H     UNIT         ?PR?STARTVOICEPLAY?SINGLEBUS
            CODE    001AH     0001H     UNIT         ?PR?KEYUP?KEY
            CODE    001BH     0003H     ABSOLUTE     
            CODE    001EH     0003H     UNIT         ?PR?LVDINT?MAIN
                    0021H     0002H                  *** GAP ***
            CODE    0023H     0003H     ABSOLUTE     
            CODE    0026H     0003H     UNIT         ?PR?P8563_GETTIME?PCF8563
                    0029H     0002H                  *** GAP ***
            CODE    002BH     0003H     ABSOLUTE     
                    002EH     0005H                  *** GAP ***
            CODE    0033H     0003H     ABSOLUTE     
                    0036H     0005H                  *** GAP ***
            CODE    003BH     0003H     ABSOLUTE     
                    003EH     0005H                  *** GAP ***
            CODE    0043H     0003H     ABSOLUTE     
                    0046H     0005H                  *** GAP ***
            CODE    004BH     0003H     ABSOLUTE     
            CODE    004EH     0DEFH     UNIT         ?PR?BUS0RECDEAL?SINGLEBUS
            CODE    0E3DH     06B4H     UNIT         ?PR?TIMER0INT?SINGLEBUS
            CODE    14F1H     067CH     UNIT         ?PR?_ADDCALLNOD?SINGLEBUS
            CODE    1B6DH     061DH     UNIT         ?PR?USART1RECDEAL?UART
            CODE    218AH     05D3H     UNIT         ?PR?BUS0SENDFINISHDEAL?SINGLEBUS
            CODE    275DH     0376H     UNIT         ?C?LIB_CODE
            CODE    2AD3H     0346H     UNIT         ?PR?_REMOVECALLNOD?SINGLEBUS
            CODE    2E19H     01D5H     UNIT         ?PR?TIMEROUTDEAL?SINGLEBUS
            CODE    2FEEH     01B7H     UNIT         ?PR?_OSMEMFREE?OS_MEM
            CODE    31A5H     01B1H     UNIT         ?PR?_OSMEMNEW?OS_MEM
            CODE    3356H     017AH     UNIT         ?PR?RESTARTINDICATION?SINGLEBUS
            CODE    34D0H     0170H     UNIT         ?PR?UART1?UART
            CODE    3640H     0138H     UNIT         ?PR?_USARTSNDRESULT3?UART
            CODE    3778H     0125H     UNIT         ?PR?_USART1SNDDATA?UART
            CODE    389DH     0121H     UNIT         ?PR?_USARTSNDCMD?UART
            CODE    39BEH     010AH     UNIT         ?PR?USARTRECERRHANDLE?UART
BL51 BANKED LINKER/LOCATER V6.05                                                      05/24/2012  09:37:58  PAGE 3


            CODE    3AC8H     0103H     UNIT         ?PR?_USARTSNDRESULT1?UART
            CODE    3BCBH     00F5H     UNIT         ?PR?P8563MANAGER?PCF8563
            CODE    3CC0H     00EAH     UNIT         ?PR?_USARTSNDERROR?UART
            CODE    3DAAH     00D4H     UNIT         ?PR?_USARTSNDENTER?UART
            CODE    3E7EH     00D4H     UNIT         ?PR?_USARTSNDRESULT?UART
            CODE    3F52H     00BEH     UNIT         ?PR?PARAMETERINIT?MAIN
            CODE    4010H     00ABH     UNIT         ?PR?_ADDRCOMPARE?SINGLEBUS
            CODE    40BBH     00A0H     UNIT         ?PR?_BUS1OUTPUTDATA?SINGLEBUS
            CODE    415BH     0098H     UNIT         ?PR?UART0?UART
            CODE    41F3H     0094H     UNIT         ?PR?_OSQPEND?OS_Q
            CODE    4287H     008FH     UNIT         ?PR?_BUS0OUTPUTDATA?SINGLEBUS
            CODE    4316H     008EH     UNIT         ?PR?INIT?MAIN
            CODE    43A4H     008CH     UNIT         ?PR?C_OSCTXSW?OS_CPU_A
            CODE    4430H     008CH     UNIT         ?C_C51STARTUP
            CODE    44BCH     0088H     UNIT         ?PR?_OSQPOST?OS_Q
            CODE    4544H     0087H     UNIT         ?PR?USART0INIT?UART
            CODE    45CBH     0081H     UNIT         ?PR?_GETPSKCRC?UART
            CODE    464CH     007DH     UNIT         ?PR?_DIRADDRCOMPARE?SINGLEBUS
            CODE    46C9H     007CH     UNIT         ?PR?_OSTASKSTKINIT?OS_CPU_A
            CODE    4745H     0077H     UNIT         ?PR?_CHECKPSK?UART
            CODE    47BCH     006EH     UNIT         ?PR?_READDATASTR?I2C
            CODE    482AH     005EH     UNIT         ?PR?_OSWAIT?OS_CORE
            CODE    4888H     0050H     UNIT         ?PR?MAINTASK?MAIN
            CODE    48D8H     004EH     UNIT         ?PR?SAVEPARAMETER?MAIN
            CODE    4926H     004EH     UNIT         ?PR?SINGLEBUSINIT?SINGLEBUS
            CODE    4974H     004DH     UNIT         ?PR?_SAVEINDICATIONDATA?SINGLEBUS
            CODE    49C1H     004BH     UNIT         ?C_INITSEG
            CODE    4A0CH     004BH     UNIT         ?PR?BUS1RECDEAL?SINGLEBUS
            CODE    4A57H     0049H     UNIT         ?PR?OSTICKISR?OS_CPU_C
            CODE    4AA0H     0047H     UNIT         ?PR?_SAVECALLADDR?SINGLEBUS
            CODE    4AE7H     0046H     UNIT         ?PR?_OSMEMINIT?OS_MEM
            CODE    4B2DH     0044H     UNIT         ?C?LDIV
            CODE    4B71H     0043H     UNIT         ?PR?_STKDELA?OS_CPU_C
            CODE    4BB4H     0042H     UNIT         ?PR?_STKDELB?OS_CPU_C
            CODE    4BF6H     0040H     UNIT         ?PR?VOICECHANNELCTX?SINGLEBUS
            CODE    4C36H     0040H     UNIT         ?PR?USART1INIT?UART
            CODE    4C76H     003CH     UNIT         ?PR?__OSTASKCREATE?OS_CORE
            CODE    4CB2H     003AH     UNIT         ?PR?_WRITEDATASTR?I2C
            CODE    4CECH     0039H     UNIT         ?PR?_OSQCREATE?OS_Q
            CODE    4D25H     0038H     UNIT         ?PR?USERTICKTIMER?OS_CPU_C
            CODE    4D5DH     0036H     UNIT         ?PR?P8563_READ?PCF8563
            CODE    4D93H     0033H     UNIT         ?PR?LOADCTX?OS_CPU_A
            CODE    4DC6H     002FH     UNIT         ?PR?_WRITEBYTE?I2C
            CODE    4DF5H     002FH     UNIT         ?PR?OSINTCTXSW?OS_CPU_A
            CODE    4E24H     002EH     UNIT         ?PR?_DISPATCHMESSAGE?MAIN
            CODE    4E52H     002CH     UNIT         ?PR?BUSMANAGER?SINGLEBUS
            CODE    4E7EH     002BH     UNIT         ?PR?IOINIT?MAIN
            CODE    4EA9H     0028H     UNIT         ?PR?_BYTE_READ?EEPROM
            CODE    4ED1H     0026H     UNIT         ?PR?_BYTE_PROGRAM?EEPROM
            CODE    4EF7H     0026H     UNIT         ?PR?_OSTASKSTKDEL?OS_CPU_C
            CODE    4F1DH     0025H     UNIT         ?PR?WAITACK?I2C
            CODE    4F42H     0024H     UNIT         ?PR?_DELAY_US?I2C
            CODE    4F66H     0024H     UNIT         ?PR?OSINTEXIT?OS_CORE
            CODE    4F8AH     0023H     UNIT         ?PR?KEYMANAGER?KEY
            CODE    4FADH     0023H     UNIT         ?PR?_OSTIMEDLY?OS_CORE
            CODE    4FD0H     0022H     UNIT         ?PR?_SECTOR_ERASE?EEPROM
            CODE    4FF2H     0022H     UNIT         ?PR?_READDATA?I2C
BL51 BANKED LINKER/LOCATER V6.05                                                      05/24/2012  09:37:58  PAGE 4


            CODE    5014H     0020H     UNIT         ?PR?_UART_SEND_BYTE?UART
            CODE    5034H     001FH     UNIT         ?PR?READBYTE?I2C
            CODE    5053H     001FH     UNIT         ?PR?BUS1SENDFINISHDEAL?SINGLEBUS
            CODE    5072H     001FH     UNIT         ?PR?TIMEROUTMANAGER?SINGLEBUS
            CODE    5091H     001FH     UNIT         ?PR?OSTIMETICK?OS_CORE
            CODE    50B0H     001DH     UNIT         ?PR?BUS1MANAGER?SINGLEBUS
            CODE    50CDH     001CH     UNIT         ?PR?BUS1RECINT?SINGLEBUS
            CODE    50E9H     001BH     UNIT         ?PR?MAIN?MAIN
            CODE    5104H     001BH     UNIT         ?PR?P8563_INIT?PCF8563
            CODE    511FH     001AH     UNIT         ?PR?P8563_SETTIME?PCF8563
            CODE    5139H     0019H     UNIT         ?PR?_DELAYMS?MAIN
            CODE    5152H     0019H     UNIT         ?PR?_OSTASKRESUME?OS_CORE
            CODE    516BH     0018H     UNIT         ?PR?_OS_TASKSUSPEND?OS_CORE
            CODE    5183H     0018H     UNIT         ?PR?OSFINDNEXTRUNNINGTASK?OS_CORE
            CODE    519BH     0018H     UNIT         ?PR?_STKDELC?OS_CPU_C
            CODE    51B3H     0016H     UNIT         ?PR?START?I2C
            CODE    51C9H     0016H     UNIT         ?PR?_WRITEACK?I2C
            CODE    51DFH     0015H     UNIT         ?PR?_MAKECH1TIMEROUT?SINGLEBUS
            CODE    51F4H     0014H     UNIT         ?PR?STOP?I2C
            CODE    5208H     0014H     UNIT         ?PR?_WRITEDATA?I2C
            CODE    521CH     0014H     UNIT         ?PR?OSSCHED?OS_CORE
            CODE    5230H     0013H     UNIT         ?PR?_USARTSENDBYTE?UART
            CODE    5243H     0012H     UNIT         ?PR?KEYDOWN?KEY
            CODE    5255H     0011H     UNIT         ?PR?_MAKECH0TIMEROUT?SINGLEBUS
            CODE    5266H     0011H     UNIT         ?PR?OSINIT?OS_CORE
            CODE    5277H     0010H     UNIT         ?PR?BUS0RECINT?SINGLEBUS
            CODE    5287H     0010H     UNIT         ?PR?OSCPUINIT?OS_CPU_C
            CODE    5297H     000DH     UNIT         ?PR?LEDSTATEFLASH?MAIN
            CODE    52A4H     000DH     UNIT         ?PR?OSCTXSW?OS_CPU_A
            CODE    52B1H     000CH     UNIT         ?PR?IAP_DISABLE?EEPROM
            CODE    52BDH     000CH     UNIT         ?PR?MP3RST?MAIN
            CODE    52C9H     000CH     UNIT         ?PR?_OSTASKSUSPEND?OS_CORE
            CODE    52D5H     0009H     UNIT         ?PR?_GETMESSAGE?MAIN
            CODE    52DEH     0009H     UNIT         ?CO?OS_CORE
            CODE    52E7H     0007H     UNIT         ?PR?LEDINIT?MAIN



OVERLAY MAP OF MODULE:   GLZJ-V10-DEBUG (EEPROM)


SEGMENT                                     XDATA_GROUP
  +--> CALLED SEGMENT                     START    LENGTH
---------------------------------------------------------
?PR?OSTICKISR?OS_CPU_C                    -----    -----
  +--> ?PR?USERTICKTIMER?OS_CPU_C
  +--> ?PR?OSTIMETICK?OS_CORE
  +--> ?PR?OSINTEXIT?OS_CORE

?PR?OSTIMETICK?OS_CORE                    -----    -----
  +--> ?CO?OS_CORE
  +--> ?PR?OSSCHED?OS_CORE

?PR?OSSCHED?OS_CORE                       -----    -----
  +--> ?PR?OSFINDNEXTRUNNINGTASK?OS_CORE
  +--> ?PR?OSCTXSW?OS_CPU_A

BL51 BANKED LINKER/LOCATER V6.05                                                      05/24/2012  09:37:58  PAGE 5


?PR?OSCTXSW?OS_CPU_A                      -----    -----
  +--> ?CO?OS_CORE
  +--> ?PR?C_OSCTXSW?OS_CPU_A

?PR?C_OSCTXSW?OS_CPU_A                    -----    -----
  +--> ?PR?LOADCTX?OS_CPU_A

?PR?LOADCTX?OS_CPU_A                      -----    -----
  +--> ?CO?OS_CORE

?PR?OSINTEXIT?OS_CORE                     -----    -----
  +--> ?PR?OSFINDNEXTRUNNINGTASK?OS_CORE
  +--> ?PR?OSINTCTXSW?OS_CPU_A

?PR?OSINTCTXSW?OS_CPU_A                   -----    -----
  +--> ?PR?OSCTXSW?OS_CPU_A
  +--> ?CO?OS_CORE
  +--> ?PR?C_OSCTXSW?OS_CPU_A

*** NEW ROOT ***************************************************

?C_C51STARTUP                             -----    -----
  +--> ?PR?MAIN?MAIN
  +--> ?C_INITSEG

?PR?MAIN?MAIN                             -----    -----
  +--> ?PR?_DELAYMS?MAIN
  +--> ?PR?OSINIT?OS_CORE
  +--> ?PR?MAINTASK?MAIN
  +--> ?PR?__OSTASKCREATE?OS_CORE

?PR?OSINIT?OS_CORE                        -----    -----
  +--> ?PR?OSCPUINIT?OS_CPU_C

?PR?MAINTASK?MAIN                         -----    -----
  +--> ?PR?INIT?MAIN
  +--> ?PR?_OSQCREATE?OS_Q
  +--> ?PR?BUSMANAGER?SINGLEBUS
  +--> ?PR?__OSTASKCREATE?OS_CORE
  +--> ?PR?TIMEROUTMANAGER?SINGLEBUS
  +--> ?PR?KEYMANAGER?KEY
  +--> ?PR?P8563MANAGER?PCF8563
  +--> ?PR?_GETMESSAGE?MAIN
  +--> ?PR?_DISPATCHMESSAGE?MAIN
  +--> ?PR?USART1RECDEAL?UART

?PR?INIT?MAIN                             -----    -----
  +--> ?PR?IOINIT?MAIN
  +--> ?PR?MP3RST?MAIN
  +--> ?PR?LEDINIT?MAIN
  +--> ?PR?SINGLEBUSINIT?SINGLEBUS
  +--> ?PR?PARAMETERINIT?MAIN
  +--> ?PR?USART0INIT?UART
  +--> ?PR?USART1INIT?UART
  +--> ?PR?_USARTSENDBYTE?UART
  +--> ?PR?_OSMEMINIT?OS_MEM
  +--> ?PR?_MAKECH0TIMEROUT?SINGLEBUS
BL51 BANKED LINKER/LOCATER V6.05                                                      05/24/2012  09:37:58  PAGE 6


  +--> ?PR?_USARTSNDCMD?UART

?PR?MP3RST?MAIN                           -----    -----
  +--> ?PR?_OSWAIT?OS_CORE

?PR?_OSWAIT?OS_CORE                       -----    -----
  +--> ?PR?_OSTASKSUSPEND?OS_CORE
  +--> ?PR?_OSTIMEDLY?OS_CORE
  +--> ?PR?_OS_TASKSUSPEND?OS_CORE
  +--> ?PR?OSSCHED?OS_CORE

?PR?_OSTASKSUSPEND?OS_CORE                -----    -----
  +--> ?PR?_OS_TASKSUSPEND?OS_CORE
  +--> ?PR?OSSCHED?OS_CORE

?PR?_OS_TASKSUSPEND?OS_CORE               -----    -----
  +--> ?CO?OS_CORE

?PR?_OSTIMEDLY?OS_CORE                    -----    -----
  +--> ?PR?_OS_TASKSUSPEND?OS_CORE
  +--> ?PR?OSSCHED?OS_CORE

?PR?PARAMETERINIT?MAIN                    0341H    0006H
  +--> ?PR?_BYTE_READ?EEPROM
  +--> ?PR?_SECTOR_ERASE?EEPROM
  +--> ?PR?_BYTE_PROGRAM?EEPROM

?PR?_BYTE_READ?EEPROM                     -----    -----
  +--> ?PR?IAP_DISABLE?EEPROM

?PR?_SECTOR_ERASE?EEPROM                  -----    -----
  +--> ?PR?IAP_DISABLE?EEPROM

?PR?_BYTE_PROGRAM?EEPROM                  -----    -----
  +--> ?PR?IAP_DISABLE?EEPROM

?PR?_MAKECH0TIMEROUT?SINGLEBUS            -----    -----
  +--> ?PR?VOICECHANNELCTX?SINGLEBUS

?PR?_USARTSNDCMD?UART                     0347H    0006H
  +--> ?PR?_GETPSKCRC?UART

?PR?_GETPSKCRC?UART                       034DH    0008H

?PR?BUSMANAGER?SINGLEBUS                  -----    -----
  +--> ?PR?_OSQPOST?OS_Q
  +--> ?PR?_OSWAIT?OS_CORE

?PR?_OSQPOST?OS_Q                         -----    -----
  +--> ?CO?OS_CORE
  +--> ?PR?_OSTASKRESUME?OS_CORE

?PR?_OSTASKRESUME?OS_CORE                 -----    -----
  +--> ?CO?OS_CORE
  +--> ?PR?OSSCHED?OS_CORE

?PR?__OSTASKCREATE?OS_CORE                -----    -----
BL51 BANKED LINKER/LOCATER V6.05                                                      05/24/2012  09:37:58  PAGE 7


  +--> ?CO?OS_CORE
  +--> ?PR?_OSTASKSTKINIT?OS_CPU_A
  +--> ?PR?OSSCHED?OS_CORE

?PR?_OSTASKSTKINIT?OS_CPU_A               -----    -----
  +--> ?CO?OS_CORE

?PR?TIMEROUTMANAGER?SINGLEBUS             -----    -----
  +--> ?PR?_OSWAIT?OS_CORE
  +--> ?PR?_OSQPOST?OS_Q

?PR?KEYMANAGER?KEY                        -----    -----
  +--> ?PR?_OSTIMEDLY?OS_CORE
  +--> ?PR?_OSQPOST?OS_Q

?PR?P8563MANAGER?PCF8563                  -----    -----
  +--> ?PR?_OSWAIT?OS_CORE
  +--> ?PR?P8563_READ?PCF8563
  +--> ?PR?_BUS0OUTPUTDATA?SINGLEBUS

?PR?P8563_READ?PCF8563                    -----    -----
  +--> ?PR?_READDATASTR?I2C

?PR?_READDATASTR?I2C                      0341H    0006H
  +--> ?PR?_WRITEBYTE?I2C
  +--> ?PR?START?I2C
  +--> ?PR?READBYTE?I2C
  +--> ?PR?_WRITEACK?I2C
  +--> ?PR?STOP?I2C

?PR?_WRITEBYTE?I2C                        -----    -----
  +--> ?PR?START?I2C
  +--> ?PR?_DELAY_US?I2C
  +--> ?PR?WAITACK?I2C

?PR?START?I2C                             -----    -----
  +--> ?PR?_DELAY_US?I2C

?PR?WAITACK?I2C                           -----    -----
  +--> ?PR?_DELAY_US?I2C
  +--> ?PR?STOP?I2C

?PR?STOP?I2C                              -----    -----
  +--> ?PR?_DELAY_US?I2C

?PR?READBYTE?I2C                          -----    -----
  +--> ?PR?_DELAY_US?I2C

?PR?_WRITEACK?I2C                         -----    -----
  +--> ?PR?_DELAY_US?I2C

?PR?_BUS0OUTPUTDATA?SINGLEBUS             0347H    0004H

?PR?_GETMESSAGE?MAIN                      -----    -----
  +--> ?PR?_OSQPEND?OS_Q

?PR?_OSQPEND?OS_Q                         -----    -----
BL51 BANKED LINKER/LOCATER V6.05                                                      05/24/2012  09:37:58  PAGE 8


  +--> ?CO?OS_CORE
  +--> ?PR?_OS_TASKSUSPEND?OS_CORE
  +--> ?PR?OSSCHED?OS_CORE

?PR?_DISPATCHMESSAGE?MAIN                 -----    -----
  +--> ?PR?BUS0RECDEAL?SINGLEBUS
  +--> ?PR?BUS0SENDFINISHDEAL?SINGLEBUS
  +--> ?PR?BUS1RECDEAL?SINGLEBUS
  +--> ?PR?BUS1SENDFINISHDEAL?SINGLEBUS
  +--> ?PR?KEYDOWN?KEY
  +--> ?PR?TIMEROUTDEAL?SINGLEBUS

?PR?BUS0RECDEAL?SINGLEBUS                 0341H    0003H
  +--> ?PR?LEDSTATEFLASH?MAIN
  +--> ?PR?_USART1SNDDATA?UART
  +--> ?PR?_GETPSKCRC?UART
  +--> ?PR?_ADDCALLNOD?SINGLEBUS
  +--> ?PR?_BUS0OUTPUTDATA?SINGLEBUS
  +--> ?PR?_SAVEINDICATIONDATA?SINGLEBUS
  +--> ?PR?_REMOVECALLNOD?SINGLEBUS
  +--> ?PR?_SAVECALLADDR?SINGLEBUS
  +--> ?PR?_BUS1OUTPUTDATA?SINGLEBUS
  +--> ?PR?VOICECHANNELCTX?SINGLEBUS
  +--> ?PR?_ADDRCOMPARE?SINGLEBUS
  +--> ?PR?_MAKECH0TIMEROUT?SINGLEBUS
  +--> ?PR?_USARTSNDRESULT?UART
  +--> ?PR?RESTARTINDICATION?SINGLEBUS
  +--> ?PR?_USARTSNDCMD?UART
  +--> ?PR?_MAKECH1TIMEROUT?SINGLEBUS
  +--> ?PR?P8563_SETTIME?PCF8563
  +--> ?PR?_USARTSNDRESULT1?UART
  +--> ?PR?_USARTSNDRESULT3?UART

?PR?_USART1SNDDATA?UART                   0344H    0006H
  +--> ?PR?_GETPSKCRC?UART

?PR?_ADDCALLNOD?SINGLEBUS                 0344H    0009H
  +--> ?PR?_OSMEMNEW?OS_MEM

?PR?_OSMEMNEW?OS_MEM                      034DH    0004H

?PR?_REMOVECALLNOD?SINGLEBUS              0344H    0006H
  +--> ?PR?_OSMEMFREE?OS_MEM

?PR?_OSMEMFREE?OS_MEM                     034AH    0004H
  +--> ?PR?_USERMEMCHKERR?OS_MEM

?PR?_BUS1OUTPUTDATA?SINGLEBUS             0344H    0004H

?PR?_ADDRCOMPARE?SINGLEBUS                0344H    0006H

?PR?_USARTSNDRESULT?UART                  0344H    0003H
  +--> ?PR?_GETPSKCRC?UART

?PR?RESTARTINDICATION?SINGLEBUS           0344H    0003H
  +--> ?PR?_BUS0OUTPUTDATA?SINGLEBUS
  +--> ?PR?_USARTSNDCMD?UART
BL51 BANKED LINKER/LOCATER V6.05                                                      05/24/2012  09:37:58  PAGE 9


  +--> ?PR?_SAVEINDICATIONDATA?SINGLEBUS

?PR?P8563_SETTIME?PCF8563                 -----    -----
  +--> ?PR?_WRITEDATASTR?I2C

?PR?_WRITEDATASTR?I2C                     0344H    0003H
  +--> ?PR?_WRITEBYTE?I2C
  +--> ?PR?STOP?I2C

?PR?_USARTSNDRESULT1?UART                 0344H    0004H
  +--> ?PR?_GETPSKCRC?UART

?PR?_USARTSNDRESULT3?UART                 0344H    0009H
  +--> ?PR?_GETPSKCRC?UART

?PR?BUS0SENDFINISHDEAL?SINGLEBUS          0341H    0003H
  +--> ?PR?_USART1SNDDATA?UART
  +--> ?PR?_BUS0OUTPUTDATA?SINGLEBUS
  +--> ?PR?_BUS1OUTPUTDATA?SINGLEBUS
  +--> ?PR?VOICECHANNELCTX?SINGLEBUS
  +--> ?PR?_MAKECH0TIMEROUT?SINGLEBUS
  +--> ?PR?_MAKECH1TIMEROUT?SINGLEBUS
  +--> ?PR?_USARTSNDRESULT?UART
  +--> ?PR?_USARTSNDCMD?UART
  +--> ?PR?_REMOVECALLNOD?SINGLEBUS
  +--> ?PR?RESTARTINDICATION?SINGLEBUS
  +--> ?PR?_GETPSKCRC?UART
  +--> ?PR?_SAVECALLADDR?SINGLEBUS
  +--> ?PR?USART0INIT?UART
  +--> ?PR?SAVEPARAMETER?MAIN
  +--> ?PR?_DELAYMS?MAIN

?PR?SAVEPARAMETER?MAIN                    0344H    0006H
  +--> ?PR?_SECTOR_ERASE?EEPROM
  +--> ?PR?_BYTE_PROGRAM?EEPROM

?PR?BUS1RECDEAL?SINGLEBUS                 -----    -----
  +--> ?PR?_BUS0OUTPUTDATA?SINGLEBUS

?PR?TIMEROUTDEAL?SINGLEBUS                -----    -----
  +--> ?PR?_BUS0OUTPUTDATA?SINGLEBUS
  +--> ?PR?_USARTSNDCMD?UART
  +--> ?PR?_USARTSNDRESULT?UART
  +--> ?PR?RESTARTINDICATION?SINGLEBUS

?PR?USART1RECDEAL?UART                    0341H    0003H
  +--> ?PR?_CHECKPSK?UART
  +--> ?PR?_USARTSNDENTER?UART
  +--> ?PR?P8563_SETTIME?PCF8563
  +--> ?PR?_BUS0OUTPUTDATA?SINGLEBUS
  +--> ?PR?_USARTSNDRESULT?UART
  +--> ?PR?_DELAYMS?MAIN
  +--> ?PR?_MAKECH0TIMEROUT?SINGLEBUS
  +--> ?PR?_MAKECH1TIMEROUT?SINGLEBUS
  +--> ?PR?SAVEPARAMETER?MAIN

?PR?_CHECKPSK?UART                        0344H    0008H
BL51 BANKED LINKER/LOCATER V6.05                                                      05/24/2012  09:37:58  PAGE 10



?PR?_USARTSNDENTER?UART                   0344H    0003H
  +--> ?PR?_GETPSKCRC?UART



SYMBOL TABLE OF MODULE:  GLZJ-V10-DEBUG (EEPROM)

  VALUE           TYPE          NAME
  ----------------------------------

  -------         MODULE        EEPROM
  C:0000H         SYMBOL        _ICE_DUMMY_
  D:0080H         PUBLIC        P0
  D:0090H         PUBLIC        P1
  D:00A0H         PUBLIC        P2
  D:00B0H         PUBLIC        P3
  D:00C0H         PUBLIC        P4
  D:00C8H         PUBLIC        P5
  D:00A8H         PUBLIC        IE
  D:00C5H         PUBLIC        IAP_CMD
  D:00B8H         PUBLIC        IP
  D:00C3H         PUBLIC        IAP_ADDRH
  D:00D8H         PUBLIC        CCON
  D:00C4H         PUBLIC        IAP_ADDRL
  X:0365H         PUBLIC        my_unTemp16
  D:0098H         PUBLIC        SCON
  D:0088H         PUBLIC        TCON
  D:00C7H         PUBLIC        IAP_CONTR
  C:4FD0H         PUBLIC        _Sector_Erase
  D:00E0H         PUBLIC        ACC
  C:4ED1H         PUBLIC        _Byte_Program
  D:00C2H         PUBLIC        IAP_DATA
  D:00C6H         PUBLIC        IAP_TRIG
  C:52B1H         PUBLIC        IAP_Disable
  C:4EA9H         PUBLIC        _Byte_Read
  D:00D0H         PUBLIC        PSW
  -------         PROC          _BYTE_READ
  D:0006H         SYMBOL        add
  C:4EA9H         LINE#         12
  C:4EA9H         LINE#         13
  C:4EA9H         LINE#         14
  C:4EACH         LINE#         15
  C:4EAFH         LINE#         16
  C:4EB2H         LINE#         18
  C:4EBAH         LINE#         19
  C:4EC0H         LINE#         20
  C:4EC4H         LINE#         23
  C:4EC7H         LINE#         24
  C:4ECAH         LINE#         25
  C:4ECBH         LINE#         27
  C:4ECEH         LINE#         29
  C:4ED0H         LINE#         30
  -------         ENDPROC       _BYTE_READ
  -------         PROC          _BYTE_PROGRAM
  D:0006H         SYMBOL        add
  D:0005H         SYMBOL        ch
BL51 BANKED LINKER/LOCATER V6.05                                                      05/24/2012  09:37:58  PAGE 11


  C:4ED1H         LINE#         33
  C:4ED1H         LINE#         34
  C:4ED1H         LINE#         35
  C:4ED4H         LINE#         36
  C:4ED7H         LINE#         38
  C:4EDFH         LINE#         39
  C:4EE5H         LINE#         40
  C:4EE9H         LINE#         42
  C:4EEDH         LINE#         44
  C:4EF0H         LINE#         45
  C:4EF3H         LINE#         46
  C:4EF4H         LINE#         48
  -------         ENDPROC       _BYTE_PROGRAM
  -------         PROC          _SECTOR_ERASE
  D:0006H         SYMBOL        add
  C:4FD0H         LINE#         53
  C:4FD0H         LINE#         54
  C:4FD0H         LINE#         55
  C:4FD3H         LINE#         56
  C:4FD6H         LINE#         58
  C:4FDEH         LINE#         59
  C:4FE4H         LINE#         60
  C:4FE8H         LINE#         63
  C:4FEBH         LINE#         64
  C:4FEEH         LINE#         65
  C:4FEFH         LINE#         67
  -------         ENDPROC       _SECTOR_ERASE
  -------         PROC          IAP_DISABLE
  C:52B1H         LINE#         71
  C:52B1H         LINE#         72
  C:52B1H         LINE#         75
  C:52B4H         LINE#         76
  C:52B6H         LINE#         77
  C:52B8H         LINE#         78
  C:52BAH         LINE#         79
  C:52BCH         LINE#         80
  -------         ENDPROC       IAP_DISABLE
  -------         ENDMOD        EEPROM

  -------         MODULE        I2C
  C:0000H         SYMBOL        _ICE_DUMMY_
  D:0080H         PUBLIC        P0
  D:0090H         PUBLIC        P1
  D:00A0H         PUBLIC        P2
  D:00B0H         PUBLIC        P3
  D:00C0H         PUBLIC        P4
  D:00C8H         PUBLIC        P5
  D:00A8H         PUBLIC        IE
  C:51B3H         PUBLIC        Start
  D:00B8H         PUBLIC        IP
  D:00D8H         PUBLIC        CCON
  C:51F4H         PUBLIC        Stop
  C:5208H         PUBLIC        _writeData
  D:0098H         PUBLIC        SCON
  C:5034H         PUBLIC        Readbyte
  D:0088H         PUBLIC        TCON
  C:47BCH         PUBLIC        _ReadDataStr
BL51 BANKED LINKER/LOCATER V6.05                                                      05/24/2012  09:37:58  PAGE 12


  C:4F49H         PUBLIC        _Delay_us
  D:00E0H         PUBLIC        ACC
  B:0080H.5       PUBLIC        SDA
  C:51C9H         PUBLIC        _WriteACK
  B:0080H.4       PUBLIC        SCL
  C:4DCDH         PUBLIC        _writebyte
  C:4CB2H         PUBLIC        _writeDataStr
  C:4F1DH         PUBLIC        WaitACK
  C:4FF2H         PUBLIC        _ReadData
  D:00D0H         PUBLIC        PSW
  C:4F44H         SYMBOL        L?0035
  -------         PROC          L?0034
  -------         ENDPROC       L?0034
  C:4F44H         SYMBOL        L?0035
  -------         PROC          _DELAY_US
  D:0007H         SYMBOL        cnt
  -------         DO            
  D:0006H         SYMBOL        i
  -------         ENDDO         
  C:4F49H         LINE#         39
  C:4F49H         LINE#         40
  C:4F49H         LINE#         42
  C:4F50H         LINE#         43
  C:4F50H         LINE#         44
  C:4F51H         LINE#         45
  C:4F52H         LINE#         46
  C:4F53H         LINE#         47
  C:4F54H         LINE#         48
  C:4F55H         LINE#         49
  C:4F56H         LINE#         50
  C:4F57H         LINE#         51
  C:4F58H         LINE#         52
  C:4F59H         LINE#         55
  C:4F5AH         LINE#         56
  C:4F5BH         LINE#         57
  C:4F5CH         LINE#         58
  C:4F5DH         LINE#         59
  C:4F5EH         LINE#         60
  C:4F5FH         LINE#         61
  C:4F60H         LINE#         62
  C:4F61H         LINE#         63
  C:4F62H         LINE#         65
  C:4F65H         LINE#         68
  -------         ENDPROC       _DELAY_US
  -------         PROC          START
  C:51B3H         LINE#         73
  C:51B3H         LINE#         74
  C:51B3H         LINE#         75
  C:51B5H         LINE#         76
  C:51BAH         LINE#         78
  C:51BCH         LINE#         79
  C:51BCH         LINE#         80
  C:51BCH         LINE#         81
  C:51BFH         LINE#         82
  C:51C1H         LINE#         83
  C:51C4H         LINE#         84
  C:51C6H         LINE#         85
BL51 BANKED LINKER/LOCATER V6.05                                                      05/24/2012  09:37:58  PAGE 13


  -------         ENDPROC       START
  -------         PROC          STOP
  C:51F4H         LINE#         91
  C:51F4H         LINE#         92
  C:51F4H         LINE#         93
  C:51F6H         LINE#         94
  C:51FBH         LINE#         95
  C:51FDH         LINE#         97
  C:51FDH         LINE#         98
  C:51FDH         LINE#         99
  C:5200H         LINE#         100
  C:5202H         LINE#         101
  C:5205H         LINE#         102
  C:5207H         LINE#         104
  -------         ENDPROC       STOP
  -------         PROC          _WRITEACK
  D:0005H         SYMBOL        ack
  C:51C9H         LINE#         108
  C:51CBH         LINE#         109
  C:51CBH         LINE#         111
  C:51CDH         LINE#         112
  C:51D2H         LINE#         113
  C:51D7H         LINE#         114
  C:51D7H         LINE#         115
  C:51D7H         LINE#         116
  C:51DAH         LINE#         117
  C:51DCH         LINE#         118
  -------         ENDPROC       _WRITEACK
  -------         PROC          WAITACK
  -------         DO            
  D:0004H         SYMBOL        errtime
  -------         ENDDO         
  C:4F1DH         LINE#         123
  C:4F1DH         LINE#         124
  C:4F1DH         LINE#         125
  C:4F21H         LINE#         126
  C:4F23H         LINE#         127
  C:4F25H         LINE#         128
  C:4F25H         LINE#         129
  C:4F25H         LINE#         130
  C:4F28H         LINE#         131
  C:4F2BH         LINE#         132
  C:4F30H         LINE#         133
  C:4F34H         LINE#         134
  C:4F34H         LINE#         135
  C:4F37H         LINE#         136
  C:4F3AH         LINE#         138
  C:4F3AH         LINE#         139
  C:4F3AH         LINE#         140
  C:4F3CH         LINE#         141
  C:4F41H         LINE#         143
  -------         ENDPROC       WAITACK
  C:4DC8H         SYMBOL        L?0037
  -------         PROC          L?0036
  -------         ENDPROC       L?0036
  C:4DC8H         SYMBOL        L?0037
  -------         PROC          _WRITEBYTE
BL51 BANKED LINKER/LOCATER V6.05                                                      05/24/2012  09:37:58  PAGE 14


  D:0005H         SYMBOL        wdata
  -------         DO            
  D:0004H         SYMBOL        i
  -------         ENDDO         
  C:4DCDH         LINE#         148
  C:4DCFH         LINE#         149
  C:4DCFH         LINE#         151
  C:4DD1H         LINE#         152
  C:4DD3H         LINE#         153
  C:4DD3H         LINE#         154
  C:4DD8H         LINE#         155
  C:4DE0H         LINE#         156
  C:4DE2H         LINE#         157
  C:4DE6H         LINE#         158
  C:4DE6H         LINE#         159
  C:4DE6H         LINE#         160
  C:4DE9H         LINE#         161
  C:4DEBH         LINE#         162
  C:4DF0H         LINE#         163
  C:4DF2H         LINE#         164
  -------         ENDPROC       _WRITEBYTE
  -------         PROC          READBYTE
  -------         DO            
  D:0004H         SYMBOL        i
  D:0005H         SYMBOL        bytedata
  -------         ENDDO         
  C:5034H         LINE#         170
  C:5034H         LINE#         171
  C:5034H         LINE#         173
  C:5036H         LINE#         174
  C:5038H         LINE#         175
  C:5038H         LINE#         176
  C:503AH         LINE#         177
  C:503EH         LINE#         178
  C:5044H         LINE#         179
  C:5046H         LINE#         180
  C:504BH         LINE#         181
  C:5050H         LINE#         182
  C:5052H         LINE#         183
  -------         ENDPROC       READBYTE
  -------         PROC          _WRITEDATA
  D:0002H         SYMBOL        address
  D:0003H         SYMBOL        mdata
  C:5208H         LINE#         187
  C:520CH         LINE#         188
  C:520CH         LINE#         189
  C:520CH         LINE#         190
  C:520FH         LINE#         191
  C:5214H         LINE#         192
  C:5219H         LINE#         193
  -------         ENDPROC       _WRITEDATA
  -------         PROC          _WRITEDATASTR
  X:0344H         SYMBOL        address
  X:0345H         SYMBOL        count
  D:0001H         SYMBOL        buff
  -------         DO            
  X:0346H         SYMBOL        i
BL51 BANKED LINKER/LOCATER V6.05                                                      05/24/2012  09:37:58  PAGE 15


  -------         ENDDO         
  C:4CB2H         LINE#         199
  C:4CB8H         LINE#         200
  C:4CB8H         LINE#         202
  C:4CB8H         LINE#         203
  C:4CBBH         LINE#         204
  C:4CC3H         LINE#         205
  C:4CD3H         LINE#         206
  C:4CD3H         LINE#         207
  C:4CDAH         LINE#         208
  C:4CE1H         LINE#         209
  C:4CE9H         LINE#         211
  -------         ENDPROC       _WRITEDATASTR
  -------         PROC          _READDATA
  D:0003H         SYMBOL        address
  -------         DO            
  D:0004H         SYMBOL        rdata
  -------         ENDDO         
  C:4FF2H         LINE#         218
  C:4FF4H         LINE#         219
  C:4FF4H         LINE#         220
  C:4FF4H         LINE#         221
  C:4FF7H         LINE#         222
  C:4FFCH         LINE#         223
  C:4FFFH         LINE#         224
  C:5004H         LINE#         225
  C:5009H         LINE#         226
  C:500EH         LINE#         227
  C:5011H         LINE#         228
  C:5013H         LINE#         229
  -------         ENDPROC       _READDATA
  -------         PROC          _READDATASTR
  X:0341H         SYMBOL        address
  X:0342H         SYMBOL        count
  X:0343H         SYMBOL        buff
  -------         DO            
  X:0346H         SYMBOL        i
  -------         ENDDO         
  C:47BCH         LINE#         231
  C:47CBH         LINE#         232
  C:47CBH         LINE#         233
  C:47CBH         LINE#         234
  C:47CEH         LINE#         235
  C:47D6H         LINE#         236
  C:47D9H         LINE#         237
  C:47DEH         LINE#         238
  C:47F0H         LINE#         239
  C:47F0H         LINE#         240
  C:480AH         LINE#         241
  C:481AH         LINE#         242
  C:4822H         LINE#         243
  C:4827H         LINE#         244
  -------         ENDPROC       _READDATASTR
  -------         ENDMOD        I2C

  -------         MODULE        MAIN
  C:0000H         SYMBOL        _ICE_DUMMY_
BL51 BANKED LINKER/LOCATER V6.05                                                      05/24/2012  09:37:58  PAGE 16


  D:0092H         PUBLIC        P1M0
  C:4E24H         PUBLIC        _DispatchMessage
  D:0096H         PUBLIC        P2M0
  D:0091H         PUBLIC        P1M1
  D:0080H         PUBLIC        P0
  D:0095H         PUBLIC        P2M1
  D:0090H         PUBLIC        P1
  D:00A0H         PUBLIC        P2
  B:0090H.7       PUBLIC        POWER_EN
  D:00CAH         PUBLIC        P5M0
  D:00B0H         PUBLIC        P3
  D:00C9H         PUBLIC        P5M1
  D:00C0H         PUBLIC        P4
  D:00C8H         PUBLIC        P5
  B:00C8H.3       PUBLIC        GB_FZ
  D:00F9H         PUBLIC        CH
  C:5297H         PUBLIC        LedStateFlash
  B:00A8H.5       PUBLIC        EADC
  D:00A8H         PUBLIC        IE
  D:00E9H         PUBLIC        CL
  D:00FAH         PUBLIC        CCAP0H
  D:00EAH         PUBLIC        CCAP0L
  B:00D8H.6       PUBLIC        CR
  C:4316H         PUBLIC        Init
  D:00DAH         PUBLIC        CCAPM0
  D:00B8H         PUBLIC        IP
  C:4888H         PUBLIC        MainTask
  X:0000H         PUBLIC        uiIsrTimerCount
  D:00D9H         PUBLIC        CMOD
  D:00D8H         PUBLIC        CCON
  B:0090H.4       PUBLIC        SS
  C:50E9H         PUBLIC        main
  B:00C0H.6       PUBLIC        MP3_RST
  C:52BDH         PUBLIC        Mp3Rst
  B:0025H.0       PUBLIC        bPowerEnState
  B:00A8H.6       PUBLIC        ELVD
  C:52E7H         PUBLIC        LedInit
  D:00BBH         PUBLIC        P4SW
  D:0098H         PUBLIC        SCON
  D:0088H         PUBLIC        TCON
  C:0016H         PUBLIC        AdcInt
  C:48D8H         PUBLIC        SaveParameter
  B:0080H.2       PUBLIC        DE0
  B:0080H.7       PUBLIC        LED_STATE
  X:0002H         PUBLIC        stLocalControl
  C:3F52H         PUBLIC        ParameterInit
  D:00AFH         PUBLIC        IE2
  B:0080H.6       PUBLIC        LED_POWER
  B:0080H.1       PUBLIC        RE0
  D:00E0H         PUBLIC        ACC
  B:00A8H.3       PUBLIC        ET1
  I:003AH         PUBLIC        byMainCmdQ
  D:008DH         PUBLIC        TH1
  C:4E7EH         PUBLIC        IoInit
  B:00C8H.0       PUBLIC        KBC
  B:00C8H.1       PUBLIC        KBD
  C:5139H         PUBLIC        _Delayms
BL51 BANKED LINKER/LOCATER V6.05                                                      05/24/2012  09:37:58  PAGE 17


  C:001EH         PUBLIC        LvdInt
  B:00A0H.5       PUBLIC        KGB
  D:00C1H         PUBLIC        WDT_CONTR
  X:0051H         PUBLIC        byMallocMem
  C:0006H         PUBLIC        SpiInt
  C:000EH         PUBLIC        TIMER1Int
  C:52D5H         PUBLIC        _GetMessage
  B:0025H.1       PUBLIC        bPCState
  D:00D0H         PUBLIC        PSW
  B:0025H.2       PUBLIC        bLedState
  -------         PROC          TIMER1INT
  C:000EH         LINE#         43
  C:000EH         LINE#         45
  C:0010H         LINE#         46
  -------         ENDPROC       TIMER1INT
  -------         PROC          ADCINT
  C:0016H         LINE#         49
  C:0016H         LINE#         51
  C:0018H         LINE#         52
  -------         ENDPROC       ADCINT
  -------         PROC          LVDINT
  C:001EH         LINE#         54
  C:001EH         LINE#         56
  C:0020H         LINE#         57
  -------         ENDPROC       LVDINT
  -------         PROC          SPIINT
  C:0006H         LINE#         66
  C:0006H         LINE#         68
  C:0009H         LINE#         69
  -------         ENDPROC       SPIINT
  -------         PROC          MP3RST
  C:52BDH         LINE#         74
  C:52BDH         LINE#         75
  C:52BDH         LINE#         76
  C:52BFH         LINE#         77
  C:52C6H         LINE#         78
  C:52C8H         LINE#         79
  -------         ENDPROC       MP3RST
  -------         PROC          _DELAYMS
  D:0006H         SYMBOL        ms
  -------         DO            
  D:0004H         SYMBOL        i
  -------         ENDDO         
  C:5139H         LINE#         88
  C:5139H         LINE#         89
  C:5139H         LINE#         91
  C:513DH         LINE#         92
  C:5151H         LINE#         93
  -------         ENDPROC       _DELAYMS
  -------         PROC          PARAMETERINIT
  -------         DO            
  X:0341H         SYMBOL        byTemp
  X:0342H         SYMBOL        byAddrTemp
  X:0344H         SYMBOL        pbyData
  -------         ENDDO         
  C:3F52H         LINE#         110
  C:3F52H         LINE#         111
BL51 BANKED LINKER/LOCATER V6.05                                                      05/24/2012  09:37:58  PAGE 18


  C:3F52H         LINE#         112
  C:3F58H         LINE#         113
  C:3F5FH         LINE#         114
  C:3F6BH         LINE#         117
  C:3F77H         LINE#         118
  C:3F7AH         LINE#         119
  C:3F7AH         LINE#         120
  C:3F87H         LINE#         121
  C:3F87H         LINE#         122
  C:3FA9H         LINE#         123
  C:3FABH         LINE#         124
  C:3FABH         LINE#         126
  C:3FABH         LINE#         127
  C:3FB1H         LINE#         128
  C:3FB5H         LINE#         129
  C:3FB9H         LINE#         130
  C:3FBBH         LINE#         131
  C:3FC2H         LINE#         132
  C:3FC8H         LINE#         133
  C:3FCFH         LINE#         134
  C:3FDBH         LINE#         135
  C:3FE1H         LINE#         136
  C:3FEBH         LINE#         137
  C:3FEBH         LINE#         138
  C:400DH         LINE#         139
  C:400FH         LINE#         140
  C:400FH         LINE#         142
  -------         ENDPROC       PARAMETERINIT
  -------         PROC          SAVEPARAMETER
  -------         DO            
  X:0344H         SYMBOL        byTemp
  X:0345H         SYMBOL        byAddrTemp
  X:0347H         SYMBOL        pbyData
  -------         ENDDO         
  C:48D8H         LINE#         144
  C:48D8H         LINE#         145
  C:48D8H         LINE#         146
  C:48DEH         LINE#         147
  C:48E5H         LINE#         148
  C:48F1H         LINE#         149
  C:48F7H         LINE#         150
  C:4901H         LINE#         151
  C:4901H         LINE#         152
  C:4923H         LINE#         153
  C:4925H         LINE#         154
  -------         ENDPROC       SAVEPARAMETER
  -------         PROC          IOINIT
  C:4E7EH         LINE#         170
  C:4E7EH         LINE#         171
  C:4E7EH         LINE#         176
  C:4E81H         LINE#         177
  C:4E84H         LINE#         180
  C:4E87H         LINE#         181
  C:4E8AH         LINE#         184
  C:4E8CH         LINE#         185
  C:4E8EH         LINE#         186
  C:4E90H         LINE#         187
BL51 BANKED LINKER/LOCATER V6.05                                                      05/24/2012  09:37:58  PAGE 19


  C:4E92H         LINE#         189
  C:4E94H         LINE#         190
  C:4E96H         LINE#         193
  C:4E99H         LINE#         194
  C:4E9CH         LINE#         195
  C:4E9EH         LINE#         198
  C:4EA1H         LINE#         199
  C:4EA4H         LINE#         200
  C:4EA6H         LINE#         201
  C:4EA8H         LINE#         202
  -------         ENDPROC       IOINIT
  -------         PROC          INIT
  C:4316H         LINE#         218
  C:4316H         LINE#         219
  C:4316H         LINE#         221
  C:4325H         LINE#         223
  C:432EH         LINE#         224
  C:4334H         LINE#         225
  C:4338H         LINE#         240
  C:433BH         LINE#         241
  C:433DH         LINE#         242
  C:433FH         LINE#         243
  C:4341H         LINE#         244
  C:434AH         LINE#         245
  C:434DH         LINE#         247
  C:4350H         LINE#         250
  C:4352H         LINE#         253
  C:4355H         LINE#         256
  C:4358H         LINE#         259
  C:435BH         LINE#         262
  C:435EH         LINE#         264
  C:4361H         LINE#         266
  C:4364H         LINE#         269
  C:4367H         LINE#         270
  C:436AH         LINE#         272
  C:4374H         LINE#         274
  C:437FH         LINE#         277
  C:438CH         LINE#         282
  C:4392H         LINE#         284
  C:4397H         LINE#         285
  -------         ENDPROC       INIT
  -------         PROC          _GETMESSAGE
  D:0001H         SYMBOL        Msg
  C:52D5H         LINE#         302
  C:52D5H         LINE#         303
  C:52D5H         LINE#         304
  -------         ENDPROC       _GETMESSAGE
  -------         PROC          _DISPATCHMESSAGE
  D:0007H         SYMBOL        Msg
  C:4E24H         LINE#         321
  C:4E24H         LINE#         322
  C:4E24H         LINE#         323
  C:4E3FH         LINE#         324
  C:4E3FH         LINE#         325
  C:4E3FH         LINE#         326
  C:4E42H         LINE#         327
  C:4E42H         LINE#         328
BL51 BANKED LINKER/LOCATER V6.05                                                      05/24/2012  09:37:58  PAGE 20


  C:4E42H         LINE#         329
  C:4E45H         LINE#         330
  C:4E45H         LINE#         338
  C:4E45H         LINE#         339
  C:4E48H         LINE#         340
  C:4E48H         LINE#         341
  C:4E48H         LINE#         342
  C:4E4BH         LINE#         343
  C:4E4BH         LINE#         345
  C:4E4BH         LINE#         346
  C:4E4EH         LINE#         347
  C:4E4EH         LINE#         352
  C:4E4EH         LINE#         353
  C:4E51H         LINE#         354
  C:4E51H         LINE#         355
  C:4E51H         LINE#         357
  -------         ENDPROC       _DISPATCHMESSAGE
  -------         PROC          MAINTASK
  -------         DO            
  D:0039H         SYMBOL        Msg
  -------         ENDDO         
  C:4888H         LINE#         373
  C:4888H         LINE#         374
  C:4888H         LINE#         378
  C:488BH         LINE#         381
  C:4892H         LINE#         384
  C:489EH         LINE#         386
  C:48AAH         LINE#         387
  C:48B6H         LINE#         388
  C:48C2H         LINE#         391
  C:48C2H         LINE#         392
  C:48C2H         LINE#         393
  C:48CBH         LINE#         394
  C:48D0H         LINE#         395
  C:48D6H         LINE#         396
  -------         ENDPROC       MAINTASK
  -------         PROC          MAIN
  C:50E9H         LINE#         414
  C:50E9H         LINE#         415
  C:50E9H         LINE#         416
  C:50ECH         LINE#         417
  C:50F3H         LINE#         420
  C:50F6H         LINE#         424
  C:5101H         LINE#         427
  C:5101H         LINE#         428
  C:5101H         LINE#         429
  C:5102H         LINE#         430
  -------         ENDPROC       MAIN
  -------         PROC          LEDSTATEFLASH
  C:5297H         LINE#         435
  C:5297H         LINE#         436
  C:5297H         LINE#         437
  C:529AH         LINE#         438
  C:529AH         LINE#         439
  C:529CH         LINE#         440
  C:529EH         LINE#         441
  C:529FH         LINE#         443
BL51 BANKED LINKER/LOCATER V6.05                                                      05/24/2012  09:37:58  PAGE 21


  C:529FH         LINE#         444
  C:52A1H         LINE#         445
  C:52A3H         LINE#         446
  C:52A3H         LINE#         447
  -------         ENDPROC       LEDSTATEFLASH
  -------         PROC          LEDINIT
  C:52E7H         LINE#         449
  C:52E7H         LINE#         450
  C:52E7H         LINE#         452
  C:52E9H         LINE#         453
  C:52EBH         LINE#         455
  C:52EDH         LINE#         456
  -------         ENDPROC       LEDINIT
  -------         ENDMOD        MAIN

  -------         MODULE        PCF8563
  C:0000H         SYMBOL        _ICE_DUMMY_
  D:0080H         PUBLIC        P0
  D:0090H         PUBLIC        P1
  D:00A0H         PUBLIC        P2
  D:00B0H         PUBLIC        P3
  D:00C0H         PUBLIC        P4
  D:00C8H         PUBLIC        P5
  C:4D5DH         PUBLIC        P8563_Read
  C:511FH         PUBLIC        P8563_settime
  D:00A8H         PUBLIC        IE
  D:00B8H         PUBLIC        IP
  D:00D8H         PUBLIC        CCON
  D:0098H         PUBLIC        SCON
  D:0088H         PUBLIC        TCON
  C:5104H         PUBLIC        P8563_init
  D:00E0H         PUBLIC        ACC
  X:0355H         PUBLIC        byMinute
  C:3BCBH         PUBLIC        P8563Manager
  X:0356H         PUBLIC        stTime
  D:00D0H         PUBLIC        PSW
  C:0026H         PUBLIC        P8563_gettime
  -------         PROC          P8563_READ
  C:4D5DH         LINE#         38
  C:4D5DH         LINE#         39
  C:4D5DH         LINE#         40
  C:4D6AH         LINE#         41
  C:4D77H         LINE#         43
  C:4D7EH         LINE#         44
  C:4D83H         LINE#         45
  C:4D88H         LINE#         46
  C:4D8DH         LINE#         47
  C:4D92H         LINE#         50
  -------         ENDPROC       P8563_READ
  -------         PROC          P8563_GETTIME
  C:0026H         LINE#         54
  C:0026H         LINE#         55
  C:0026H         LINE#         56
  -------         ENDPROC       P8563_GETTIME
  -------         PROC          P8563_SETTIME
  C:511FH         LINE#         63
  C:511FH         LINE#         64
BL51 BANKED LINKER/LOCATER V6.05                                                      05/24/2012  09:37:58  PAGE 22


  C:511FH         LINE#         65
  C:512CH         LINE#         66
  -------         ENDPROC       P8563_SETTIME
  -------         PROC          P8563_INIT
  C:5104H         LINE#         71
  C:5104H         LINE#         72
  C:5104H         LINE#         73
  C:510AH         LINE#         74
  C:5111H         LINE#         75
  C:5118H         LINE#         76
  -------         ENDPROC       P8563_INIT
  -------         PROC          P8563MANAGER
  C:3BCBH         LINE#         80
  C:3BCBH         LINE#         81
  C:3BCBH         LINE#         83
  C:3BD2H         LINE#         84
  C:3BD9H         LINE#         85
  C:3BE0H         LINE#         86
  C:3BE7H         LINE#         87
  C:3BEAH         LINE#         88
  C:3BF3H         LINE#         89
  C:3BF9H         LINE#         90
  C:3BFCH         LINE#         91
  C:3C04H         LINE#         92
  C:3C08H         LINE#         93
  C:3C10H         LINE#         94
  C:3C18H         LINE#         95
  C:3C20H         LINE#         96
  C:3C29H         LINE#         97
  C:3C29H         LINE#         98
  C:3C29H         LINE#         99
  C:3C30H         LINE#         100
  C:3C33H         LINE#         101
  C:3C3FH         LINE#         102
  C:3C3FH         LINE#         103
  C:3C44H         LINE#         104
  C:3C49H         LINE#         106
  C:3C50H         LINE#         107
  C:3C55H         LINE#         109
  C:3C5CH         LINE#         110
  C:3C61H         LINE#         112
  C:3C68H         LINE#         113
  C:3C6DH         LINE#         120
  C:3C74H         LINE#         121
  C:3C79H         LINE#         124
  C:3C83H         LINE#         126
  C:3C8CH         LINE#         127
  C:3C92H         LINE#         128
  C:3C95H         LINE#         129
  C:3C9DH         LINE#         130
  C:3CA1H         LINE#         131
  C:3CA9H         LINE#         132
  C:3CB1H         LINE#         133
  C:3CB4H         LINE#         134
  C:3CBDH         LINE#         135
  C:3CBDH         LINE#         137
  -------         ENDPROC       P8563MANAGER
BL51 BANKED LINKER/LOCATER V6.05                                                      05/24/2012  09:37:58  PAGE 23


  -------         ENDMOD        PCF8563

  -------         MODULE        SINGLEBUS
  C:0000H         SYMBOL        _ICE_DUMMY_
  C:5072H         PUBLIC        TimerOutManager
  D:0008H         PUBLIC        byBus0DisableCount
  X:02BEH         PUBLIC        byBus1DisableCount
  D:0080H         PUBLIC        P0
  D:00B2H         PUBLIC        P3M0
  D:0090H         PUBLIC        P1
  D:00B1H         PUBLIC        P3M1
  D:00A0H         PUBLIC        P2
  D:00B0H         PUBLIC        P3
  D:00C0H         PUBLIC        P4
  D:00C8H         PUBLIC        P5
  B:00A8H.7       PUBLIC        EA
  B:0020H.2       PUBLIC        bBus0Enable
  B:00C8H.3       PUBLIC        GB_FZ
  B:0021H.2       PUBLIC        bBus1Enable
  C:4AADH         PUBLIC        _SaveCallAddr
  D:00A8H         PUBLIC        IE
  B:00B0H.5       PUBLIC        Bus0SendPin
  B:00B0H.4       PUBLIC        Bus1SendPin
  D:0009H         PUBLIC        byBus0TxTail
  C:2ADCH         PUBLIC        _RemoveCallNod
  X:02BFH         PUBLIC        byBus1TxTail
  C:4974H         PUBLIC        _SaveIndicationData
  B:0020H.1       PUBLIC        bBus0OnRec
  D:00B8H         PUBLIC        IP
  B:0021H.1       PUBLIC        bBus1OnRec
  B:0020H.5       PUBLIC        bBus0OnSendFreq
  B:0021H.5       PUBLIC        bBus1OnSendFreq
  C:50B0H         PUBLIC        Bus1Manager
  B:00B0H.2       PUBLIC        Bus0RecPin
  D:000AH         PUBLIC        byBus0RecTimeOut
  B:00B0H.3       PUBLIC        Bus1RecPin
  X:02C0H         PUBLIC        byBus1RecTimeOut
  C:0019H         PUBLIC        StartVoicePlay
  D:00D8H         PUBLIC        CCON
  C:5277H         PUBLIC        Bus0RecInt
  C:50CDH         PUBLIC        Bus1RecInt
  C:4926H         PUBLIC        SingleBusInit
  B:0020H.4       PUBLIC        bBus0OnSendBit
  C:14F1H         PUBLIC        _AddCallNod
  B:0021H.4       PUBLIC        bBus1OnSendBit
  B:0022H.2       PUBLIC        bBus0SendFinish
  B:0023H.2       PUBLIC        bBus1SendFinish
  D:0098H         PUBLIC        SCON
  B:0022H.1       PUBLIC        bBus0RecBit9
  D:0089H         PUBLIC        TMOD
  D:0088H         PUBLIC        TCON
  B:0023H.1       PUBLIC        bBus1RecBit9
  C:2E19H         PUBLIC        TimerOutDeal
  C:000AH         PUBLIC        StopVoicePlay
  B:0088H.1       PUBLIC        IE0
  B:0088H.3       PUBLIC        IE1
  B:0022H.0       PUBLIC        bBus0RecFinish
BL51 BANKED LINKER/LOCATER V6.05                                                      05/24/2012  09:37:58  PAGE 24


  B:0023H.0       PUBLIC        bBus1RecFinish
  D:008EH         PUBLIC        AUXR
  D:000BH         PUBLIC        byBus0SendData
  X:02C1H         PUBLIC        byBus1SendData
  C:218AH         PUBLIC        Bus0SendFinishDeal
  D:00E0H         PUBLIC        ACC
  C:5053H         PUBLIC        Bus1SendFinishDeal
  C:4024H         PUBLIC        _AddrCompare
  B:00A8H.1       PUBLIC        ET0
  B:0088H.5       PUBLIC        TF0
  B:0020H.7       PUBLIC        bBus0Error
  D:008CH         PUBLIC        TH0
  B:0021H.7       PUBLIC        bBus1Error
  B:0088H.0       PUBLIC        IT0
  B:00A8H.0       PUBLIC        EX0
  B:0088H.2       PUBLIC        IT1
  B:00A8H.2       PUBLIC        EX1
  B:00C8H.0       PUBLIC        KBC
  D:008AH         PUBLIC        TL0
  D:0012H         PUBLIC        byBus0RecData
  B:00C8H.1       PUBLIC        KBD
  X:02C8H         PUBLIC        byBus1RecData
  D:0019H         PUBLIC        byBus0SendCount
  X:02CFH         PUBLIC        byBus1SendCount
  B:00A0H.5       PUBLIC        KGB
  B:00B8H.1       PUBLIC        PT0
  B:0088H.4       PUBLIC        TR0
  X:02D0H         PUBLIC        byBus0TxQ
  X:0317H         PUBLIC        byBus1TxQ
  B:0020H.6       PUBLIC        bBus0SendError
  B:0021H.6       PUBLIC        bBus1SendError
  C:0E3DH         PUBLIC        Timer0Int
  D:001AH         PUBLIC        byBus0RecCount
  X:033BH         PUBLIC        byBus1RecCount
  D:009BH         PUBLIC        S2BUF
  D:001BH         PUBLIC        byBus0SendBuf
  X:033CH         PUBLIC        byBus1SendBuf
  D:009AH         PUBLIC        S2CON
  C:4BFAH         PUBLIC        VoiceChannelCtx
  C:464CH         PUBLIC        _DirAddrCompare
  C:4E52H         PUBLIC        BusManager
  B:0022H.4       PUBLIC        bBus0SendBit
  B:0020H.0       PUBLIC        bBus0StartRec
  B:0023H.4       PUBLIC        bBus1SendBit
  B:0021H.0       PUBLIC        bBus1StartRec
  D:0020H         PUBLIC        byBus0State0
  C:4297H         PUBLIC        _Bus0OutputData
  D:0021H         PUBLIC        byBus1State0
  D:001CH         PUBLIC        byBus0RecSendCount
  D:0022H         PUBLIC        byBus0State1
  C:40D1H         PUBLIC        _Bus1OutputData
  X:033DH         PUBLIC        byBus1RecSendCount
  D:0023H         PUBLIC        byBus1State1
  C:004EH         PUBLIC        Bus0RecDeal
  C:4A0CH         PUBLIC        Bus1RecDeal
  C:3356H         PUBLIC        RestartIndication
  D:001DH         PUBLIC        byBus0RecBuf
BL51 BANKED LINKER/LOCATER V6.05                                                      05/24/2012  09:37:58  PAGE 25


  X:033EH         PUBLIC        byBus1RecBuf
  B:0020H.3       PUBLIC        bBus0ReqSend
  B:0021H.3       PUBLIC        bBus1ReqSend
  B:0022H.3       PUBLIC        bBus0Disable
  B:0023H.3       PUBLIC        bBus1Disable
  D:001EH         PUBLIC        byBus0TxHead
  D:00D0H         PUBLIC        PSW
  C:525BH         PUBLIC        _MakeCH0TimerOut
  X:033FH         PUBLIC        byBus1TxHead
  D:001FH         PUBLIC        byBus0SendStopCount
  B:0022H.5       PUBLIC        bBus0RecBit
  C:51E9H         PUBLIC        _MakeCH1TimerOut
  X:0340H         PUBLIC        byBus1SendStopCount
  B:0023H.5       PUBLIC        bBus1RecBit
  -------         PROC          SINGLEBUSINIT
  C:4926H         LINE#         115
  C:4926H         LINE#         116
  C:4926H         LINE#         119
  C:4929H         LINE#         120
  C:492CH         LINE#         124
  C:492FH         LINE#         125
  C:4932H         LINE#         130
  C:4934H         LINE#         131
  C:4936H         LINE#         132
  C:4938H         LINE#         133
  C:493AH         LINE#         135
  C:493DH         LINE#         136
  C:4940H         LINE#         138
  C:4943H         LINE#         139
  C:4946H         LINE#         140
  C:4948H         LINE#         141
  C:494BH         LINE#         142
  C:494DH         LINE#         143
  C:494FH         LINE#         145
  C:4952H         LINE#         146
  C:4958H         LINE#         148
  C:495AH         LINE#         149
  C:495CH         LINE#         150
  C:495EH         LINE#         151
  C:4960H         LINE#         152
  C:4962H         LINE#         154
  C:4965H         LINE#         155
  C:4965H         LINE#         156
  C:4967H         LINE#         157
  C:4969H         LINE#         159
  C:4969H         LINE#         160
  C:496BH         LINE#         161
  C:496BH         LINE#         162
  C:496EH         LINE#         163
  C:496EH         LINE#         164
  C:4970H         LINE#         165
  C:4971H         LINE#         167
  C:4971H         LINE#         168
  C:4973H         LINE#         169
  C:4973H         LINE#         171
  -------         ENDPROC       SINGLEBUSINIT
  -------         PROC          BUS0RECINT
BL51 BANKED LINKER/LOCATER V6.05                                                      05/24/2012  09:37:58  PAGE 26


  C:5277H         LINE#         189
  C:5279H         LINE#         191
  C:527DH         LINE#         192
  C:527FH         LINE#         193
  C:5281H         LINE#         194
  C:5284H         LINE#         195
  -------         ENDPROC       BUS0RECINT
  -------         PROC          BUS1RECINT
  C:50CDH         LINE#         212
  C:50D5H         LINE#         214
  C:50D7H         LINE#         215
  C:50D9H         LINE#         216
  C:50DBH         LINE#         217
  C:50E0H         LINE#         218
  -------         ENDPROC       BUS1RECINT
  -------         PROC          TIMER0INT
  C:0E3DH         LINE#         237
  C:0E5AH         LINE#         240
  C:0E5CH         LINE#         241
  C:0E5FH         LINE#         242
  C:0E62H         LINE#         243
  C:0E64H         LINE#         245
  C:0E68H         LINE#         246
  C:0E6CH         LINE#         248
  C:0E6FH         LINE#         249
  C:0E6FH         LINE#         250
  C:0E75H         LINE#         251
  C:0E7EH         LINE#         252
  C:0E7EH         LINE#         253
  C:0E80H         LINE#         254
  C:0E82H         LINE#         255
  C:0E85H         LINE#         256
  C:0E85H         LINE#         257
  C:0E8BH         LINE#         258
  C:0E8BH         LINE#         259
  C:0E8EH         LINE#         260
  C:0E90H         LINE#         261
  C:0E92H         LINE#         262
  C:0E92H         LINE#         263
  C:0E95H         LINE#         264
  C:0E98H         LINE#         265
  C:0E98H         LINE#         266
  C:0E9AH         LINE#         268
  C:0E9AH         LINE#         269
  C:0E9CH         LINE#         270
  C:0E9CH         LINE#         271
  C:0E9CH         LINE#         272
  C:0E9FH         LINE#         273
  C:0EA5H         LINE#         274
  C:0EA5H         LINE#         275
  C:0EABH         LINE#         276
  C:0EB4H         LINE#         277
  C:0EB4H         LINE#         278
  C:0EB7H         LINE#         279
  C:0EB9H         LINE#         280
  C:0EC2H         LINE#         281
  C:0EC2H         LINE#         282
BL51 BANKED LINKER/LOCATER V6.05                                                      05/24/2012  09:37:58  PAGE 27


  C:0EC4H         LINE#         283
  C:0EC7H         LINE#         284
  C:0EC7H         LINE#         285
  C:0ED3H         LINE#         286
  C:0ED3H         LINE#         287
  C:0ED6H         LINE#         288
  C:0ED9H         LINE#         289
  C:0EDBH         LINE#         291
  C:0EDBH         LINE#         292
  C:0EDEH         LINE#         293
  C:0EE8H         LINE#         294
  C:0EEEH         LINE#         295
  C:0EF5H         LINE#         296
  C:0EF5H         LINE#         297
  C:0EF8H         LINE#         298
  C:0EFEH         LINE#         299
  C:0EFEH         LINE#         300
  C:0F00H         LINE#         301
  C:0F00H         LINE#         302
  C:0F03H         LINE#         303
  C:0F06H         LINE#         304
  C:0F08H         LINE#         305
  C:0F08H         LINE#         306
  C:0F08H         LINE#         307
  C:0F0BH         LINE#         308
  C:0F0FH         LINE#         309
  C:0F11H         LINE#         311
  C:0F11H         LINE#         312
  C:0F13H         LINE#         313
  C:0F19H         LINE#         314
  C:0F19H         LINE#         315
  C:0F1CH         LINE#         316
  C:0F1EH         LINE#         317
  C:0F20H         LINE#         318
  C:0F20H         LINE#         319
  C:0F23H         LINE#         320
  C:0F23H         LINE#         321
  C:0F25H         LINE#         322
  C:0F28H         LINE#         323
  C:0F28H         LINE#         324
  C:0F2CH         LINE#         325
  C:0F2EH         LINE#         327
  C:0F2EH         LINE#         328
  C:0F34H         LINE#         329
  C:0F37H         LINE#         330
  C:0F37H         LINE#         331
  C:0F3AH         LINE#         332
  C:0F3AH         LINE#         333
  C:0F3AH         LINE#         334
  C:0F3AH         LINE#         335
  C:0F3AH         LINE#         337
  C:0F3DH         LINE#         338
  C:0F3DH         LINE#         339
  C:0F44H         LINE#         340
  C:0F4EH         LINE#         341
  C:0F4EH         LINE#         342
  C:0F50H         LINE#         343
BL51 BANKED LINKER/LOCATER V6.05                                                      05/24/2012  09:37:58  PAGE 28


  C:0F51H         LINE#         344
  C:0F54H         LINE#         345
  C:0F54H         LINE#         346
  C:0F5AH         LINE#         347
  C:0F5AH         LINE#         348
  C:0F5DH         LINE#         349
  C:0F5FH         LINE#         350
  C:0F61H         LINE#         351
  C:0F61H         LINE#         352
  C:0F67H         LINE#         353
  C:0F6BH         LINE#         354
  C:0F6BH         LINE#         355
  C:0F6EH         LINE#         357
  C:0F6EH         LINE#         358
  C:0F70H         LINE#         359
  C:0F70H         LINE#         360
  C:0F70H         LINE#         361
  C:0F73H         LINE#         362
  C:0F79H         LINE#         363
  C:0F79H         LINE#         364
  C:0F80H         LINE#         365
  C:0F8BH         LINE#         366
  C:0F8BH         LINE#         367
  C:0F8FH         LINE#         368
  C:0F92H         LINE#         369
  C:0F9DH         LINE#         370
  C:0F9DH         LINE#         371
  C:0F9FH         LINE#         372
  C:0FA2H         LINE#         373
  C:0FA2H         LINE#         374
  C:0FB1H         LINE#         375
  C:0FB1H         LINE#         376
  C:0FB6H         LINE#         377
  C:0FBDH         LINE#         378
  C:0FBFH         LINE#         380
  C:0FBFH         LINE#         381
  C:0FC5H         LINE#         382
  C:0FDDH         LINE#         383
  C:0FE4H         LINE#         384
  C:0FEDH         LINE#         385
  C:0FEDH         LINE#         386
  C:0FF1H         LINE#         387
  C:0FF7H         LINE#         388
  C:0FF7H         LINE#         389
  C:0FF9H         LINE#         390
  C:0FF9H         LINE#         391
  C:0FFEH         LINE#         392
  C:1004H         LINE#         393
  C:1006H         LINE#         394
  C:1006H         LINE#         395
  C:1006H         LINE#         396
  C:100CH         LINE#         397
  C:1010H         LINE#         398
  C:1012H         LINE#         400
  C:1012H         LINE#         401
  C:1014H         LINE#         402
  C:101AH         LINE#         403
BL51 BANKED LINKER/LOCATER V6.05                                                      05/24/2012  09:37:58  PAGE 29


  C:101AH         LINE#         404
  C:101DH         LINE#         405
  C:101FH         LINE#         406
  C:1021H         LINE#         407
  C:1021H         LINE#         408
  C:1026H         LINE#         409
  C:1026H         LINE#         410
  C:1028H         LINE#         411
  C:102BH         LINE#         412
  C:102BH         LINE#         413
  C:102FH         LINE#         414
  C:1031H         LINE#         416
  C:1031H         LINE#         417
  C:1039H         LINE#         418
  C:103CH         LINE#         419
  C:103CH         LINE#         420
  C:1040H         LINE#         421
  C:1040H         LINE#         422
  C:1040H         LINE#         423
  C:1040H         LINE#         424
  C:1040H         LINE#         427
  C:1048H         LINE#         428
  C:1048H         LINE#         429
  C:104BH         LINE#         430
  C:104BH         LINE#         431
  C:104DH         LINE#         432
  C:104FH         LINE#         433
  C:1051H         LINE#         434
  C:1054H         LINE#         435
  C:105EH         LINE#         436
  C:1060H         LINE#         437
  C:1063H         LINE#         439
  C:1063H         LINE#         440
  C:1066H         LINE#         441
  C:1068H         LINE#         442
  C:106BH         LINE#         443
  C:106BH         LINE#         444
  C:106BH         LINE#         445
  C:106BH         LINE#         446
  C:106EH         LINE#         447
  C:1074H         LINE#         448
  C:1074H         LINE#         449
  C:107CH         LINE#         450
  C:107CH         LINE#         451
  C:1082H         LINE#         452
  C:1088H         LINE#         453
  C:1088H         LINE#         454
  C:108BH         LINE#         455
  C:108DH         LINE#         456
  C:1095H         LINE#         457
  C:1095H         LINE#         459
  C:109EH         LINE#         460
  C:10A2H         LINE#         461
  C:10A4H         LINE#         462
  C:10A7H         LINE#         463
  C:10A7H         LINE#         464
  C:10A9H         LINE#         465
BL51 BANKED LINKER/LOCATER V6.05                                                      05/24/2012  09:37:58  PAGE 30


  C:10ABH         LINE#         466
  C:10ADH         LINE#         467
  C:10B5H         LINE#         468
  C:10B5H         LINE#         469
  C:10B7H         LINE#         470
  C:10B9H         LINE#         471
  C:10C2H         LINE#         472
  C:10C2H         LINE#         473
  C:10C5H         LINE#         474
  C:10C8H         LINE#         475
  C:10CBH         LINE#         476
  C:10CEH         LINE#         477
  C:10D1H         LINE#         478
  C:10D3H         LINE#         480
  C:10D3H         LINE#         481
  C:10D6H         LINE#         482
  C:10D8H         LINE#         483
  C:10D8H         LINE#         484
  C:10DCH         LINE#         485
  C:10DEH         LINE#         487
  C:10DEH         LINE#         488
  C:10E3H         LINE#         489
  C:10E3H         LINE#         490
  C:10E5H         LINE#         491
  C:10E7H         LINE#         492
  C:10E9H         LINE#         494
  C:10E9H         LINE#         495
  C:10EBH         LINE#         496
  C:10EDH         LINE#         497
  C:10EDH         LINE#         498
  C:10F3H         LINE#         499
  C:10F3H         LINE#         500
  C:10F3H         LINE#         501
  C:10F5H         LINE#         503
  C:10F5H         LINE#         504
  C:10F8H         LINE#         505
  C:10FBH         LINE#         506
  C:10FDH         LINE#         507
  C:10FFH         LINE#         508
  C:1102H         LINE#         509
  C:1102H         LINE#         510
  C:1102H         LINE#         512
  C:110AH         LINE#         513
  C:110AH         LINE#         514
  C:110DH         LINE#         515
  C:110DH         LINE#         516
  C:110FH         LINE#         517
  C:1111H         LINE#         518
  C:1115H         LINE#         519
  C:1118H         LINE#         520
  C:112CH         LINE#         521
  C:112EH         LINE#         522
  C:1131H         LINE#         524
  C:1131H         LINE#         525
  C:1134H         LINE#         526
  C:1136H         LINE#         527
  C:113DH         LINE#         528
BL51 BANKED LINKER/LOCATER V6.05                                                      05/24/2012  09:37:58  PAGE 31


  C:113DH         LINE#         529
  C:113DH         LINE#         530
  C:113DH         LINE#         531
  C:1140H         LINE#         532
  C:1146H         LINE#         533
  C:1146H         LINE#         534
  C:1151H         LINE#         535
  C:1151H         LINE#         536
  C:1158H         LINE#         537
  C:1163H         LINE#         538
  C:1163H         LINE#         539
  C:1167H         LINE#         540
  C:116AH         LINE#         541
  C:1171H         LINE#         542
  C:1171H         LINE#         543
  C:117CH         LINE#         544
  C:1180H         LINE#         545
  C:1182H         LINE#         546
  C:1185H         LINE#         547
  C:1185H         LINE#         548
  C:1187H         LINE#         549
  C:1189H         LINE#         550
  C:118BH         LINE#         551
  C:1195H         LINE#         552
  C:1195H         LINE#         553
  C:1197H         LINE#         554
  C:119DH         LINE#         555
  C:11A6H         LINE#         556
  C:11A6H         LINE#         557
  C:11AAH         LINE#         558
  C:11ADH         LINE#         559
  C:11B3H         LINE#         560
  C:11B6H         LINE#         561
  C:11BCH         LINE#         562
  C:11BEH         LINE#         564
  C:11BEH         LINE#         565
  C:11C4H         LINE#         566
  C:11C6H         LINE#         567
  C:11C6H         LINE#         568
  C:11CAH         LINE#         569
  C:11CCH         LINE#         571
  C:11CCH         LINE#         572
  C:11D4H         LINE#         573
  C:11D4H         LINE#         574
  C:11D6H         LINE#         575
  C:11D8H         LINE#         576
  C:11DAH         LINE#         578
  C:11DAH         LINE#         579
  C:11DCH         LINE#         580
  C:11DEH         LINE#         581
  C:11DEH         LINE#         582
  C:11E5H         LINE#         583
  C:11E5H         LINE#         584
  C:11E5H         LINE#         585
  C:11E7H         LINE#         587
  C:11E7H         LINE#         588
  C:11EAH         LINE#         589
BL51 BANKED LINKER/LOCATER V6.05                                                      05/24/2012  09:37:58  PAGE 32


  C:11F1H         LINE#         590
  C:11F3H         LINE#         591
  C:11F5H         LINE#         592
  C:11FBH         LINE#         593
  C:11FBH         LINE#         594
  C:11FBH         LINE#         597
  C:1201H         LINE#         598
  C:1201H         LINE#         599
  C:1205H         LINE#         600
  C:1205H         LINE#         601
  C:1208H         LINE#         602
  C:1208H         LINE#         603
  C:120AH         LINE#         604
  C:120AH         LINE#         605
  C:120AH         LINE#         606
  C:120DH         LINE#         607
  C:120DH         LINE#         608
  C:120FH         LINE#         609
  C:1212H         LINE#         610
  C:1212H         LINE#         611
  C:1214H         LINE#         612
  C:1218H         LINE#         613
  C:121BH         LINE#         614
  C:121BH         LINE#         615
  C:121BH         LINE#         616
  C:121BH         LINE#         618
  C:1221H         LINE#         619
  C:1221H         LINE#         620
  C:1227H         LINE#         621
  C:1227H         LINE#         622
  C:122BH         LINE#         623
  C:122BH         LINE#         624
  C:122DH         LINE#         625
  C:122DH         LINE#         626
  C:122DH         LINE#         627
  C:1230H         LINE#         628
  C:1230H         LINE#         629
  C:1232H         LINE#         630
  C:1235H         LINE#         631
  C:1235H         LINE#         632
  C:1237H         LINE#         633
  C:123BH         LINE#         634
  C:1241H         LINE#         635
  C:1241H         LINE#         636
  C:1241H         LINE#         637
  C:1241H         LINE#         640
  C:1245H         LINE#         641
  C:1245H         LINE#         642
  C:1248H         LINE#         643
  C:1248H         LINE#         644
  C:124BH         LINE#         645
  C:124BH         LINE#         646
  C:124BH         LINE#         647
  C:124FH         LINE#         648
  C:124FH         LINE#         649
  C:1252H         LINE#         650
  C:1252H         LINE#         651
BL51 BANKED LINKER/LOCATER V6.05                                                      05/24/2012  09:37:58  PAGE 33


  C:1254H         LINE#         652
  C:1254H         LINE#         653
  C:1254H         LINE#         656
  C:125AH         LINE#         657
  C:125AH         LINE#         658
  C:125EH         LINE#         659
  C:125EH         LINE#         660
  C:1265H         LINE#         661
  C:1265H         LINE#         662
  C:1265H         LINE#         663
  C:126BH         LINE#         664
  C:126BH         LINE#         665
  C:126FH         LINE#         666
  C:126FH         LINE#         667
  C:1271H         LINE#         668
  C:1271H         LINE#         669
  C:1271H         LINE#         672
  C:127AH         LINE#         673
  C:127AH         LINE#         674
  C:127DH         LINE#         675
  C:127DH         LINE#         676
  C:127FH         LINE#         677
  C:127FH         LINE#         678
  C:1282H         LINE#         680
  C:1282H         LINE#         681
  C:128BH         LINE#         682
  C:128BH         LINE#         683
  C:12AFH         LINE#         684
  C:12AFH         LINE#         685
  C:12BDH         LINE#         686
  C:12CDH         LINE#         687
  C:12DBH         LINE#         688
  C:12ECH         LINE#         689
  C:12FAH         LINE#         690
  C:130BH         LINE#         691
  C:1319H         LINE#         692
  C:132AH         LINE#         693
  C:1338H         LINE#         694
  C:1349H         LINE#         695
  C:1357H         LINE#         696
  C:1368H         LINE#         697
  C:1376H         LINE#         698
  C:1387H         LINE#         699
  C:138AH         LINE#         701
  C:138CH         LINE#         703
  C:138CH         LINE#         704
  C:1392H         LINE#         705
  C:1392H         LINE#         706
  C:1392H         LINE#         707
  C:1392H         LINE#         708
  C:1392H         LINE#         710
  C:139BH         LINE#         711
  C:139BH         LINE#         712
  C:139EH         LINE#         713
  C:139EH         LINE#         714
  C:13A0H         LINE#         715
  C:13A0H         LINE#         716
BL51 BANKED LINKER/LOCATER V6.05                                                      05/24/2012  09:37:58  PAGE 34


  C:13A3H         LINE#         718
  C:13A3H         LINE#         719
  C:13ACH         LINE#         720
  C:13ACH         LINE#         721
  C:13D4H         LINE#         722
  C:13D4H         LINE#         723
  C:13E3H         LINE#         724
  C:13F6H         LINE#         725
  C:1406H         LINE#         726
  C:1419H         LINE#         727
  C:1429H         LINE#         728
  C:143CH         LINE#         729
  C:144CH         LINE#         730
  C:145FH         LINE#         731
  C:146FH         LINE#         732
  C:1482H         LINE#         733
  C:1492H         LINE#         734
  C:14A5H         LINE#         735
  C:14B5H         LINE#         736
  C:14C8H         LINE#         737
  C:14CBH         LINE#         738
  C:14CDH         LINE#         740
  C:14CDH         LINE#         741
  C:14D6H         LINE#         742
  C:14D6H         LINE#         743
  C:14D6H         LINE#         744
  C:14D6H         LINE#         745
  C:14D6H         LINE#         746
  -------         ENDPROC       TIMER0INT
  C:4AA7H         SYMBOL        L?0573
  -------         PROC          L?0572
  -------         ENDPROC       L?0572
  C:4AA7H         SYMBOL        L?0573
  -------         PROC          _SAVECALLADDR
  D:0001H         SYMBOL        pstBusFreq
  C:4AADH         LINE#         764
  C:4AADH         LINE#         765
  C:4AADH         LINE#         766
  C:4AB4H         LINE#         767
  C:4ABEH         LINE#         768
  C:4AC8H         LINE#         770
  C:4AD2H         LINE#         771
  C:4ADCH         LINE#         772
  C:4AE6H         LINE#         773
  -------         ENDPROC       _SAVECALLADDR
  C:4010H         SYMBOL        L?0571
  -------         PROC          L?0570
  -------         ENDPROC       L?0570
  C:4010H         SYMBOL        L?0571
  -------         PROC          _ADDRCOMPARE
  X:0344H         SYMBOL        pAddrA
  X:0347H         SYMBOL        pAddrB
  C:4024H         LINE#         790
  C:402FH         LINE#         791
  C:402FH         LINE#         793
  C:4057H         LINE#         794
  C:4057H         LINE#         795
BL51 BANKED LINKER/LOCATER V6.05                                                      05/24/2012  09:37:58  PAGE 35


  C:4059H         LINE#         796
  C:4059H         LINE#         798
  C:4087H         LINE#         799
  C:4087H         LINE#         800
  C:4089H         LINE#         801
  C:4089H         LINE#         803
  C:40B7H         LINE#         804
  C:40B7H         LINE#         805
  C:40B9H         LINE#         806
  C:40B9H         LINE#         808
  C:40BAH         LINE#         810
  -------         ENDPROC       _ADDRCOMPARE
  -------         PROC          _DIRADDRCOMPARE
  X:035CH         SYMBOL        pAddrA
  X:035FH         SYMBOL        pAddrB
  C:464CH         LINE#         827
  C:4657H         LINE#         828
  C:4657H         LINE#         829
  C:4675H         LINE#         830
  C:4675H         LINE#         831
  C:4677H         LINE#         832
  C:4677H         LINE#         833
  C:469DH         LINE#         834
  C:469DH         LINE#         835
  C:469FH         LINE#         836
  C:469FH         LINE#         837
  C:46C5H         LINE#         838
  C:46C5H         LINE#         839
  C:46C7H         LINE#         840
  C:46C7H         LINE#         841
  C:46C8H         LINE#         842
[...]
  D:00E0H         PUBLIC        ACC
  D:0038H         PUBLIC        OSFastSwap
  D:00C1H         PUBLIC        WDT_CONTR
  X:036AH         PUBLIC        timer_i
  D:00D0H         PUBLIC        PSW
  B:00D8H.0       PUBLIC        CCF0
  -------         PROC          OSCPUINIT
  -------         DO            
BL51 BANKED LINKER/LOCATER V6.05                                                      05/24/2012  09:37:58  PAGE 88


  D:0007H         SYMBOL        i
  -------         ENDDO         
  C:5287H         LINE#         81
  C:5287H         LINE#         85
  C:5289H         LINE#         86
  C:5289H         LINE#         87
  C:528FH         LINE#         88
  C:5293H         LINE#         89
  C:5296H         LINE#         91
  -------         ENDPROC       OSCPUINIT
  -------         PROC          _STKDELA
  D:0007H         SYMBOL        TaskID
  -------         DO            
  D:0006H         SYMBOL        cp
  D:0005H         SYMBOL        cp1
  D:0004H         SYMBOL        temp
  D:0007H         SYMBOL        i
  -------         ENDDO         
  C:4B71H         LINE#         203
  C:4B71H         LINE#         204
  C:4B71H         LINE#         209
  C:4B77H         LINE#         210
  C:4B7DH         LINE#         211
  C:4B82H         LINE#         212
  C:4B8BH         LINE#         213
  C:4B8BH         LINE#         214
  C:4B96H         LINE#         215
  C:4B99H         LINE#         216
  C:4B9FH         LINE#         218
  C:4B9FH         LINE#         219
  C:4BABH         LINE#         220
  C:4BADH         LINE#         221
  C:4BB3H         LINE#         222
  -------         ENDPROC       _STKDELA
  -------         PROC          _STKDELB
  D:0007H         SYMBOL        TaskID
  -------         DO            
  D:0005H         SYMBOL        cp
  D:0004H         SYMBOL        cp1
  D:0005H         SYMBOL        temp
  D:0006H         SYMBOL        i
  -------         ENDDO         
  C:4BB4H         LINE#         225
  C:4BB4H         LINE#         226
  C:4BB4H         LINE#         231
  C:4BBBH         LINE#         232
  C:4BC1H         LINE#         233
  C:4BCCH         LINE#         234
  C:4BCEH         LINE#         235
  C:4BCEH         LINE#         237
  C:4BCEH         LINE#         238
  C:4BDAH         LINE#         239
  C:4BDCH         LINE#         240
  C:4BDCH         LINE#         241
  C:4BE2H         LINE#         242
  C:4BEBH         LINE#         243
  C:4BEBH         LINE#         244
BL51 BANKED LINKER/LOCATER V6.05                                                      05/24/2012  09:37:58  PAGE 89


  C:4BF2H         LINE#         245
  C:4BF5H         LINE#         246
  -------         ENDPROC       _STKDELB
  -------         PROC          _STKDELC
  D:0007H         SYMBOL        TaskID
  -------         DO            
  D:0005H         SYMBOL        cp
  -------         ENDDO         
  C:519BH         LINE#         248
  C:519BH         LINE#         249
  C:519BH         LINE#         254
  C:51A1H         LINE#         255
  C:51A7H         LINE#         256
  C:51ACH         LINE#         257
  C:51B0H         LINE#         258
  -------         ENDPROC       _STKDELC
  -------         PROC          _OSTASKSTKDEL
  D:0007H         SYMBOL        TaskID
  -------         DO            
  D:0006H         SYMBOL        temp
  -------         ENDDO         
  C:4EF7H         LINE#         261
  C:4EF7H         LINE#         265
  C:4EF9H         LINE#         266
  C:4EFDH         LINE#         267
  C:4EFDH         LINE#         268
  C:4EFEH         LINE#         269
  C:4F00H         LINE#         270
  C:4F06H         LINE#         271
  C:4F06H         LINE#         272
  C:4F08H         LINE#         273
  C:4F08H         LINE#         274
  C:4F13H         LINE#         275
  C:4F13H         LINE#         276
  C:4F13H         LINE#         277
  C:4F16H         LINE#         278
  C:4F16H         LINE#         279
  C:4F16H         LINE#         280
  C:4F19H         LINE#         281
  C:4F19H         LINE#         282
  C:4F19H         LINE#         283
  C:4F1CH         LINE#         284
  C:4F1CH         LINE#         285
  C:4F1CH         LINE#         286
  C:4F1CH         LINE#         287
  C:4F1CH         LINE#         288
  -------         ENDPROC       _OSTASKSTKDEL
  -------         PROC          OSTICKISR
  C:4A57H         LINE#         347
  C:4A76H         LINE#         356
  C:4A79H         LINE#         366
  C:4A7DH         LINE#         369
  C:4A80H         LINE#         374
  C:4A83H         LINE#         375
  -------         ENDPROC       OSTICKISR
  -------         PROC          USERTICKTIMER
  C:4D25H         LINE#         382
BL51 BANKED LINKER/LOCATER V6.05                                                      05/24/2012  09:37:58  PAGE 90


  C:4D25H         LINE#         383
  C:4D25H         LINE#         388
  C:4D33H         LINE#         389
  C:4D39H         LINE#         390
  C:4D3CH         LINE#         391
  C:4D3EH         LINE#         395
  C:4D41H         LINE#         398
  C:4D47H         LINE#         399
  C:4D47H         LINE#         400
  C:4D49H         LINE#         401
  C:4D49H         LINE#         405
  C:4D4FH         LINE#         406
  C:4D4FH         LINE#         407
  C:4D51H         LINE#         408
  C:4D54H         LINE#         409
  C:4D54H         LINE#         410
  C:4D58H         LINE#         411
  C:4D5CH         LINE#         412
  C:4D5CH         LINE#         413
  C:4D5CH         LINE#         415
  -------         ENDPROC       USERTICKTIMER
  -------         ENDMOD        OS_CPU_C

  -------         MODULE        OS_CPU_A_ASM
  C:52A4H         SEGMENT       ?PR?OSCTXSW?OS_CPU_A
  C:4DF5H         SEGMENT       ?PR?OSINTCTXSW?OS_CPU_A
  C:4D93H         SEGMENT       ?PR?LOADCTX?OS_CPU_A
  C:43A4H         SEGMENT       ?PR?C_OSCTXSW?OS_CPU_A
  C:46C9H         SEGMENT       ?PR?_OSTASKSTKINIT?OS_CPU_A
  I:004AH         SEGMENT       ?STACK
  C:43A4H         PUBLIC        C_OSCTXSW
  C:4D93H         PUBLIC        LOADCTX
  C:52A4H         PUBLIC        OSCTXSW
  C:4DF5H         PUBLIC        OSINTCTXSW
  I:004AH         PUBLIC        STACK
  C:46C9H         PUBLIC        _OSTASKSTKINIT
  C:43F1H         SYMBOL        ?C0001
  C:43C2H         SYMBOL        ?C0002
  C:43C8H         SYMBOL        ?C0003
  C:43E5H         SYMBOL        ?C0004
  C:43EBH         SYMBOL        ?C0005
  C:442AH         SYMBOL        ?C0007
  C:43FBH         SYMBOL        ?C0008
  C:4401H         SYMBOL        ?C0009
  C:442DH         SYMBOL        ?C000R
  C:441FH         SYMBOL        ?C0010
  C:4425H         SYMBOL        ?C0011
  D:00E0H         SYMBOL        ACC
  D:00F0H         SYMBOL        B
  D:0083H         SYMBOL        DPH
  D:0082H         SYMBOL        DPL
  B:00A8H.7       SYMBOL        EA
  C:4D9CH         SYMBOL        LOADCTX_0
  C:4DBEH         SYMBOL        LOADCTX_2
  C:4DC5H         SYMBOL        LOADCTX_3
  C:4E0AH         SYMBOL        OSINTCTXSW_0
  N:0000H         SYMBOL        OS_CPU_A_ASM
BL51 BANKED LINKER/LOCATER V6.05                                                      05/24/2012  09:37:58  PAGE 91


  D:00D0H         SYMBOL        PSW
  D:0081H         SYMBOL        SP
  C:4700H         SYMBOL        STKINIT11
  C:4734H         SYMBOL        STKINIT12
  C:4712H         SYMBOL        STKINIT15
  C:472EH         SYMBOL        STKINIT18
  C:4708H         SYMBOL        STKINIT5
  C:46E3H         SYMBOL        STKINIT8
  C:46C9H         LINE#         137
  C:46CBH         LINE#         138
  C:46CDH         LINE#         142
  C:46CEH         LINE#         143
  C:46D1H         LINE#         144
  C:46D2H         LINE#         145
  C:46D4H         LINE#         173
  C:46D5H         LINE#         174
  C:46D6H         LINE#         175
  C:46D8H         LINE#         176
  C:46DAH         LINE#         179
  C:46DBH         LINE#         180
  C:46DDH         LINE#         181
  C:46DEH         LINE#         182
  C:46DFH         LINE#         184
  C:46E1H         LINE#         185
  C:46E2H         LINE#         186
  C:46E3H         LINE#         191
  C:46E5H         LINE#         192
  C:46E6H         LINE#         193
  C:46E7H         LINE#         195
  C:46E8H         LINE#         197
  C:46EAH         LINE#         200
  C:46ECH         LINE#         203
  C:46EEH         LINE#         204
  C:46F0H         LINE#         205
  C:46F2H         LINE#         207
  C:46F4H         LINE#         208
  C:46F5H         LINE#         209
  C:46F6H         LINE#         210
  C:46F8H         LINE#         211
  C:46F9H         LINE#         212
  C:46FBH         LINE#         213
  C:46FCH         LINE#         214
  C:46FDH         LINE#         215
  C:46FEH         LINE#         217
  C:4700H         LINE#         222
  C:4701H         LINE#         223
  C:4702H         LINE#         224
  C:4703H         LINE#         225
  C:4704H         LINE#         227
  C:4706H         LINE#         229
  C:4708H         LINE#         234
  C:470AH         LINE#         235
  C:470CH         LINE#         236
  C:470DH         LINE#         238
  C:470EH         LINE#         239
  C:470FH         LINE#         240
  C:4711H         LINE#         241
BL51 BANKED LINKER/LOCATER V6.05                                                      05/24/2012  09:37:58  PAGE 92


  C:4712H         LINE#         246
  C:4714H         LINE#         247
  C:4715H         LINE#         248
  C:4716H         LINE#         250
  C:4717H         LINE#         252
  C:4719H         LINE#         255
  C:471BH         LINE#         256
  C:471DH         LINE#         257
  C:471EH         LINE#         258
  C:471FH         LINE#         259
  C:4720H         LINE#         261
  C:4721H         LINE#         262
  C:4723H         LINE#         263
  C:4724H         LINE#         265
  C:4726H         LINE#         266
  C:4727H         LINE#         267
  C:4728H         LINE#         268
  C:4729H         LINE#         269
  C:472AH         LINE#         270
  C:472BH         LINE#         271
  C:472CH         LINE#         273
  C:472EH         LINE#         278
  C:472FH         LINE#         279
  C:4730H         LINE#         280
  C:4731H         LINE#         281
  C:4732H         LINE#         283
  C:4734H         LINE#         287
  C:4736H         LINE#         288
  C:4737H         LINE#         289
  C:4738H         LINE#         290
  C:4739H         LINE#         291
  C:473AH         LINE#         293
  C:473CH         LINE#         294
  C:473DH         LINE#         295
  C:473EH         LINE#         297
  C:4740H         LINE#         298
  C:4741H         LINE#         299
  C:4742H         LINE#         309
  C:4743H         LINE#         310
  C:4744H         LINE#         312
  C:4D93H         LINE#         340
  C:4D95H         LINE#         348
  C:4D97H         LINE#         349
  C:4D9AH         LINE#         350
  C:4D9CH         LINE#         352
  C:4D9FH         LINE#         354
  C:4DA0H         LINE#         355
  C:4DA2H         LINE#         367
  C:4DA4H         LINE#         369
  C:4DA6H         LINE#         370
  C:4DA8H         LINE#         371
  C:4DAAH         LINE#         372
  C:4DACH         LINE#         373
  C:4DAEH         LINE#         374
  C:4DB0H         LINE#         375
  C:4DB2H         LINE#         376
  C:4DB4H         LINE#         377
BL51 BANKED LINKER/LOCATER V6.05                                                      05/24/2012  09:37:58  PAGE 93


  C:4DB6H         LINE#         378
  C:4DB8H         LINE#         379
  C:4DBAH         LINE#         380
  C:4DBCH         LINE#         381
  C:4DBEH         LINE#         384
  C:4DC0H         LINE#         385
  C:4DC3H         LINE#         386
  C:4DC5H         LINE#         388
  C:52A4H         LINE#         415
  C:52A6H         LINE#         417
  C:52A9H         LINE#         418
  C:52ABH         LINE#         420
  C:52ACH         LINE#         421
  C:52AEH         LINE#         434
  C:43A4H         LINE#         457
  C:43A6H         LINE#         460
  C:43A8H         LINE#         466
  C:43A9H         LINE#         468
  C:43ABH         LINE#         469
  C:43ADH         LINE#         470
  C:43AEH         LINE#         471
  C:43AFH         LINE#         472
  C:43B0H         LINE#         474
  C:43B2H         LINE#         475
  C:43B4H         LINE#         476
  C:43B5H         LINE#         477
  C:43B6H         LINE#         478
  C:43B7H         LINE#         480
  C:43B9H         LINE#         481
  C:43BAH         LINE#         482
  C:43BCH         LINE#         483
  C:43BEH         LINE#         489
  C:43BFH         LINE#         490
  C:43C0H         LINE#         491
  C:43C1H         LINE#         492
  C:43C2H         LINE#         494
  C:43C3H         LINE#         495
  C:43C4H         LINE#         496
  C:43C5H         LINE#         497
  C:43C6H         LINE#         498
  C:43C8H         LINE#         501
  C:43CAH         LINE#         502
  C:43CCH         LINE#         503
  C:43CDH         LINE#         504
  C:43CEH         LINE#         505
  C:43CFH         LINE#         507
  C:43D0H         LINE#         508
  C:43D1H         LINE#         510
  C:43D2H         LINE#         511
  C:43D4H         LINE#         516
  C:43D6H         LINE#         517
  C:43D7H         LINE#         518
  C:43D9H         LINE#         519
  C:43DAH         LINE#         520
  C:43DCH         LINE#         522
  C:43DEH         LINE#         523
  C:43E0H         LINE#         524
BL51 BANKED LINKER/LOCATER V6.05                                                      05/24/2012  09:37:58  PAGE 94


  C:43E1H         LINE#         525
  C:43E2H         LINE#         526
  C:43E3H         LINE#         527
  C:43E4H         LINE#         528
  C:43E5H         LINE#         530
  C:43E6H         LINE#         531
  C:43E7H         LINE#         532
  C:43E8H         LINE#         533
  C:43E9H         LINE#         534
  C:43EBH         LINE#         537
  C:43EEH         LINE#         539
  C:43F1H         LINE#         544
  C:43F3H         LINE#         545
  C:43F5H         LINE#         546
  C:43F7H         LINE#         558
  C:43F8H         LINE#         559
  C:43F9H         LINE#         560
  C:43FAH         LINE#         561
  C:43FBH         LINE#         563
  C:43FCH         LINE#         564
  C:43FDH         LINE#         565
  C:43FEH         LINE#         566
  C:43FFH         LINE#         567
  C:4401H         LINE#         570
  C:4403H         LINE#         571
  C:4405H         LINE#         572
  C:4406H         LINE#         573
  C:4407H         LINE#         574
  C:4408H         LINE#         576
  C:4409H         LINE#         577
  C:440AH         LINE#         579
  C:440CH         LINE#         580
  C:440EH         LINE#         581
  C:440FH         LINE#         582
  C:4410H         LINE#         583
  C:4412H         LINE#         589
  C:4414H         LINE#         590
  C:4415H         LINE#         591
  C:4417H         LINE#         592
  C:4419H         LINE#         594
  C:441AH         LINE#         595
  C:441CH         LINE#         596
  C:441EH         LINE#         597
  C:441FH         LINE#         599
  C:4420H         LINE#         600
  C:4421H         LINE#         601
  C:4422H         LINE#         602
  C:4423H         LINE#         603
  C:4425H         LINE#         607
  C:4428H         LINE#         609
  C:442AH         LINE#         613
  C:442DH         LINE#         618
  C:4DF5H         LINE#         642
  C:4DF7H         LINE#         643
  C:4DF9H         LINE#         644
  C:4DFBH         LINE#         647
  C:4DFDH         LINE#         648
BL51 BANKED LINKER/LOCATER V6.05                                                      05/24/2012  09:37:58  PAGE 95


  C:4DFFH         LINE#         649
  C:4E01H         LINE#         651
  C:4E03H         LINE#         652
  C:4E05H         LINE#         653
  C:4E07H         LINE#         654
  C:4E09H         LINE#         655
  C:4E0AH         LINE#         659
  C:4E0CH         LINE#         660
  C:4E0EH         LINE#         661
  C:4E10H         LINE#         663
  C:4E13H         LINE#         664
  C:4E15H         LINE#         666
  C:4E16H         LINE#         667
  C:4E17H         LINE#         668
  C:4E19H         LINE#         689
  C:4E1BH         LINE#         691
  C:4E1DH         LINE#         692
  C:4E1FH         LINE#         693
  C:4E21H         LINE#         694
  C:4E23H         LINE#         695
  -------         ENDMOD        OS_CPU_A_ASM

  -------         MODULE        ?C?COPY
  C:282DH         PUBLIC        ?C?COPY
  -------         ENDMOD        ?C?COPY

  -------         MODULE        ?C?CLDPTR
  C:2853H         PUBLIC        ?C?CLDPTR
  -------         ENDMOD        ?C?CLDPTR

  -------         MODULE        ?C?CLDOPTR
  C:286CH         PUBLIC        ?C?CLDOPTR
  -------         ENDMOD        ?C?CLDOPTR

  -------         MODULE        ?C?CSTPTR
  C:2899H         PUBLIC        ?C?CSTPTR
  -------         ENDMOD        ?C?CSTPTR

  -------         MODULE        ?C?CSTOPTR
  C:28ABH         PUBLIC        ?C?CSTOPTR
  -------         ENDMOD        ?C?CSTOPTR

  -------         MODULE        ?C?UIDIV
  C:28CDH         PUBLIC        ?C?UIDIV
  -------         ENDMOD        ?C?UIDIV

  -------         MODULE        ?C?IILDX
  C:2922H         PUBLIC        ?C?IILDX
  -------         ENDMOD        ?C?IILDX

  -------         MODULE        ?C?ILDIX
  C:2938H         PUBLIC        ?C?ILDIX
  -------         ENDMOD        ?C?ILDIX

  -------         MODULE        ?C?ILDOPTR
  C:294EH         PUBLIC        ?C?ILDOPTR
  -------         ENDMOD        ?C?ILDOPTR
BL51 BANKED LINKER/LOCATER V6.05                                                      05/24/2012  09:37:58  PAGE 96



  -------         MODULE        ?C?ISTOPTR
  C:2986H         PUBLIC        ?C?ISTOPTR
  -------         ENDMOD        ?C?ISTOPTR

  -------         MODULE        ?C?SLDIV
  C:4B2DH         PUBLIC        ?C?SLDIV
  -------         ENDMOD        ?C?SLDIV

  -------         MODULE        ?C?CCASE
  C:29B3H         PUBLIC        ?C?CCASE
  -------         ENDMOD        ?C?CCASE

  -------         MODULE        ?C?MEMSET
  C:29D9H         PUBLIC        ?C?MEMSET
  -------         ENDMOD        ?C?MEMSET

  -------         MODULE        ?C?ULDIV
  C:2A41H         PUBLIC        ?C?ULDIV
  -------         ENDMOD        ?C?ULDIV

*** WARNING L16: UNCALLED SEGMENT, IGNORED FOR OVERLAY PROCESS
    SEGMENT: ?PR?_READDATA?I2C

*** WARNING L16: UNCALLED SEGMENT, IGNORED FOR OVERLAY PROCESS
    SEGMENT: ?PR?P8563_GETTIME?PCF8563

*** WARNING L16: UNCALLED SEGMENT, IGNORED FOR OVERLAY PROCESS
    SEGMENT: ?PR?P8563_INIT?PCF8563

*** WARNING L16: UNCALLED SEGMENT, IGNORED FOR OVERLAY PROCESS
    SEGMENT: ?PR?_DIRADDRCOMPARE?SINGLEBUS

*** WARNING L16: UNCALLED SEGMENT, IGNORED FOR OVERLAY PROCESS
    SEGMENT: ?PR?STOPVOICEPLAY?SINGLEBUS

*** WARNING L16: UNCALLED SEGMENT, IGNORED FOR OVERLAY PROCESS
    SEGMENT: ?PR?STARTVOICEPLAY?SINGLEBUS

*** WARNING L16: UNCALLED SEGMENT, IGNORED FOR OVERLAY PROCESS
    SEGMENT: ?PR?BUS1MANAGER?SINGLEBUS

*** WARNING L16: UNCALLED SEGMENT, IGNORED FOR OVERLAY PROCESS
    SEGMENT: ?PR?_USARTSNDERROR?UART

*** WARNING L16: UNCALLED SEGMENT, IGNORED FOR OVERLAY PROCESS
    SEGMENT: ?PR?_UART_SEND_BYTE?UART

*** WARNING L16: UNCALLED SEGMENT, IGNORED FOR OVERLAY PROCESS
    SEGMENT: ?PR?USARTRECERRHANDLE?UART

*** WARNING L16: UNCALLED SEGMENT, IGNORED FOR OVERLAY PROCESS
    SEGMENT: ?PR?KEYUP?KEY

*** WARNING L16: UNCALLED SEGMENT, IGNORED FOR OVERLAY PROCESS
    SEGMENT: ?PR?_OSTASKSTKDEL?OS_CPU_C

BL51 BANKED LINKER/LOCATER V6.05                                                      05/24/2012  09:37:58  PAGE 97


Program Size: data=75.3 xdata=875 code=21206
LINK/LOCATE RUN COMPLETE.  12 WARNING(S),  0 ERROR(S)
