<!doctype html public "-//w3c//dtd html 4.0 transitional//en">
<html><head>
<title>Static Call Graph - [.\DebugInFlash\HZXSP.axf]</title></head>
<body><HR>
<H1>Static Call Graph for image .\DebugInFlash\HZXSP.axf</H1><HR>
<BR><P>#&#060CALLGRAPH&#062# ARM Linker, 5.03 [Build 24]: Last Updated: Tue Jul 18 14:52:06 2017
<BR><P>
<H3>Maximum Stack Usage =        320 bytes + Unknown(Functions without stacksize, Cycles, Untraceable Function Pointers)</H3><H3>
Call chain for Maximum Stack Depth:</H3>
__rt_entry_main &rArr; main &rArr; TimerOutDeal &rArr; TextOutRed &rArr; Read_GL23L32S4W &rArr; SPI_PutByte
<P>
<H3>
Functions with no stack information
</H3><UL>
 <LI><a href="#[bc]">__user_initial_stackheap</a>
</UL>
</UL>
<P>
<H3>
Mutually Recursive functions
</H3> <LI><a href="#[6]">NMI_Handler</a>&nbsp;&nbsp;&nbsp;&rArr;&nbsp;&nbsp;&nbsp;<a href="#[6]">NMI_Handler</a><BR>
 <LI><a href="#[7]">HardFault_Handler</a>&nbsp;&nbsp;&nbsp;&rArr;&nbsp;&nbsp;&nbsp;<a href="#[7]">HardFault_Handler</a><BR>
 <LI><a href="#[8]">MemManage_Handler</a>&nbsp;&nbsp;&nbsp;&rArr;&nbsp;&nbsp;&nbsp;<a href="#[8]">MemManage_Handler</a><BR>
 <LI><a href="#[9]">BusFault_Handler</a>&nbsp;&nbsp;&nbsp;&rArr;&nbsp;&nbsp;&nbsp;<a href="#[9]">BusFault_Handler</a><BR>
 <LI><a href="#[a]">UsageFault_Handler</a>&nbsp;&nbsp;&nbsp;&rArr;&nbsp;&nbsp;&nbsp;<a href="#[a]">UsageFault_Handler</a><BR>
 <LI><a href="#[b]">SVC_Handler</a>&nbsp;&nbsp;&nbsp;&rArr;&nbsp;&nbsp;&nbsp;<a href="#[b]">SVC_Handler</a><BR>
 <LI><a href="#[c]">DebugMon_Handler</a>&nbsp;&nbsp;&nbsp;&rArr;&nbsp;&nbsp;&nbsp;<a href="#[c]">DebugMon_Handler</a><BR>
 <LI><a href="#[d]">PendSV_Handler</a>&nbsp;&nbsp;&nbsp;&rArr;&nbsp;&nbsp;&nbsp;<a href="#[d]">PendSV_Handler</a><BR>
 <LI><a href="#[e]">SysTick_Handler</a>&nbsp;&nbsp;&nbsp;&rArr;&nbsp;&nbsp;&nbsp;<a href="#[e]">SysTick_Handler</a><BR>
 <LI><a href="#[1b]">ADC_IRQHandler</a>&nbsp;&nbsp;&nbsp;&rArr;&nbsp;&nbsp;&nbsp;<a href="#[1b]">ADC_IRQHandler</a><BR>
</UL>
<P>
<H3>
Function Pointers
</H3><UL>
 <LI><a href="#[1b]">ADC_IRQHandler</a> from startup_lpc11xx.o(.text) referenced from startup_lpc11xx.o(RESET)
 <LI><a href="#[1d]">BOD_IRQHandler</a> from startup_lpc11xx.o(.text) referenced from startup_lpc11xx.o(RESET)
 <LI><a href="#[9]">BusFault_Handler</a> from startup_lpc11xx.o(.text) referenced from startup_lpc11xx.o(RESET)
 <LI><a href="#[10]">CAN_IRQHandler</a> from startup_lpc11xx.o(.text) referenced from startup_lpc11xx.o(RESET)
 <LI><a href="#[c]">DebugMon_Handler</a> from startup_lpc11xx.o(.text) referenced from startup_lpc11xx.o(RESET)
 <LI><a href="#[1e]">FMC_IRQHandler</a> from startup_lpc11xx.o(.text) referenced from startup_lpc11xx.o(RESET)
 <LI><a href="#[7]">HardFault_Handler</a> from startup_lpc11xx.o(.text) referenced from startup_lpc11xx.o(RESET)
 <LI><a href="#[12]">I2C_IRQHandler</a> from startup_lpc11xx.o(.text) referenced from startup_lpc11xx.o(RESET)
 <LI><a href="#[8]">MemManage_Handler</a> from startup_lpc11xx.o(.text) referenced from startup_lpc11xx.o(RESET)
 <LI><a href="#[6]">NMI_Handler</a> from startup_lpc11xx.o(.text) referenced from startup_lpc11xx.o(RESET)
 <LI><a href="#[22]">PIOINT0_IRQHandler</a> from main.o(.text) referenced from startup_lpc11xx.o(RESET)
 <LI><a href="#[21]">PIOINT1_IRQHandler</a> from singlebus.o(.text) referenced from startup_lpc11xx.o(RESET)
 <LI><a href="#[20]">PIOINT2_IRQHandler</a> from startup_lpc11xx.o(.text) referenced from startup_lpc11xx.o(RESET)
 <LI><a href="#[1f]">PIOINT3_IRQHandler</a> from startup_lpc11xx.o(.text) referenced from startup_lpc11xx.o(RESET)
 <LI><a href="#[d]">PendSV_Handler</a> from startup_lpc11xx.o(.text) referenced from startup_lpc11xx.o(RESET)
 <LI><a href="#[5]">Reset_Handler</a> from startup_lpc11xx.o(.text) referenced from startup_lpc11xx.o(RESET)
 <LI><a href="#[17]">SSP0_IRQHandler</a> from startup_lpc11xx.o(.text) referenced from startup_lpc11xx.o(RESET)
 <LI><a href="#[11]">SSP1_IRQHandler</a> from startup_lpc11xx.o(.text) referenced from startup_lpc11xx.o(RESET)
 <LI><a href="#[b]">SVC_Handler</a> from startup_lpc11xx.o(.text) referenced from startup_lpc11xx.o(RESET)
 <LI><a href="#[e]">SysTick_Handler</a> from startup_lpc11xx.o(.text) referenced from startup_lpc11xx.o(RESET)
 <LI><a href="#[13]">TIMER16_0_IRQHandler</a> from startup_lpc11xx.o(.text) referenced from startup_lpc11xx.o(RESET)
 <LI><a href="#[14]">TIMER16_1_IRQHandler</a> from startup_lpc11xx.o(.text) referenced from startup_lpc11xx.o(RESET)
 <LI><a href="#[15]">TIMER32_0_IRQHandler</a> from singlebus.o(.text) referenced from startup_lpc11xx.o(RESET)
 <LI><a href="#[16]">TIMER32_1_IRQHandler</a> from main.o(.text) referenced from startup_lpc11xx.o(RESET)
 <LI><a href="#[18]">UART_IRQHandler</a> from uart.o(.text) referenced from startup_lpc11xx.o(RESET)
 <LI><a href="#[1a]">USB_FIQHandler</a> from startup_lpc11xx.o(.text) referenced from startup_lpc11xx.o(RESET)
 <LI><a href="#[19]">USB_IRQHandler</a> from startup_lpc11xx.o(.text) referenced from startup_lpc11xx.o(RESET)
 <LI><a href="#[a]">UsageFault_Handler</a> from startup_lpc11xx.o(.text) referenced from startup_lpc11xx.o(RESET)
 <LI><a href="#[f]">WAKEUP_IRQHandler</a> from startup_lpc11xx.o(.text) referenced 13 times from startup_lpc11xx.o(RESET)
 <LI><a href="#[1c]">WDT_IRQHandler</a> from startup_lpc11xx.o(.text) referenced from startup_lpc11xx.o(RESET)
 <LI><a href="#[26]">__main</a> from __main.o(!!!main) referenced from startup_lpc11xx.o(.text)
 <LI><a href="#[25]">_printf_input_char</a> from _printf_char_common.o(.text) referenced from _printf_char_common.o(.text)
 <LI><a href="#[24]">_sputc</a> from _sputc.o(.text) referenced from noretval__2sprintf.o(.text)
</UL>
<P>
<H3>
Global Symbols
</H3>
<P><STRONG><a name="[26]"></a>__main</STRONG> (Thumb, 8 bytes, Stack size 0 bytes, __main.o(!!!main))
<BR><BR>[Calls]<UL><LI><a href="#[28]">&gt;&gt;</a>&nbsp;&nbsp;&nbsp;__rt_entry
<LI><a href="#[27]">&gt;&gt;</a>&nbsp;&nbsp;&nbsp;__scatterload
</UL>

<P><STRONG><a name="[27]"></a>__scatterload</STRONG> (Thumb, 0 bytes, Stack size unknown bytes, __scatter.o(!!!scatter))
<BR><BR>[Called By]<UL><LI><a href="#[26]">&gt;&gt;</a>&nbsp;&nbsp;&nbsp;__main
</UL>

<P><STRONG><a name="[29]"></a>__scatterload_rt2</STRONG> (Thumb, 52 bytes, Stack size unknown bytes, __scatter.o(!!!scatter), UNUSED)
<BR><BR>[Calls]<UL><LI><a href="#[28]">&gt;&gt;</a>&nbsp;&nbsp;&nbsp;__rt_entry
</UL>

<P><STRONG><a name="[bf]"></a>__scatterload_rt2_thumb_only</STRONG> (Thumb, 0 bytes, Stack size unknown bytes, __scatter.o(!!!scatter), UNUSED)

<P><STRONG><a name="[c0]"></a>__scatterload_null</STRONG> (Thumb, 0 bytes, Stack size unknown bytes, __scatter.o(!!!scatter), UNUSED)

<P><STRONG><a name="[2a]"></a>__scatterload_copy</STRONG> (Thumb, 26 bytes, Stack size unknown bytes, __scatter_copy.o(!!handler_copy), UNUSED)
<BR><BR>[Calls]<UL><LI><a href="#[2a]">&gt;&gt;</a>&nbsp;&nbsp;&nbsp;__scatterload_copy
</UL>
<BR>[Called By]<UL><LI><a href="#[2a]">&gt;&gt;</a>&nbsp;&nbsp;&nbsp;__scatterload_copy
</UL>

<P><STRONG><a name="[c1]"></a>__scatterload_zeroinit</STRONG> (Thumb, 28 bytes, Stack size unknown bytes, __scatter_zi.o(!!handler_zi), UNUSED)

<P><STRONG><a name="[b3]"></a>_printf_percent</STRONG> (Thumb, 0 bytes, Stack size unknown bytes, _printf_percent.o(.ARM.Collect$$_printf_percent$$00000000))
<BR><BR>[Called By]<UL><LI><a href="#[b1]">&gt;&gt;</a>&nbsp;&nbsp;&nbsp;__printf
</UL>

<P><STRONG><a name="[2b]"></a>_printf_d</STRONG> (Thumb, 0 bytes, Stack size unknown bytes, _printf_d.o(.ARM.Collect$$_printf_percent$$00000009))
<BR><BR>[Stack]<UL><LI>Max Depth = 88 + Unknown Stack Size
<LI>Call Chain = _printf_d &rArr; _printf_int_dec &rArr; _printf_int_common &rArr; _printf_post_padding
</UL>
<BR>[Calls]<UL><LI><a href="#[2c]">&gt;&gt;</a>&nbsp;&nbsp;&nbsp;_printf_s
<LI><a href="#[2d]">&gt;&gt;</a>&nbsp;&nbsp;&nbsp;_printf_int_dec
</UL>

<P><STRONG><a name="[2c]"></a>_printf_s</STRONG> (Thumb, 0 bytes, Stack size unknown bytes, _printf_s.o(.ARM.Collect$$_printf_percent$$00000014))
<BR><BR>[Stack]<UL><LI>Max Depth = 40 + Unknown Stack Size
<LI>Call Chain = _printf_s &rArr; _printf_string &rArr; _printf_cs_common &rArr; _printf_str &rArr; _printf_post_padding
</UL>
<BR>[Calls]<UL><LI><a href="#[2e]">&gt;&gt;</a>&nbsp;&nbsp;&nbsp;_printf_percent_end
<LI><a href="#[2f]">&gt;&gt;</a>&nbsp;&nbsp;&nbsp;_printf_string
</UL>
<BR>[Called By]<UL><LI><a href="#[2b]">&gt;&gt;</a>&nbsp;&nbsp;&nbsp;_printf_d
</UL>

<P><STRONG><a name="[2e]"></a>_printf_percent_end</STRONG> (Thumb, 0 bytes, Stack size unknown bytes, _printf_percent_end.o(.ARM.Collect$$_printf_percent$$00000017))
<BR><BR>[Called By]<UL><LI><a href="#[2c]">&gt;&gt;</a>&nbsp;&nbsp;&nbsp;_printf_s
</UL>

<P><STRONG><a name="[33]"></a>__rt_lib_init</STRONG> (Thumb, 0 bytes, Stack size unknown bytes, libinit.o(.ARM.Collect$$libinit$$00000000))
<BR><BR>[Called By]<UL><LI><a href="#[32]">&gt;&gt;</a>&nbsp;&nbsp;&nbsp;__rt_entry_li
</UL>

<P><STRONG><a name="[c2]"></a>__rt_lib_init_fp_1</STRONG> (Thumb, 0 bytes, Stack size unknown bytes, libinit2.o(.ARM.Collect$$libinit$$00000001))

<P><STRONG><a name="[c3]"></a>__rt_lib_init_alloca_1</STRONG> (Thumb, 0 bytes, Stack size unknown bytes, libinit2.o(.ARM.Collect$$libinit$$0000002C))

<P><STRONG><a name="[c4]"></a>__rt_lib_init_argv_1</STRONG> (Thumb, 0 bytes, Stack size unknown bytes, libinit2.o(.ARM.Collect$$libinit$$0000002A))

<P><STRONG><a name="[c5]"></a>__rt_lib_init_atexit_1</STRONG> (Thumb, 0 bytes, Stack size unknown bytes, libinit2.o(.ARM.Collect$$libinit$$00000019))

<P><STRONG><a name="[c6]"></a>__rt_lib_init_clock_1</STRONG> (Thumb, 0 bytes, Stack size unknown bytes, libinit2.o(.ARM.Collect$$libinit$$0000001F))

<P><STRONG><a name="[c7]"></a>__rt_lib_init_cpp_1</STRONG> (Thumb, 0 bytes, Stack size unknown bytes, libinit2.o(.ARM.Collect$$libinit$$00000030))

<P><STRONG><a name="[c8]"></a>__rt_lib_init_exceptions_1</STRONG> (Thumb, 0 bytes, Stack size unknown bytes, libinit2.o(.ARM.Collect$$libinit$$0000002E))

<P><STRONG><a name="[c9]"></a>__rt_lib_init_fp_trap_1</STRONG> (Thumb, 0 bytes, Stack size unknown bytes, libinit2.o(.ARM.Collect$$libinit$$0000001D))

<P><STRONG><a name="[ca]"></a>__rt_lib_init_getenv_1</STRONG> (Thumb, 0 bytes, Stack size unknown bytes, libinit2.o(.ARM.Collect$$libinit$$00000021))

<P><STRONG><a name="[cb]"></a>__rt_lib_init_heap_1</STRONG> (Thumb, 0 bytes, Stack size unknown bytes, libinit2.o(.ARM.Collect$$libinit$$00000008))

<P><STRONG><a name="[cc]"></a>__rt_lib_init_lc_collate_1</STRONG> (Thumb, 0 bytes, Stack size unknown bytes, libinit2.o(.ARM.Collect$$libinit$$0000000F))

<P><STRONG><a name="[cd]"></a>__rt_lib_init_lc_ctype_1</STRONG> (Thumb, 0 bytes, Stack size unknown bytes, libinit2.o(.ARM.Collect$$libinit$$00000011))

<P><STRONG><a name="[ce]"></a>__rt_lib_init_lc_monetary_1</STRONG> (Thumb, 0 bytes, Stack size unknown bytes, libinit2.o(.ARM.Collect$$libinit$$00000013))

<P><STRONG><a name="[cf]"></a>__rt_lib_init_lc_numeric_1</STRONG> (Thumb, 0 bytes, Stack size unknown bytes, libinit2.o(.ARM.Collect$$libinit$$00000015))

<P><STRONG><a name="[d0]"></a>__rt_lib_init_lc_time_1</STRONG> (Thumb, 0 bytes, Stack size unknown bytes, libinit2.o(.ARM.Collect$$libinit$$00000017))

<P><STRONG><a name="[d1]"></a>__rt_lib_init_rand_1</STRONG> (Thumb, 0 bytes, Stack size unknown bytes, libinit2.o(.ARM.Collect$$libinit$$0000000C))

<P><STRONG><a name="[d2]"></a>__rt_lib_init_return</STRONG> (Thumb, 0 bytes, Stack size unknown bytes, libinit2.o(.ARM.Collect$$libinit$$00000031))

<P><STRONG><a name="[d3]"></a>__rt_lib_init_signal_1</STRONG> (Thumb, 0 bytes, Stack size unknown bytes, libinit2.o(.ARM.Collect$$libinit$$0000001B))

<P><STRONG><a name="[d4]"></a>__rt_lib_init_stdio_1</STRONG> (Thumb, 0 bytes, Stack size unknown bytes, libinit2.o(.ARM.Collect$$libinit$$00000023))

<P><STRONG><a name="[d5]"></a>__rt_lib_init_user_alloc_1</STRONG> (Thumb, 0 bytes, Stack size unknown bytes, libinit2.o(.ARM.Collect$$libinit$$0000000A))

<P><STRONG><a name="[38]"></a>__rt_lib_shutdown</STRONG> (Thumb, 0 bytes, Stack size unknown bytes, libshutdown.o(.ARM.Collect$$libshutdown$$00000000))
<BR><BR>[Called By]<UL><LI><a href="#[37]">&gt;&gt;</a>&nbsp;&nbsp;&nbsp;__rt_exit_ls
</UL>

<P><STRONG><a name="[d6]"></a>__rt_lib_shutdown_fp_trap_1</STRONG> (Thumb, 0 bytes, Stack size unknown bytes, libshutdown2.o(.ARM.Collect$$libshutdown$$00000006))

<P><STRONG><a name="[d7]"></a>__rt_lib_shutdown_heap_1</STRONG> (Thumb, 0 bytes, Stack size unknown bytes, libshutdown2.o(.ARM.Collect$$libshutdown$$0000000E))

<P><STRONG><a name="[d8]"></a>__rt_lib_shutdown_return</STRONG> (Thumb, 0 bytes, Stack size unknown bytes, libshutdown2.o(.ARM.Collect$$libshutdown$$0000000F))

<P><STRONG><a name="[d9]"></a>__rt_lib_shutdown_signal_1</STRONG> (Thumb, 0 bytes, Stack size unknown bytes, libshutdown2.o(.ARM.Collect$$libshutdown$$00000009))

<P><STRONG><a name="[da]"></a>__rt_lib_shutdown_stdio_1</STRONG> (Thumb, 0 bytes, Stack size unknown bytes, libshutdown2.o(.ARM.Collect$$libshutdown$$00000003))

<P><STRONG><a name="[db]"></a>__rt_lib_shutdown_user_alloc_1</STRONG> (Thumb, 0 bytes, Stack size unknown bytes, libshutdown2.o(.ARM.Collect$$libshutdown$$0000000B))

<P><STRONG><a name="[28]"></a>__rt_entry</STRONG> (Thumb, 0 bytes, Stack size unknown bytes, rtentry.o(.ARM.Collect$$rtentry$$00000000))
<BR><BR>[Called By]<UL><LI><a href="#[26]">&gt;&gt;</a>&nbsp;&nbsp;&nbsp;__main
<LI><a href="#[29]">&gt;&gt;</a>&nbsp;&nbsp;&nbsp;__scatterload_rt2
</UL>

<P><STRONG><a name="[dc]"></a>__rt_entry_presh_1</STRONG> (Thumb, 0 bytes, Stack size unknown bytes, rtentry2.o(.ARM.Collect$$rtentry$$00000002))

<P><STRONG><a name="[30]"></a>__rt_entry_sh</STRONG> (Thumb, 0 bytes, Stack size unknown bytes, rtentry4.o(.ARM.Collect$$rtentry$$00000004))
<BR><BR>[Stack]<UL><LI>Max Depth = 8 + Unknown Stack Size
<LI>Call Chain = __rt_entry_sh &rArr; __user_setup_stackheap
</UL>
<BR>[Calls]<UL><LI><a href="#[31]">&gt;&gt;</a>&nbsp;&nbsp;&nbsp;__user_setup_stackheap
</UL>

<P><STRONG><a name="[32]"></a>__rt_entry_li</STRONG> (Thumb, 0 bytes, Stack size unknown bytes, rtentry2.o(.ARM.Collect$$rtentry$$0000000A))
<BR><BR>[Calls]<UL><LI><a href="#[33]">&gt;&gt;</a>&nbsp;&nbsp;&nbsp;__rt_lib_init
</UL>

<P><STRONG><a name="[dd]"></a>__rt_entry_postsh_1</STRONG> (Thumb, 0 bytes, Stack size unknown bytes, rtentry2.o(.ARM.Collect$$rtentry$$00000009))

<P><STRONG><a name="[34]"></a>__rt_entry_main</STRONG> (Thumb, 0 bytes, Stack size unknown bytes, rtentry2.o(.ARM.Collect$$rtentry$$0000000D))
<BR><BR>[Stack]<UL><LI>Max Depth = 320 + Unknown Stack Size
<LI>Call Chain = __rt_entry_main &rArr; main &rArr; TimerOutDeal &rArr; TextOutRed &rArr; Read_GL23L32S4W &rArr; SPI_PutByte
</UL>
<BR>[Calls]<UL><LI><a href="#[36]">&gt;&gt;</a>&nbsp;&nbsp;&nbsp;exit
<LI><a href="#[35]">&gt;&gt;</a>&nbsp;&nbsp;&nbsp;main
</UL>

<P><STRONG><a name="[de]"></a>__rt_entry_postli_1</STRONG> (Thumb, 0 bytes, Stack size unknown bytes, rtentry2.o(.ARM.Collect$$rtentry$$0000000C))

<P><STRONG><a name="[be]"></a>__rt_exit</STRONG> (Thumb, 0 bytes, Stack size unknown bytes, rtexit.o(.ARM.Collect$$rtexit$$00000000))
<BR><BR>[Called By]<UL><LI><a href="#[36]">&gt;&gt;</a>&nbsp;&nbsp;&nbsp;exit
</UL>

<P><STRONG><a name="[37]"></a>__rt_exit_ls</STRONG> (Thumb, 0 bytes, Stack size unknown bytes, rtexit2.o(.ARM.Collect$$rtexit$$00000003))
<BR><BR>[Calls]<UL><LI><a href="#[38]">&gt;&gt;</a>&nbsp;&nbsp;&nbsp;__rt_lib_shutdown
</UL>

<P><STRONG><a name="[df]"></a>__rt_exit_prels_1</STRONG> (Thumb, 0 bytes, Stack size unknown bytes, rtexit2.o(.ARM.Collect$$rtexit$$00000002))

<P><STRONG><a name="[39]"></a>__rt_exit_exit</STRONG> (Thumb, 0 bytes, Stack size unknown bytes, rtexit2.o(.ARM.Collect$$rtexit$$00000004))
<BR><BR>[Calls]<UL><LI><a href="#[3a]">&gt;&gt;</a>&nbsp;&nbsp;&nbsp;_sys_exit
</UL>

<P><STRONG><a name="[5b]"></a>intMasterEnable</STRONG> (Thumb, 4 bytes, Stack size 0 bytes, main.o(.emb_text))
<BR><BR>[Called By]<UL><LI><a href="#[35]">&gt;&gt;</a>&nbsp;&nbsp;&nbsp;main
</UL>

<P><STRONG><a name="[b4]"></a>__aeabi_memcpy4</STRONG> (Thumb, 56 bytes, Stack size 0 bytes, rt_memcpy.o(.emb_text))
<BR><BR>[Called By]<UL><LI><a href="#[49]">&gt;&gt;</a>&nbsp;&nbsp;&nbsp;__aeabi_memcpy
</UL>

<P><STRONG><a name="[e0]"></a>__aeabi_memcpy8</STRONG> (Thumb, 0 bytes, Stack size 0 bytes, rt_memcpy.o(.emb_text), UNUSED)

<P><STRONG><a name="[3b]"></a>SystemFrequencyUpdate</STRONG> (Thumb, 266 bytes, Stack size 16 bytes, system_lpc11xx.o(.text))
<BR><BR>[Stack]<UL><LI>Max Depth = 16<LI>Call Chain = SystemFrequencyUpdate
</UL>
<BR>[Calls]<UL><LI><a href="#[3c]">&gt;&gt;</a>&nbsp;&nbsp;&nbsp;__aeabi_uidivmod
</UL>
<BR>[Called By]<UL><LI><a href="#[3d]">&gt;&gt;</a>&nbsp;&nbsp;&nbsp;SystemInit
</UL>

<P><STRONG><a name="[3d]"></a>SystemInit</STRONG> (Thumb, 98 bytes, Stack size 16 bytes, system_lpc11xx.o(.text))
<BR><BR>[Stack]<UL><LI>Max Depth = 32<LI>Call Chain = SystemInit &rArr; SystemFrequencyUpdate
</UL>
<BR>[Calls]<UL><LI><a href="#[3b]">&gt;&gt;</a>&nbsp;&nbsp;&nbsp;SystemFrequencyUpdate
</UL>
<BR>[Called By]<UL><LI><a href="#[35]">&gt;&gt;</a>&nbsp;&nbsp;&nbsp;main
</UL>

<P><STRONG><a name="[5]"></a>Reset_Handler</STRONG> (Thumb, 4 bytes, Stack size 0 bytes, startup_lpc11xx.o(.text))
<BR>[Address Reference Count : 1]<UL><LI> startup_lpc11xx.o(RESET)
</UL>
<P><STRONG><a name="[6]"></a>NMI_Handler</STRONG> (Thumb, 2 bytes, Stack size 0 bytes, startup_lpc11xx.o(.text))
<BR><BR>[Calls]<UL><LI><a href="#[6]">&gt;&gt;</a>&nbsp;&nbsp;&nbsp;NMI_Handler
</UL>
<BR>[Called By]<UL><LI><a href="#[6]">&gt;&gt;</a>&nbsp;&nbsp;&nbsp;NMI_Handler
</UL>
<BR>[Address Reference Count : 1]<UL><LI> startup_lpc11xx.o(RESET)
</UL>
<P><STRONG><a name="[7]"></a>HardFault_Handler</STRONG> (Thumb, 2 bytes, Stack size 0 bytes, startup_lpc11xx.o(.text))
<BR><BR>[Calls]<UL><LI><a href="#[7]">&gt;&gt;</a>&nbsp;&nbsp;&nbsp;HardFault_Handler
</UL>
<BR>[Called By]<UL><LI><a href="#[7]">&gt;&gt;</a>&nbsp;&nbsp;&nbsp;HardFault_Handler
</UL>
<BR>[Address Reference Count : 1]<UL><LI> startup_lpc11xx.o(RESET)
</UL>
<P><STRONG><a name="[8]"></a>MemManage_Handler</STRONG> (Thumb, 2 bytes, Stack size 0 bytes, startup_lpc11xx.o(.text))
<BR><BR>[Calls]<UL><LI><a href="#[8]">&gt;&gt;</a>&nbsp;&nbsp;&nbsp;MemManage_Handler
</UL>
<BR>[Called By]<UL><LI><a href="#[8]">&gt;&gt;</a>&nbsp;&nbsp;&nbsp;MemManage_Handler
</UL>
<BR>[Address Reference Count : 1]<UL><LI> startup_lpc11xx.o(RESET)
</UL>
<P><STRONG><a name="[9]"></a>BusFault_Handler</STRONG> (Thumb, 2 bytes, Stack size 0 bytes, startup_lpc11xx.o(.text))
<BR><BR>[Calls]<UL><LI><a href="#[9]">&gt;&gt;</a>&nbsp;&nbsp;&nbsp;BusFault_Handler
</UL>
<BR>[Called By]<UL><LI><a href="#[9]">&gt;&gt;</a>&nbsp;&nbsp;&nbsp;BusFault_Handler
</UL>
<BR>[Address Reference Count : 1]<UL><LI> startup_lpc11xx.o(RESET)
</UL>
<P><STRONG><a name="[a]"></a>UsageFault_Handler</STRONG> (Thumb, 2 bytes, Stack size 0 bytes, startup_lpc11xx.o(.text))
<BR><BR>[Calls]<UL><LI><a href="#[a]">&gt;&gt;</a>&nbsp;&nbsp;&nbsp;UsageFault_Handler
</UL>
<BR>[Called By]<UL><LI><a href="#[a]">&gt;&gt;</a>&nbsp;&nbsp;&nbsp;UsageFault_Handler
</UL>
<BR>[Address Reference Count : 1]<UL><LI> startup_lpc11xx.o(RESET)
</UL>
<P><STRONG><a name="[b]"></a>SVC_Handler</STRONG> (Thumb, 2 bytes, Stack size 0 bytes, startup_lpc11xx.o(.text))
<BR><BR>[Calls]<UL><LI><a href="#[b]">&gt;&gt;</a>&nbsp;&nbsp;&nbsp;SVC_Handler
</UL>
<BR>[Called By]<UL><LI><a href="#[b]">&gt;&gt;</a>&nbsp;&nbsp;&nbsp;SVC_Handler
</UL>
<BR>[Address Reference Count : 1]<UL><LI> startup_lpc11xx.o(RESET)
</UL>
<P><STRONG><a name="[c]"></a>DebugMon_Handler</STRONG> (Thumb, 2 bytes, Stack size 0 bytes, startup_lpc11xx.o(.text))
<BR><BR>[Calls]<UL><LI><a href="#[c]">&gt;&gt;</a>&nbsp;&nbsp;&nbsp;DebugMon_Handler
</UL>
<BR>[Called By]<UL><LI><a href="#[c]">&gt;&gt;</a>&nbsp;&nbsp;&nbsp;DebugMon_Handler
</UL>
<BR>[Address Reference Count : 1]<UL><LI> startup_lpc11xx.o(RESET)
</UL>
<P><STRONG><a name="[d]"></a>PendSV_Handler</STRONG> (Thumb, 2 bytes, Stack size 0 bytes, startup_lpc11xx.o(.text))
<BR><BR>[Calls]<UL><LI><a href="#[d]">&gt;&gt;</a>&nbsp;&nbsp;&nbsp;PendSV_Handler
</UL>
<BR>[Called By]<UL><LI><a href="#[d]">&gt;&gt;</a>&nbsp;&nbsp;&nbsp;PendSV_Handler
</UL>
<BR>[Address Reference Count : 1]<UL><LI> startup_lpc11xx.o(RESET)
</UL>
<P><STRONG><a name="[e]"></a>SysTick_Handler</STRONG> (Thumb, 2 bytes, Stack size 0 bytes, startup_lpc11xx.o(.text))
<BR><BR>[Calls]<UL><LI><a href="#[e]">&gt;&gt;</a>&nbsp;&nbsp;&nbsp;SysTick_Handler
</UL>
<BR>[Called By]<UL><LI><a href="#[e]">&gt;&gt;</a>&nbsp;&nbsp;&nbsp;SysTick_Handler
</UL>
<BR>[Address Reference Count : 1]<UL><LI> startup_lpc11xx.o(RESET)
</UL>
<P><STRONG><a name="[1b]"></a>ADC_IRQHandler</STRONG> (Thumb, 0 bytes, Stack size 0 bytes, startup_lpc11xx.o(.text))
<BR><BR>[Calls]<UL><LI><a href="#[1b]">&gt;&gt;</a>&nbsp;&nbsp;&nbsp;ADC_IRQHandler
</UL>
<BR>[Called By]<UL><LI><a href="#[1b]">&gt;&gt;</a>&nbsp;&nbsp;&nbsp;ADC_IRQHandler
</UL>
<BR>[Address Reference Count : 1]<UL><LI> startup_lpc11xx.o(RESET)
</UL>
<P><STRONG><a name="[1d]"></a>BOD_IRQHandler</STRONG> (Thumb, 0 bytes, Stack size 0 bytes, startup_lpc11xx.o(.text))
<BR>[Address Reference Count : 1]<UL><LI> startup_lpc11xx.o(RESET)
</UL>
<P><STRONG><a name="[10]"></a>CAN_IRQHandler</STRONG> (Thumb, 0 bytes, Stack size 0 bytes, startup_lpc11xx.o(.text))
<BR>[Address Reference Count : 1]<UL><LI> startup_lpc11xx.o(RESET)
</UL>
<P><STRONG><a name="[1e]"></a>FMC_IRQHandler</STRONG> (Thumb, 0 bytes, Stack size 0 bytes, startup_lpc11xx.o(.text))
<BR>[Address Reference Count : 1]<UL><LI> startup_lpc11xx.o(RESET)
</UL>
<P><STRONG><a name="[12]"></a>I2C_IRQHandler</STRONG> (Thumb, 0 bytes, Stack size 0 bytes, startup_lpc11xx.o(.text))
<BR>[Address Reference Count : 1]<UL><LI> startup_lpc11xx.o(RESET)
</UL>
<P><STRONG><a name="[20]"></a>PIOINT2_IRQHandler</STRONG> (Thumb, 0 bytes, Stack size 0 bytes, startup_lpc11xx.o(.text))
<BR>[Address Reference Count : 1]<UL><LI> startup_lpc11xx.o(RESET)
</UL>
<P><STRONG><a name="[1f]"></a>PIOINT3_IRQHandler</STRONG> (Thumb, 0 bytes, Stack size 0 bytes, startup_lpc11xx.o(.text))
<BR>[Address Reference Count : 1]<UL><LI> startup_lpc11xx.o(RESET)
</UL>
<P><STRONG><a name="[17]"></a>SSP0_IRQHandler</STRONG> (Thumb, 0 bytes, Stack size 0 bytes, startup_lpc11xx.o(.text))
<BR>[Address Reference Count : 1]<UL><LI> startup_lpc11xx.o(RESET)
</UL>
<P><STRONG><a name="[11]"></a>SSP1_IRQHandler</STRONG> (Thumb, 0 bytes, Stack size 0 bytes, startup_lpc11xx.o(.text))
<BR>[Address Reference Count : 1]<UL><LI> startup_lpc11xx.o(RESET)
</UL>
<P><STRONG><a name="[13]"></a>TIMER16_0_IRQHandler</STRONG> (Thumb, 0 bytes, Stack size 0 bytes, startup_lpc11xx.o(.text))
<BR>[Address Reference Count : 1]<UL><LI> startup_lpc11xx.o(RESET)
</UL>
<P><STRONG><a name="[14]"></a>TIMER16_1_IRQHandler</STRONG> (Thumb, 0 bytes, Stack size 0 bytes, startup_lpc11xx.o(.text))
<BR>[Address Reference Count : 1]<UL><LI> startup_lpc11xx.o(RESET)
</UL>
<P><STRONG><a name="[1a]"></a>USB_FIQHandler</STRONG> (Thumb, 0 bytes, Stack size 0 bytes, startup_lpc11xx.o(.text))
<BR>[Address Reference Count : 1]<UL><LI> startup_lpc11xx.o(RESET)
</UL>
<P><STRONG><a name="[19]"></a>USB_IRQHandler</STRONG> (Thumb, 0 bytes, Stack size 0 bytes, startup_lpc11xx.o(.text))
<BR>[Address Reference Count : 1]<UL><LI> startup_lpc11xx.o(RESET)
</UL>
<P><STRONG><a name="[f]"></a>WAKEUP_IRQHandler</STRONG> (Thumb, 0 bytes, Stack size 0 bytes, startup_lpc11xx.o(.text))
<BR>[Address Reference Count : 1]<UL><LI> startup_lpc11xx.o(RESET)
</UL>
<P><STRONG><a name="[1c]"></a>WDT_IRQHandler</STRONG> (Thumb, 0 bytes, Stack size 0 bytes, startup_lpc11xx.o(.text))
<BR>[Address Reference Count : 1]<UL><LI> startup_lpc11xx.o(RESET)
</UL>
<P><STRONG><a name="[bc]"></a>__user_initial_stackheap</STRONG> (Thumb, 0 bytes, Stack size unknown bytes, startup_lpc11xx.o(.text))
<BR><BR>[Called By]<UL><LI><a href="#[31]">&gt;&gt;</a>&nbsp;&nbsp;&nbsp;__user_setup_stackheap
</UL>

<P><STRONG><a name="[96]"></a>InsertNurse</STRONG> (Thumb, 98 bytes, Stack size 32 bytes, main.o(.text))
<BR><BR>[Stack]<UL><LI>Max Depth = 32<LI>Call Chain = InsertNurse
</UL>
<BR>[Called By]<UL><LI><a href="#[94]">&gt;&gt;</a>&nbsp;&nbsp;&nbsp;Bus0RecDeal
<LI><a href="#[60]">&gt;&gt;</a>&nbsp;&nbsp;&nbsp;cc1101Hander
</UL>

<P><STRONG><a name="[97]"></a>DeleteNurse</STRONG> (Thumb, 96 bytes, Stack size 28 bytes, main.o(.text))
<BR><BR>[Stack]<UL><LI>Max Depth = 28<LI>Call Chain = DeleteNurse
</UL>
<BR>[Called By]<UL><LI><a href="#[94]">&gt;&gt;</a>&nbsp;&nbsp;&nbsp;Bus0RecDeal
<LI><a href="#[60]">&gt;&gt;</a>&nbsp;&nbsp;&nbsp;cc1101Hander
</UL>

<P><STRONG><a name="[e1]"></a>WDTInit</STRONG> (Thumb, 46 bytes, Stack size 0 bytes, main.o(.text), UNUSED)

<P><STRONG><a name="[e2]"></a>KeyGPIOInit</STRONG> (Thumb, 32 bytes, Stack size 0 bytes, main.o(.text), UNUSED)

<P><STRONG><a name="[22]"></a>PIOINT0_IRQHandler</STRONG> (Thumb, 12 bytes, Stack size 0 bytes, main.o(.text))
<BR>[Address Reference Count : 1]<UL><LI> startup_lpc11xx.o(RESET)
</UL>
<P><STRONG><a name="[16]"></a>TIMER32_1_IRQHandler</STRONG> (Thumb, 234 bytes, Stack size 24 bytes, main.o(.text))
<BR><BR>[Stack]<UL><LI>Max Depth = 132<LI>Call Chain = TIMER32_1_IRQHandler &rArr; Write_Cont &rArr; FLASH_BufferWrite &rArr; FLASH_PageWrite &rArr; Wait_Busy &rArr; SPI_GetByte
</UL>
<BR>[Calls]<UL><LI><a href="#[3c]">&gt;&gt;</a>&nbsp;&nbsp;&nbsp;__aeabi_uidivmod
<LI><a href="#[3e]">&gt;&gt;</a>&nbsp;&nbsp;&nbsp;Write_Cont
<LI><a href="#[3f]">&gt;&gt;</a>&nbsp;&nbsp;&nbsp;ClsScreen
</UL>
<BR>[Address Reference Count : 1]<UL><LI> startup_lpc11xx.o(RESET)
</UL>
<P><STRONG><a name="[40]"></a>timer0Init</STRONG> (Thumb, 66 bytes, Stack size 16 bytes, main.o(.text), UNUSED)
<BR><BR>[Calls]<UL><LI><a href="#[3c]">&gt;&gt;</a>&nbsp;&nbsp;&nbsp;__aeabi_uidivmod
</UL>

<P><STRONG><a name="[41]"></a>timer1Init</STRONG> (Thumb, 64 bytes, Stack size 16 bytes, main.o(.text))
<BR><BR>[Stack]<UL><LI>Max Depth = 16<LI>Call Chain = timer1Init
</UL>
<BR>[Calls]<UL><LI><a href="#[3c]">&gt;&gt;</a>&nbsp;&nbsp;&nbsp;__aeabi_uidivmod
</UL>
<BR>[Called By]<UL><LI><a href="#[35]">&gt;&gt;</a>&nbsp;&nbsp;&nbsp;main
</UL>

<P><STRONG><a name="[e3]"></a>SaveSystemInfo</STRONG> (Thumb, 2 bytes, Stack size 0 bytes, main.o(.text), UNUSED)

<P><STRONG><a name="[42]"></a>ShowTime</STRONG> (Thumb, 174 bytes, Stack size 24 bytes, main.o(.text))
<BR><BR>[Stack]<UL><LI>Max Depth = 296 + Unknown Stack Size
<LI>Call Chain = ShowTime &rArr; TextOutRed &rArr; Read_GL23L32S4W &rArr; SPI_PutByte
</UL>
<BR>[Calls]<UL><LI><a href="#[43]">&gt;&gt;</a>&nbsp;&nbsp;&nbsp;__2sprintf
<LI><a href="#[44]">&gt;&gt;</a>&nbsp;&nbsp;&nbsp;TextOutRed
<LI><a href="#[45]">&gt;&gt;</a>&nbsp;&nbsp;&nbsp;TextOutGreen_DotData
</UL>
<BR>[Called By]<UL><LI><a href="#[35]">&gt;&gt;</a>&nbsp;&nbsp;&nbsp;main
</UL>

<P><STRONG><a name="[46]"></a>ShowCallInfo</STRONG> (Thumb, 916 bytes, Stack size 24 bytes, main.o(.text))
<BR><BR>[Stack]<UL><LI>Max Depth = 296 + Unknown Stack Size
<LI>Call Chain = ShowCallInfo &rArr; TextOutRed &rArr; Read_GL23L32S4W &rArr; SPI_PutByte
</UL>
<BR>[Calls]<UL><LI><a href="#[43]">&gt;&gt;</a>&nbsp;&nbsp;&nbsp;__2sprintf
<LI><a href="#[44]">&gt;&gt;</a>&nbsp;&nbsp;&nbsp;TextOutRed
<LI><a href="#[47]">&gt;&gt;</a>&nbsp;&nbsp;&nbsp;TextOutGreen
</UL>
<BR>[Called By]<UL><LI><a href="#[35]">&gt;&gt;</a>&nbsp;&nbsp;&nbsp;main
</UL>

<P><STRONG><a name="[48]"></a>ShowNurseInfo</STRONG> (Thumb, 224 bytes, Stack size 24 bytes, main.o(.text))
<BR><BR>[Stack]<UL><LI>Max Depth = 296 + Unknown Stack Size
<LI>Call Chain = ShowNurseInfo &rArr; TextOutRed &rArr; Read_GL23L32S4W &rArr; SPI_PutByte
</UL>
<BR>[Calls]<UL><LI><a href="#[49]">&gt;&gt;</a>&nbsp;&nbsp;&nbsp;__aeabi_memcpy
<LI><a href="#[43]">&gt;&gt;</a>&nbsp;&nbsp;&nbsp;__2sprintf
<LI><a href="#[44]">&gt;&gt;</a>&nbsp;&nbsp;&nbsp;TextOutRed
<LI><a href="#[4b]">&gt;&gt;</a>&nbsp;&nbsp;&nbsp;SetOperateFrame
<LI><a href="#[4c]">&gt;&gt;</a>&nbsp;&nbsp;&nbsp;SetDisplayFrame
<LI><a href="#[4a]">&gt;&gt;</a>&nbsp;&nbsp;&nbsp;GetNextDisplayFrame
<LI><a href="#[3f]">&gt;&gt;</a>&nbsp;&nbsp;&nbsp;ClsScreen
</UL>
<BR>[Called By]<UL><LI><a href="#[35]">&gt;&gt;</a>&nbsp;&nbsp;&nbsp;main
</UL>

<P><STRONG><a name="[4d]"></a>ShowMessageInfo</STRONG> (Thumb, 322 bytes, Stack size 24 bytes, main.o(.text))
<BR><BR>[Stack]<UL><LI>Max Depth = 296<LI>Call Chain = ShowMessageInfo &rArr; TextOutRed &rArr; Read_GL23L32S4W &rArr; SPI_PutByte
</UL>
<BR>[Calls]<UL><LI><a href="#[3c]">&gt;&gt;</a>&nbsp;&nbsp;&nbsp;__aeabi_uidivmod
<LI><a href="#[44]">&gt;&gt;</a>&nbsp;&nbsp;&nbsp;TextOutRed
<LI><a href="#[47]">&gt;&gt;</a>&nbsp;&nbsp;&nbsp;TextOutGreen
<LI><a href="#[4e]">&gt;&gt;</a>&nbsp;&nbsp;&nbsp;GetTextShowLength
</UL>
<BR>[Called By]<UL><LI><a href="#[35]">&gt;&gt;</a>&nbsp;&nbsp;&nbsp;main
</UL>

<P><STRONG><a name="[e4]"></a>CC1101_Exint1_Enable</STRONG> (Thumb, 36 bytes, Stack size 0 bytes, main.o(.text), UNUSED)

<P><STRONG><a name="[4f]"></a>hex_convert</STRONG> (Thumb, 68 bytes, Stack size 24 bytes, main.o(.text), UNUSED)
<BR><BR>[Calls]<UL><LI><a href="#[3c]">&gt;&gt;</a>&nbsp;&nbsp;&nbsp;__aeabi_uidivmod
</UL>

<P><STRONG><a name="[35]"></a>main</STRONG> (Thumb, 1148 bytes, Stack size 24 bytes, main.o(.text))
<BR><BR>[Stack]<UL><LI>Max Depth = 320 + Unknown Stack Size
<LI>Call Chain = main &rArr; TimerOutDeal &rArr; TextOutRed &rArr; Read_GL23L32S4W &rArr; SPI_PutByte
</UL>
<BR>[Calls]<UL><LI><a href="#[3c]">&gt;&gt;</a>&nbsp;&nbsp;&nbsp;__aeabi_uidivmod
<LI><a href="#[50]">&gt;&gt;</a>&nbsp;&nbsp;&nbsp;__aeabi_memclr4
<LI><a href="#[56]">&gt;&gt;</a>&nbsp;&nbsp;&nbsp;uartSendByte
<LI><a href="#[5f]">&gt;&gt;</a>&nbsp;&nbsp;&nbsp;halSpiStrobe
<LI><a href="#[57]">&gt;&gt;</a>&nbsp;&nbsp;&nbsp;cc1101Pin_init
<LI><a href="#[60]">&gt;&gt;</a>&nbsp;&nbsp;&nbsp;cc1101Hander
<LI><a href="#[3e]">&gt;&gt;</a>&nbsp;&nbsp;&nbsp;Write_Cont
<LI><a href="#[62]">&gt;&gt;</a>&nbsp;&nbsp;&nbsp;UartManager
<LI><a href="#[55]">&gt;&gt;</a>&nbsp;&nbsp;&nbsp;UartInit
<LI><a href="#[63]">&gt;&gt;</a>&nbsp;&nbsp;&nbsp;TimerOutDeal
<LI><a href="#[44]">&gt;&gt;</a>&nbsp;&nbsp;&nbsp;TextOutRed
<LI><a href="#[5d]">&gt;&gt;</a>&nbsp;&nbsp;&nbsp;SingleBusInit
<LI><a href="#[4b]">&gt;&gt;</a>&nbsp;&nbsp;&nbsp;SetOperateFrame
<LI><a href="#[4c]">&gt;&gt;</a>&nbsp;&nbsp;&nbsp;SetDisplayFrame
<LI><a href="#[5a]">&gt;&gt;</a>&nbsp;&nbsp;&nbsp;SetArea
<LI><a href="#[51]">&gt;&gt;</a>&nbsp;&nbsp;&nbsp;SPI_Init
<LI><a href="#[52]">&gt;&gt;</a>&nbsp;&nbsp;&nbsp;Read_ID
<LI><a href="#[54]">&gt;&gt;</a>&nbsp;&nbsp;&nbsp;Read_Cont
<LI><a href="#[59]">&gt;&gt;</a>&nbsp;&nbsp;&nbsp;LED_Init
<LI><a href="#[4a]">&gt;&gt;</a>&nbsp;&nbsp;&nbsp;GetNextDisplayFrame
<LI><a href="#[5e]">&gt;&gt;</a>&nbsp;&nbsp;&nbsp;FullScreen
<LI><a href="#[53]">&gt;&gt;</a>&nbsp;&nbsp;&nbsp;Flash_Lock
<LI><a href="#[5c]">&gt;&gt;</a>&nbsp;&nbsp;&nbsp;Delay_Ms
<LI><a href="#[3f]">&gt;&gt;</a>&nbsp;&nbsp;&nbsp;ClsScreen
<LI><a href="#[64]">&gt;&gt;</a>&nbsp;&nbsp;&nbsp;ClearRect
<LI><a href="#[58]">&gt;&gt;</a>&nbsp;&nbsp;&nbsp;CC1101_Init
<LI><a href="#[61]">&gt;&gt;</a>&nbsp;&nbsp;&nbsp;Bus0Manager
<LI><a href="#[4d]">&gt;&gt;</a>&nbsp;&nbsp;&nbsp;ShowMessageInfo
<LI><a href="#[48]">&gt;&gt;</a>&nbsp;&nbsp;&nbsp;ShowNurseInfo
<LI><a href="#[46]">&gt;&gt;</a>&nbsp;&nbsp;&nbsp;ShowCallInfo
<LI><a href="#[42]">&gt;&gt;</a>&nbsp;&nbsp;&nbsp;ShowTime
<LI><a href="#[41]">&gt;&gt;</a>&nbsp;&nbsp;&nbsp;timer1Init
<LI><a href="#[5b]">&gt;&gt;</a>&nbsp;&nbsp;&nbsp;intMasterEnable
<LI><a href="#[3d]">&gt;&gt;</a>&nbsp;&nbsp;&nbsp;SystemInit
</UL>
<BR>[Called By]<UL><LI><a href="#[34]">&gt;&gt;</a>&nbsp;&nbsp;&nbsp;__rt_entry_main
</UL>

<P><STRONG><a name="[51]"></a>SPI_Init</STRONG> (Thumb, 128 bytes, Stack size 12 bytes, spi.o(.text))
<BR><BR>[Stack]<UL><LI>Max Depth = 12<LI>Call Chain = SPI_Init
</UL>
<BR>[Called By]<UL><LI><a href="#[35]">&gt;&gt;</a>&nbsp;&nbsp;&nbsp;main
</UL>

<P><STRONG><a name="[e5]"></a>Enable_GT23L32S4W</STRONG> (Thumb, 12 bytes, Stack size 0 bytes, spi.o(.text), UNUSED)

<P><STRONG><a name="[e6]"></a>Disable_GT23L32S4W</STRONG> (Thumb, 12 bytes, Stack size 0 bytes, spi.o(.text), UNUSED)

<P><STRONG><a name="[e7]"></a>Enable_Flash</STRONG> (Thumb, 12 bytes, Stack size 0 bytes, spi.o(.text), UNUSED)

<P><STRONG><a name="[e8]"></a>Disable_Flash</STRONG> (Thumb, 12 bytes, Stack size 0 bytes, spi.o(.text), UNUSED)

<P><STRONG><a name="[66]"></a>SPI_PutByte</STRONG> (Thumb, 62 bytes, Stack size 12 bytes, spi.o(.text))
<BR><BR>[Stack]<UL><LI>Max Depth = 12<LI>Call Chain = SPI_PutByte
</UL>
<BR>[Called By]<UL><LI><a href="#[89]">&gt;&gt;</a>&nbsp;&nbsp;&nbsp;FRAM_TEST
<LI><a href="#[88]">&gt;&gt;</a>&nbsp;&nbsp;&nbsp;AAI_Write
<LI><a href="#[87]">&gt;&gt;</a>&nbsp;&nbsp;&nbsp;Read
<LI><a href="#[85]">&gt;&gt;</a>&nbsp;&nbsp;&nbsp;FLASH_PageWrite
<LI><a href="#[84]">&gt;&gt;</a>&nbsp;&nbsp;&nbsp;Byte_Program
<LI><a href="#[83]">&gt;&gt;</a>&nbsp;&nbsp;&nbsp;Flash_Unlock
<LI><a href="#[82]">&gt;&gt;</a>&nbsp;&nbsp;&nbsp;SST25VF_UnLock
<LI><a href="#[81]">&gt;&gt;</a>&nbsp;&nbsp;&nbsp;W25QXX_UnLock
<LI><a href="#[80]">&gt;&gt;</a>&nbsp;&nbsp;&nbsp;SST25VF_Lock
<LI><a href="#[7f]">&gt;&gt;</a>&nbsp;&nbsp;&nbsp;W25QXX_Lock
<LI><a href="#[7e]">&gt;&gt;</a>&nbsp;&nbsp;&nbsp;Auto_Add_IncB_EBSY
<LI><a href="#[7d]">&gt;&gt;</a>&nbsp;&nbsp;&nbsp;Auto_Add_IncA_EBSY
<LI><a href="#[7c]">&gt;&gt;</a>&nbsp;&nbsp;&nbsp;WREN_AAI_Check
<LI><a href="#[7b]">&gt;&gt;</a>&nbsp;&nbsp;&nbsp;WREN_Check
<LI><a href="#[7a]">&gt;&gt;</a>&nbsp;&nbsp;&nbsp;Wait_Busy_AAI
<LI><a href="#[79]">&gt;&gt;</a>&nbsp;&nbsp;&nbsp;Auto_Add_IncB
<LI><a href="#[78]">&gt;&gt;</a>&nbsp;&nbsp;&nbsp;Auto_Add_IncA
<LI><a href="#[77]">&gt;&gt;</a>&nbsp;&nbsp;&nbsp;Jedec_ID_Read
<LI><a href="#[75]">&gt;&gt;</a>&nbsp;&nbsp;&nbsp;W25QXX_WRSR
<LI><a href="#[74]">&gt;&gt;</a>&nbsp;&nbsp;&nbsp;WRSR
<LI><a href="#[73]">&gt;&gt;</a>&nbsp;&nbsp;&nbsp;EWSR
<LI><a href="#[72]">&gt;&gt;</a>&nbsp;&nbsp;&nbsp;DBSY
<LI><a href="#[71]">&gt;&gt;</a>&nbsp;&nbsp;&nbsp;EBSY
<LI><a href="#[70]">&gt;&gt;</a>&nbsp;&nbsp;&nbsp;WRDI
<LI><a href="#[6f]">&gt;&gt;</a>&nbsp;&nbsp;&nbsp;WREN
<LI><a href="#[6d]">&gt;&gt;</a>&nbsp;&nbsp;&nbsp;Wait_Busy
<LI><a href="#[6b]">&gt;&gt;</a>&nbsp;&nbsp;&nbsp;Read_Status_Register
<LI><a href="#[6a]">&gt;&gt;</a>&nbsp;&nbsp;&nbsp;Block_Erase_64K
<LI><a href="#[69]">&gt;&gt;</a>&nbsp;&nbsp;&nbsp;Block_Erase_32K
<LI><a href="#[68]">&gt;&gt;</a>&nbsp;&nbsp;&nbsp;Sector_Erase
<LI><a href="#[67]">&gt;&gt;</a>&nbsp;&nbsp;&nbsp;Chip_Erase
<LI><a href="#[65]">&gt;&gt;</a>&nbsp;&nbsp;&nbsp;Read_GL23L32S4W
<LI><a href="#[3e]">&gt;&gt;</a>&nbsp;&nbsp;&nbsp;Write_Cont
<LI><a href="#[52]">&gt;&gt;</a>&nbsp;&nbsp;&nbsp;Read_ID
<LI><a href="#[54]">&gt;&gt;</a>&nbsp;&nbsp;&nbsp;Read_Cont
<LI><a href="#[53]">&gt;&gt;</a>&nbsp;&nbsp;&nbsp;Flash_Lock
</UL>

<P><STRONG><a name="[e9]"></a>SPI_PutBytes</STRONG> (Thumb, 90 bytes, Stack size 16 bytes, spi.o(.text), UNUSED)

<P><STRONG><a name="[6c]"></a>SPI_GetByte</STRONG> (Thumb, 68 bytes, Stack size 12 bytes, spi.o(.text))
<BR><BR>[Stack]<UL><LI>Max Depth = 12<LI>Call Chain = SPI_GetByte
</UL>
<BR>[Called By]<UL><LI><a href="#[89]">&gt;&gt;</a>&nbsp;&nbsp;&nbsp;FRAM_TEST
<LI><a href="#[87]">&gt;&gt;</a>&nbsp;&nbsp;&nbsp;Read
<LI><a href="#[7c]">&gt;&gt;</a>&nbsp;&nbsp;&nbsp;WREN_AAI_Check
<LI><a href="#[7b]">&gt;&gt;</a>&nbsp;&nbsp;&nbsp;WREN_Check
<LI><a href="#[7a]">&gt;&gt;</a>&nbsp;&nbsp;&nbsp;Wait_Busy_AAI
<LI><a href="#[77]">&gt;&gt;</a>&nbsp;&nbsp;&nbsp;Jedec_ID_Read
<LI><a href="#[6d]">&gt;&gt;</a>&nbsp;&nbsp;&nbsp;Wait_Busy
<LI><a href="#[6b]">&gt;&gt;</a>&nbsp;&nbsp;&nbsp;Read_Status_Register
<LI><a href="#[52]">&gt;&gt;</a>&nbsp;&nbsp;&nbsp;Read_ID
<LI><a href="#[54]">&gt;&gt;</a>&nbsp;&nbsp;&nbsp;Read_Cont
</UL>

<P><STRONG><a name="[ea]"></a>SPI_GetBytes</STRONG> (Thumb, 98 bytes, Stack size 16 bytes, spi.o(.text), UNUSED)

<P><STRONG><a name="[65]"></a>Read_GL23L32S4W</STRONG> (Thumb, 142 bytes, Stack size 20 bytes, spi.o(.text))
<BR><BR>[Stack]<UL><LI>Max Depth = 32<LI>Call Chain = Read_GL23L32S4W &rArr; SPI_PutByte
</UL>
<BR>[Calls]<UL><LI><a href="#[66]">&gt;&gt;</a>&nbsp;&nbsp;&nbsp;SPI_PutByte
</UL>
<BR>[Called By]<UL><LI><a href="#[44]">&gt;&gt;</a>&nbsp;&nbsp;&nbsp;TextOutRed
<LI><a href="#[47]">&gt;&gt;</a>&nbsp;&nbsp;&nbsp;TextOutGreen
</UL>

<P><STRONG><a name="[67]"></a>Chip_Erase</STRONG> (Thumb, 26 bytes, Stack size 12 bytes, spi.o(.text), UNUSED)
<BR><BR>[Calls]<UL><LI><a href="#[66]">&gt;&gt;</a>&nbsp;&nbsp;&nbsp;SPI_PutByte
</UL>

<P><STRONG><a name="[68]"></a>Sector_Erase</STRONG> (Thumb, 50 bytes, Stack size 16 bytes, spi.o(.text), UNUSED)
<BR><BR>[Calls]<UL><LI><a href="#[66]">&gt;&gt;</a>&nbsp;&nbsp;&nbsp;SPI_PutByte
</UL>

<P><STRONG><a name="[69]"></a>Block_Erase_32K</STRONG> (Thumb, 50 bytes, Stack size 16 bytes, spi.o(.text), UNUSED)
<BR><BR>[Calls]<UL><LI><a href="#[66]">&gt;&gt;</a>&nbsp;&nbsp;&nbsp;SPI_PutByte
</UL>

<P><STRONG><a name="[6a]"></a>Block_Erase_64K</STRONG> (Thumb, 50 bytes, Stack size 16 bytes, spi.o(.text), UNUSED)
<BR><BR>[Calls]<UL><LI><a href="#[66]">&gt;&gt;</a>&nbsp;&nbsp;&nbsp;SPI_PutByte
</UL>

<P><STRONG><a name="[6b]"></a>Read_Status_Register</STRONG> (Thumb, 30 bytes, Stack size 12 bytes, spi.o(.text), UNUSED)
<BR><BR>[Calls]<UL><LI><a href="#[6c]">&gt;&gt;</a>&nbsp;&nbsp;&nbsp;SPI_GetByte
<LI><a href="#[66]">&gt;&gt;</a>&nbsp;&nbsp;&nbsp;SPI_PutByte
</UL>

<P><STRONG><a name="[6d]"></a>Wait_Busy</STRONG> (Thumb, 76 bytes, Stack size 16 bytes, spi.o(.text))
<BR><BR>[Stack]<UL><LI>Max Depth = 28<LI>Call Chain = Wait_Busy &rArr; SPI_GetByte
</UL>
<BR>[Calls]<UL><LI><a href="#[6e]">&gt;&gt;</a>&nbsp;&nbsp;&nbsp;Delay_Us
<LI><a href="#[6c]">&gt;&gt;</a>&nbsp;&nbsp;&nbsp;SPI_GetByte
<LI><a href="#[66]">&gt;&gt;</a>&nbsp;&nbsp;&nbsp;SPI_PutByte
</UL>
<BR>[Called By]<UL><LI><a href="#[89]">&gt;&gt;</a>&nbsp;&nbsp;&nbsp;FRAM_TEST
<LI><a href="#[88]">&gt;&gt;</a>&nbsp;&nbsp;&nbsp;AAI_Write
<LI><a href="#[85]">&gt;&gt;</a>&nbsp;&nbsp;&nbsp;FLASH_PageWrite
<LI><a href="#[83]">&gt;&gt;</a>&nbsp;&nbsp;&nbsp;Flash_Unlock
<LI><a href="#[81]">&gt;&gt;</a>&nbsp;&nbsp;&nbsp;W25QXX_UnLock
<LI><a href="#[7f]">&gt;&gt;</a>&nbsp;&nbsp;&nbsp;W25QXX_Lock
<LI><a href="#[6f]">&gt;&gt;</a>&nbsp;&nbsp;&nbsp;WREN
<LI><a href="#[3e]">&gt;&gt;</a>&nbsp;&nbsp;&nbsp;Write_Cont
<LI><a href="#[53]">&gt;&gt;</a>&nbsp;&nbsp;&nbsp;Flash_Lock
</UL>

<P><STRONG><a name="[6f]"></a>WREN</STRONG> (Thumb, 30 bytes, Stack size 16 bytes, spi.o(.text), UNUSED)
<BR><BR>[Calls]<UL><LI><a href="#[6d]">&gt;&gt;</a>&nbsp;&nbsp;&nbsp;Wait_Busy
<LI><a href="#[66]">&gt;&gt;</a>&nbsp;&nbsp;&nbsp;SPI_PutByte
</UL>

<P><STRONG><a name="[70]"></a>WRDI</STRONG> (Thumb, 26 bytes, Stack size 12 bytes, spi.o(.text), UNUSED)
<BR><BR>[Calls]<UL><LI><a href="#[66]">&gt;&gt;</a>&nbsp;&nbsp;&nbsp;SPI_PutByte
</UL>

<P><STRONG><a name="[71]"></a>EBSY</STRONG> (Thumb, 66 bytes, Stack size 12 bytes, spi.o(.text), UNUSED)
<BR><BR>[Calls]<UL><LI><a href="#[66]">&gt;&gt;</a>&nbsp;&nbsp;&nbsp;SPI_PutByte
</UL>

<P><STRONG><a name="[72]"></a>DBSY</STRONG> (Thumb, 26 bytes, Stack size 12 bytes, spi.o(.text), UNUSED)
<BR><BR>[Calls]<UL><LI><a href="#[66]">&gt;&gt;</a>&nbsp;&nbsp;&nbsp;SPI_PutByte
</UL>

<P><STRONG><a name="[73]"></a>EWSR</STRONG> (Thumb, 26 bytes, Stack size 12 bytes, spi.o(.text), UNUSED)
<BR><BR>[Calls]<UL><LI><a href="#[66]">&gt;&gt;</a>&nbsp;&nbsp;&nbsp;SPI_PutByte
</UL>

<P><STRONG><a name="[74]"></a>WRSR</STRONG> (Thumb, 34 bytes, Stack size 16 bytes, spi.o(.text), UNUSED)
<BR><BR>[Calls]<UL><LI><a href="#[66]">&gt;&gt;</a>&nbsp;&nbsp;&nbsp;SPI_PutByte
</UL>

<P><STRONG><a name="[75]"></a>W25QXX_WRSR</STRONG> (Thumb, 42 bytes, Stack size 16 bytes, spi.o(.text), UNUSED)
<BR><BR>[Calls]<UL><LI><a href="#[66]">&gt;&gt;</a>&nbsp;&nbsp;&nbsp;SPI_PutByte
</UL>

<P><STRONG><a name="[76]"></a>Poll_SO</STRONG> (Thumb, 52 bytes, Stack size 24 bytes, spi.o(.text), UNUSED)
<BR><BR>[Calls]<UL><LI><a href="#[6e]">&gt;&gt;</a>&nbsp;&nbsp;&nbsp;Delay_Us
</UL>

<P><STRONG><a name="[52]"></a>Read_ID</STRONG> (Thumb, 50 bytes, Stack size 16 bytes, spi.o(.text))
<BR><BR>[Stack]<UL><LI>Max Depth = 28<LI>Call Chain = Read_ID &rArr; SPI_GetByte
</UL>
<BR>[Calls]<UL><LI><a href="#[6c]">&gt;&gt;</a>&nbsp;&nbsp;&nbsp;SPI_GetByte
<LI><a href="#[66]">&gt;&gt;</a>&nbsp;&nbsp;&nbsp;SPI_PutByte
</UL>
<BR>[Called By]<UL><LI><a href="#[35]">&gt;&gt;</a>&nbsp;&nbsp;&nbsp;main
</UL>

<P><STRONG><a name="[77]"></a>Jedec_ID_Read</STRONG> (Thumb, 46 bytes, Stack size 16 bytes, spi.o(.text), UNUSED)
<BR><BR>[Calls]<UL><LI><a href="#[6c]">&gt;&gt;</a>&nbsp;&nbsp;&nbsp;SPI_GetByte
<LI><a href="#[66]">&gt;&gt;</a>&nbsp;&nbsp;&nbsp;SPI_PutByte
</UL>

<P><STRONG><a name="[78]"></a>Auto_Add_IncA</STRONG> (Thumb, 66 bytes, Stack size 20 bytes, spi.o(.text), UNUSED)
<BR><BR>[Calls]<UL><LI><a href="#[66]">&gt;&gt;</a>&nbsp;&nbsp;&nbsp;SPI_PutByte
</UL>

<P><STRONG><a name="[79]"></a>Auto_Add_IncB</STRONG> (Thumb, 42 bytes, Stack size 20 bytes, spi.o(.text), UNUSED)
<BR><BR>[Calls]<UL><LI><a href="#[66]">&gt;&gt;</a>&nbsp;&nbsp;&nbsp;SPI_PutByte
</UL>

<P><STRONG><a name="[7a]"></a>Wait_Busy_AAI</STRONG> (Thumb, 76 bytes, Stack size 16 bytes, spi.o(.text), UNUSED)
<BR><BR>[Calls]<UL><LI><a href="#[6c]">&gt;&gt;</a>&nbsp;&nbsp;&nbsp;SPI_GetByte
<LI><a href="#[66]">&gt;&gt;</a>&nbsp;&nbsp;&nbsp;SPI_PutByte
<LI><a href="#[5c]">&gt;&gt;</a>&nbsp;&nbsp;&nbsp;Delay_Ms
</UL>

<P><STRONG><a name="[7b]"></a>WREN_Check</STRONG> (Thumb, 76 bytes, Stack size 16 bytes, spi.o(.text), UNUSED)
<BR><BR>[Calls]<UL><LI><a href="#[6e]">&gt;&gt;</a>&nbsp;&nbsp;&nbsp;Delay_Us
<LI><a href="#[6c]">&gt;&gt;</a>&nbsp;&nbsp;&nbsp;SPI_GetByte
<LI><a href="#[66]">&gt;&gt;</a>&nbsp;&nbsp;&nbsp;SPI_PutByte
</UL>

<P><STRONG><a name="[7c]"></a>WREN_AAI_Check</STRONG> (Thumb, 84 bytes, Stack size 24 bytes, spi.o(.text), UNUSED)
<BR><BR>[Calls]<UL><LI><a href="#[6c]">&gt;&gt;</a>&nbsp;&nbsp;&nbsp;SPI_GetByte
<LI><a href="#[66]">&gt;&gt;</a>&nbsp;&nbsp;&nbsp;SPI_PutByte
<LI><a href="#[5c]">&gt;&gt;</a>&nbsp;&nbsp;&nbsp;Delay_Ms
</UL>

<P><STRONG><a name="[7d]"></a>Auto_Add_IncA_EBSY</STRONG> (Thumb, 128 bytes, Stack size 24 bytes, spi.o(.text))
<BR><BR>[Stack]<UL><LI>Max Depth = 36<LI>Call Chain = Auto_Add_IncA_EBSY &rArr; SPI_PutByte
</UL>
<BR>[Calls]<UL><LI><a href="#[6e]">&gt;&gt;</a>&nbsp;&nbsp;&nbsp;Delay_Us
<LI><a href="#[66]">&gt;&gt;</a>&nbsp;&nbsp;&nbsp;SPI_PutByte
</UL>
<BR>[Called By]<UL><LI><a href="#[88]">&gt;&gt;</a>&nbsp;&nbsp;&nbsp;AAI_Write
</UL>

<P><STRONG><a name="[7e]"></a>Auto_Add_IncB_EBSY</STRONG> (Thumb, 122 bytes, Stack size 24 bytes, spi.o(.text))
<BR><BR>[Stack]<UL><LI>Max Depth = 36<LI>Call Chain = Auto_Add_IncB_EBSY &rArr; SPI_PutByte
</UL>
<BR>[Calls]<UL><LI><a href="#[6e]">&gt;&gt;</a>&nbsp;&nbsp;&nbsp;Delay_Us
<LI><a href="#[66]">&gt;&gt;</a>&nbsp;&nbsp;&nbsp;SPI_PutByte
</UL>
<BR>[Called By]<UL><LI><a href="#[88]">&gt;&gt;</a>&nbsp;&nbsp;&nbsp;AAI_Write
</UL>

<P><STRONG><a name="[7f]"></a>W25QXX_Lock</STRONG> (Thumb, 64 bytes, Stack size 16 bytes, spi.o(.text), UNUSED)
<BR><BR>[Calls]<UL><LI><a href="#[6d]">&gt;&gt;</a>&nbsp;&nbsp;&nbsp;Wait_Busy
<LI><a href="#[66]">&gt;&gt;</a>&nbsp;&nbsp;&nbsp;SPI_PutByte
</UL>

<P><STRONG><a name="[80]"></a>SST25VF_Lock</STRONG> (Thumb, 78 bytes, Stack size 16 bytes, spi.o(.text), UNUSED)
<BR><BR>[Calls]<UL><LI><a href="#[66]">&gt;&gt;</a>&nbsp;&nbsp;&nbsp;SPI_PutByte
<LI><a href="#[5c]">&gt;&gt;</a>&nbsp;&nbsp;&nbsp;Delay_Ms
</UL>

<P><STRONG><a name="[81]"></a>W25QXX_UnLock</STRONG> (Thumb, 64 bytes, Stack size 16 bytes, spi.o(.text), UNUSED)
<BR><BR>[Calls]<UL><LI><a href="#[6d]">&gt;&gt;</a>&nbsp;&nbsp;&nbsp;Wait_Busy
<LI><a href="#[66]">&gt;&gt;</a>&nbsp;&nbsp;&nbsp;SPI_PutByte
</UL>

<P><STRONG><a name="[82]"></a>SST25VF_UnLock</STRONG> (Thumb, 64 bytes, Stack size 16 bytes, spi.o(.text), UNUSED)
<BR><BR>[Calls]<UL><LI><a href="#[66]">&gt;&gt;</a>&nbsp;&nbsp;&nbsp;SPI_PutByte
<LI><a href="#[5c]">&gt;&gt;</a>&nbsp;&nbsp;&nbsp;Delay_Ms
</UL>

<P><STRONG><a name="[53]"></a>Flash_Lock</STRONG> (Thumb, 134 bytes, Stack size 16 bytes, spi.o(.text))
<BR><BR>[Stack]<UL><LI>Max Depth = 44<LI>Call Chain = Flash_Lock &rArr; Wait_Busy &rArr; SPI_GetByte
</UL>
<BR>[Calls]<UL><LI><a href="#[6d]">&gt;&gt;</a>&nbsp;&nbsp;&nbsp;Wait_Busy
<LI><a href="#[66]">&gt;&gt;</a>&nbsp;&nbsp;&nbsp;SPI_PutByte
<LI><a href="#[5c]">&gt;&gt;</a>&nbsp;&nbsp;&nbsp;Delay_Ms
</UL>
<BR>[Called By]<UL><LI><a href="#[89]">&gt;&gt;</a>&nbsp;&nbsp;&nbsp;FRAM_TEST
<LI><a href="#[3e]">&gt;&gt;</a>&nbsp;&nbsp;&nbsp;Write_Cont
<LI><a href="#[35]">&gt;&gt;</a>&nbsp;&nbsp;&nbsp;main
</UL>

<P><STRONG><a name="[83]"></a>Flash_Unlock</STRONG> (Thumb, 134 bytes, Stack size 16 bytes, spi.o(.text))
<BR><BR>[Stack]<UL><LI>Max Depth = 44<LI>Call Chain = Flash_Unlock &rArr; Wait_Busy &rArr; SPI_GetByte
</UL>
<BR>[Calls]<UL><LI><a href="#[6d]">&gt;&gt;</a>&nbsp;&nbsp;&nbsp;Wait_Busy
<LI><a href="#[66]">&gt;&gt;</a>&nbsp;&nbsp;&nbsp;SPI_PutByte
<LI><a href="#[5c]">&gt;&gt;</a>&nbsp;&nbsp;&nbsp;Delay_Ms
</UL>
<BR>[Called By]<UL><LI><a href="#[89]">&gt;&gt;</a>&nbsp;&nbsp;&nbsp;FRAM_TEST
<LI><a href="#[3e]">&gt;&gt;</a>&nbsp;&nbsp;&nbsp;Write_Cont
</UL>

<P><STRONG><a name="[84]"></a>Byte_Program</STRONG> (Thumb, 58 bytes, Stack size 20 bytes, spi.o(.text), UNUSED)
<BR><BR>[Calls]<UL><LI><a href="#[66]">&gt;&gt;</a>&nbsp;&nbsp;&nbsp;SPI_PutByte
</UL>

<P><STRONG><a name="[85]"></a>FLASH_PageWrite</STRONG> (Thumb, 124 bytes, Stack size 24 bytes, spi.o(.text))
<BR><BR>[Stack]<UL><LI>Max Depth = 52<LI>Call Chain = FLASH_PageWrite &rArr; Wait_Busy &rArr; SPI_GetByte
</UL>
<BR>[Calls]<UL><LI><a href="#[6d]">&gt;&gt;</a>&nbsp;&nbsp;&nbsp;Wait_Busy
<LI><a href="#[66]">&gt;&gt;</a>&nbsp;&nbsp;&nbsp;SPI_PutByte
</UL>
<BR>[Called By]<UL><LI><a href="#[86]">&gt;&gt;</a>&nbsp;&nbsp;&nbsp;FLASH_BufferWrite
</UL>

<P><STRONG><a name="[86]"></a>FLASH_BufferWrite</STRONG> (Thumb, 220 bytes, Stack size 32 bytes, spi.o(.text))
<BR><BR>[Stack]<UL><LI>Max Depth = 84<LI>Call Chain = FLASH_BufferWrite &rArr; FLASH_PageWrite &rArr; Wait_Busy &rArr; SPI_GetByte
</UL>
<BR>[Calls]<UL><LI><a href="#[85]">&gt;&gt;</a>&nbsp;&nbsp;&nbsp;FLASH_PageWrite
</UL>
<BR>[Called By]<UL><LI><a href="#[3e]">&gt;&gt;</a>&nbsp;&nbsp;&nbsp;Write_Cont
</UL>

<P><STRONG><a name="[87]"></a>Read</STRONG> (Thumb, 54 bytes, Stack size 16 bytes, spi.o(.text), UNUSED)
<BR><BR>[Calls]<UL><LI><a href="#[6c]">&gt;&gt;</a>&nbsp;&nbsp;&nbsp;SPI_GetByte
<LI><a href="#[66]">&gt;&gt;</a>&nbsp;&nbsp;&nbsp;SPI_PutByte
</UL>

<P><STRONG><a name="[54]"></a>Read_Cont</STRONG> (Thumb, 76 bytes, Stack size 20 bytes, spi.o(.text))
<BR><BR>[Stack]<UL><LI>Max Depth = 32<LI>Call Chain = Read_Cont &rArr; SPI_GetByte
</UL>
<BR>[Calls]<UL><LI><a href="#[6c]">&gt;&gt;</a>&nbsp;&nbsp;&nbsp;SPI_GetByte
<LI><a href="#[66]">&gt;&gt;</a>&nbsp;&nbsp;&nbsp;SPI_PutByte
</UL>
<BR>[Called By]<UL><LI><a href="#[60]">&gt;&gt;</a>&nbsp;&nbsp;&nbsp;cc1101Hander
<LI><a href="#[35]">&gt;&gt;</a>&nbsp;&nbsp;&nbsp;main
</UL>

<P><STRONG><a name="[88]"></a>AAI_Write</STRONG> (Thumb, 182 bytes, Stack size 32 bytes, spi.o(.text))
<BR><BR>[Stack]<UL><LI>Max Depth = 68<LI>Call Chain = AAI_Write &rArr; Auto_Add_IncB_EBSY &rArr; SPI_PutByte
</UL>
<BR>[Calls]<UL><LI><a href="#[6e]">&gt;&gt;</a>&nbsp;&nbsp;&nbsp;Delay_Us
<LI><a href="#[7e]">&gt;&gt;</a>&nbsp;&nbsp;&nbsp;Auto_Add_IncB_EBSY
<LI><a href="#[7d]">&gt;&gt;</a>&nbsp;&nbsp;&nbsp;Auto_Add_IncA_EBSY
<LI><a href="#[6d]">&gt;&gt;</a>&nbsp;&nbsp;&nbsp;Wait_Busy
<LI><a href="#[66]">&gt;&gt;</a>&nbsp;&nbsp;&nbsp;SPI_PutByte
</UL>
<BR>[Called By]<UL><LI><a href="#[3e]">&gt;&gt;</a>&nbsp;&nbsp;&nbsp;Write_Cont
</UL>

<P><STRONG><a name="[3e]"></a>Write_Cont</STRONG> (Thumb, 250 bytes, Stack size 24 bytes, spi.o(.text))
<BR><BR>[Stack]<UL><LI>Max Depth = 108<LI>Call Chain = Write_Cont &rArr; FLASH_BufferWrite &rArr; FLASH_PageWrite &rArr; Wait_Busy &rArr; SPI_GetByte
</UL>
<BR>[Calls]<UL><LI><a href="#[88]">&gt;&gt;</a>&nbsp;&nbsp;&nbsp;AAI_Write
<LI><a href="#[86]">&gt;&gt;</a>&nbsp;&nbsp;&nbsp;FLASH_BufferWrite
<LI><a href="#[83]">&gt;&gt;</a>&nbsp;&nbsp;&nbsp;Flash_Unlock
<LI><a href="#[6d]">&gt;&gt;</a>&nbsp;&nbsp;&nbsp;Wait_Busy
<LI><a href="#[66]">&gt;&gt;</a>&nbsp;&nbsp;&nbsp;SPI_PutByte
<LI><a href="#[53]">&gt;&gt;</a>&nbsp;&nbsp;&nbsp;Flash_Lock
</UL>
<BR>[Called By]<UL><LI><a href="#[9a]">&gt;&gt;</a>&nbsp;&nbsp;&nbsp;UartDeal
<LI><a href="#[94]">&gt;&gt;</a>&nbsp;&nbsp;&nbsp;Bus0RecDeal
<LI><a href="#[89]">&gt;&gt;</a>&nbsp;&nbsp;&nbsp;FRAM_TEST
<LI><a href="#[60]">&gt;&gt;</a>&nbsp;&nbsp;&nbsp;cc1101Hander
<LI><a href="#[35]">&gt;&gt;</a>&nbsp;&nbsp;&nbsp;main
<LI><a href="#[16]">&gt;&gt;</a>&nbsp;&nbsp;&nbsp;TIMER32_1_IRQHandler
</UL>

<P><STRONG><a name="[89]"></a>FRAM_TEST</STRONG> (Thumb, 272 bytes, Stack size 24 bytes, spi.o(.text), UNUSED)
<BR><BR>[Calls]<UL><LI><a href="#[83]">&gt;&gt;</a>&nbsp;&nbsp;&nbsp;Flash_Unlock
<LI><a href="#[6d]">&gt;&gt;</a>&nbsp;&nbsp;&nbsp;Wait_Busy
<LI><a href="#[6c]">&gt;&gt;</a>&nbsp;&nbsp;&nbsp;SPI_GetByte
<LI><a href="#[66]">&gt;&gt;</a>&nbsp;&nbsp;&nbsp;SPI_PutByte
<LI><a href="#[56]">&gt;&gt;</a>&nbsp;&nbsp;&nbsp;uartSendByte
<LI><a href="#[3e]">&gt;&gt;</a>&nbsp;&nbsp;&nbsp;Write_Cont
<LI><a href="#[53]">&gt;&gt;</a>&nbsp;&nbsp;&nbsp;Flash_Lock
</UL>

<P><STRONG><a name="[6e]"></a>Delay_Us</STRONG> (Thumb, 36 bytes, Stack size 0 bytes, util.o(.text))
<BR><BR>[Called By]<UL><LI><a href="#[88]">&gt;&gt;</a>&nbsp;&nbsp;&nbsp;AAI_Write
<LI><a href="#[7e]">&gt;&gt;</a>&nbsp;&nbsp;&nbsp;Auto_Add_IncB_EBSY
<LI><a href="#[7d]">&gt;&gt;</a>&nbsp;&nbsp;&nbsp;Auto_Add_IncA_EBSY
<LI><a href="#[7b]">&gt;&gt;</a>&nbsp;&nbsp;&nbsp;WREN_Check
<LI><a href="#[76]">&gt;&gt;</a>&nbsp;&nbsp;&nbsp;Poll_SO
<LI><a href="#[6d]">&gt;&gt;</a>&nbsp;&nbsp;&nbsp;Wait_Busy
</UL>

<P><STRONG><a name="[5c]"></a>Delay_Ms</STRONG> (Thumb, 66 bytes, Stack size 12 bytes, util.o(.text))
<BR><BR>[Stack]<UL><LI>Max Depth = 12<LI>Call Chain = Delay_Ms
</UL>
<BR>[Called By]<UL><LI><a href="#[83]">&gt;&gt;</a>&nbsp;&nbsp;&nbsp;Flash_Unlock
<LI><a href="#[82]">&gt;&gt;</a>&nbsp;&nbsp;&nbsp;SST25VF_UnLock
<LI><a href="#[80]">&gt;&gt;</a>&nbsp;&nbsp;&nbsp;SST25VF_Lock
<LI><a href="#[7c]">&gt;&gt;</a>&nbsp;&nbsp;&nbsp;WREN_AAI_Check
<LI><a href="#[7a]">&gt;&gt;</a>&nbsp;&nbsp;&nbsp;Wait_Busy_AAI
<LI><a href="#[63]">&gt;&gt;</a>&nbsp;&nbsp;&nbsp;TimerOutDeal
<LI><a href="#[53]">&gt;&gt;</a>&nbsp;&nbsp;&nbsp;Flash_Lock
<LI><a href="#[35]">&gt;&gt;</a>&nbsp;&nbsp;&nbsp;main
</UL>

<P><STRONG><a name="[59]"></a>LED_Init</STRONG> (Thumb, 228 bytes, Stack size 16 bytes, led.o(.text))
<BR><BR>[Stack]<UL><LI>Max Depth = 16<LI>Call Chain = LED_Init
</UL>
<BR>[Called By]<UL><LI><a href="#[35]">&gt;&gt;</a>&nbsp;&nbsp;&nbsp;main
</UL>

<P><STRONG><a name="[3f]"></a>ClsScreen</STRONG> (Thumb, 60 bytes, Stack size 8 bytes, led.o(.text))
<BR><BR>[Stack]<UL><LI>Max Depth = 16<LI>Call Chain = ClsScreen &rArr; __aeabi_memset
</UL>
<BR>[Calls]<UL><LI><a href="#[8a]">&gt;&gt;</a>&nbsp;&nbsp;&nbsp;__aeabi_memset
</UL>
<BR>[Called By]<UL><LI><a href="#[99]">&gt;&gt;</a>&nbsp;&nbsp;&nbsp;ShowSelfError
<LI><a href="#[98]">&gt;&gt;</a>&nbsp;&nbsp;&nbsp;ShowBusError
<LI><a href="#[15]">&gt;&gt;</a>&nbsp;&nbsp;&nbsp;TIMER32_0_IRQHandler
<LI><a href="#[63]">&gt;&gt;</a>&nbsp;&nbsp;&nbsp;TimerOutDeal
<LI><a href="#[35]">&gt;&gt;</a>&nbsp;&nbsp;&nbsp;main
<LI><a href="#[48]">&gt;&gt;</a>&nbsp;&nbsp;&nbsp;ShowNurseInfo
<LI><a href="#[16]">&gt;&gt;</a>&nbsp;&nbsp;&nbsp;TIMER32_1_IRQHandler
</UL>

<P><STRONG><a name="[8b]"></a>ClsScreenForLine</STRONG> (Thumb, 82 bytes, Stack size 24 bytes, led.o(.text), UNUSED)
<BR><BR>[Calls]<UL><LI><a href="#[8a]">&gt;&gt;</a>&nbsp;&nbsp;&nbsp;__aeabi_memset
</UL>

<P><STRONG><a name="[5e]"></a>FullScreen</STRONG> (Thumb, 66 bytes, Stack size 16 bytes, led.o(.text))
<BR><BR>[Stack]<UL><LI>Max Depth = 16<LI>Call Chain = FullScreen
</UL>
<BR>[Calls]<UL><LI><a href="#[8c]">&gt;&gt;</a>&nbsp;&nbsp;&nbsp;__aeabi_memclr
</UL>
<BR>[Called By]<UL><LI><a href="#[35]">&gt;&gt;</a>&nbsp;&nbsp;&nbsp;main
</UL>

<P><STRONG><a name="[90]"></a>ShowNextLine</STRONG> (Thumb, 118 bytes, Stack size 16 bytes, led.o(.text))
<BR><BR>[Stack]<UL><LI>Max Depth = 16<LI>Call Chain = ShowNextLine
</UL>
<BR>[Called By]<UL><LI><a href="#[15]">&gt;&gt;</a>&nbsp;&nbsp;&nbsp;TIMER32_0_IRQHandler
</UL>

<P><STRONG><a name="[91]"></a>PutDataToSSP</STRONG> (Thumb, 374 bytes, Stack size 16 bytes, led.o(.text))
<BR><BR>[Stack]<UL><LI>Max Depth = 16<LI>Call Chain = PutDataToSSP
</UL>
<BR>[Called By]<UL><LI><a href="#[15]">&gt;&gt;</a>&nbsp;&nbsp;&nbsp;TIMER32_0_IRQHandler
</UL>

<P><STRONG><a name="[5a]"></a>SetArea</STRONG> (Thumb, 20 bytes, Stack size 4 bytes, led.o(.text))
<BR><BR>[Stack]<UL><LI>Max Depth = 4<LI>Call Chain = SetArea
</UL>
<BR>[Called By]<UL><LI><a href="#[35]">&gt;&gt;</a>&nbsp;&nbsp;&nbsp;main
</UL>

<P><STRONG><a name="[8e]"></a>SetPixel</STRONG> (Thumb, 168 bytes, Stack size 16 bytes, led.o(.text))
<BR><BR>[Stack]<UL><LI>Max Depth = 16<LI>Call Chain = SetPixel
</UL>
<BR>[Called By]<UL><LI><a href="#[8d]">&gt;&gt;</a>&nbsp;&nbsp;&nbsp;DrawLine
<LI><a href="#[64]">&gt;&gt;</a>&nbsp;&nbsp;&nbsp;ClearRect
</UL>

<P><STRONG><a name="[8d]"></a>DrawLine</STRONG> (Thumb, 122 bytes, Stack size 20 bytes, led.o(.text), UNUSED)
<BR><BR>[Calls]<UL><LI><a href="#[8e]">&gt;&gt;</a>&nbsp;&nbsp;&nbsp;SetPixel
</UL>
<BR>[Called By]<UL><LI><a href="#[8f]">&gt;&gt;</a>&nbsp;&nbsp;&nbsp;DrawRect
</UL>

<P><STRONG><a name="[8f]"></a>DrawRect</STRONG> (Thumb, 64 bytes, Stack size 24 bytes, led.o(.text), UNUSED)
<BR><BR>[Calls]<UL><LI><a href="#[8d]">&gt;&gt;</a>&nbsp;&nbsp;&nbsp;DrawLine
</UL>

<P><STRONG><a name="[64]"></a>ClearRect</STRONG> (Thumb, 52 bytes, Stack size 20 bytes, led.o(.text))
<BR><BR>[Stack]<UL><LI>Max Depth = 36<LI>Call Chain = ClearRect &rArr; SetPixel
</UL>
<BR>[Calls]<UL><LI><a href="#[8e]">&gt;&gt;</a>&nbsp;&nbsp;&nbsp;SetPixel
</UL>
<BR>[Called By]<UL><LI><a href="#[35]">&gt;&gt;</a>&nbsp;&nbsp;&nbsp;main
</UL>

<P><STRONG><a name="[eb]"></a>PutPixelDatas</STRONG> (Thumb, 372 bytes, Stack size 40 bytes, led.o(.text), UNUSED)

<P><STRONG><a name="[4e]"></a>GetTextShowLength</STRONG> (Thumb, 84 bytes, Stack size 8 bytes, led.o(.text))
<BR><BR>[Stack]<UL><LI>Max Depth = 8<LI>Call Chain = GetTextShowLength
</UL>
<BR>[Called By]<UL><LI><a href="#[4d]">&gt;&gt;</a>&nbsp;&nbsp;&nbsp;ShowMessageInfo
</UL>

<P><STRONG><a name="[44]"></a>TextOutRed</STRONG> (Thumb, 688 bytes, Stack size 240 bytes, led.o(.text))
<BR><BR>[Stack]<UL><LI>Max Depth = 272<LI>Call Chain = TextOutRed &rArr; Read_GL23L32S4W &rArr; SPI_PutByte
</UL>
<BR>[Calls]<UL><LI><a href="#[65]">&gt;&gt;</a>&nbsp;&nbsp;&nbsp;Read_GL23L32S4W
</UL>
<BR>[Called By]<UL><LI><a href="#[99]">&gt;&gt;</a>&nbsp;&nbsp;&nbsp;ShowSelfError
<LI><a href="#[98]">&gt;&gt;</a>&nbsp;&nbsp;&nbsp;ShowBusError
<LI><a href="#[63]">&gt;&gt;</a>&nbsp;&nbsp;&nbsp;TimerOutDeal
<LI><a href="#[35]">&gt;&gt;</a>&nbsp;&nbsp;&nbsp;main
<LI><a href="#[4d]">&gt;&gt;</a>&nbsp;&nbsp;&nbsp;ShowMessageInfo
<LI><a href="#[48]">&gt;&gt;</a>&nbsp;&nbsp;&nbsp;ShowNurseInfo
<LI><a href="#[46]">&gt;&gt;</a>&nbsp;&nbsp;&nbsp;ShowCallInfo
<LI><a href="#[42]">&gt;&gt;</a>&nbsp;&nbsp;&nbsp;ShowTime
</UL>

<P><STRONG><a name="[47]"></a>TextOutGreen</STRONG> (Thumb, 660 bytes, Stack size 240 bytes, led.o(.text))
<BR><BR>[Stack]<UL><LI>Max Depth = 272<LI>Call Chain = TextOutGreen &rArr; Read_GL23L32S4W &rArr; SPI_PutByte
</UL>
<BR>[Calls]<UL><LI><a href="#[65]">&gt;&gt;</a>&nbsp;&nbsp;&nbsp;Read_GL23L32S4W
</UL>
<BR>[Called By]<UL><LI><a href="#[4d]">&gt;&gt;</a>&nbsp;&nbsp;&nbsp;ShowMessageInfo
<LI><a href="#[46]">&gt;&gt;</a>&nbsp;&nbsp;&nbsp;ShowCallInfo
</UL>

<P><STRONG><a name="[45]"></a>TextOutGreen_DotData</STRONG> (Thumb, 556 bytes, Stack size 232 bytes, led.o(.text))
<BR><BR>[Stack]<UL><LI>Max Depth = 256<LI>Call Chain = TextOutGreen_DotData &rArr; __aeabi_memcpy
</UL>
<BR>[Calls]<UL><LI><a href="#[49]">&gt;&gt;</a>&nbsp;&nbsp;&nbsp;__aeabi_memcpy
</UL>
<BR>[Called By]<UL><LI><a href="#[42]">&gt;&gt;</a>&nbsp;&nbsp;&nbsp;ShowTime
</UL>

<P><STRONG><a name="[4c]"></a>SetDisplayFrame</STRONG> (Thumb, 6 bytes, Stack size 0 bytes, led.o(.text))
<BR><BR>[Called By]<UL><LI><a href="#[99]">&gt;&gt;</a>&nbsp;&nbsp;&nbsp;ShowSelfError
<LI><a href="#[98]">&gt;&gt;</a>&nbsp;&nbsp;&nbsp;ShowBusError
<LI><a href="#[63]">&gt;&gt;</a>&nbsp;&nbsp;&nbsp;TimerOutDeal
<LI><a href="#[35]">&gt;&gt;</a>&nbsp;&nbsp;&nbsp;main
<LI><a href="#[48]">&gt;&gt;</a>&nbsp;&nbsp;&nbsp;ShowNurseInfo
</UL>

<P><STRONG><a name="[4b]"></a>SetOperateFrame</STRONG> (Thumb, 6 bytes, Stack size 0 bytes, led.o(.text))
<BR><BR>[Called By]<UL><LI><a href="#[99]">&gt;&gt;</a>&nbsp;&nbsp;&nbsp;ShowSelfError
<LI><a href="#[98]">&gt;&gt;</a>&nbsp;&nbsp;&nbsp;ShowBusError
<LI><a href="#[63]">&gt;&gt;</a>&nbsp;&nbsp;&nbsp;TimerOutDeal
<LI><a href="#[35]">&gt;&gt;</a>&nbsp;&nbsp;&nbsp;main
<LI><a href="#[48]">&gt;&gt;</a>&nbsp;&nbsp;&nbsp;ShowNurseInfo
</UL>

<P><STRONG><a name="[4a]"></a>GetNextDisplayFrame</STRONG> (Thumb, 10 bytes, Stack size 0 bytes, led.o(.text))
<BR><BR>[Called By]<UL><LI><a href="#[99]">&gt;&gt;</a>&nbsp;&nbsp;&nbsp;ShowSelfError
<LI><a href="#[98]">&gt;&gt;</a>&nbsp;&nbsp;&nbsp;ShowBusError
<LI><a href="#[63]">&gt;&gt;</a>&nbsp;&nbsp;&nbsp;TimerOutDeal
<LI><a href="#[35]">&gt;&gt;</a>&nbsp;&nbsp;&nbsp;main
<LI><a href="#[48]">&gt;&gt;</a>&nbsp;&nbsp;&nbsp;ShowNurseInfo
</UL>

<P><STRONG><a name="[5d]"></a>SingleBusInit</STRONG> (Thumb, 206 bytes, Stack size 24 bytes, singlebus.o(.text))
<BR><BR>[Stack]<UL><LI>Max Depth = 24<LI>Call Chain = SingleBusInit
</UL>
<BR>[Calls]<UL><LI><a href="#[3c]">&gt;&gt;</a>&nbsp;&nbsp;&nbsp;__aeabi_uidivmod
</UL>
<BR>[Called By]<UL><LI><a href="#[35]">&gt;&gt;</a>&nbsp;&nbsp;&nbsp;main
</UL>

<P><STRONG><a name="[21]"></a>PIOINT1_IRQHandler</STRONG> (Thumb, 70 bytes, Stack size 4 bytes, singlebus.o(.text))
<BR><BR>[Stack]<UL><LI>Max Depth = 4<LI>Call Chain = PIOINT1_IRQHandler
</UL>
<BR>[Address Reference Count : 1]<UL><LI> startup_lpc11xx.o(RESET)
</UL>
<P><STRONG><a name="[15]"></a>TIMER32_0_IRQHandler</STRONG> (Thumb, 1598 bytes, Stack size 24 bytes, singlebus.o(.text))
<BR><BR>[Stack]<UL><LI>Max Depth = 40<LI>Call Chain = TIMER32_0_IRQHandler &rArr; PutDataToSSP
</UL>
<BR>[Calls]<UL><LI><a href="#[92]">&gt;&gt;</a>&nbsp;&nbsp;&nbsp;__aeabi_idivmod
<LI><a href="#[3c]">&gt;&gt;</a>&nbsp;&nbsp;&nbsp;__aeabi_uidivmod
<LI><a href="#[91]">&gt;&gt;</a>&nbsp;&nbsp;&nbsp;PutDataToSSP
<LI><a href="#[90]">&gt;&gt;</a>&nbsp;&nbsp;&nbsp;ShowNextLine
<LI><a href="#[3f]">&gt;&gt;</a>&nbsp;&nbsp;&nbsp;ClsScreen
</UL>
<BR>[Address Reference Count : 1]<UL><LI> startup_lpc11xx.o(RESET)
</UL>
<P><STRONG><a name="[93]"></a>Bus0OutputData</STRONG> (Thumb, 62 bytes, Stack size 24 bytes, singlebus.o(.text))
<BR><BR>[Stack]<UL><LI>Max Depth = 32<LI>Call Chain = Bus0OutputData &rArr; __aeabi_idivmod
</UL>
<BR>[Calls]<UL><LI><a href="#[92]">&gt;&gt;</a>&nbsp;&nbsp;&nbsp;__aeabi_idivmod
<LI><a href="#[3c]">&gt;&gt;</a>&nbsp;&nbsp;&nbsp;__aeabi_uidivmod
</UL>
<BR>[Called By]<UL><LI><a href="#[9a]">&gt;&gt;</a>&nbsp;&nbsp;&nbsp;UartDeal
</UL>

<P><STRONG><a name="[a8]"></a>BcdToHex</STRONG> (Thumb, 16 bytes, Stack size 0 bytes, singlebus.o(.text))
<BR><BR>[Called By]<UL><LI><a href="#[60]">&gt;&gt;</a>&nbsp;&nbsp;&nbsp;cc1101Hander
</UL>

<P><STRONG><a name="[ec]"></a>Bus0SendDeal</STRONG> (Thumb, 2 bytes, Stack size 0 bytes, singlebus.o(.text), UNUSED)

<P><STRONG><a name="[94]"></a>Bus0RecDeal</STRONG> (Thumb, 456 bytes, Stack size 24 bytes, singlebus.o(.text))
<BR><BR>[Stack]<UL><LI>Max Depth = 132<LI>Call Chain = Bus0RecDeal &rArr; Write_Cont &rArr; FLASH_BufferWrite &rArr; FLASH_PageWrite &rArr; Wait_Busy &rArr; SPI_GetByte
</UL>
<BR>[Calls]<UL><LI><a href="#[92]">&gt;&gt;</a>&nbsp;&nbsp;&nbsp;__aeabi_idivmod
<LI><a href="#[3c]">&gt;&gt;</a>&nbsp;&nbsp;&nbsp;__aeabi_uidivmod
<LI><a href="#[95]">&gt;&gt;</a>&nbsp;&nbsp;&nbsp;UartReInit
<LI><a href="#[3e]">&gt;&gt;</a>&nbsp;&nbsp;&nbsp;Write_Cont
<LI><a href="#[97]">&gt;&gt;</a>&nbsp;&nbsp;&nbsp;DeleteNurse
<LI><a href="#[96]">&gt;&gt;</a>&nbsp;&nbsp;&nbsp;InsertNurse
</UL>
<BR>[Called By]<UL><LI><a href="#[61]">&gt;&gt;</a>&nbsp;&nbsp;&nbsp;Bus0Manager
</UL>

<P><STRONG><a name="[61]"></a>Bus0Manager</STRONG> (Thumb, 236 bytes, Stack size 32 bytes, singlebus.o(.text))
<BR><BR>[Stack]<UL><LI>Max Depth = 164<LI>Call Chain = Bus0Manager &rArr; Bus0RecDeal &rArr; Write_Cont &rArr; FLASH_BufferWrite &rArr; FLASH_PageWrite &rArr; Wait_Busy &rArr; SPI_GetByte
</UL>
<BR>[Calls]<UL><LI><a href="#[92]">&gt;&gt;</a>&nbsp;&nbsp;&nbsp;__aeabi_idivmod
<LI><a href="#[3c]">&gt;&gt;</a>&nbsp;&nbsp;&nbsp;__aeabi_uidivmod
<LI><a href="#[49]">&gt;&gt;</a>&nbsp;&nbsp;&nbsp;__aeabi_memcpy
<LI><a href="#[94]">&gt;&gt;</a>&nbsp;&nbsp;&nbsp;Bus0RecDeal
</UL>
<BR>[Called By]<UL><LI><a href="#[35]">&gt;&gt;</a>&nbsp;&nbsp;&nbsp;main
</UL>

<P><STRONG><a name="[98]"></a>ShowBusError</STRONG> (Thumb, 54 bytes, Stack size 16 bytes, singlebus.o(.text), UNUSED)
<BR><BR>[Calls]<UL><LI><a href="#[43]">&gt;&gt;</a>&nbsp;&nbsp;&nbsp;__2sprintf
<LI><a href="#[44]">&gt;&gt;</a>&nbsp;&nbsp;&nbsp;TextOutRed
<LI><a href="#[4b]">&gt;&gt;</a>&nbsp;&nbsp;&nbsp;SetOperateFrame
<LI><a href="#[4c]">&gt;&gt;</a>&nbsp;&nbsp;&nbsp;SetDisplayFrame
<LI><a href="#[4a]">&gt;&gt;</a>&nbsp;&nbsp;&nbsp;GetNextDisplayFrame
<LI><a href="#[3f]">&gt;&gt;</a>&nbsp;&nbsp;&nbsp;ClsScreen
</UL>

<P><STRONG><a name="[99]"></a>ShowSelfError</STRONG> (Thumb, 54 bytes, Stack size 16 bytes, singlebus.o(.text), UNUSED)
<BR><BR>[Calls]<UL><LI><a href="#[43]">&gt;&gt;</a>&nbsp;&nbsp;&nbsp;__2sprintf
<LI><a href="#[44]">&gt;&gt;</a>&nbsp;&nbsp;&nbsp;TextOutRed
<LI><a href="#[4b]">&gt;&gt;</a>&nbsp;&nbsp;&nbsp;SetOperateFrame
<LI><a href="#[4c]">&gt;&gt;</a>&nbsp;&nbsp;&nbsp;SetDisplayFrame
<LI><a href="#[4a]">&gt;&gt;</a>&nbsp;&nbsp;&nbsp;GetNextDisplayFrame
<LI><a href="#[3f]">&gt;&gt;</a>&nbsp;&nbsp;&nbsp;ClsScreen
</UL>

<P><STRONG><a name="[63]"></a>TimerOutDeal</STRONG> (Thumb, 602 bytes, Stack size 24 bytes, singlebus.o(.text))
<BR><BR>[Stack]<UL><LI>Max Depth = 296 + Unknown Stack Size
<LI>Call Chain = TimerOutDeal &rArr; TextOutRed &rArr; Read_GL23L32S4W &rArr; SPI_PutByte
</UL>
<BR>[Calls]<UL><LI><a href="#[43]">&gt;&gt;</a>&nbsp;&nbsp;&nbsp;__2sprintf
<LI><a href="#[44]">&gt;&gt;</a>&nbsp;&nbsp;&nbsp;TextOutRed
<LI><a href="#[4b]">&gt;&gt;</a>&nbsp;&nbsp;&nbsp;SetOperateFrame
<LI><a href="#[4c]">&gt;&gt;</a>&nbsp;&nbsp;&nbsp;SetDisplayFrame
<LI><a href="#[4a]">&gt;&gt;</a>&nbsp;&nbsp;&nbsp;GetNextDisplayFrame
<LI><a href="#[5c]">&gt;&gt;</a>&nbsp;&nbsp;&nbsp;Delay_Ms
<LI><a href="#[3f]">&gt;&gt;</a>&nbsp;&nbsp;&nbsp;ClsScreen
</UL>
<BR>[Called By]<UL><LI><a href="#[35]">&gt;&gt;</a>&nbsp;&nbsp;&nbsp;main
</UL>

<P><STRONG><a name="[56]"></a>uartSendByte</STRONG> (Thumb, 6 bytes, Stack size 0 bytes, uart.o(.text))
<BR><BR>[Called By]<UL><LI><a href="#[89]">&gt;&gt;</a>&nbsp;&nbsp;&nbsp;FRAM_TEST
<LI><a href="#[35]">&gt;&gt;</a>&nbsp;&nbsp;&nbsp;main
</UL>

<P><STRONG><a name="[ed]"></a>CheckPsk</STRONG> (Thumb, 94 bytes, Stack size 12 bytes, uart.o(.text), UNUSED)

<P><STRONG><a name="[55]"></a>UartInit</STRONG> (Thumb, 232 bytes, Stack size 16 bytes, uart.o(.text))
<BR><BR>[Stack]<UL><LI>Max Depth = 16<LI>Call Chain = UartInit
</UL>
<BR>[Calls]<UL><LI><a href="#[3c]">&gt;&gt;</a>&nbsp;&nbsp;&nbsp;__aeabi_uidivmod
</UL>
<BR>[Called By]<UL><LI><a href="#[95]">&gt;&gt;</a>&nbsp;&nbsp;&nbsp;UartReInit
<LI><a href="#[35]">&gt;&gt;</a>&nbsp;&nbsp;&nbsp;main
</UL>

<P><STRONG><a name="[95]"></a>UartReInit</STRONG> (Thumb, 14 bytes, Stack size 0 bytes, uart.o(.text))
<BR><BR>[Stack]<UL><LI>Max Depth = 16<LI>Call Chain = UartReInit &rArr; UartInit
</UL>
<BR>[Calls]<UL><LI><a href="#[55]">&gt;&gt;</a>&nbsp;&nbsp;&nbsp;UartInit
</UL>
<BR>[Called By]<UL><LI><a href="#[94]">&gt;&gt;</a>&nbsp;&nbsp;&nbsp;Bus0RecDeal
</UL>

<P><STRONG><a name="[9a]"></a>UartDeal</STRONG> (Thumb, 360 bytes, Stack size 24 bytes, uart.o(.text))
<BR><BR>[Stack]<UL><LI>Max Depth = 132<LI>Call Chain = UartDeal &rArr; Write_Cont &rArr; FLASH_BufferWrite &rArr; FLASH_PageWrite &rArr; Wait_Busy &rArr; SPI_GetByte
</UL>
<BR>[Calls]<UL><LI><a href="#[8c]">&gt;&gt;</a>&nbsp;&nbsp;&nbsp;__aeabi_memclr
<LI><a href="#[49]">&gt;&gt;</a>&nbsp;&nbsp;&nbsp;__aeabi_memcpy
<LI><a href="#[93]">&gt;&gt;</a>&nbsp;&nbsp;&nbsp;Bus0OutputData
<LI><a href="#[3e]">&gt;&gt;</a>&nbsp;&nbsp;&nbsp;Write_Cont
</UL>
<BR>[Called By]<UL><LI><a href="#[62]">&gt;&gt;</a>&nbsp;&nbsp;&nbsp;UartManager
</UL>

<P><STRONG><a name="[62]"></a>UartManager</STRONG> (Thumb, 256 bytes, Stack size 16 bytes, uart.o(.text))
<BR><BR>[Stack]<UL><LI>Max Depth = 148<LI>Call Chain = UartManager &rArr; UartDeal &rArr; Write_Cont &rArr; FLASH_BufferWrite &rArr; FLASH_PageWrite &rArr; Wait_Busy &rArr; SPI_GetByte
</UL>
<BR>[Calls]<UL><LI><a href="#[3c]">&gt;&gt;</a>&nbsp;&nbsp;&nbsp;__aeabi_uidivmod
<LI><a href="#[9a]">&gt;&gt;</a>&nbsp;&nbsp;&nbsp;UartDeal
</UL>
<BR>[Called By]<UL><LI><a href="#[35]">&gt;&gt;</a>&nbsp;&nbsp;&nbsp;main
</UL>

<P><STRONG><a name="[18]"></a>UART_IRQHandler</STRONG> (Thumb, 164 bytes, Stack size 24 bytes, uart.o(.text))
<BR><BR>[Stack]<UL><LI>Max Depth = 24<LI>Call Chain = UART_IRQHandler
</UL>
<BR>[Calls]<UL><LI><a href="#[3c]">&gt;&gt;</a>&nbsp;&nbsp;&nbsp;__aeabi_uidivmod
</UL>
<BR>[Address Reference Count : 1]<UL><LI> startup_lpc11xx.o(RESET)
</UL>
<P><STRONG><a name="[ee]"></a>delay</STRONG> (Thumb, 2 bytes, Stack size 0 bytes, cc1101.o(.text), UNUSED)

<P><STRONG><a name="[ef]"></a>halWait</STRONG> (Thumb, 28 bytes, Stack size 0 bytes, cc1101.o(.text), UNUSED)

<P><STRONG><a name="[57]"></a>cc1101Pin_init</STRONG> (Thumb, 138 bytes, Stack size 12 bytes, cc1101.o(.text))
<BR><BR>[Stack]<UL><LI>Max Depth = 12<LI>Call Chain = cc1101Pin_init
</UL>
<BR>[Called By]<UL><LI><a href="#[35]">&gt;&gt;</a>&nbsp;&nbsp;&nbsp;main
</UL>

<P><STRONG><a name="[9c]"></a>SpiTxRxByte</STRONG> (Thumb, 88 bytes, Stack size 16 bytes, cc1101.o(.text))
<BR><BR>[Stack]<UL><LI>Max Depth = 16<LI>Call Chain = SpiTxRxByte
</UL>
<BR>[Called By]<UL><LI><a href="#[a7]">&gt;&gt;</a>&nbsp;&nbsp;&nbsp;halRfReceivePacket
<LI><a href="#[a6]">&gt;&gt;</a>&nbsp;&nbsp;&nbsp;halRfSendPacket
<LI><a href="#[a5]">&gt;&gt;</a>&nbsp;&nbsp;&nbsp;halSpiReadStatus
<LI><a href="#[a4]">&gt;&gt;</a>&nbsp;&nbsp;&nbsp;halSpiReadBurstReg
<LI><a href="#[a3]">&gt;&gt;</a>&nbsp;&nbsp;&nbsp;halSpiReadReg
<LI><a href="#[a2]">&gt;&gt;</a>&nbsp;&nbsp;&nbsp;POWER_UP_RESET_CC1100
<LI><a href="#[a1]">&gt;&gt;</a>&nbsp;&nbsp;&nbsp;RESET_CC1100
<LI><a href="#[9f]">&gt;&gt;</a>&nbsp;&nbsp;&nbsp;halSpiWriteBurstReg
<LI><a href="#[9b]">&gt;&gt;</a>&nbsp;&nbsp;&nbsp;halSpiWriteReg
<LI><a href="#[5f]">&gt;&gt;</a>&nbsp;&nbsp;&nbsp;halSpiStrobe
<LI><a href="#[58]">&gt;&gt;</a>&nbsp;&nbsp;&nbsp;CC1101_Init
</UL>

<P><STRONG><a name="[9b]"></a>halSpiWriteReg</STRONG> (Thumb, 64 bytes, Stack size 16 bytes, cc1101.o(.text))
<BR><BR>[Stack]<UL><LI>Max Depth = 32<LI>Call Chain = halSpiWriteReg &rArr; SpiTxRxByte
</UL>
<BR>[Calls]<UL><LI><a href="#[9c]">&gt;&gt;</a>&nbsp;&nbsp;&nbsp;SpiTxRxByte
</UL>
<BR>[Called By]<UL><LI><a href="#[a6]">&gt;&gt;</a>&nbsp;&nbsp;&nbsp;halRfSendPacket
<LI><a href="#[a0]">&gt;&gt;</a>&nbsp;&nbsp;&nbsp;halRfWriteRfSettings
<LI><a href="#[9d]">&gt;&gt;</a>&nbsp;&nbsp;&nbsp;Init_WOR
</UL>

<P><STRONG><a name="[5f]"></a>halSpiStrobe</STRONG> (Thumb, 52 bytes, Stack size 12 bytes, cc1101.o(.text))
<BR><BR>[Stack]<UL><LI>Max Depth = 28<LI>Call Chain = halSpiStrobe &rArr; SpiTxRxByte
</UL>
<BR>[Calls]<UL><LI><a href="#[9c]">&gt;&gt;</a>&nbsp;&nbsp;&nbsp;SpiTxRxByte
</UL>
<BR>[Called By]<UL><LI><a href="#[a7]">&gt;&gt;</a>&nbsp;&nbsp;&nbsp;halRfReceivePacket
<LI><a href="#[a6]">&gt;&gt;</a>&nbsp;&nbsp;&nbsp;halRfSendPacket
<LI><a href="#[9e]">&gt;&gt;</a>&nbsp;&nbsp;&nbsp;StartRxWor
<LI><a href="#[9d]">&gt;&gt;</a>&nbsp;&nbsp;&nbsp;Init_WOR
<LI><a href="#[60]">&gt;&gt;</a>&nbsp;&nbsp;&nbsp;cc1101Hander
<LI><a href="#[58]">&gt;&gt;</a>&nbsp;&nbsp;&nbsp;CC1101_Init
<LI><a href="#[35]">&gt;&gt;</a>&nbsp;&nbsp;&nbsp;main
</UL>

<P><STRONG><a name="[9d]"></a>Init_WOR</STRONG> (Thumb, 42 bytes, Stack size 4 bytes, cc1101.o(.text), UNUSED)
<BR><BR>[Calls]<UL><LI><a href="#[9b]">&gt;&gt;</a>&nbsp;&nbsp;&nbsp;halSpiWriteReg
<LI><a href="#[5f]">&gt;&gt;</a>&nbsp;&nbsp;&nbsp;halSpiStrobe
</UL>

<P><STRONG><a name="[9e]"></a>StartRxWor</STRONG> (Thumb, 22 bytes, Stack size 4 bytes, cc1101.o(.text), UNUSED)
<BR><BR>[Calls]<UL><LI><a href="#[5f]">&gt;&gt;</a>&nbsp;&nbsp;&nbsp;halSpiStrobe
</UL>

<P><STRONG><a name="[9f]"></a>halSpiWriteBurstReg</STRONG> (Thumb, 80 bytes, Stack size 20 bytes, cc1101.o(.text), UNUSED)
<BR><BR>[Calls]<UL><LI><a href="#[9c]">&gt;&gt;</a>&nbsp;&nbsp;&nbsp;SpiTxRxByte
</UL>

<P><STRONG><a name="[a0]"></a>halRfWriteRfSettings</STRONG> (Thumb, 308 bytes, Stack size 4 bytes, cc1101.o(.text))
<BR><BR>[Stack]<UL><LI>Max Depth = 36<LI>Call Chain = halRfWriteRfSettings &rArr; halSpiWriteReg &rArr; SpiTxRxByte
</UL>
<BR>[Calls]<UL><LI><a href="#[9b]">&gt;&gt;</a>&nbsp;&nbsp;&nbsp;halSpiWriteReg
</UL>
<BR>[Called By]<UL><LI><a href="#[58]">&gt;&gt;</a>&nbsp;&nbsp;&nbsp;CC1101_Init
</UL>

<P><STRONG><a name="[a1]"></a>RESET_CC1100</STRONG> (Thumb, 80 bytes, Stack size 16 bytes, cc1101.o(.text), UNUSED)
<BR><BR>[Calls]<UL><LI><a href="#[9c]">&gt;&gt;</a>&nbsp;&nbsp;&nbsp;SpiTxRxByte
</UL>

<P><STRONG><a name="[a2]"></a>POWER_UP_RESET_CC1100</STRONG> (Thumb, 172 bytes, Stack size 20 bytes, cc1101.o(.text))
<BR><BR>[Stack]<UL><LI>Max Depth = 36<LI>Call Chain = POWER_UP_RESET_CC1100 &rArr; SpiTxRxByte
</UL>
<BR>[Calls]<UL><LI><a href="#[9c]">&gt;&gt;</a>&nbsp;&nbsp;&nbsp;SpiTxRxByte
</UL>
<BR>[Called By]<UL><LI><a href="#[58]">&gt;&gt;</a>&nbsp;&nbsp;&nbsp;CC1101_Init
</UL>

<P><STRONG><a name="[58]"></a>CC1101_Init</STRONG> (Thumb, 88 bytes, Stack size 20 bytes, cc1101.o(.text))
<BR><BR>[Stack]<UL><LI>Max Depth = 56<LI>Call Chain = CC1101_Init &rArr; POWER_UP_RESET_CC1100 &rArr; SpiTxRxByte
</UL>
<BR>[Calls]<UL><LI><a href="#[a2]">&gt;&gt;</a>&nbsp;&nbsp;&nbsp;POWER_UP_RESET_CC1100
<LI><a href="#[a0]">&gt;&gt;</a>&nbsp;&nbsp;&nbsp;halRfWriteRfSettings
<LI><a href="#[9c]">&gt;&gt;</a>&nbsp;&nbsp;&nbsp;SpiTxRxByte
<LI><a href="#[5f]">&gt;&gt;</a>&nbsp;&nbsp;&nbsp;halSpiStrobe
</UL>
<BR>[Called By]<UL><LI><a href="#[35]">&gt;&gt;</a>&nbsp;&nbsp;&nbsp;main
</UL>

<P><STRONG><a name="[a3]"></a>halSpiReadReg</STRONG> (Thumb, 62 bytes, Stack size 12 bytes, cc1101.o(.text), UNUSED)
<BR><BR>[Calls]<UL><LI><a href="#[9c]">&gt;&gt;</a>&nbsp;&nbsp;&nbsp;SpiTxRxByte
</UL>

<P><STRONG><a name="[a4]"></a>halSpiReadBurstReg</STRONG> (Thumb, 82 bytes, Stack size 20 bytes, cc1101.o(.text), UNUSED)
<BR><BR>[Calls]<UL><LI><a href="#[9c]">&gt;&gt;</a>&nbsp;&nbsp;&nbsp;SpiTxRxByte
</UL>

<P><STRONG><a name="[a5]"></a>halSpiReadStatus</STRONG> (Thumb, 62 bytes, Stack size 12 bytes, cc1101.o(.text), UNUSED)
<BR><BR>[Calls]<UL><LI><a href="#[9c]">&gt;&gt;</a>&nbsp;&nbsp;&nbsp;SpiTxRxByte
</UL>

<P><STRONG><a name="[a6]"></a>halRfSendPacket</STRONG> (Thumb, 152 bytes, Stack size 20 bytes, cc1101.o(.text))
<BR><BR>[Stack]<UL><LI>Max Depth = 52<LI>Call Chain = halRfSendPacket &rArr; halSpiWriteReg &rArr; SpiTxRxByte
</UL>
<BR>[Calls]<UL><LI><a href="#[9b]">&gt;&gt;</a>&nbsp;&nbsp;&nbsp;halSpiWriteReg
<LI><a href="#[9c]">&gt;&gt;</a>&nbsp;&nbsp;&nbsp;SpiTxRxByte
<LI><a href="#[5f]">&gt;&gt;</a>&nbsp;&nbsp;&nbsp;halSpiStrobe
</UL>
<BR>[Called By]<UL><LI><a href="#[60]">&gt;&gt;</a>&nbsp;&nbsp;&nbsp;cc1101Hander
</UL>

<P><STRONG><a name="[a7]"></a>halRfReceivePacket</STRONG> (Thumb, 310 bytes, Stack size 24 bytes, cc1101.o(.text))
<BR><BR>[Stack]<UL><LI>Max Depth = 52<LI>Call Chain = halRfReceivePacket &rArr; halSpiStrobe &rArr; SpiTxRxByte
</UL>
<BR>[Calls]<UL><LI><a href="#[9c]">&gt;&gt;</a>&nbsp;&nbsp;&nbsp;SpiTxRxByte
<LI><a href="#[5f]">&gt;&gt;</a>&nbsp;&nbsp;&nbsp;halSpiStrobe
</UL>
<BR>[Called By]<UL><LI><a href="#[60]">&gt;&gt;</a>&nbsp;&nbsp;&nbsp;cc1101Hander
</UL>

<P><STRONG><a name="[60]"></a>cc1101Hander</STRONG> (Thumb, 822 bytes, Stack size 24 bytes, cc1101.o(.text))
<BR><BR>[Stack]<UL><LI>Max Depth = 132<LI>Call Chain = cc1101Hander &rArr; Write_Cont &rArr; FLASH_BufferWrite &rArr; FLASH_PageWrite &rArr; Wait_Busy &rArr; SPI_GetByte
</UL>
<BR>[Calls]<UL><LI><a href="#[8c]">&gt;&gt;</a>&nbsp;&nbsp;&nbsp;__aeabi_memclr
<LI><a href="#[49]">&gt;&gt;</a>&nbsp;&nbsp;&nbsp;__aeabi_memcpy
<LI><a href="#[a7]">&gt;&gt;</a>&nbsp;&nbsp;&nbsp;halRfReceivePacket
<LI><a href="#[a6]">&gt;&gt;</a>&nbsp;&nbsp;&nbsp;halRfSendPacket
<LI><a href="#[a8]">&gt;&gt;</a>&nbsp;&nbsp;&nbsp;BcdToHex
<LI><a href="#[5f]">&gt;&gt;</a>&nbsp;&nbsp;&nbsp;halSpiStrobe
<LI><a href="#[3e]">&gt;&gt;</a>&nbsp;&nbsp;&nbsp;Write_Cont
<LI><a href="#[54]">&gt;&gt;</a>&nbsp;&nbsp;&nbsp;Read_Cont
<LI><a href="#[97]">&gt;&gt;</a>&nbsp;&nbsp;&nbsp;DeleteNurse
<LI><a href="#[96]">&gt;&gt;</a>&nbsp;&nbsp;&nbsp;InsertNurse
</UL>
<BR>[Called By]<UL><LI><a href="#[35]">&gt;&gt;</a>&nbsp;&nbsp;&nbsp;main
</UL>

<P><STRONG><a name="[43]"></a>__2sprintf</STRONG> (Thumb, 36 bytes, Stack size 32 bytes, noretval__2sprintf.o(.text))
<BR><BR>[Stack]<UL><LI>Max Depth = 128 + Unknown Stack Size
<LI>Call Chain = __2sprintf &rArr; _printf_char_common &rArr; __printf
</UL>
<BR>[Calls]<UL><LI><a href="#[24]">&gt;&gt;</a>&nbsp;&nbsp;&nbsp;_sputc
<LI><a href="#[a9]">&gt;&gt;</a>&nbsp;&nbsp;&nbsp;_printf_char_common
</UL>
<BR>[Called By]<UL><LI><a href="#[99]">&gt;&gt;</a>&nbsp;&nbsp;&nbsp;ShowSelfError
<LI><a href="#[98]">&gt;&gt;</a>&nbsp;&nbsp;&nbsp;ShowBusError
<LI><a href="#[63]">&gt;&gt;</a>&nbsp;&nbsp;&nbsp;TimerOutDeal
<LI><a href="#[48]">&gt;&gt;</a>&nbsp;&nbsp;&nbsp;ShowNurseInfo
<LI><a href="#[46]">&gt;&gt;</a>&nbsp;&nbsp;&nbsp;ShowCallInfo
<LI><a href="#[42]">&gt;&gt;</a>&nbsp;&nbsp;&nbsp;ShowTime
</UL>

<P><STRONG><a name="[ab]"></a>_printf_pre_padding</STRONG> (Thumb, 44 bytes, Stack size 16 bytes, _printf_pad.o(.text))
<BR><BR>[Stack]<UL><LI>Max Depth = 16<LI>Call Chain = _printf_pre_padding
</UL>
<BR>[Called By]<UL><LI><a href="#[b0]">&gt;&gt;</a>&nbsp;&nbsp;&nbsp;_printf_int_common
<LI><a href="#[aa]">&gt;&gt;</a>&nbsp;&nbsp;&nbsp;_printf_str
</UL>

<P><STRONG><a name="[ac]"></a>_printf_post_padding</STRONG> (Thumb, 34 bytes, Stack size 16 bytes, _printf_pad.o(.text))
<BR><BR>[Stack]<UL><LI>Max Depth = 16<LI>Call Chain = _printf_post_padding
</UL>
<BR>[Called By]<UL><LI><a href="#[b0]">&gt;&gt;</a>&nbsp;&nbsp;&nbsp;_printf_int_common
<LI><a href="#[aa]">&gt;&gt;</a>&nbsp;&nbsp;&nbsp;_printf_str
</UL>

<P><STRONG><a name="[aa]"></a>_printf_str</STRONG> (Thumb, 82 bytes, Stack size 16 bytes, _printf_str.o(.text))
<BR><BR>[Stack]<UL><LI>Max Depth = 32<LI>Call Chain = _printf_str &rArr; _printf_post_padding
</UL>
<BR>[Calls]<UL><LI><a href="#[ac]">&gt;&gt;</a>&nbsp;&nbsp;&nbsp;_printf_post_padding
<LI><a href="#[ab]">&gt;&gt;</a>&nbsp;&nbsp;&nbsp;_printf_pre_padding
</UL>
<BR>[Called By]<UL><LI><a href="#[b8]">&gt;&gt;</a>&nbsp;&nbsp;&nbsp;_printf_cs_common
</UL>

<P><STRONG><a name="[2d]"></a>_printf_int_dec</STRONG> (Thumb, 90 bytes, Stack size 32 bytes, _printf_dec.o(.text))
<BR><BR>[Stack]<UL><LI>Max Depth = 88<LI>Call Chain = _printf_int_dec &rArr; _printf_int_common &rArr; _printf_post_padding
</UL>
<BR>[Calls]<UL><LI><a href="#[af]">&gt;&gt;</a>&nbsp;&nbsp;&nbsp;__rt_udiv10
<LI><a href="#[b0]">&gt;&gt;</a>&nbsp;&nbsp;&nbsp;_printf_int_common
<LI><a href="#[ae]">&gt;&gt;</a>&nbsp;&nbsp;&nbsp;_printf_truncate_unsigned (Weak Reference)
<LI><a href="#[ad]">&gt;&gt;</a>&nbsp;&nbsp;&nbsp;_printf_truncate_signed (Weak Reference)
</UL>
<BR>[Called By]<UL><LI><a href="#[2b]">&gt;&gt;</a>&nbsp;&nbsp;&nbsp;_printf_d
</UL>

<P><STRONG><a name="[b1]"></a>__printf</STRONG> (Thumb, 306 bytes, Stack size 32 bytes, __printf_flags_wp.o(.text))
<BR><BR>[Stack]<UL><LI>Max Depth = 32 + Unknown Stack Size
<LI>Call Chain = __printf
</UL>
<BR>[Calls]<UL><LI><a href="#[b3]">&gt;&gt;</a>&nbsp;&nbsp;&nbsp;_printf_percent
<LI><a href="#[b2]">&gt;&gt;</a>&nbsp;&nbsp;&nbsp;_is_digit
</UL>
<BR>[Called By]<UL><LI><a href="#[a9]">&gt;&gt;</a>&nbsp;&nbsp;&nbsp;_printf_char_common
</UL>

<P><STRONG><a name="[49]"></a>__aeabi_memcpy</STRONG> (Thumb, 130 bytes, Stack size 24 bytes, rt_memcpy.o(.text))
<BR><BR>[Stack]<UL><LI>Max Depth = 24<LI>Call Chain = __aeabi_memcpy
</UL>
<BR>[Calls]<UL><LI><a href="#[b4]">&gt;&gt;</a>&nbsp;&nbsp;&nbsp;__aeabi_memcpy4
</UL>
<BR>[Called By]<UL><LI><a href="#[9a]">&gt;&gt;</a>&nbsp;&nbsp;&nbsp;UartDeal
<LI><a href="#[60]">&gt;&gt;</a>&nbsp;&nbsp;&nbsp;cc1101Hander
<LI><a href="#[45]">&gt;&gt;</a>&nbsp;&nbsp;&nbsp;TextOutGreen_DotData
<LI><a href="#[61]">&gt;&gt;</a>&nbsp;&nbsp;&nbsp;Bus0Manager
<LI><a href="#[48]">&gt;&gt;</a>&nbsp;&nbsp;&nbsp;ShowNurseInfo
</UL>

<P><STRONG><a name="[f0]"></a>__rt_memcpy</STRONG> (Thumb, 0 bytes, Stack size 24 bytes, rt_memcpy.o(.text), UNUSED)

<P><STRONG><a name="[8a]"></a>__aeabi_memset</STRONG> (Thumb, 18 bytes, Stack size 8 bytes, aeabi_memset.o(.text))
<BR><BR>[Stack]<UL><LI>Max Depth = 8<LI>Call Chain = __aeabi_memset
</UL>
<BR>[Calls]<UL><LI><a href="#[b5]">&gt;&gt;</a>&nbsp;&nbsp;&nbsp;_memset
</UL>
<BR>[Called By]<UL><LI><a href="#[8b]">&gt;&gt;</a>&nbsp;&nbsp;&nbsp;ClsScreenForLine
<LI><a href="#[3f]">&gt;&gt;</a>&nbsp;&nbsp;&nbsp;ClsScreen
</UL>

<P><STRONG><a name="[b6]"></a>_memset_w</STRONG> (Thumb, 26 bytes, Stack size 0 bytes, rt_memclr.o(.text))
<BR><BR>[Called By]<UL><LI><a href="#[b7]">&gt;&gt;</a>&nbsp;&nbsp;&nbsp;__rt_memclr_w
<LI><a href="#[b5]">&gt;&gt;</a>&nbsp;&nbsp;&nbsp;_memset
</UL>

<P><STRONG><a name="[b5]"></a>_memset</STRONG> (Thumb, 30 bytes, Stack size 0 bytes, rt_memclr.o(.text))
<BR><BR>[Calls]<UL><LI><a href="#[b6]">&gt;&gt;</a>&nbsp;&nbsp;&nbsp;_memset_w
</UL>
<BR>[Called By]<UL><LI><a href="#[8c]">&gt;&gt;</a>&nbsp;&nbsp;&nbsp;__aeabi_memclr
<LI><a href="#[8a]">&gt;&gt;</a>&nbsp;&nbsp;&nbsp;__aeabi_memset
</UL>

<P><STRONG><a name="[8c]"></a>__aeabi_memclr</STRONG> (Thumb, 4 bytes, Stack size 0 bytes, rt_memclr.o(.text))
<BR><BR>[Calls]<UL><LI><a href="#[b5]">&gt;&gt;</a>&nbsp;&nbsp;&nbsp;_memset
</UL>
<BR>[Called By]<UL><LI><a href="#[9a]">&gt;&gt;</a>&nbsp;&nbsp;&nbsp;UartDeal
<LI><a href="#[60]">&gt;&gt;</a>&nbsp;&nbsp;&nbsp;cc1101Hander
<LI><a href="#[5e]">&gt;&gt;</a>&nbsp;&nbsp;&nbsp;FullScreen
</UL>

<P><STRONG><a name="[f1]"></a>__rt_memclr</STRONG> (Thumb, 0 bytes, Stack size 0 bytes, rt_memclr.o(.text), UNUSED)

<P><STRONG><a name="[50]"></a>__aeabi_memclr4</STRONG> (Thumb, 0 bytes, Stack size 0 bytes, rt_memclr.o(.text))
<BR><BR>[Called By]<UL><LI><a href="#[35]">&gt;&gt;</a>&nbsp;&nbsp;&nbsp;main
</UL>

<P><STRONG><a name="[f2]"></a>__aeabi_memclr8</STRONG> (Thumb, 0 bytes, Stack size 0 bytes, rt_memclr.o(.text), UNUSED)

<P><STRONG><a name="[b7]"></a>__rt_memclr_w</STRONG> (Thumb, 4 bytes, Stack size 0 bytes, rt_memclr.o(.text), UNUSED)
<BR><BR>[Calls]<UL><LI><a href="#[b6]">&gt;&gt;</a>&nbsp;&nbsp;&nbsp;_memset_w
</UL>

<P><STRONG><a name="[f3]"></a>__aeabi_uidiv</STRONG> (Thumb, 0 bytes, Stack size 0 bytes, aeabi_sdivfast.o(.text), UNUSED)

<P><STRONG><a name="[3c]"></a>__aeabi_uidivmod</STRONG> (Thumb, 28 bytes, Stack size 0 bytes, aeabi_sdivfast.o(.text))
<BR><BR>[Called By]<UL><LI><a href="#[18]">&gt;&gt;</a>&nbsp;&nbsp;&nbsp;UART_IRQHandler
<LI><a href="#[94]">&gt;&gt;</a>&nbsp;&nbsp;&nbsp;Bus0RecDeal
<LI><a href="#[93]">&gt;&gt;</a>&nbsp;&nbsp;&nbsp;Bus0OutputData
<LI><a href="#[15]">&gt;&gt;</a>&nbsp;&nbsp;&nbsp;TIMER32_0_IRQHandler
<LI><a href="#[62]">&gt;&gt;</a>&nbsp;&nbsp;&nbsp;UartManager
<LI><a href="#[55]">&gt;&gt;</a>&nbsp;&nbsp;&nbsp;UartInit
<LI><a href="#[5d]">&gt;&gt;</a>&nbsp;&nbsp;&nbsp;SingleBusInit
<LI><a href="#[61]">&gt;&gt;</a>&nbsp;&nbsp;&nbsp;Bus0Manager
<LI><a href="#[35]">&gt;&gt;</a>&nbsp;&nbsp;&nbsp;main
<LI><a href="#[4f]">&gt;&gt;</a>&nbsp;&nbsp;&nbsp;hex_convert
<LI><a href="#[4d]">&gt;&gt;</a>&nbsp;&nbsp;&nbsp;ShowMessageInfo
<LI><a href="#[41]">&gt;&gt;</a>&nbsp;&nbsp;&nbsp;timer1Init
<LI><a href="#[40]">&gt;&gt;</a>&nbsp;&nbsp;&nbsp;timer0Init
<LI><a href="#[16]">&gt;&gt;</a>&nbsp;&nbsp;&nbsp;TIMER32_1_IRQHandler
<LI><a href="#[3b]">&gt;&gt;</a>&nbsp;&nbsp;&nbsp;SystemFrequencyUpdate
</UL>

<P><STRONG><a name="[f4]"></a>__aeabi_idiv</STRONG> (Thumb, 0 bytes, Stack size 8 bytes, aeabi_sdivfast.o(.text), UNUSED)

<P><STRONG><a name="[92]"></a>__aeabi_idivmod</STRONG> (Thumb, 460 bytes, Stack size 8 bytes, aeabi_sdivfast.o(.text))
<BR><BR>[Stack]<UL><LI>Max Depth = 8<LI>Call Chain = __aeabi_idivmod
</UL>
<BR>[Called By]<UL><LI><a href="#[94]">&gt;&gt;</a>&nbsp;&nbsp;&nbsp;Bus0RecDeal
<LI><a href="#[93]">&gt;&gt;</a>&nbsp;&nbsp;&nbsp;Bus0OutputData
<LI><a href="#[15]">&gt;&gt;</a>&nbsp;&nbsp;&nbsp;TIMER32_0_IRQHandler
<LI><a href="#[61]">&gt;&gt;</a>&nbsp;&nbsp;&nbsp;Bus0Manager
</UL>

<P><STRONG><a name="[f5]"></a>__use_two_region_memory</STRONG> (Thumb, 2 bytes, Stack size 0 bytes, heapauxi.o(.text), UNUSED)

<P><STRONG><a name="[f6]"></a>__rt_heap_escrow$2region</STRONG> (Thumb, 2 bytes, Stack size 0 bytes, heapauxi.o(.text), UNUSED)

<P><STRONG><a name="[f7]"></a>__rt_heap_expand$2region</STRONG> (Thumb, 2 bytes, Stack size 0 bytes, heapauxi.o(.text), UNUSED)

<P><STRONG><a name="[b0]"></a>_printf_int_common</STRONG> (Thumb, 176 bytes, Stack size 40 bytes, _printf_intcommon.o(.text))
<BR><BR>[Stack]<UL><LI>Max Depth = 56<LI>Call Chain = _printf_int_common &rArr; _printf_post_padding
</UL>
<BR>[Calls]<UL><LI><a href="#[ac]">&gt;&gt;</a>&nbsp;&nbsp;&nbsp;_printf_post_padding
<LI><a href="#[ab]">&gt;&gt;</a>&nbsp;&nbsp;&nbsp;_printf_pre_padding
</UL>
<BR>[Called By]<UL><LI><a href="#[2d]">&gt;&gt;</a>&nbsp;&nbsp;&nbsp;_printf_int_dec
</UL>

<P><STRONG><a name="[a9]"></a>_printf_char_common</STRONG> (Thumb, 32 bytes, Stack size 64 bytes, _printf_char_common.o(.text))
<BR><BR>[Stack]<UL><LI>Max Depth = 96 + Unknown Stack Size
<LI>Call Chain = _printf_char_common &rArr; __printf
</UL>
<BR>[Calls]<UL><LI><a href="#[b1]">&gt;&gt;</a>&nbsp;&nbsp;&nbsp;__printf
</UL>
<BR>[Called By]<UL><LI><a href="#[43]">&gt;&gt;</a>&nbsp;&nbsp;&nbsp;__2sprintf
</UL>

<P><STRONG><a name="[24]"></a>_sputc</STRONG> (Thumb, 10 bytes, Stack size 0 bytes, _sputc.o(.text))
<BR><BR>[Called By]<UL><LI><a href="#[43]">&gt;&gt;</a>&nbsp;&nbsp;&nbsp;__2sprintf
</UL>
<BR>[Address Reference Count : 1]<UL><LI> noretval__2sprintf.o(.text)
</UL>
<P><STRONG><a name="[b8]"></a>_printf_cs_common</STRONG> (Thumb, 22 bytes, Stack size 8 bytes, _printf_char.o(.text))
<BR><BR>[Stack]<UL><LI>Max Depth = 40<LI>Call Chain = _printf_cs_common &rArr; _printf_str &rArr; _printf_post_padding
</UL>
<BR>[Calls]<UL><LI><a href="#[b9]">&gt;&gt;</a>&nbsp;&nbsp;&nbsp;_printf_mbtowc (Weak Reference)
<LI><a href="#[aa]">&gt;&gt;</a>&nbsp;&nbsp;&nbsp;_printf_str
</UL>
<BR>[Called By]<UL><LI><a href="#[2f]">&gt;&gt;</a>&nbsp;&nbsp;&nbsp;_printf_string
<LI><a href="#[ba]">&gt;&gt;</a>&nbsp;&nbsp;&nbsp;_printf_char
</UL>

<P><STRONG><a name="[ba]"></a>_printf_char</STRONG> (Thumb, 16 bytes, Stack size 0 bytes, _printf_char.o(.text), UNUSED)
<BR><BR>[Calls]<UL><LI><a href="#[b8]">&gt;&gt;</a>&nbsp;&nbsp;&nbsp;_printf_cs_common
</UL>

<P><STRONG><a name="[2f]"></a>_printf_string</STRONG> (Thumb, 8 bytes, Stack size 0 bytes, _printf_char.o(.text))
<BR><BR>[Stack]<UL><LI>Max Depth = 40<LI>Call Chain = _printf_string &rArr; _printf_cs_common &rArr; _printf_str &rArr; _printf_post_padding
</UL>
<BR>[Calls]<UL><LI><a href="#[b8]">&gt;&gt;</a>&nbsp;&nbsp;&nbsp;_printf_cs_common
</UL>
<BR>[Called By]<UL><LI><a href="#[2c]">&gt;&gt;</a>&nbsp;&nbsp;&nbsp;_printf_s
</UL>

<P><STRONG><a name="[af]"></a>__rt_udiv10</STRONG> (Thumb, 40 bytes, Stack size 0 bytes, rtudiv10.o(.text))
<BR><BR>[Called By]<UL><LI><a href="#[2d]">&gt;&gt;</a>&nbsp;&nbsp;&nbsp;_printf_int_dec
</UL>

<P><STRONG><a name="[31]"></a>__user_setup_stackheap</STRONG> (Thumb, 62 bytes, Stack size 8 bytes, sys_stackheap_outer.o(.text))
<BR><BR>[Stack]<UL><LI>Max Depth = 8 + Unknown Stack Size
<LI>Call Chain = __user_setup_stackheap
</UL>
<BR>[Calls]<UL><LI><a href="#[bb]">&gt;&gt;</a>&nbsp;&nbsp;&nbsp;__user_perproc_libspace
<LI><a href="#[bc]">&gt;&gt;</a>&nbsp;&nbsp;&nbsp;__user_initial_stackheap
</UL>
<BR>[Called By]<UL><LI><a href="#[30]">&gt;&gt;</a>&nbsp;&nbsp;&nbsp;__rt_entry_sh
</UL>

<P><STRONG><a name="[36]"></a>exit</STRONG> (Thumb, 12 bytes, Stack size 0 bytes, exit.o(.text))
<BR><BR>[Calls]<UL><LI><a href="#[be]">&gt;&gt;</a>&nbsp;&nbsp;&nbsp;__rt_exit
<LI><a href="#[bd]">&gt;&gt;</a>&nbsp;&nbsp;&nbsp;_call_atexit_fns (Weak Reference)
</UL>
<BR>[Called By]<UL><LI><a href="#[34]">&gt;&gt;</a>&nbsp;&nbsp;&nbsp;__rt_entry_main
</UL>

<P><STRONG><a name="[f8]"></a>__user_libspace</STRONG> (Thumb, 8 bytes, Stack size 0 bytes, libspace.o(.text), UNUSED)

<P><STRONG><a name="[bb]"></a>__user_perproc_libspace</STRONG> (Thumb, 0 bytes, Stack size 0 bytes, libspace.o(.text))
<BR><BR>[Called By]<UL><LI><a href="#[31]">&gt;&gt;</a>&nbsp;&nbsp;&nbsp;__user_setup_stackheap
</UL>

<P><STRONG><a name="[f9]"></a>__user_perthread_libspace</STRONG> (Thumb, 0 bytes, Stack size 0 bytes, libspace.o(.text), UNUSED)

<P><STRONG><a name="[3a]"></a>_sys_exit</STRONG> (Thumb, 8 bytes, Stack size 0 bytes, sys_exit.o(.text))
<BR><BR>[Called By]<UL><LI><a href="#[39]">&gt;&gt;</a>&nbsp;&nbsp;&nbsp;__rt_exit_exit
</UL>

<P><STRONG><a name="[fa]"></a>__I$use$semihosting</STRONG> (Thumb, 0 bytes, Stack size 0 bytes, use_no_semi.o(.text), UNUSED)

<P><STRONG><a name="[fb]"></a>__use_no_semihosting_swi</STRONG> (Thumb, 2 bytes, Stack size 0 bytes, use_no_semi.o(.text), UNUSED)

<P><STRONG><a name="[fc]"></a>__semihosting_library_function</STRONG> (Thumb, 0 bytes, Stack size 0 bytes, indicate_semi.o(.text), UNUSED)

<P><STRONG><a name="[b2]"></a>_is_digit</STRONG> (Thumb, 14 bytes, Stack size 0 bytes, __printf_wp.o(i._is_digit))
<BR><BR>[Called By]<UL><LI><a href="#[b1]">&gt;&gt;</a>&nbsp;&nbsp;&nbsp;__printf
</UL>
<P>
<H3>
Local Symbols
</H3>
<P><STRONG><a name="[25]"></a>_printf_input_char</STRONG> (Thumb, 10 bytes, Stack size 0 bytes, _printf_char_common.o(.text))
<BR>[Address Reference Count : 1]<UL><LI> _printf_char_common.o(.text)
</UL><P>
<H3>
Undefined Global Symbols
</H3>
<P><STRONG><a name="[bd]"></a>_call_atexit_fns</STRONG> (ARM, 0 bytes, Stack size 0 bytes, UNDEFINED)
<BR><BR>[Called By]<UL><LI><a href="#[36]">&gt;&gt;</a>&nbsp;&nbsp;&nbsp;exit
</UL>

<P><STRONG><a name="[b9]"></a>_printf_mbtowc</STRONG> (ARM, 0 bytes, Stack size 0 bytes, UNDEFINED)
<BR><BR>[Called By]<UL><LI><a href="#[b8]">&gt;&gt;</a>&nbsp;&nbsp;&nbsp;_printf_cs_common
</UL>

<P><STRONG><a name="[ad]"></a>_printf_truncate_signed</STRONG> (ARM, 0 bytes, Stack size 0 bytes, UNDEFINED)
<BR><BR>[Called By]<UL><LI><a href="#[2d]">&gt;&gt;</a>&nbsp;&nbsp;&nbsp;_printf_int_dec
</UL>

<P><STRONG><a name="[ae]"></a>_printf_truncate_unsigned</STRONG> (ARM, 0 bytes, Stack size 0 bytes, UNDEFINED)
<BR><BR>[Called By]<UL><LI><a href="#[2d]">&gt;&gt;</a>&nbsp;&nbsp;&nbsp;_printf_int_dec
</UL>
<HR></body></html>
