BL51 BANKED LINKER/LOCATER V6.22                                                        02/14/2019  11:08:20  PAGE 1


BL51 BANKED LINKER/LOCATER V6.22, INVOKED BY:
C:\KEIL\C51\BIN\BL51.EXE IAP.obj, Key.obj, main.obj, parameter.obj, SingleBus.obj, .\OS_CORE.obj, .\OS_MEM.obj, .\OS_Q.o
>> bj, .\OS_SEM.obj, .\OS_CPU_C.obj, .\OS_CPU_A.obj TO CTFJ-ZB-V10 RAMSIZE (256) CODE (?CO?PARAMETER (0X3A00))


MEMORY MODEL: LARGE


INPUT MODULES INCLUDED:
  IAP.obj (IAP)
  Key.obj (KEY)
  main.obj (MAIN)
  parameter.obj (PARAMETER)
  SingleBus.obj (SINGLEBUS)
  .\OS_CORE.obj (OS_CORE)
  .\OS_MEM.obj (OS_MEM)
  .\OS_Q.obj (OS_Q)
  .\OS_SEM.obj (OS_SEM)
  .\OS_CPU_C.obj (OS_CPU_C)
  .\OS_CPU_A.obj (OS_CPU_A_ASM)
  C:\KEIL\C51\LIB\C51L.LIB (?C_STARTUP)
  C:\KEIL\C51\LIB\C51L.LIB (?C?COPY)
  C:\KEIL\C51\LIB\C51L.LIB (?C?CLDPTR)
  C:\KEIL\C51\LIB\C51L.LIB (?C?CLDOPTR)
  C:\KEIL\C51\LIB\C51L.LIB (?C?CSTPTR)
  C:\KEIL\C51\LIB\C51L.LIB (?C?IMUL)
  C:\KEIL\C51\LIB\C51L.LIB (?C?UIDIV)
  C:\KEIL\C51\LIB\C51L.LIB (?C?IILDX)
  C:\KEIL\C51\LIB\C51L.LIB (?C?ILDIX)
  C:\KEIL\C51\LIB\C51L.LIB (?C?CCASE)
  C:\KEIL\C51\LIB\C51L.LIB (?C?MEMSET)
  C:\KEIL\C51\LIB\C51L.LIB (?C_INIT)


LINK MAP OF MODULE:  CTFJ-ZB-V10 (IAP)


            TYPE    BASE      LENGTH    RELOCATION   SEGMENT NAME
            -----------------------------------------------------

            * * * * * * *   D A T A   M E M O R Y   * * * * * * *
            REG     0000H     0008H     ABSOLUTE     "REG BANK 0"
            DATA    0008H     0014H     UNIT         ?DT?SINGLEBUS
            DATA    001CH     0001H     UNIT         ?DT?MAIN
                    001DH     0003H                  *** GAP ***
            DATA    0020H     0009H     BIT_ADDR     ?BA?SINGLEBUS
            BIT     0029H.0   0001H.4   UNIT         ?BI?MAIN
            BIT     002AH.4   0000H.1   UNIT         ?BI?KEY
            BIT     002AH.5   0000H.1   UNIT         ?BI?SINGLEBUS
                    002AH.6   0000H.2                *** GAP ***
            DATA    002BH     000BH     UNIT         ?DT?OS_CORE
            DATA    0036H     0008H     UNIT         ?DT?OS_CPU_C
            IDATA   003EH     0010H     UNIT         ?ID?MAIN
            IDATA   004EH     0002H     UNIT         ?STACK

            * * * * * * *  X D A T A   M E M O R Y  * * * * * * *
            XDATA   0000H     00C7H     UNIT         ?XD?SINGLEBUS
            XDATA   00C7H     0068H     UNIT         ?XD?MAIN
BL51 BANKED LINKER/LOCATER V6.22                                                      02/14/2019  11:08:20  PAGE 2


            XDATA   012FH     0011H     UNIT         ?XD?TIMEINTERVAL?MAIN
            XDATA   0140H     000CH     UNIT         _XDATA_GROUP_
            XDATA   014CH     0006H     UNIT         ?XD?ALLDAY?MAIN
            XDATA   0152H     0002H     UNIT         ?XD?KEY
            XDATA   0154H     0001H     UNIT         ?XD?OS_CPU_C

            * * * * * * *   C O D E   M E M O R Y   * * * * * * *
            CODE    0000H     0003H     ABSOLUTE     
            CODE    0003H     0003H     ABSOLUTE     
            CODE    0006H     0003H     UNIT         ?PR?TIMER1INT?MAIN
                    0009H     0002H                  *** GAP ***
            CODE    000BH     0003H     ABSOLUTE     
                    000EH     0005H                  *** GAP ***
            CODE    0013H     0003H     ABSOLUTE     
                    0016H     0005H                  *** GAP ***
            CODE    001BH     0003H     ABSOLUTE     
                    001EH     0005H                  *** GAP ***
            CODE    0023H     0003H     ABSOLUTE     
            CODE    0026H     000DH     UNIT         ?PR?OSCTXSW?OS_CPU_A
            CODE    0033H     0003H     ABSOLUTE     
            CODE    0036H     0988H     UNIT         ?PR?BUS0RECDEAL?SINGLEBUS
            CODE    09BEH     0670H     UNIT         ?PR?TIMER0INT?SINGLEBUS
            CODE    102EH     045FH     UNIT         ?PR?TIMEROUTDEAL?SINGLEBUS
            CODE    148DH     0261H     UNIT         ?PR?BUS0SENDDEAL?SINGLEBUS
            CODE    16EEH     0259H     UNIT         ?PR?BUS1RECDEAL?SINGLEBUS
            CODE    1947H     0233H     UNIT         ?C?LIB_CODE
            CODE    1B7AH     01EEH     UNIT         ?PR?_KEYDOWNDEAL?KEY
            CODE    1D68H     01A6H     UNIT         ?PR?INITPARAMETER?SINGLEBUS
            CODE    1F0EH     014AH     UNIT         ?PR?VOICECHANNELCTX?SINGLEBUS
            CODE    2058H     0139H     UNIT         ?PR?_SAVEPARAMETER?SINGLEBUS
            CODE    2191H     010EH     UNIT         ?PR?IRDATREAT?SINGLEBUS
            CODE    229FH     00D6H     UNIT         ?PR?INIT?MAIN
            CODE    2375H     00CEH     UNIT         ?PR?BUS1SENDDEAL?SINGLEBUS
            CODE    2443H     00B1H     UNIT         ?PR?_BUS1OUTPUTDATA?SINGLEBUS
            CODE    24F4H     009EH     UNIT         ?PR?_BUS0OUTPUTDATA?SINGLEBUS
            CODE    2592H     0094H     UNIT         ?PR?_OSQPEND?OS_Q
            CODE    2626H     008CH     UNIT         ?PR?C_OSCTXSW?OS_CPU_A
            CODE    26B2H     008CH     UNIT         ?C_C51STARTUP
            CODE    273EH     0088H     UNIT         ?PR?_OSQPOST?OS_Q
            CODE    27C6H     0080H     UNIT         ?PR?KEYMANAGER?KEY
            CODE    2846H     007FH     UNIT         ?PR?TIMEINTERVAL?MAIN
            CODE    28C5H     007CH     UNIT         ?PR?_OSTASKSTKINIT?OS_CPU_A
            CODE    2941H     007AH     UNIT         ?PR?IRDANUMBERSET?SINGLEBUS
            CODE    29BBH     0079H     UNIT         ?PR?UARTINT?MAIN
            CODE    2A34H     0073H     UNIT         ?PR?ALLDAY?MAIN
            CODE    2AA7H     006EH     UNIT         ?PR?_READPARAMETER?SINGLEBUS
            CODE    2B15H     0065H     UNIT         ?PR?_PARACRCCHECK?SINGLEBUS
            CODE    2B7AH     0064H     UNIT         ?C_INITSEG
            CODE    2BDEH     005EH     UNIT         ?PR?_OSWAIT?OS_CORE
            CODE    2C3CH     005DH     UNIT         ?PR?DIRRFSERIALCOMPARE?SINGLEBUS
            CODE    2C99H     0055H     UNIT         ?PR?_DISPATCHMESSAGE?MAIN
            CODE    2CEEH     0055H     UNIT         ?PR?SINGLEBUSINIT?SINGLEBUS
            CODE    2D43H     004EH     UNIT         ?PR?OSTICKISR?OS_CPU_C
            CODE    2D91H     004DH     UNIT         ?PR?MAINTASK?MAIN
            CODE    2DDEH     0048H     UNIT         ?PR?_ADDRCOMPARE?SINGLEBUS
            CODE    2E26H     0044H     UNIT         ?PR?_KEYALWAYSDEAL?KEY
            CODE    2E6AH     0043H     UNIT         ?PR?_STKDELA?OS_CPU_C
BL51 BANKED LINKER/LOCATER V6.22                                                      02/14/2019  11:08:20  PAGE 3


            CODE    2EADH     0042H     UNIT         ?PR?_SAVECALLADDR?SINGLEBUS
            CODE    2EEFH     0042H     UNIT         ?PR?_STKDELB?OS_CPU_C
            CODE    2F31H     0041H     UNIT         ?PR?_DIRADDRCOMPARE?SINGLEBUS
            CODE    2F72H     003CH     UNIT         ?PR?__OSTASKCREATE?OS_CORE
            CODE    2FAEH     0039H     UNIT         ?PR?_OSQCREATE?OS_Q
            CODE    2FE7H     0034H     UNIT         ?PR?BUSMANAGE?SINGLEBUS
            CODE    301BH     0033H     UNIT         ?PR?LOADCTX?OS_CPU_A
            CODE    304EH     002FH     UNIT         ?PR?OSINTCTXSW?OS_CPU_A
            CODE    307DH     002EH     UNIT         ?PR?KEYSCAN?KEY
            CODE    30ABH     0029H     UNIT         ?PR?_KEYUPDEAL?KEY
            CODE    30D4H     0026H     UNIT         ?PR?_SAVEINDICATIONDATA?SINGLEBUS
            CODE    30FAH     0026H     UNIT         ?PR?_OSTASKSTKDEL?OS_CPU_C
            CODE    3120H     0024H     UNIT         ?PR?OSINTEXIT?OS_CORE
            CODE    3144H     0023H     UNIT         ?PR?USARTINIT?MAIN
            CODE    3167H     0023H     UNIT         ?PR?_OSTIMEDLY?OS_CORE
            CODE    318AH     0022H     UNIT         ?PR?TIMEROUTMANAGER?SINGLEBUS
            CODE    31ACH     0021H     UNIT         ?PR?SYSRESET?SINGLEBUS
            CODE    31CDH     0020H     UNIT         ?PR?_SEND_DATA?MAIN
            CODE    31EDH     001FH     UNIT         ?PR?OSTIMETICK?OS_CORE
            CODE    320CH     001BH     UNIT         ?PR?CALCPARACRC?SINGLEBUS
            CODE    3227H     001AH     UNIT         ?PR?USERTICKTIMER?MAIN
            CODE    3241H     001AH     UNIT         ?CO?MAIN
            CODE    325BH     001AH     UNIT         ?PR?_MAKECH0TIMEROUT?SINGLEBUS
            CODE    3275H     0019H     UNIT         ?PR?_DELAYMS?MAIN
            CODE    328EH     0019H     UNIT         ?PR?_OSTASKRESUME?OS_CORE
            CODE    32A7H     0018H     UNIT         ?PR?_OS_TASKSUSPEND?OS_CORE
            CODE    32BFH     0018H     UNIT         ?PR?OSFINDNEXTRUNNINGTASK?OS_CORE
            CODE    32D7H     0018H     UNIT         ?PR?_STKDELC?OS_CPU_C
            CODE    32EFH     0016H     UNIT         ?PR?_IAPWRITEBYTE?IAP
            CODE    3305H     0016H     UNIT         ?PR?BUS0RECINT?SINGLEBUS
            CODE    331BH     0014H     UNIT         ?PR?_IAPREADBYTE?IAP
            CODE    332FH     0014H     UNIT         ?PR?OSSCHED?OS_CORE
            CODE    3343H     0012H     UNIT         ?PR?_IAPERASE?IAP
            CODE    3355H     0012H     UNIT         ?PR?_MAKECH1TIMEROUT?SINGLEBUS
            CODE    3367H     0011H     UNIT         ?PR?_SETLEDDEALSTATE?KEY
            CODE    3378H     0011H     UNIT         ?PR?MAIN?MAIN
            CODE    3389H     0011H     UNIT         ?PR?OSINIT?OS_CORE
            CODE    339AH     0010H     UNIT         ?PR?OSCPUINIT?OS_CPU_C
            CODE    33AAH     000FH     UNIT         ?PR?_BCDTOHEX?SINGLEBUS
            CODE    33B9H     000EH     UNIT         ?PR?BUS1RECINT?SINGLEBUS
            CODE    33C7H     000CH     UNIT         ?PR?_SEND_DATA_BYTE?MAIN
            CODE    33D3H     000CH     UNIT         ?PR?_OSTASKSUSPEND?OS_CORE
            CODE    33DFH     000AH     UNIT         ?PR?OXTIMERKEYINIT?MAIN
            CODE    33E9H     000AH     UNIT         ?PR?LEDCONTROL?SINGLEBUS
            CODE    33F3H     0009H     UNIT         ?CO?OS_CORE
            CODE    33FCH     0008H     UNIT         ?PR?DISABLEIAP?IAP
            CODE    3404H     0007H     UNIT         ?PR?_GETMESSAGE?MAIN
            CODE    340BH     0006H     UNIT         ?PR?_ENABLEIAP?IAP
                    3411H     05EFH                  *** GAP ***
            CODE    3A00H     0027H     UNIT         ?CO?PARAMETER



OVERLAY MAP OF MODULE:   CTFJ-ZB-V10 (IAP)


SEGMENT                                     XDATA_GROUP
BL51 BANKED LINKER/LOCATER V6.22                                                      02/14/2019  11:08:20  PAGE 4


  +--> CALLED SEGMENT                     START    LENGTH
---------------------------------------------------------
?PR?OSTICKISR?OS_CPU_C                    -----    -----
  +--> ?PR?USERTICKTIMER?MAIN
  +--> ?PR?OSTIMETICK?OS_CORE
  +--> ?PR?OSINTEXIT?OS_CORE

?PR?OSTIMETICK?OS_CORE                    -----    -----
  +--> ?CO?OS_CORE
  +--> ?PR?OSSCHED?OS_CORE

?PR?OSSCHED?OS_CORE                       -----    -----
  +--> ?PR?OSFINDNEXTRUNNINGTASK?OS_CORE
  +--> ?PR?OSCTXSW?OS_CPU_A

?PR?OSCTXSW?OS_CPU_A                      -----    -----
  +--> ?CO?OS_CORE
  +--> ?PR?C_OSCTXSW?OS_CPU_A

?PR?C_OSCTXSW?OS_CPU_A                    -----    -----
  +--> ?PR?LOADCTX?OS_CPU_A

?PR?LOADCTX?OS_CPU_A                      -----    -----
  +--> ?CO?OS_CORE

?PR?OSINTEXIT?OS_CORE                     -----    -----
  +--> ?PR?OSFINDNEXTRUNNINGTASK?OS_CORE
  +--> ?PR?OSINTCTXSW?OS_CPU_A

?PR?OSINTCTXSW?OS_CPU_A                   -----    -----
  +--> ?PR?OSCTXSW?OS_CPU_A
  +--> ?CO?OS_CORE
  +--> ?PR?C_OSCTXSW?OS_CPU_A

*** NEW ROOT ***************************************************

?C_C51STARTUP                             -----    -----
  +--> ?PR?MAIN?MAIN
  +--> ?C_INITSEG

?PR?MAIN?MAIN                             -----    -----
  +--> ?PR?OSINIT?OS_CORE
  +--> ?PR?MAINTASK?MAIN
  +--> ?PR?__OSTASKCREATE?OS_CORE

?PR?OSINIT?OS_CORE                        -----    -----
  +--> ?PR?OSCPUINIT?OS_CPU_C

?PR?MAINTASK?MAIN                         -----    -----
  +--> ?PR?INIT?MAIN
  +--> ?PR?_OSQCREATE?OS_Q
  +--> ?PR?BUSMANAGE?SINGLEBUS
  +--> ?PR?__OSTASKCREATE?OS_CORE
  +--> ?PR?TIMEROUTMANAGER?SINGLEBUS
  +--> ?PR?KEYMANAGER?KEY
  +--> ?PR?_GETMESSAGE?MAIN
  +--> ?PR?_DISPATCHMESSAGE?MAIN
BL51 BANKED LINKER/LOCATER V6.22                                                      02/14/2019  11:08:20  PAGE 5


  +--> ?PR?IRDATREAT?SINGLEBUS
  +--> ?PR?IRDANUMBERSET?SINGLEBUS

?PR?INIT?MAIN                             -----    -----
  +--> ?PR?USARTINIT?MAIN
  +--> ?PR?_DELAYMS?MAIN
  +--> ?PR?INITPARAMETER?SINGLEBUS
  +--> ?PR?SINGLEBUSINIT?SINGLEBUS
  +--> ?PR?_SETLEDDEALSTATE?KEY
  +--> ?PR?OXTIMERKEYINIT?MAIN

?PR?INITPARAMETER?SINGLEBUS               0140H    0002H
  +--> ?PR?_PARACRCCHECK?SINGLEBUS
  +--> ?PR?_ENABLEIAP?IAP
  +--> ?PR?_IAPREADBYTE?IAP
  +--> ?PR?DISABLEIAP?IAP
  +--> ?CO?PARAMETER
  +--> ?PR?_READPARAMETER?SINGLEBUS

?PR?_PARACRCCHECK?SINGLEBUS               0142H    0005H
  +--> ?PR?_ENABLEIAP?IAP
  +--> ?PR?_IAPREADBYTE?IAP
  +--> ?PR?DISABLEIAP?IAP

?PR?_READPARAMETER?SINGLEBUS              0142H    0006H
  +--> ?PR?_ENABLEIAP?IAP
  +--> ?PR?_IAPREADBYTE?IAP
  +--> ?PR?DISABLEIAP?IAP

?PR?BUSMANAGE?SINGLEBUS                   -----    -----
  +--> ?PR?_OSQPOST?OS_Q
  +--> ?PR?_OSWAIT?OS_CORE

?PR?_OSQPOST?OS_Q                         -----    -----
  +--> ?CO?OS_CORE
  +--> ?PR?_OSTASKRESUME?OS_CORE

?PR?_OSTASKRESUME?OS_CORE                 -----    -----
  +--> ?CO?OS_CORE
  +--> ?PR?OSSCHED?OS_CORE

?PR?_OSWAIT?OS_CORE                       -----    -----
  +--> ?PR?_OSTASKSUSPEND?OS_CORE
  +--> ?PR?_OSTIMEDLY?OS_CORE
  +--> ?PR?_OS_TASKSUSPEND?OS_CORE
  +--> ?PR?OSSCHED?OS_CORE

?PR?_OSTASKSUSPEND?OS_CORE                -----    -----
  +--> ?PR?_OS_TASKSUSPEND?OS_CORE
  +--> ?PR?OSSCHED?OS_CORE

?PR?_OS_TASKSUSPEND?OS_CORE               -----    -----
  +--> ?CO?OS_CORE

?PR?_OSTIMEDLY?OS_CORE                    -----    -----
  +--> ?PR?_OS_TASKSUSPEND?OS_CORE
  +--> ?PR?OSSCHED?OS_CORE
BL51 BANKED LINKER/LOCATER V6.22                                                      02/14/2019  11:08:20  PAGE 6



?PR?__OSTASKCREATE?OS_CORE                -----    -----
  +--> ?CO?OS_CORE
  +--> ?PR?_OSTASKSTKINIT?OS_CPU_A
  +--> ?PR?OSSCHED?OS_CORE

?PR?_OSTASKSTKINIT?OS_CPU_A               -----    -----
  +--> ?CO?OS_CORE

?PR?TIMEROUTMANAGER?SINGLEBUS             -----    -----
  +--> ?PR?_OSWAIT?OS_CORE
  +--> ?PR?_OSQPOST?OS_Q

?PR?KEYMANAGER?KEY                        -----    -----
  +--> ?PR?_OSWAIT?OS_CORE
  +--> ?PR?KEYSCAN?KEY
  +--> ?PR?_OSQPOST?OS_Q

?PR?_GETMESSAGE?MAIN                      -----    -----
  +--> ?PR?_OSQPEND?OS_Q

?PR?_OSQPEND?OS_Q                         -----    -----
  +--> ?CO?OS_CORE
  +--> ?PR?_OS_TASKSUSPEND?OS_CORE
  +--> ?PR?OSSCHED?OS_CORE

?PR?_DISPATCHMESSAGE?MAIN                 0140H    0001H
  +--> ?PR?BUS0RECDEAL?SINGLEBUS
  +--> ?PR?BUS0SENDDEAL?SINGLEBUS
  +--> ?PR?BUS1RECDEAL?SINGLEBUS
  +--> ?PR?BUS1SENDDEAL?SINGLEBUS
  +--> ?PR?TIMEROUTDEAL?SINGLEBUS
  +--> ?PR?_KEYDOWNDEAL?KEY
  +--> ?PR?_KEYALWAYSDEAL?KEY
  +--> ?PR?_KEYUPDEAL?KEY

?PR?BUS0RECDEAL?SINGLEBUS                 -----    -----
  +--> ?PR?_DIRADDRCOMPARE?SINGLEBUS
  +--> ?PR?_MAKECH0TIMEROUT?SINGLEBUS
  +--> ?PR?LEDCONTROL?SINGLEBUS
  +--> ?PR?VOICECHANNELCTX?SINGLEBUS
  +--> ?PR?_SAVECALLADDR?SINGLEBUS
  +--> ?PR?_ADDRCOMPARE?SINGLEBUS
  +--> ?PR?_BUS1OUTPUTDATA?SINGLEBUS
  +--> ?PR?_SAVEINDICATIONDATA?SINGLEBUS
  +--> ?PR?SYSRESET?SINGLEBUS
  +--> ?PR?_MAKECH1TIMEROUT?SINGLEBUS
  +--> ?PR?_BUS0OUTPUTDATA?SINGLEBUS
  +--> ?PR?_OSWAIT?OS_CORE
  +--> ?PR?_BCDTOHEX?SINGLEBUS
  +--> ?PR?DIRRFSERIALCOMPARE?SINGLEBUS
  +--> ?PR?_SAVEPARAMETER?SINGLEBUS
  +--> ?PR?CALCPARACRC?SINGLEBUS

?PR?_DIRADDRCOMPARE?SINGLEBUS             -----    -----
  +--> ?PR?CALCPARACRC?SINGLEBUS

BL51 BANKED LINKER/LOCATER V6.22                                                      02/14/2019  11:08:20  PAGE 7


?PR?LEDCONTROL?SINGLEBUS                  -----    -----
  +--> ?PR?_MAKECH1TIMEROUT?SINGLEBUS
  +--> ?PR?VOICECHANNELCTX?SINGLEBUS

?PR?_ADDRCOMPARE?SINGLEBUS                -----    -----
  +--> ?PR?_MAKECH0TIMEROUT?SINGLEBUS

?PR?_BUS1OUTPUTDATA?SINGLEBUS             0141H    0004H

?PR?SYSRESET?SINGLEBUS                    -----    -----
  +--> ?PR?_BUS1OUTPUTDATA?SINGLEBUS
  +--> ?PR?_MAKECH0TIMEROUT?SINGLEBUS
  +--> ?PR?VOICECHANNELCTX?SINGLEBUS

?PR?_BUS0OUTPUTDATA?SINGLEBUS             0141H    0004H

?PR?_SAVEPARAMETER?SINGLEBUS              0141H    000BH
  +--> ?PR?CALCPARACRC?SINGLEBUS
  +--> ?PR?_ENABLEIAP?IAP
  +--> ?PR?_IAPERASE?IAP
  +--> ?PR?_IAPWRITEBYTE?IAP
  +--> ?PR?_IAPREADBYTE?IAP
  +--> ?PR?DISABLEIAP?IAP

?PR?BUS0SENDDEAL?SINGLEBUS                -----    -----
  +--> ?PR?VOICECHANNELCTX?SINGLEBUS
  +--> ?PR?LEDCONTROL?SINGLEBUS
  +--> ?PR?_SAVECALLADDR?SINGLEBUS
  +--> ?PR?_MAKECH0TIMEROUT?SINGLEBUS
  +--> ?PR?_OSWAIT?OS_CORE
  +--> ?PR?_BUS1OUTPUTDATA?SINGLEBUS
  +--> ?PR?_ADDRCOMPARE?SINGLEBUS
  +--> ?PR?CALCPARACRC?SINGLEBUS
  +--> ?PR?_SAVEPARAMETER?SINGLEBUS
  +--> ?PR?SYSRESET?SINGLEBUS
  +--> ?PR?_BUS0OUTPUTDATA?SINGLEBUS

?PR?BUS1RECDEAL?SINGLEBUS                 -----    -----
  +--> ?PR?_BUS0OUTPUTDATA?SINGLEBUS
  +--> ?PR?_BUS1OUTPUTDATA?SINGLEBUS
  +--> ?PR?VOICECHANNELCTX?SINGLEBUS

?PR?BUS1SENDDEAL?SINGLEBUS                -----    -----
  +--> ?PR?_DIRADDRCOMPARE?SINGLEBUS
  +--> ?PR?_SAVEPARAMETER?SINGLEBUS
  +--> ?PR?_BUS0OUTPUTDATA?SINGLEBUS

?PR?TIMEROUTDEAL?SINGLEBUS                -----    -----
  +--> ?PR?_BUS0OUTPUTDATA?SINGLEBUS
  +--> ?PR?VOICECHANNELCTX?SINGLEBUS
  +--> ?PR?LEDCONTROL?SINGLEBUS
  +--> ?PR?_BUS1OUTPUTDATA?SINGLEBUS
  +--> ?PR?_OSWAIT?OS_CORE

?PR?_KEYDOWNDEAL?KEY                      -----    -----
  +--> ?PR?_BUS1OUTPUTDATA?SINGLEBUS
  +--> ?PR?CALCPARACRC?SINGLEBUS
BL51 BANKED LINKER/LOCATER V6.22                                                      02/14/2019  11:08:20  PAGE 8


  +--> ?PR?_SAVEPARAMETER?SINGLEBUS
  +--> ?PR?_BUS0OUTPUTDATA?SINGLEBUS

?PR?_KEYALWAYSDEAL?KEY                    -----    -----
  +--> ?PR?_BUS0OUTPUTDATA?SINGLEBUS

?PR?_KEYUPDEAL?KEY                        -----    -----
  +--> ?PR?_MAKECH0TIMEROUT?SINGLEBUS
  +--> ?PR?_MAKECH1TIMEROUT?SINGLEBUS

?PR?IRDATREAT?SINGLEBUS                   -----    -----
  +--> ?PR?_BUS0OUTPUTDATA?SINGLEBUS
  +--> ?PR?_BUS1OUTPUTDATA?SINGLEBUS
  +--> ?PR?VOICECHANNELCTX?SINGLEBUS
  +--> ?PR?CALCPARACRC?SINGLEBUS
  +--> ?PR?_SAVEPARAMETER?SINGLEBUS

?PR?IRDANUMBERSET?SINGLEBUS               -----    -----
  +--> ?PR?_BUS1OUTPUTDATA?SINGLEBUS



SYMBOL TABLE OF MODULE:  CTFJ-ZB-V10 (IAP)

  VALUE           TYPE          NAME
  ----------------------------------

  -------         MODULE        IAP
  C:0000H         SYMBOL        _ICE_DUMMY_
  D:0080H         PUBLIC        P0
  D:0090H         PUBLIC        P1
  D:00A0H         PUBLIC        P2
  D:00B0H         PUBLIC        P3
  D:00E6H         PUBLIC        ISP_TRIG
  D:00A8H         PUBLIC        IE
  C:3343H         PUBLIC        _IapErase
  C:33FCH         PUBLIC        DisableIAP
  D:00B8H         PUBLIC        IP
  D:00E5H         PUBLIC        ISP_CMD
  D:00D8H         PUBLIC        CCON
  C:340BH         PUBLIC        _EnableIAP
  C:331BH         PUBLIC        _IapReadByte
  D:00E3H         PUBLIC        ISP_ADDRH
  D:0098H         PUBLIC        SCON
  D:0088H         PUBLIC        TCON
  D:00E4H         PUBLIC        ISP_ADDRL
  C:32EFH         PUBLIC        _IapWriteByte
  D:00E0H         PUBLIC        ACC
  D:00E7H         PUBLIC        ISP_CONTR
  D:00E2H         PUBLIC        ISP_DATA
  D:00D0H         PUBLIC        PSW
  -------         PROC          _ENABLEIAP
  D:0007H         SYMBOL        byCmd
  C:340BH         LINE#         39
  C:340BH         LINE#         40
  C:340BH         LINE#         41
  C:340EH         LINE#         42
BL51 BANKED LINKER/LOCATER V6.22                                                      02/14/2019  11:08:20  PAGE 9


  C:3410H         LINE#         43
  -------         ENDPROC       _ENABLEIAP
  -------         PROC          DISABLEIAP
  C:33FCH         LINE#         59
  C:33FCH         LINE#         60
  C:33FCH         LINE#         61
  C:33FFH         LINE#         62
  C:3401H         LINE#         63
  C:3403H         LINE#         64
  -------         ENDPROC       DISABLEIAP
  -------         PROC          _IAPWRITEBYTE
  D:0002H         SYMBOL        uiAddr
  D:0005H         SYMBOL        byData
  C:32EFH         LINE#         80
  C:32F3H         LINE#         81
  C:32F3H         LINE#         82
  C:32F7H         LINE#         83
  C:32FAH         LINE#         84
  C:32FEH         LINE#         85
  C:3301H         LINE#         86
  C:3304H         LINE#         87
  -------         ENDPROC       _IAPWRITEBYTE
  -------         PROC          _IAPREADBYTE
  D:0004H         SYMBOL        uiAddr
  C:331BH         LINE#         103
  C:331FH         LINE#         104
  C:331FH         LINE#         105
  C:3322H         LINE#         106
  C:3326H         LINE#         107
  C:3329H         LINE#         108
  C:332CH         LINE#         109
  C:332EH         LINE#         110
  -------         ENDPROC       _IAPREADBYTE
  -------         PROC          _IAPERASE
  D:0004H         SYMBOL        uiAddr
  C:3343H         LINE#         127
  C:3347H         LINE#         128
  C:3347H         LINE#         129
  C:334AH         LINE#         130
  C:334EH         LINE#         131
  C:3351H         LINE#         132
  C:3354H         LINE#         133
  -------         ENDPROC       _IAPERASE
  -------         ENDMOD        IAP

  -------         MODULE        KEY
  C:0000H         SYMBOL        _ICE_DUMMY_
  D:0092H         PUBLIC        P1M1
  D:0080H         PUBLIC        P0
  D:00B1H         PUBLIC        P3M0
  D:0090H         PUBLIC        P1
  D:00B2H         PUBLIC        P3M1
  D:00A0H         PUBLIC        P2
  D:00B0H         PUBLIC        P3
  B:00A8H.7       PUBLIC        EA
  D:00A8H         PUBLIC        IE
  C:2E26H         PUBLIC        _KeyAlwaysDeal
BL51 BANKED LINKER/LOCATER V6.22                                                      02/14/2019  11:08:20  PAGE 10


  D:00B8H         PUBLIC        IP
  B:0090H.2       PUBLIC        DealKey
  D:00D8H         PUBLIC        CCON
  C:307DH         PUBLIC        KeyScan
  D:0098H         PUBLIC        SCON
  D:0088H         PUBLIC        TCON
  C:1B7AH         PUBLIC        _KeyDownDeal
  C:3367H         PUBLIC        _SetLedDealState
  D:00E0H         PUBLIC        ACC
  B:00B0H.7       PUBLIC        CGB
  B:0090H.2       PUBLIC        LED_DEAL
  D:00E1H         PUBLIC        WDT_CONTR
  C:30ABH         PUBLIC        _KeyUpDeal
  C:27C6H         PUBLIC        KeyManager
  B:002AH.4       PUBLIC        bLedDealState
  B:0090H.6       PUBLIC        MUT
  D:00D0H         PUBLIC        PSW
  -------         PROC          _SETLEDDEALSTATE
  D:0007H         SYMBOL        byState
  C:3367H         LINE#         45
  C:3367H         LINE#         46
  C:3367H         LINE#         47
  C:336CH         LINE#         48
  C:336EH         LINE#         49
  C:3375H         LINE#         50
  C:3377H         LINE#         51
  -------         ENDPROC       _SETLEDDEALSTATE
  -------         PROC          KEYSCAN
  C:307DH         LINE#         69
  C:307DH         LINE#         70
  C:307DH         LINE#         71
  C:3081H         LINE#         72
  C:3084H         LINE#         73
  C:3086H         LINE#         74
  C:3087H         LINE#         75
  C:3088H         LINE#         76
  C:3089H         LINE#         77
  C:308AH         LINE#         79
  C:308DH         LINE#         80
  C:308DH         LINE#         81
  C:3090H         LINE#         82
  C:3094H         LINE#         83
  C:3099H         LINE#         84
  C:309CH         LINE#         85
  C:309CH         LINE#         87
  C:309FH         LINE#         88
  C:30A3H         LINE#         89
  C:30A8H         LINE#         91
  C:30AAH         LINE#         92
  -------         ENDPROC       KEYSCAN
  -------         PROC          KEYMANAGER
  -------         DO            
  X:0152H         SYMBOL        byKeyValue
  X:0153H         SYMBOL        byKeyDelay
  C:2835H         SYMBOL        KeyUp
  -------         ENDDO         
  C:27C6H         LINE#         108
BL51 BANKED LINKER/LOCATER V6.22                                                      02/14/2019  11:08:20  PAGE 11


  C:27C6H         LINE#         109
  C:27C6H         LINE#         113
  C:27C6H         LINE#         114
  C:27C6H         LINE#         119
  C:27CDH         LINE#         120
  C:27D5H         LINE#         121
  C:27D8H         LINE#         122
  C:27D8H         LINE#         123
  C:27D8H         LINE#         124
  C:27D8H         LINE#         125
  C:27DFH         LINE#         126
  C:27EAH         LINE#         127
  C:27EAH         LINE#         128
  C:27EAH         LINE#         129
  C:27EAH         LINE#         130
  C:27F3H         LINE#         132
  C:27F9H         LINE#         133
  C:2803H         LINE#         134
  C:2803H         LINE#         135
  C:280DH         LINE#         136
  C:280DH         LINE#         137
  C:2814H         LINE#         138
  C:2816H         LINE#         140
  C:2816H         LINE#         141
  C:2816H         LINE#         142
  C:2816H         LINE#         143
  C:2816H         LINE#         144
  C:2822H         LINE#         145
  C:282CH         LINE#         146
  C:282CH         LINE#         147
  C:2833H         LINE#         148
  C:2835H         LINE#         149
  C:2835H         LINE#         150
  C:2841H         LINE#         152
  C:2844H         LINE#         154
  -------         ENDPROC       KEYMANAGER
  -------         PROC          _KEYDOWNDEAL
  D:0007H         SYMBOL        byKey
  C:1B7AH         LINE#         171
  C:1B7AH         LINE#         172
  C:1B7AH         LINE#         173
  C:1B80H         LINE#         174
  C:1B80H         LINE#         176
  C:1B80H         LINE#         177
  C:1B88H         LINE#         178
  C:1B90H         LINE#         179
  C:1B98H         LINE#         180
  C:1BA0H         LINE#         181
  C:1BA8H         LINE#         182
  C:1BB0H         LINE#         183
  C:1BB7H         LINE#         184
  C:1BB7H         LINE#         186
  C:1BB7H         LINE#         187
  C:1BBBH         LINE#         188
  C:1BBDH         LINE#         189
  C:1BC5H         LINE#         190
  C:1BCDH         LINE#         191
BL51 BANKED LINKER/LOCATER V6.22                                                      02/14/2019  11:08:20  PAGE 12


  C:1BD5H         LINE#         192
  C:1BD8H         LINE#         193
  C:1BD8H         LINE#         194
  C:1BDAH         LINE#         195
  C:1BDFH         LINE#         196
  C:1BE7H         LINE#         197
  C:1BEFH         LINE#         198
  C:1BF7H         LINE#         199
  C:1BFBH         LINE#         200
  C:1BFFH         LINE#         201
  C:1C08H         LINE#         204
  C:1C10H         LINE#         205
  C:1C18H         LINE#         206
  C:1C20H         LINE#         210
  C:1C25H         LINE#         211
  C:1C28H         LINE#         213
  C:1C28H         LINE#         215
  C:1C2EH         LINE#         216
  C:1C2EH         LINE#         217
  C:1C30H         LINE#         218
  C:1C37H         LINE#         219
  C:1C49H         LINE#         220
  C:1C5CH         LINE#         221
  C:1C62H         LINE#         222
  C:1C6BH         LINE#         224
  C:1C7EH         LINE#         225
  C:1C86H         LINE#         228
  C:1C89H         LINE#         229
  C:1C8BH         LINE#         230
  C:1C91H         LINE#         231
  C:1C93H         LINE#         232
  C:1CA6H         LINE#         233
  C:1CACH         LINE#         234
  C:1CBFH         LINE#         235
  C:1CC1H         LINE#         237
  C:1CC1H         LINE#         241
  C:1CC4H         LINE#         242
  C:1CC4H         LINE#         243
  C:1CCAH         LINE#         244
  C:1CCCH         LINE#         246
  C:1CCCH         LINE#         247
  C:1CCFH         LINE#         248
  C:1CCFH         LINE#         249
  C:1CD4H         LINE#         250
  C:1CD6H         LINE#         252
  C:1CD6H         LINE#         253
  C:1CD9H         LINE#         254
  C:1CD9H         LINE#         255
  C:1CDEH         LINE#         256
  C:1CE0H         LINE#         258
  C:1CE0H         LINE#         259
  C:1CE3H         LINE#         260
  C:1CE3H         LINE#         261
  C:1CE9H         LINE#         262
  C:1CEBH         LINE#         264
  C:1CEBH         LINE#         266
  C:1CF1H         LINE#         267
BL51 BANKED LINKER/LOCATER V6.22                                                      02/14/2019  11:08:20  PAGE 13


  C:1CF1H         LINE#         268
  C:1CF9H         LINE#         269
  C:1D01H         LINE#         270
  C:1D09H         LINE#         271
  C:1D13H         LINE#         272
  C:1D13H         LINE#         273
  C:1D19H         LINE#         274
  C:1D1BH         LINE#         276
  C:1D1BH         LINE#         277
  C:1D22H         LINE#         279
  C:1D22H         LINE#         280
  C:1D28H         LINE#         281
  C:1D2AH         LINE#         283
  C:1D2AH         LINE#         284
  C:1D34H         LINE#         285
  C:1D38H         LINE#         286
  C:1D38H         LINE#         287
  C:1D38H         LINE#         288
  C:1D41H         LINE#         290
  C:1D41H         LINE#         292
  C:1D47H         LINE#         293
  C:1D47H         LINE#         294
  C:1D4AH         LINE#         295
  C:1D4AH         LINE#         296
  C:1D4CH         LINE#         297
  C:1D54H         LINE#         298
  C:1D58H         LINE#         299
  C:1D59H         LINE#         301
  C:1D59H         LINE#         302
  C:1D5BH         LINE#         303
  C:1D63H         LINE#         304
  C:1D67H         LINE#         305
  C:1D67H         LINE#         306
  C:1D67H         LINE#         307
  C:1D67H         LINE#         309
  C:1D67H         LINE#         310
  C:1D67H         LINE#         311
  C:1D67H         LINE#         312
  -------         ENDPROC       _KEYDOWNDEAL
  -------         PROC          _KEYUPDEAL
  D:0007H         SYMBOL        byKey
  C:30ABH         LINE#         328
  C:30ABH         LINE#         329
  C:30ABH         LINE#         330
  C:30AEH         LINE#         331
  C:30AEH         LINE#         333
  C:30AEH         LINE#         334
  C:30B2H         LINE#         335
  C:30B2H         LINE#         336
  C:30B2H         LINE#         337
  C:30B6H         LINE#         338
  C:30B8H         LINE#         339
  C:30C2H         LINE#         340
  C:30C2H         LINE#         341
  C:30C9H         LINE#         342
  C:30C9H         LINE#         343
  C:30CCH         LINE#         344
BL51 BANKED LINKER/LOCATER V6.22                                                      02/14/2019  11:08:20  PAGE 14


  C:30CCH         LINE#         345
  C:30D3H         LINE#         346
  C:30D3H         LINE#         347
  C:30D3H         LINE#         348
  C:30D3H         LINE#         349
  C:30D3H         LINE#         350
  C:30D3H         LINE#         351
  -------         ENDPROC       _KEYUPDEAL
  -------         PROC          _KEYALWAYSDEAL
  D:0007H         SYMBOL        byKey
  C:2E26H         LINE#         367
  C:2E26H         LINE#         368
  C:2E26H         LINE#         369
  C:2E29H         LINE#         370
  C:2E29H         LINE#         372
  C:2E29H         LINE#         373
  C:2E2DH         LINE#         374
  C:2E2DH         LINE#         375
  C:2E2DH         LINE#         376
  C:2E35H         LINE#         377
  C:2E35H         LINE#         378
  C:2E35H         LINE#         379
  C:2E35H         LINE#         380
  C:2E38H         LINE#         381
  C:2E38H         LINE#         382
  C:2E40H         LINE#         383
  C:2E48H         LINE#         384
  C:2E50H         LINE#         385
  C:2E56H         LINE#         386
  C:2E58H         LINE#         387
  C:2E5AH         LINE#         388
  C:2E60H         LINE#         389
  C:2E69H         LINE#         390
  C:2E69H         LINE#         391
  C:2E69H         LINE#         392
  C:2E69H         LINE#         393
  C:2E69H         LINE#         394
  C:2E69H         LINE#         395
  -------         ENDPROC       _KEYALWAYSDEAL
  -------         ENDMOD        KEY

  -------         MODULE        MAIN
  C:0000H         SYMBOL        _ICE_DUMMY_
  D:0091H         PUBLIC        P1M0
  C:2C99H         PUBLIC        _DispatchMessage
  D:0092H         PUBLIC        P1M1
  D:0080H         PUBLIC        P0
  D:00B1H         PUBLIC        P3M0
  D:0090H         PUBLIC        P1
  D:00B2H         PUBLIC        P3M1
  D:00A0H         PUBLIC        P2
  B:0029H.0       PUBLIC        bNumSeting
  D:00B0H         PUBLIC        P3
  C:325AH         PUBLIC        byVersionLo
  X:00C7H         PUBLIC        BusHighDTime
  D:00F9H         PUBLIC        CH
  D:00A8H         PUBLIC        IE
BL51 BANKED LINKER/LOCATER V6.22                                                      02/14/2019  11:08:20  PAGE 15


  D:00E9H         PUBLIC        CL
  B:0029H.1       PUBLIC        bWillSndOxSupplyStart
  D:00FAH         PUBLIC        CCAP0H
  D:00EAH         PUBLIC        CCAP0L
  B:00D8H.6       PUBLIC        CR
  C:229FH         PUBLIC        Init
  D:00DAH         PUBLIC        CCAPM0
  B:0029H.2       PUBLIC        bWillSndOxSupplyEnd
  B:00A8H.4       PUBLIC        ES
  D:00B8H         PUBLIC        IP
  B:0098H.0       PUBLIC        RI
  B:0029H.3       PUBLIC        bRFNumSeting
  C:2D91H         PUBLIC        MainTask
  B:0098H.1       PUBLIC        TI
  X:00C8H         PUBLIC        uiIsrTimerCount
  D:00D9H         PUBLIC        CMOD
  D:00D8H         PUBLIC        CCON
  C:3378H         PUBLIC        main
  C:3144H         PUBLIC        UsartInit
  B:0029H.4       PUBLIC        bCloseCGB
  C:324DH         PUBLIC        notrun
  D:0099H         PUBLIC        SBUF
  D:0087H         PUBLIC        PCON
  C:3227H         PUBLIC        UserTickTimer
  B:0029H.5       PUBLIC        bFourByteRec
  B:0029H.6       PUBLIC        bBus1Answer
  D:0098H         PUBLIC        SCON
  D:0089H         PUBLIC        TMOD
  D:0088H         PUBLIC        TCON
  X:00CAH         PUBLIC        BusLowDTime
  X:00CBH         PUBLIC        UartRecData
  X:00CCH         PUBLIC        stLocalControl
  B:0029H.7       PUBLIC        bOxSupplyState
  D:00E0H         PUBLIC        ACC
  B:0090H.0       PUBLIC        CBD
  B:00A8H.3       PUBLIC        ET1
  C:29BBH         PUBLIC        UartInt
  I:003EH         PUBLIC        byMainCmdQ
  X:0128H         PUBLIC        IrDataPosit
  B:002AH.0       PUBLIC        bSixByteRec
  B:0088H.7       PUBLIC        TF1
  B:00B0H.7       PUBLIC        CGB
  B:0090H.2       PUBLIC        LED_DEAL
  D:008DH         PUBLIC        TH1
  D:008BH         PUBLIC        TL1
  C:3275H         PUBLIC        _Delayms
  C:3241H         PUBLIC        run
  B:0088H.6       PUBLIC        TR1
  D:00E1H         PUBLIC        WDT_CONTR
  C:33C7H         PUBLIC        _Send_Data_Byte
  B:002AH.1       PUBLIC        bOxTimerKeyState
  C:0006H         PUBLIC        TIMER1Int
  B:0090H.5       PUBLIC        KDR
  B:00A8H.6       PUBLIC        EPCA_LVD
  B:0098H.4       PUBLIC        REN
  C:31CDH         PUBLIC        _Send_Data
  C:3404H         PUBLIC        _GetMessage
BL51 BANKED LINKER/LOCATER V6.22                                                      02/14/2019  11:08:20  PAGE 16


  B:0090H.3       PUBLIC        XTA
  C:33DFH         PUBLIC        OXTimerKeyInit
  B:00B0H.0       PUBLIC        RXD
  B:0090H.4       PUBLIC        XTD
  B:00B0H.1       PUBLIC        TXD
  B:002AH.2       PUBLIC        bWillSndTotalOx
  B:0090H.1       PUBLIC        MUS
  B:0090H.6       PUBLIC        MUT
  C:3259H         PUBLIC        byVersionHi
  C:2A43H         PUBLIC        allday
  B:002AH.3       PUBLIC        bEnableOxTimer
  D:00D0H         PUBLIC        PSW
  C:2846H         PUBLIC        timeInterval
  X:0129H         PUBLIC        RFSerial
  B:00D8H.0       PUBLIC        CCF0
  -------         PROC          TIMER1INT
  C:0006H         LINE#         60
  C:0006H         LINE#         62
  C:0008H         LINE#         63
  -------         ENDPROC       TIMER1INT
  -------         PROC          _DELAYMS
  D:0006H         SYMBOL        ms
  -------         DO            
  D:0004H         SYMBOL        i
  -------         ENDDO         
  C:3275H         LINE#         71
  C:3275H         LINE#         72
  C:3275H         LINE#         74
  C:3279H         LINE#         75
  C:328DH         LINE#         76
  -------         ENDPROC       _DELAYMS
  -------         PROC          L?0065
  -------         ENDPROC       L?0065
  -------         PROC          ALLDAY
  X:014CH         SYMBOL        a
  -------         DO            
  D:0006H         SYMBOL        x
  D:0003H         SYMBOL        i
  -------         ENDDO         
  C:2A43H         LINE#         79
  C:2A43H         LINE#         80
  C:2A43H         LINE#         83
  C:2A5DH         LINE#         84
  C:2A62H         LINE#         85
  C:2A62H         LINE#         86
  C:2A6DH         LINE#         87
  C:2A6DH         LINE#         88
  C:2A72H         LINE#         89
  C:2A72H         LINE#         90
  C:2A7CH         LINE#         91
  C:2A7CH         LINE#         92
  C:2A7FH         LINE#         93
  C:2A7FH         LINE#         95
  C:2A7FH         LINE#         96
  C:2A8BH         LINE#         97
  C:2A8BH         LINE#         98
  C:2A90H         LINE#         99
BL51 BANKED LINKER/LOCATER V6.22                                                      02/14/2019  11:08:20  PAGE 17


  C:2A90H         LINE#         100
  C:2A9AH         LINE#         101
  C:2A9AH         LINE#         102
  C:2A9DH         LINE#         103
  C:2A9DH         LINE#         104
  C:2AA6H         LINE#         105
  C:2AA6H         LINE#         106
  -------         ENDPROC       ALLDAY
  -------         PROC          TIMEINTERVAL
  X:012FH         SYMBOL        a
  X:0135H         SYMBOL        b
  -------         DO            
  X:013BH         SYMBOL        x
  D:0006H         SYMBOL        y
  X:013DH         SYMBOL        sum
  -------         ENDDO         
  C:2846H         LINE#         108
  C:2846H         LINE#         109
  C:2846H         LINE#         112
  C:2855H         LINE#         113
  C:285CH         LINE#         114
  C:288BH         LINE#         115
  C:2899H         LINE#         116
  C:2899H         LINE#         117
  C:28A2H         LINE#         118
  C:28B0H         LINE#         119
  C:28B2H         LINE#         121
  C:28B2H         LINE#         122
  C:28BEH         LINE#         123
  C:28BEH         LINE#         124
  C:28C4H         LINE#         125
  -------         ENDPROC       TIMEINTERVAL
  -------         PROC          USERTICKTIMER
  C:3227H         LINE#         128
  C:3227H         LINE#         129
  C:3227H         LINE#         134
  C:3235H         LINE#         135
  C:323BH         LINE#         136
  C:323EH         LINE#         137
  C:3240H         LINE#         140
  -------         ENDPROC       USERTICKTIMER
  -------         PROC          USARTINIT
  C:3144H         LINE#         144
  C:3144H         LINE#         145
  C:3144H         LINE#         147
  C:3146H         LINE#         148
  C:3148H         LINE#         149
  C:314BH         LINE#         175
  C:314EH         LINE#         176
  C:3151H         LINE#         177
  C:3154H         LINE#         178
  C:3157H         LINE#         179
  C:315AH         LINE#         181
  C:315CH         LINE#         182
  C:315EH         LINE#         186
  C:3160H         LINE#         187
  C:3162H         LINE#         188
BL51 BANKED LINKER/LOCATER V6.22                                                      02/14/2019  11:08:20  PAGE 18


  C:3164H         LINE#         189
  C:3166H         LINE#         190
  -------         ENDPROC       USARTINIT
  -------         PROC          _SEND_DATA
  D:0001H         SYMBOL        Databuf
  D:0005H         SYMBOL        l
  -------         DO            
  D:0007H         SYMBOL        i
  -------         ENDDO         
  C:31CDH         LINE#         194
  C:31CDH         LINE#         195
  C:31CDH         LINE#         197
  C:31CFH         LINE#         198
  C:31D6H         LINE#         199
  C:31D6H         LINE#         200
  C:31DBH         LINE#         201
  C:31DEH         LINE#         202
  C:31E0H         LINE#         203
  C:31E7H         LINE#         204
  C:31EAH         LINE#         205
  C:31ECH         LINE#         206
  -------         ENDPROC       _SEND_DATA
  -------         PROC          _SEND_DATA_BYTE
  D:0007H         SYMBOL        SendData
  C:33C7H         LINE#         208
  C:33C7H         LINE#         209
  C:33C7H         LINE#         210
  C:33C9H         LINE#         211
  C:33CBH         LINE#         212
  C:33CEH         LINE#         213
  C:33D0H         LINE#         214
  C:33D2H         LINE#         215
  -------         ENDPROC       _SEND_DATA_BYTE
  -------         PROC          UARTINT
  C:29BBH         LINE#         226
  C:29CAH         LINE#         229
  C:29CDH         LINE#         230
  C:29CFH         LINE#         231
  C:29D2H         LINE#         232
  C:29D2H         LINE#         233
  C:29D4H         LINE#         234
  C:29DBH         LINE#         235
  C:29E1H         LINE#         236
  C:29E7H         LINE#         237
  C:29E7H         LINE#         238
  C:29EFH         LINE#         239
  C:2A02H         LINE#         240
  C:2A04H         LINE#         243
  C:2A04H         LINE#         244
  C:2A1CH         LINE#         245
  C:2A27H         LINE#         264
  C:2A27H         LINE#         265
  C:2A27H         LINE#         266
  -------         ENDPROC       UARTINT
  -------         PROC          OXTIMERKEYINIT
  C:33DFH         LINE#         268
  C:33DFH         LINE#         269
BL51 BANKED LINKER/LOCATER V6.22                                                      02/14/2019  11:08:20  PAGE 19


  C:33DFH         LINE#         304
  C:33E6H         LINE#         305
  C:33E6H         LINE#         306
  C:33E8H         LINE#         307
  C:33E8H         LINE#         309
  -------         ENDPROC       OXTIMERKEYINIT
  -------         PROC          INIT
  C:229FH         LINE#         326
  C:229FH         LINE#         327
  C:229FH         LINE#         328
  C:22A2H         LINE#         329
  C:22A5H         LINE#         330
  C:22A7H         LINE#         331
  C:22A9H         LINE#         332
  C:22B2H         LINE#         333
  C:22B5H         LINE#         335
  C:22B8H         LINE#         337
  C:22BAH         LINE#         338
  C:22BCH         LINE#         341
  C:22BFH         LINE#         346
  C:22C2H         LINE#         347
  C:22C4H         LINE#         348
  C:22C6H         LINE#         351
  C:22D3H         LINE#         362
  C:22D5H         LINE#         365
  C:22D8H         LINE#         366
  C:22DBH         LINE#         367
  C:22DFH         LINE#         369
  C:22E2H         LINE#         370
  C:22E5H         LINE#         371
  C:22E7H         LINE#         374
  C:22EAH         LINE#         375
  C:22EDH         LINE#         376
  C:22EFH         LINE#         378
  C:22F1H         LINE#         381
  C:22F4H         LINE#         382
  C:22F7H         LINE#         384
  C:22F9H         LINE#         386
  C:2301H         LINE#         387
  C:2309H         LINE#         389
  C:230BH         LINE#         390
  C:230DH         LINE#         391
  C:230FH         LINE#         392
  C:2311H         LINE#         393
  C:2313H         LINE#         394
  C:2315H         LINE#         396
  C:2317H         LINE#         397
  C:2319H         LINE#         401
  C:231CH         LINE#         404
  C:2323H         LINE#         406
  C:2326H         LINE#         413
  C:2329H         LINE#         416
  C:232EH         LINE#         418
  C:2334H         LINE#         419
  C:2338H         LINE#         422
  C:233DH         LINE#         425
  C:2341H         LINE#         427
BL51 BANKED LINKER/LOCATER V6.22                                                      02/14/2019  11:08:20  PAGE 20


  C:2344H         LINE#         430
  C:2353H         LINE#         432
  C:235AH         LINE#         434
  C:235EH         LINE#         436
  C:2362H         LINE#         440
  C:236CH         LINE#         444
  C:236EH         LINE#         449
  C:2374H         LINE#         450
  -------         ENDPROC       INIT
  -------         PROC          _GETMESSAGE
  D:0007H         SYMBOL        Msg
  C:3404H         LINE#         466
  C:3404H         LINE#         467
  C:3404H         LINE#         468
  -------         ENDPROC       _GETMESSAGE
  -------         PROC          _DISPATCHMESSAGE
  X:0140H         SYMBOL        Msg
  C:2C99H         LINE#         485
  C:2C9EH         LINE#         486
  C:2C9EH         LINE#         487
  C:2CC0H         LINE#         488
  C:2CC0H         LINE#         489
  C:2CC0H         LINE#         490
  C:2CC3H         LINE#         491
  C:2CC3H         LINE#         492
  C:2CC3H         LINE#         493
  C:2CC6H         LINE#         494
  C:2CC6H         LINE#         495
  C:2CC6H         LINE#         496
  C:2CC9H         LINE#         497
  C:2CC9H         LINE#         498
  C:2CC9H         LINE#         499
  C:2CCCH         LINE#         500
  C:2CCCH         LINE#         501
  C:2CCCH         LINE#         502
  C:2CCFH         LINE#         503
  C:2CCFH         LINE#         504
  C:2CCFH         LINE#         505
  C:2CD9H         LINE#         506
  C:2CD9H         LINE#         507
  C:2CD9H         LINE#         508
  C:2CE3H         LINE#         509
  C:2CE3H         LINE#         510
  C:2CE3H         LINE#         511
  C:2CEDH         LINE#         512
  C:2CEDH         LINE#         513
  C:2CEDH         LINE#         514
  -------         ENDPROC       _DISPATCHMESSAGE
  -------         PROC          MAINTASK
  -------         DO            
  D:001CH         SYMBOL        Msg
  -------         ENDDO         
  C:2D91H         LINE#         530
  C:2D91H         LINE#         531
  C:2D91H         LINE#         535
  C:2D94H         LINE#         537
  C:2D9BH         LINE#         545
BL51 BANKED LINKER/LOCATER V6.22                                                      02/14/2019  11:08:20  PAGE 21


  C:2DA7H         LINE#         546
  C:2DB3H         LINE#         547
  C:2DBFH         LINE#         551
  C:2DBFH         LINE#         552
  C:2DBFH         LINE#         553
  C:2DC4H         LINE#         554
  C:2DC7H         LINE#         555
  C:2DCCH         LINE#         556
  C:2DCFH         LINE#         557
  C:2DCFH         LINE#         558
  C:2DD1H         LINE#         559
  C:2DD4H         LINE#         560
  C:2DD4H         LINE#         562
  C:2DD7H         LINE#         563
  C:2DD7H         LINE#         564
  C:2DD9H         LINE#         565
  C:2DDCH         LINE#         566
  C:2DDCH         LINE#         568
  -------         ENDPROC       MAINTASK
  -------         PROC          MAIN
  C:3378H         LINE#         585
  C:3378H         LINE#         586
  C:3378H         LINE#         588
  C:337BH         LINE#         590
  C:3386H         LINE#         593
  C:3386H         LINE#         594
  C:3386H         LINE#         595
  C:3387H         LINE#         597
  -------         ENDPROC       MAIN
  -------         ENDMOD        MAIN

  -------         MODULE        PARAMETER
  C:0000H         SYMBOL        _ICE_DUMMY_
  C:3A00H         PUBLIC        ParameterData
  -------         ENDMOD        PARAMETER

  -------         MODULE        SINGLEBUS
  C:0000H         SYMBOL        _ICE_DUMMY_
  C:318AH         PUBLIC        TimerOutManager
  D:0008H         PUBLIC        byBus0DisableCount
  D:0091H         PUBLIC        P1M0
  D:0009H         PUBLIC        byBus1DisableCount
  D:0092H         PUBLIC        P1M1
  D:0080H         PUBLIC        P0
  D:00B1H         PUBLIC        P3M0
  D:0090H         PUBLIC        P1
  C:2B15H         PUBLIC        _ParaCrcCheck
  D:00B2H         PUBLIC        P3M1
  D:00A0H         PUBLIC        P2
  D:00B0H         PUBLIC        P3
  B:00A8H.7       PUBLIC        EA
  B:0020H.7       PUBLIC        bBusy
  B:0021H.2       PUBLIC        bBus0Enable
  B:0022H.2       PUBLIC        bBus1Enable
  B:0023H.7       PUBLIC        bWaitAck
  C:2EB5H         PUBLIC        _SaveCallAddr
  B:0024H.4       PUBLIC        bEnCallDeal
BL51 BANKED LINKER/LOCATER V6.22                                                      02/14/2019  11:08:20  PAGE 22


  D:00A8H         PUBLIC        IE
  B:0025H.4       PUBLIC        bConfusionNoting
  B:0090H.7       PUBLIC        Bus0SendPin
  D:00FBH         PUBLIC        CCAP1H
  B:00B0H.4       PUBLIC        Bus1SendPin
  D:000AH         PUBLIC        byBus0TxTail
  D:000BH         PUBLIC        byBus1TxTail
  C:320CH         PUBLIC        CalcParaCrc
  D:00DAH         PUBLIC        CCAPM0
  C:30D4H         PUBLIC        _SaveIndicationData
  B:0021H.1       PUBLIC        bBus0OnRec
  D:00B8H         PUBLIC        IP
  B:0022H.1       PUBLIC        bBus1OnRec
  B:0021H.5       PUBLIC        bBus0OnSendFreq
  B:0024H.2       PUBLIC        bEnHelpDeal
  B:0022H.5       PUBLIC        bBus1OnSendFreq
  X:0000H         PUBLIC        byIrDADealBuff
  B:0026H.2       PUBLIC        bEnAllBroad
  B:0023H.2       PUBLIC        bOfficeBroad
  B:00B0H.2       PUBLIC        Bus0RecPin
  D:000CH         PUBLIC        byBus0RecTimeOut
  B:0020H.5       PUBLIC        bDealKeyDown
  B:00B0H.3       PUBLIC        Bus1RecPin
  D:000DH         PUBLIC        byBus1RecTimeOut
  B:0020H.0       PUBLIC        bLanding
  D:00D8H         PUBLIC        CCON
  C:3305H         PUBLIC        Bus0RecInt
  C:2AA7H         PUBLIC        _ReadParameter
  C:33B9H         PUBLIC        Bus1RecInt
  B:0026H.5       PUBLIC        bEnAutoListen
  C:2CEEH         PUBLIC        SingleBusInit
  B:0026H.6       PUBLIC        bEnVoiceNote
  B:0023H.5       PUBLIC        bChannel0Talked
  B:0021H.4       PUBLIC        bBus0OnSendBit
  B:0020H.3       PUBLIC        bChannel1Talked
  B:0020H.4       PUBLIC        bNurseIn
  B:0022H.4       PUBLIC        bBus1OnSendBit
  B:0025H.3       PUBLIC        bServiceNoting
  B:0024H.6       PUBLIC        bEnHandDown
  B:0026H.0       PUBLIC        bEnSickRoomBroad
  B:0027H.2       PUBLIC        bBus0SendFinish
  B:0028H.2       PUBLIC        bBus1SendFinish
  D:0020H         PUBLIC        byDevState1
  D:0023H         PUBLIC        byDevState2
  D:0098H         PUBLIC        SCON
  B:0027H.1       PUBLIC        bBus0RecBit9
  B:0024H.3       PUBLIC        bEnEmergencyDeal
  D:0025H         PUBLIC        byDevState3
  D:0089H         PUBLIC        TMOD
  D:0088H         PUBLIC        TCON
  B:0028H.1       PUBLIC        bBus1RecBit9
  C:102EH         PUBLIC        TimerOutDeal
  C:2068H         PUBLIC        _SaveParameter
  B:0026H.3       PUBLIC        bEnSoundNote
  C:1D68H         PUBLIC        InitParameter
  B:0025H.7       PUBLIC        bCalledRing
  B:0088H.1       PUBLIC        IE0
BL51 BANKED LINKER/LOCATER V6.22                                                      02/14/2019  11:08:20  PAGE 23


  B:0088H.3       PUBLIC        IE1
  X:0006H         PUBLIC        byIrDARecBuff
  B:0027H.0       PUBLIC        bBus0RecFinish
  B:0025H.5       PUBLIC        bMusicPlaying
  B:0028H.0       PUBLIC        bBus1RecFinish
  D:008EH         PUBLIC        AUXR
  B:002AH.5       PUBLIC        bBus0SndBitOk
  X:000EH         PUBLIC        byBus0SendData
  X:0015H         PUBLIC        byBus1SendData
  C:2191H         PUBLIC        IrDATreat
  C:31ACH         PUBLIC        SysReset
  D:00E0H         PUBLIC        ACC
  C:2DEBH         PUBLIC        _AddrCompare
  B:0090H.0       PUBLIC        CBD
  B:00A8H.1       PUBLIC        ET0
  B:0088H.5       PUBLIC        TF0
  B:0021H.7       PUBLIC        bBus0Error
  B:00B0H.7       PUBLIC        CGB
  D:008CH         PUBLIC        TH0
  B:0022H.7       PUBLIC        bBus1Error
  B:0090H.2       PUBLIC        LED_DEAL
  B:0088H.0       PUBLIC        IT0
  B:00A8H.0       PUBLIC        EX0
  B:0088H.2       PUBLIC        IT1
  B:00A8H.2       PUBLIC        EX1
  B:0025H.6       PUBLIC        bVoiceNoting
  D:008AH         PUBLIC        TL0
  X:001CH         PUBLIC        byBus0RecData
  X:0023H         PUBLIC        byBus1RecData
  D:000EH         PUBLIC        byBus0SendCount
  B:0026H.1       PUBLIC        bEnOfficeBroad
  D:000FH         PUBLIC        byBus1SendCount
  B:0024H.5       PUBLIC        bEnMusicplay
  D:00E7H         PUBLIC        ISP_CONTR
  B:0020H.6       PUBLIC        bSetKeyDown
  B:0088H.4       PUBLIC        TR0
  X:002AH         PUBLIC        byBus0TxQ
  X:0071H         PUBLIC        byBus1TxQ
  D:0026H         PUBLIC        byEnable1
  D:00E1H         PUBLIC        WDT_CONTR
  B:0021H.6       PUBLIC        bBus0SendError
  D:0024H         PUBLIC        byEnable2
  B:0022H.6       PUBLIC        bBus1SendError
  B:0023H.0       PUBLIC        bSelfBroad
  C:2941H         PUBLIC        IrDANumberSet
  B:0025H.0       PUBLIC        bMUTState
  B:0026H.7       PUBLIC        bEnHandleDeal
  B:0023H.4       PUBLIC        bChannel0Talk
  B:0024H.0       PUBLIC        bEnInfusionDeal
  B:0020H.2       PUBLIC        bChannel1Talk
  C:148DH         PUBLIC        Bus0SendDeal
  C:09BEH         PUBLIC        Timer0Int
  D:0010H         PUBLIC        byBus0RecCount
  B:0025H.2       PUBLIC        bHelpNoting
  C:2375H         PUBLIC        Bus1SendDeal
  D:0011H         PUBLIC        byBus1RecCount
  B:0026H.4       PUBLIC        bEnOutRing
BL51 BANKED LINKER/LOCATER V6.22                                                      02/14/2019  11:08:20  PAGE 24


  D:0012H         PUBLIC        byBus0SendBuf
  D:0013H         PUBLIC        byBus1SendBuf
  B:0024H.1       PUBLIC        bEnServiceDeal
  C:1F0EH         PUBLIC        VoiceChannelCtx
  B:0023H.1       PUBLIC        bAllBroad
  B:0020H.1       PUBLIC        bIndicatingOther
  C:2C3CH         PUBLIC        DirRFSerialCompare
  C:2F40H         PUBLIC        _DirAddrCompare
  B:0027H.4       PUBLIC        bBus0SendBit
  B:0021H.0       PUBLIC        bBus0StartRec
  B:0028H.4       PUBLIC        bBus1SendBit
  B:0022H.0       PUBLIC        bBus1StartRec
  D:0021H         PUBLIC        byBus0State0
  B:0023H.6       PUBLIC        bWaitListen
  B:0090H.3       PUBLIC        XTA
  D:0022H         PUBLIC        byBus1State0
  D:0014H         PUBLIC        byBus0RecSendCount
  D:0027H         PUBLIC        byBus0State1
  C:2513H         PUBLIC        _Bus0OutputData
  D:0015H         PUBLIC        byBus1RecSendCount
  D:0028H         PUBLIC        byBus1State1
  C:2475H         PUBLIC        _Bus1OutputData
  C:0036H         PUBLIC        Bus0RecDeal
  B:0090H.4       PUBLIC        XTD
  C:16EEH         PUBLIC        Bus1RecDeal
  D:0016H         PUBLIC        byBus0RecBuf
  D:0017H         PUBLIC        byBus1RecBuf
  C:33AAH         PUBLIC        _BcdToHex
  B:0021H.3       PUBLIC        bBus0ReqSend
  B:0090H.1       PUBLIC        MUS
  B:0022H.3       PUBLIC        bBus1ReqSend
  B:0090H.6       PUBLIC        MUT
  B:0027H.3       PUBLIC        bBus0Disable
  C:2FE7H         PUBLIC        BusManage
  B:0028H.3       PUBLIC        bBus1Disable
  D:0018H         PUBLIC        byBus0TxHead
  B:0023H.3       PUBLIC        bSickRoomBroad
  D:00D0H         PUBLIC        PSW
  C:326AH         PUBLIC        _MakeCH0TimerOut
  D:0019H         PUBLIC        byBus1TxHead
  D:001AH         PUBLIC        byBus0SendStopCount
  B:0027H.5       PUBLIC        bBus0RecBit
  B:0025H.1       PUBLIC        bEmergencyNoting
  C:33F2H         PUBLIC        LedControl
  C:335CH         PUBLIC        _MakeCH1TimerOut
  X:00C6H         PUBLIC        MoveFjNum
  D:001BH         PUBLIC        byBus1SendStopCount
  B:0028H.5       PUBLIC        bBus1RecBit
  -------         PROC          SINGLEBUSINIT
  C:2CEEH         LINE#         129
  C:2CEEH         LINE#         130
  C:2CEEH         LINE#         135
  C:2CF1H         LINE#         136
  C:2CF4H         LINE#         137
  C:2CF7H         LINE#         138
  C:2CFAH         LINE#         143
  C:2CFDH         LINE#         144
BL51 BANKED LINKER/LOCATER V6.22                                                      02/14/2019  11:08:20  PAGE 25


  C:2D00H         LINE#         148
  C:2D03H         LINE#         149
  C:2D06H         LINE#         153
  C:2D08H         LINE#         154
  C:2D0AH         LINE#         155
  C:2D0CH         LINE#         156
  C:2D0EH         LINE#         160
  C:2D11H         LINE#         161
  C:2D14H         LINE#         163
  C:2D17H         LINE#         164
  C:2D1AH         LINE#         165
  C:2D1CH         LINE#         166
  C:2D1FH         LINE#         167
  C:2D21H         LINE#         168
  C:2D23H         LINE#         170
  C:2D26H         LINE#         171
  C:2D29H         LINE#         172
  C:2D2BH         LINE#         173
  C:2D2DH         LINE#         174
  C:2D2FH         LINE#         175
  C:2D31H         LINE#         176
  C:2D34H         LINE#         177
  C:2D34H         LINE#         178
  C:2D36H         LINE#         180
  C:2D38H         LINE#         182
  C:2D38H         LINE#         183
  C:2D3AH         LINE#         184
  C:2D3AH         LINE#         185
  C:2D3DH         LINE#         186
  C:2D3DH         LINE#         187
  C:2D3FH         LINE#         188
  C:2D40H         LINE#         190
  C:2D40H         LINE#         191
  C:2D42H         LINE#         192
  C:2D42H         LINE#         194
  -------         ENDPROC       SINGLEBUSINIT
  -------         PROC          BUS0RECINT
  C:3305H         LINE#         211
  C:3307H         LINE#         213
  C:330BH         LINE#         214
  C:330DH         LINE#         215
  C:330FH         LINE#         216
  C:3312H         LINE#         218
  C:3315H         LINE#         219
  C:3315H         LINE#         220
  C:3318H         LINE#         221
  C:3318H         LINE#         223
  -------         ENDPROC       BUS0RECINT
  -------         PROC          BUS1RECINT
  C:33B9H         LINE#         240
  C:33BBH         LINE#         242
  C:33BDH         LINE#         243
  C:33BFH         LINE#         244
  C:33C1H         LINE#         245
  C:33C4H         LINE#         246
  -------         ENDPROC       BUS1RECINT
  -------         PROC          TIMER0INT
BL51 BANKED LINKER/LOCATER V6.22                                                      02/14/2019  11:08:20  PAGE 26


  C:09BEH         LINE#         264
  C:09DBH         LINE#         267
  C:09DDH         LINE#         268
  C:09E0H         LINE#         269
  C:09E3H         LINE#         270
  C:09E5H         LINE#         275
  C:09E9H         LINE#         276
  C:09EDH         LINE#         278
  C:09F0H         LINE#         279
  C:09F0H         LINE#         280
  C:09F6H         LINE#         281
  C:09FFH         LINE#         282
  C:09FFH         LINE#         283
  C:0A01H         LINE#         284
  C:0A03H         LINE#         285
  C:0A06H         LINE#         286
  C:0A06H         LINE#         287
  C:0A0CH         LINE#         288
  C:0A0CH         LINE#         289
  C:0A0FH         LINE#         290
  C:0A11H         LINE#         291
  C:0A13H         LINE#         292
  C:0A13H         LINE#         293
  C:0A16H         LINE#         294
  C:0A19H         LINE#         295
  C:0A1DH         LINE#         296
  C:0A1DH         LINE#         297
  C:0A20H         LINE#         299
  C:0A20H         LINE#         300
  C:0A22H         LINE#         301
  C:0A22H         LINE#         302
  C:0A22H         LINE#         303
  C:0A25H         LINE#         304
  C:0A2BH         LINE#         305
  C:0A2BH         LINE#         306
  C:0A31H         LINE#         307
  C:0A3AH         LINE#         308
  C:0A3AH         LINE#         309
  C:0A3DH         LINE#         310
  C:0A3FH         LINE#         311
  C:0A48H         LINE#         312
  C:0A48H         LINE#         313
  C:0A4AH         LINE#         314
  C:0A4DH         LINE#         315
  C:0A4DH         LINE#         316
  C:0A59H         LINE#         317
  C:0A59H         LINE#         318
  C:0A5CH         LINE#         319
  C:0A5FH         LINE#         320
  C:0A61H         LINE#         322
  C:0A61H         LINE#         323
  C:0A64H         LINE#         324
  C:0A75H         LINE#         325
  C:0A7BH         LINE#         326
  C:0A82H         LINE#         327
  C:0A82H         LINE#         328
  C:0A85H         LINE#         329
BL51 BANKED LINKER/LOCATER V6.22                                                      02/14/2019  11:08:20  PAGE 27


  C:0A8BH         LINE#         330
  C:0A8BH         LINE#         331
  C:0A8DH         LINE#         332
  C:0A8DH         LINE#         333
  C:0A90H         LINE#         334
  C:0A93H         LINE#         335
  C:0A95H         LINE#         336
  C:0A99H         LINE#         337
  C:0A99H         LINE#         338
  C:0A99H         LINE#         339
  C:0A9CH         LINE#         340
  C:0AA0H         LINE#         341
  C:0AA2H         LINE#         343
  C:0AA2H         LINE#         344
  C:0AA4H         LINE#         345
  C:0AAAH         LINE#         346
  C:0AAAH         LINE#         347
  C:0AADH         LINE#         348
  C:0AAFH         LINE#         349
  C:0AB1H         LINE#         350
  C:0AB1H         LINE#         351
  C:0AB4H         LINE#         352
  C:0AB8H         LINE#         353
  C:0AB8H         LINE#         354
  C:0ABAH         LINE#         355
  C:0ABDH         LINE#         356
  C:0ABDH         LINE#         357
  C:0AC1H         LINE#         358
  C:0AC3H         LINE#         360
  C:0AC3H         LINE#         361
  C:0AC9H         LINE#         362
  C:0ACCH         LINE#         363
  C:0ACCH         LINE#         364
  C:0ACFH         LINE#         365
  C:0ACFH         LINE#         366
  C:0ACFH         LINE#         367
  C:0ACFH         LINE#         368
  C:0ACFH         LINE#         370
  C:0AD2H         LINE#         371
  C:0AD2H         LINE#         372
  C:0AD8H         LINE#         373
  C:0AE1H         LINE#         374
  C:0AE1H         LINE#         375
  C:0AE3H         LINE#         376
  C:0AE5H         LINE#         377
  C:0AE8H         LINE#         378
  C:0AE8H         LINE#         379
  C:0AEEH         LINE#         380
  C:0AEEH         LINE#         381
  C:0AF1H         LINE#         382
  C:0AF3H         LINE#         383
  C:0AF5H         LINE#         384
  C:0AF5H         LINE#         385
  C:0AF8H         LINE#         386
  C:0AFBH         LINE#         387
  C:0AFBH         LINE#         388
  C:0AFDH         LINE#         390
BL51 BANKED LINKER/LOCATER V6.22                                                      02/14/2019  11:08:20  PAGE 28


  C:0AFDH         LINE#         391
  C:0AFFH         LINE#         392
  C:0AFFH         LINE#         393
  C:0AFFH         LINE#         394
  C:0B02H         LINE#         395
  C:0B08H         LINE#         396
  C:0B08H         LINE#         397
  C:0B0EH         LINE#         398
  C:0B17H         LINE#         399
  C:0B17H         LINE#         400
  C:0B1AH         LINE#         401
  C:0B1CH         LINE#         402
  C:0B25H         LINE#         403
  C:0B25H         LINE#         404
  C:0B27H         LINE#         405
  C:0B2AH         LINE#         406
  C:0B2AH         LINE#         407
  C:0B36H         LINE#         408
  C:0B36H         LINE#         409
  C:0B39H         LINE#         410
  C:0B3CH         LINE#         411
  C:0B3EH         LINE#         413
  C:0B3EH         LINE#         414
  C:0B41H         LINE#         415
  C:0B52H         LINE#         416
  C:0B58H         LINE#         417
  C:0B5FH         LINE#         418
  C:0B5FH         LINE#         419
  C:0B62H         LINE#         420
  C:0B68H         LINE#         421
  C:0B68H         LINE#         422
  C:0B6AH         LINE#         423
  C:0B6AH         LINE#         424
  C:0B6DH         LINE#         425
  C:0B70H         LINE#         426
  C:0B72H         LINE#         427
  C:0B72H         LINE#         428
  C:0B72H         LINE#         429
  C:0B75H         LINE#         430
  C:0B79H         LINE#         431
  C:0B7BH         LINE#         433
  C:0B7BH         LINE#         434
  C:0B7DH         LINE#         435
  C:0B83H         LINE#         436
  C:0B83H         LINE#         437
  C:0B86H         LINE#         438
  C:0B88H         LINE#         439
  C:0B8AH         LINE#         440
  C:0B8AH         LINE#         441
  C:0B8DH         LINE#         442
  C:0B8DH         LINE#         443
  C:0B8FH         LINE#         444
  C:0B92H         LINE#         445
  C:0B92H         LINE#         446
  C:0B96H         LINE#         447
  C:0B98H         LINE#         449
  C:0B98H         LINE#         450
BL51 BANKED LINKER/LOCATER V6.22                                                      02/14/2019  11:08:20  PAGE 29


  C:0B9EH         LINE#         451
  C:0BA1H         LINE#         452
  C:0BA1H         LINE#         453
  C:0BA4H         LINE#         454
  C:0BA4H         LINE#         455
  C:0BA4H         LINE#         456
  C:0BA4H         LINE#         457
  C:0BA4H         LINE#         459
  C:0BACH         LINE#         460
  C:0BACH         LINE#         461
  C:0BAFH         LINE#         462
  C:0BAFH         LINE#         463
  C:0BB1H         LINE#         464
  C:0BB3H         LINE#         465
  C:0BB5H         LINE#         466
  C:0BB8H         LINE#         467
  C:0BC8H         LINE#         468
  C:0BCAH         LINE#         469
  C:0BCDH         LINE#         471
  C:0BCDH         LINE#         472
  C:0BD0H         LINE#         473
  C:0BD2H         LINE#         474
  C:0BD5H         LINE#         475
  C:0BD7H         LINE#         476
  C:0BDAH         LINE#         477
  C:0BDAH         LINE#         478
  C:0BDDH         LINE#         479
  C:0BE3H         LINE#         480
  C:0BE3H         LINE#         481
  C:0BE9H         LINE#         482
  C:0BEFH         LINE#         483
  C:0BEFH         LINE#         484
  C:0BFCH         LINE#         486
  C:0BFCH         LINE#         487
  C:0BFFH         LINE#         488
  C:0C02H         LINE#         489
  C:0C04H         LINE#         490
  C:0C06H         LINE#         491
  C:0C09H         LINE#         492
  C:0C0BH         LINE#         493
  C:0C0BH         LINE#         494
  C:0C0DH         LINE#         497
  C:0C10H         LINE#         498
  C:0C10H         LINE#         500
  C:0C15H         LINE#         501
  C:0C15H         LINE#         502
  C:0C17H         LINE#         504
  C:0C1AH         LINE#         505
  C:0C1CH         LINE#         506
  C:0C24H         LINE#         507
  C:0C24H         LINE#         508
  C:0C2DH         LINE#         509
  C:0C32H         LINE#         510
  C:0C34H         LINE#         511
  C:0C37H         LINE#         512
  C:0C37H         LINE#         513
  C:0C39H         LINE#         514
BL51 BANKED LINKER/LOCATER V6.22                                                      02/14/2019  11:08:20  PAGE 30


  C:0C3BH         LINE#         515
  C:0C3DH         LINE#         516
  C:0C45H         LINE#         517
  C:0C45H         LINE#         518
  C:0C47H         LINE#         519
  C:0C49H         LINE#         520
  C:0C52H         LINE#         521
  C:0C52H         LINE#         522
  C:0C55H         LINE#         523
  C:0C58H         LINE#         524
  C:0C5BH         LINE#         525
  C:0C5EH         LINE#         526
  C:0C61H         LINE#         527
  C:0C63H         LINE#         529
  C:0C63H         LINE#         530
  C:0C66H         LINE#         531
  C:0C68H         LINE#         532
  C:0C68H         LINE#         533
  C:0C6CH         LINE#         534
  C:0C6EH         LINE#         536
  C:0C6EH         LINE#         537
  C:0C73H         LINE#         538
  C:0C73H         LINE#         539
  C:0C75H         LINE#         540
  C:0C77H         LINE#         541
  C:0C79H         LINE#         543
  C:0C79H         LINE#         544
  C:0C7BH         LINE#         545
  C:0C7DH         LINE#         546
  C:0C7DH         LINE#         547
  C:0C83H         LINE#         548
  C:0C83H         LINE#         549
  C:0C83H         LINE#         550
  C:0C83H         LINE#         559
  C:0C83H         LINE#         561
  C:0C8BH         LINE#         562
  C:0C8BH         LINE#         563
  C:0C8EH         LINE#         564
  C:0C8EH         LINE#         565
  C:0C90H         LINE#         566
  C:0C92H         LINE#         567
  C:0C94H         LINE#         568
  C:0C97H         LINE#         569
  C:0CA7H         LINE#         570
  C:0CA9H         LINE#         571
  C:0CACH         LINE#         573
  C:0CACH         LINE#         574
  C:0CAFH         LINE#         575
  C:0CB1H         LINE#         576
  C:0CB4H         LINE#         577
  C:0CB4H         LINE#         578
  C:0CB4H         LINE#         579
  C:0CB4H         LINE#         580
  C:0CB7H         LINE#         581
  C:0CBDH         LINE#         582
  C:0CBDH         LINE#         583
  C:0CC5H         LINE#         584
BL51 BANKED LINKER/LOCATER V6.22                                                      02/14/2019  11:08:20  PAGE 31


  C:0CC5H         LINE#         585
  C:0CCBH         LINE#         586
  C:0CD1H         LINE#         587
  C:0CD1H         LINE#         588
  C:0CD4H         LINE#         589
  C:0CD6H         LINE#         590
  C:0CDEH         LINE#         591
  C:0CDEH         LINE#         592
  C:0CE7H         LINE#         593
  C:0CEBH         LINE#         594
  C:0CEDH         LINE#         595
  C:0CF0H         LINE#         596
  C:0CF0H         LINE#         597
  C:0CF2H         LINE#         598
  C:0CF4H         LINE#         599
  C:0CF6H         LINE#         600
  C:0CFEH         LINE#         601
  C:0CFEH         LINE#         602
  C:0D00H         LINE#         603
  C:0D02H         LINE#         604
  C:0D0BH         LINE#         605
  C:0D0BH         LINE#         606
  C:0D0EH         LINE#         607
  C:0D11H         LINE#         608
  C:0D14H         LINE#         609
  C:0D17H         LINE#         610
  C:0D1AH         LINE#         611
  C:0D1CH         LINE#         613
  C:0D1CH         LINE#         614
  C:0D1FH         LINE#         615
  C:0D21H         LINE#         616
  C:0D21H         LINE#         617
  C:0D25H         LINE#         618
  C:0D27H         LINE#         620
  C:0D27H         LINE#         621
  C:0D2CH         LINE#         622
  C:0D2CH         LINE#         623
  C:0D2EH         LINE#         624
  C:0D30H         LINE#         625
  C:0D32H         LINE#         627
  C:0D32H         LINE#         628
  C:0D34H         LINE#         629
  C:0D36H         LINE#         630
  C:0D36H         LINE#         631
  C:0D3CH         LINE#         632
  C:0D3CH         LINE#         633
  C:0D3CH         LINE#         634
  C:0D3EH         LINE#         636
  C:0D3EH         LINE#         637
  C:0D41H         LINE#         638
  C:0D44H         LINE#         639
  C:0D46H         LINE#         640
  C:0D48H         LINE#         641
  C:0D4BH         LINE#         642
  C:0D4BH         LINE#         643
  C:0D4BH         LINE#         645
  C:0D51H         LINE#         646
BL51 BANKED LINKER/LOCATER V6.22                                                      02/14/2019  11:08:20  PAGE 32


  C:0D51H         LINE#         647
  C:0D55H         LINE#         648
  C:0D55H         LINE#         649
  C:0D58H         LINE#         650
  C:0D58H         LINE#         651
  C:0D5AH         LINE#         652
  C:0D5AH         LINE#         653
  C:0D5AH         LINE#         654
  C:0D5DH         LINE#         655
  C:0D5DH         LINE#         656
  C:0D5FH         LINE#         657
  C:0D62H         LINE#         658
  C:0D62H         LINE#         659
  C:0D64H         LINE#         660
  C:0D68H         LINE#         661
  C:0D6BH         LINE#         662
  C:0D6BH         LINE#         663
  C:0D6BH         LINE#         664
  C:0D6BH         LINE#         666
  C:0D71H         LINE#         667
  C:0D71H         LINE#         668
  C:0D75H         LINE#         669
  C:0D75H         LINE#         670
  C:0D78H         LINE#         671
  C:0D78H         LINE#         672
  C:0D7AH         LINE#         673
  C:0D7AH         LINE#         674
  C:0D7AH         LINE#         675
  C:0D7DH         LINE#         676
  C:0D7DH         LINE#         677
  C:0D7FH         LINE#         678
  C:0D82H         LINE#         679
  C:0D82H         LINE#         680
  C:0D84H         LINE#         681
  C:0D88H         LINE#         682
  C:0D8BH         LINE#         683
  C:0D8BH         LINE#         684
  C:0D8BH         LINE#         685
  C:0D8BH         LINE#         687
  C:0D8FH         LINE#         688
  C:0D8FH         LINE#         689
  C:0D92H         LINE#         690
  C:0D92H         LINE#         691
  C:0D95H         LINE#         692
  C:0D99H         LINE#         693
  C:0D99H         LINE#         694
  C:0D99H         LINE#         695
  C:0D9DH         LINE#         696
  C:0D9DH         LINE#         697
  C:0DA0H         LINE#         698
  C:0DA0H         LINE#         699
  C:0DA2H         LINE#         700
  C:0DA2H         LINE#         701
  C:0DA2H         LINE#         703
  C:0DA6H         LINE#         704
  C:0DA6H         LINE#         705
  C:0DA9H         LINE#         706
BL51 BANKED LINKER/LOCATER V6.22                                                      02/14/2019  11:08:20  PAGE 33


  C:0DA9H         LINE#         707
  C:0DACH         LINE#         708
  C:0DACH         LINE#         709
  C:0DACH         LINE#         710
  C:0DB0H         LINE#         711
  C:0DB0H         LINE#         712
  C:0DB3H         LINE#         713
  C:0DB3H         LINE#         714
  C:0DB5H         LINE#         715
  C:0DB5H         LINE#         716
  C:0DB5H         LINE#         718
  C:0DBEH         LINE#         719
  C:0DBEH         LINE#         720
  C:0DC1H         LINE#         721
  C:0DC1H         LINE#         722
  C:0DC3H         LINE#         723
  C:0DC3H         LINE#         724
  C:0DC6H         LINE#         726
  C:0DC6H         LINE#         727
  C:0DCFH         LINE#         728
  C:0DCFH         LINE#         729
  C:0DF3H         LINE#         730
  C:0DF3H         LINE#         731
  C:0E03H         LINE#         732
  C:0E13H         LINE#         733
  C:0E23H         LINE#         734
  C:0E34H         LINE#         735
  C:0E44H         LINE#         736
  C:0E55H         LINE#         737
  C:0E65H         LINE#         738
  C:0E76H         LINE#         739
  C:0E86H         LINE#         740
  C:0E97H         LINE#         741
  C:0EA7H         LINE#         742
  C:0EB8H         LINE#         743
  C:0EC8H         LINE#         744
  C:0ED9H         LINE#         745
  C:0EDCH         LINE#         746
  C:0EDEH         LINE#         748
  C:0EDEH         LINE#         749
  C:0EE4H         LINE#         750
  C:0EE4H         LINE#         751
  C:0EE4H         LINE#         752
  C:0EE4H         LINE#         753
  C:0EE4H         LINE#         755
  C:0EEDH         LINE#         756
  C:0EEDH         LINE#         757
  C:0EF0H         LINE#         758
  C:0EF0H         LINE#         759
  C:0EF2H         LINE#         760
  C:0EF2H         LINE#         761
  C:0EF5H         LINE#         763
  C:0EF5H         LINE#         764
  C:0EFEH         LINE#         765
  C:0EFEH         LINE#         766
  C:0F22H         LINE#         767
  C:0F22H         LINE#         768
BL51 BANKED LINKER/LOCATER V6.22                                                      02/14/2019  11:08:20  PAGE 34


  C:0F32H         LINE#         769
  C:0F42H         LINE#         770
  C:0F52H         LINE#         771
  C:0F63H         LINE#         772
  C:0F73H         LINE#         773
  C:0F84H         LINE#         774
  C:0F94H         LINE#         775
  C:0FA5H         LINE#         776
  C:0FB5H         LINE#         777
  C:0FC6H         LINE#         778
  C:0FD6H         LINE#         779
  C:0FE7H         LINE#         780
  C:0FF7H         LINE#         781
  C:1008H         LINE#         782
  C:100BH         LINE#         783
  C:100DH         LINE#         785
  C:100DH         LINE#         786
  C:1013H         LINE#         787
  C:1013H         LINE#         788
  C:1013H         LINE#         789
  C:1013H         LINE#         790
  C:1013H         LINE#         791
  -------         ENDPROC       TIMER0INT
  -------         PROC          _BCDTOHEX
  D:0007H         SYMBOL        byData
  -------         DO            
  D:0006H         SYMBOL        byRet
  -------         ENDDO         
  C:33AAH         LINE#         807
  C:33AAH         LINE#         808
  C:33AAH         LINE#         811
  C:33AEH         LINE#         812
  C:33B3H         LINE#         813
  C:33B6H         LINE#         814
  C:33B7H         LINE#         815
  C:33B8H         LINE#         816
  -------         ENDPROC       _BCDTOHEX
  C:2509H         SYMBOL        L?0699
  C:250CH         SYMBOL        L?0700
  C:250DH         SYMBOL        L?0701
  -------         PROC          L?0698
  -------         ENDPROC       L?0698
  C:2509H         SYMBOL        L?0699
  C:250CH         SYMBOL        L?0700
  C:250DH         SYMBOL        L?0701
  -------         PROC          _BUS0OUTPUTDATA
  X:0141H         SYMBOL        pbyData
  -------         DO            
  X:0144H         SYMBOL        byTemp
  -------         ENDDO         
  C:2513H         LINE#         833
  C:251EH         LINE#         834
  C:251EH         LINE#         835
  C:2522H         LINE#         837
  C:2526H         LINE#         838
  C:2544H         LINE#         839
  C:2544H         LINE#         840
BL51 BANKED LINKER/LOCATER V6.22                                                      02/14/2019  11:08:20  PAGE 35


  C:2549H         LINE#         841
  C:254CH         LINE#         842
  C:254CH         LINE#         843
  C:2556H         LINE#         844
  C:2556H         LINE#         845
  C:2577H         LINE#         846
  C:2588H         LINE#         847
  C:258AH         LINE#         848
  C:258FH         LINE#         849
  C:2591H         LINE#         850
  -------         ENDPROC       _BUS0OUTPUTDATA
  C:2443H         SYMBOL        L?0695
  C:246FH         SYMBOL        L?0696
  C:2471H         SYMBOL        L?0697
  -------         PROC          L?0694
  -------         ENDPROC       L?0694
  C:2443H         SYMBOL        L?0695
  C:246FH         SYMBOL        L?0696
  C:2471H         SYMBOL        L?0697
  -------         PROC          _BUS1OUTPUTDATA
  X:0141H         SYMBOL        pbyData
  -------         DO            
  X:0144H         SYMBOL        byTemp
  -------         ENDDO         
  C:2475H         LINE#         866
  C:2480H         LINE#         867
  C:2480H         LINE#         868
  C:2484H         LINE#         870
  C:2488H         LINE#         871
  C:24A6H         LINE#         872
  C:24A6H         LINE#         873
  C:24ABH         LINE#         874
  C:24AEH         LINE#         875
  C:24AEH         LINE#         876
[...]
  C:278AH         LINE#         355
  C:2790H         LINE#         357
  C:2792H         LINE#         358
  C:2792H         LINE#         359
  C:2796H         LINE#         360
  C:2796H         LINE#         361
  C:2796H         LINE#         362
  C:2796H         LINE#         363
  C:279AH         LINE#         364
  C:279FH         LINE#         365
  C:27A5H         LINE#         366
  C:27A5H         LINE#         368
  C:27B1H         LINE#         369
  C:27B6H         LINE#         370
  C:27B6H         LINE#         406
  C:27B6H         LINE#         407
  C:27BBH         LINE#         408
  C:27BEH         LINE#         409
  C:27BEH         LINE#         411
  C:27BEH         LINE#         412
  C:27C3H         LINE#         413
  C:27C5H         LINE#         414
  C:27C5H         LINE#         415
  -------         ENDPROC       _OSQPOST
  -------         ENDMOD        OS_Q

  -------         MODULE        OS_SEM
  C:0000H         SYMBOL        _ICE_DUMMY_
  D:0080H         PUBLIC        P0
  D:0090H         PUBLIC        P1
  D:00A0H         PUBLIC        P2
  D:00B0H         PUBLIC        P3
  D:00A8H         PUBLIC        IE
  D:00B8H         PUBLIC        IP
  D:00D8H         PUBLIC        CCON
  D:0098H         PUBLIC        SCON
  D:0088H         PUBLIC        TCON
  D:00E0H         PUBLIC        ACC
  D:00D0H         PUBLIC        PSW
  -------         ENDMOD        OS_SEM

  -------         MODULE        OS_CPU_C
BL51 BANKED LINKER/LOCATER V6.22                                                      02/14/2019  11:08:20  PAGE 78


  C:0000H         SYMBOL        _ICE_DUMMY_
  D:0080H         PUBLIC        P0
  D:0090H         PUBLIC        P1
  D:00A0H         PUBLIC        P2
  D:00B0H         PUBLIC        P3
  C:30FAH         PUBLIC        _OSTaskStkDel
  B:00A8H.7       PUBLIC        EA
  C:2E6AH         PUBLIC        _StkDelA
  C:2EEFH         PUBLIC        _StkDelB
  C:32D7H         PUBLIC        _StkDelC
  D:00A8H         PUBLIC        IE
  D:00B8H         PUBLIC        IP
  C:2D43H         PUBLIC        OSTickISR
  C:339AH         PUBLIC        OSCPUInit
  D:0081H         PUBLIC        SP
  D:00D8H         PUBLIC        CCON
  D:0036H         PUBLIC        OSTsakStackBotton
  D:0098H         PUBLIC        SCON
  D:0088H         PUBLIC        TCON
  D:00E0H         PUBLIC        ACC
  D:003DH         PUBLIC        OSFastSwap
  X:0154H         PUBLIC        timer_i
  D:00D0H         PUBLIC        PSW
  B:00D8H.0       PUBLIC        CCF0
  -------         PROC          OSCPUINIT
  -------         DO            
  D:0007H         SYMBOL        i
  -------         ENDDO         
  C:339AH         LINE#         79
  C:339AH         LINE#         83
  C:339CH         LINE#         84
  C:339CH         LINE#         85
  C:33A2H         LINE#         86
  C:33A6H         LINE#         87
  C:33A9H         LINE#         89
  -------         ENDPROC       OSCPUINIT
  -------         PROC          _STKDELA
  D:0007H         SYMBOL        TaskID
  -------         DO            
  D:0006H         SYMBOL        cp
  D:0005H         SYMBOL        cp1
  D:0004H         SYMBOL        temp
  D:0007H         SYMBOL        i
  -------         ENDDO         
  C:2E6AH         LINE#         201
  C:2E6AH         LINE#         202
  C:2E6AH         LINE#         207
  C:2E70H         LINE#         208
  C:2E76H         LINE#         209
  C:2E7BH         LINE#         210
  C:2E84H         LINE#         211
  C:2E84H         LINE#         212
  C:2E8FH         LINE#         213
  C:2E92H         LINE#         214
  C:2E98H         LINE#         216
  C:2E98H         LINE#         217
  C:2EA4H         LINE#         218
BL51 BANKED LINKER/LOCATER V6.22                                                      02/14/2019  11:08:20  PAGE 79


  C:2EA6H         LINE#         219
  C:2EACH         LINE#         220
  -------         ENDPROC       _STKDELA
  -------         PROC          _STKDELB
  D:0007H         SYMBOL        TaskID
  -------         DO            
  D:0005H         SYMBOL        cp
  D:0004H         SYMBOL        cp1
  D:0005H         SYMBOL        temp
  D:0006H         SYMBOL        i
  -------         ENDDO         
  C:2EEFH         LINE#         223
  C:2EEFH         LINE#         224
  C:2EEFH         LINE#         229
  C:2EF6H         LINE#         230
  C:2EFCH         LINE#         231
  C:2F07H         LINE#         232
  C:2F09H         LINE#         233
  C:2F09H         LINE#         235
  C:2F09H         LINE#         236
  C:2F15H         LINE#         237
  C:2F17H         LINE#         238
  C:2F17H         LINE#         239
  C:2F1DH         LINE#         240
  C:2F26H         LINE#         241
  C:2F26H         LINE#         242
  C:2F2DH         LINE#         243
  C:2F30H         LINE#         244
  -------         ENDPROC       _STKDELB
  -------         PROC          _STKDELC
  D:0007H         SYMBOL        TaskID
  -------         DO            
  D:0005H         SYMBOL        cp
  -------         ENDDO         
  C:32D7H         LINE#         246
  C:32D7H         LINE#         247
  C:32D7H         LINE#         252
  C:32DDH         LINE#         253
  C:32E3H         LINE#         254
  C:32E8H         LINE#         255
  C:32ECH         LINE#         256
  -------         ENDPROC       _STKDELC
  -------         PROC          _OSTASKSTKDEL
  D:0007H         SYMBOL        TaskID
  -------         DO            
  D:0006H         SYMBOL        temp
  -------         ENDDO         
  C:30FAH         LINE#         259
  C:30FAH         LINE#         263
  C:30FCH         LINE#         264
  C:3100H         LINE#         265
  C:3100H         LINE#         266
  C:3101H         LINE#         267
  C:3103H         LINE#         268
  C:3109H         LINE#         269
  C:3109H         LINE#         270
  C:310BH         LINE#         271
BL51 BANKED LINKER/LOCATER V6.22                                                      02/14/2019  11:08:20  PAGE 80


  C:310BH         LINE#         272
  C:3116H         LINE#         273
  C:3116H         LINE#         274
  C:3116H         LINE#         275
  C:3119H         LINE#         276
  C:3119H         LINE#         277
  C:3119H         LINE#         278
  C:311CH         LINE#         279
  C:311CH         LINE#         280
  C:311CH         LINE#         281
  C:311FH         LINE#         282
  C:311FH         LINE#         283
  C:311FH         LINE#         284
  C:311FH         LINE#         285
  C:311FH         LINE#         286
  -------         ENDPROC       _OSTASKSTKDEL
  -------         PROC          OSTICKISR
  C:2D43H         LINE#         309
  C:2D62H         LINE#         312
  C:2D65H         LINE#         313
  C:2D65H         LINE#         314
  C:2D67H         LINE#         320
  C:2D6AH         LINE#         330
  C:2D6EH         LINE#         333
  C:2D71H         LINE#         338
  C:2D74H         LINE#         339
  C:2D74H         LINE#         340
  -------         ENDPROC       OSTICKISR
  -------         ENDMOD        OS_CPU_C

  -------         MODULE        OS_CPU_A_ASM
  C:0026H         SEGMENT       ?PR?OSCTXSW?OS_CPU_A
  C:304EH         SEGMENT       ?PR?OSINTCTXSW?OS_CPU_A
  C:301BH         SEGMENT       ?PR?LOADCTX?OS_CPU_A
  C:2626H         SEGMENT       ?PR?C_OSCTXSW?OS_CPU_A
  C:28C5H         SEGMENT       ?PR?_OSTASKSTKINIT?OS_CPU_A
  I:004EH         SEGMENT       ?STACK
  C:2626H         PUBLIC        C_OSCTXSW
  C:301BH         PUBLIC        LOADCTX
  C:0026H         PUBLIC        OSCTXSW
  C:304EH         PUBLIC        OSINTCTXSW
  I:004EH         PUBLIC        STACK
  C:28C5H         PUBLIC        _OSTASKSTKINIT
  C:2673H         SYMBOL        ?C0001
  C:2644H         SYMBOL        ?C0002
  C:264AH         SYMBOL        ?C0003
  C:2667H         SYMBOL        ?C0004
  C:266DH         SYMBOL        ?C0005
  C:26ACH         SYMBOL        ?C0007
  C:267DH         SYMBOL        ?C0008
  C:2683H         SYMBOL        ?C0009
  C:26AFH         SYMBOL        ?C000R
  C:26A1H         SYMBOL        ?C0010
  C:26A7H         SYMBOL        ?C0011
  D:00E0H         SYMBOL        ACC
  D:00F0H         SYMBOL        B
  D:0083H         SYMBOL        DPH
BL51 BANKED LINKER/LOCATER V6.22                                                      02/14/2019  11:08:20  PAGE 81


  D:0082H         SYMBOL        DPL
  B:00A8H.7       SYMBOL        EA
  C:3024H         SYMBOL        LOADCTX_0
  C:3046H         SYMBOL        LOADCTX_2
  C:304DH         SYMBOL        LOADCTX_3
  C:3063H         SYMBOL        OSINTCTXSW_0
  N:0000H         SYMBOL        OS_CPU_A_ASM
  D:00D0H         SYMBOL        PSW
  D:0081H         SYMBOL        SP
  C:28FCH         SYMBOL        STKINIT11
  C:2930H         SYMBOL        STKINIT12
  C:290EH         SYMBOL        STKINIT15
  C:292AH         SYMBOL        STKINIT18
  C:2904H         SYMBOL        STKINIT5
  C:28DFH         SYMBOL        STKINIT8
  C:28C5H         LINE#         137
  C:28C7H         LINE#         138
  C:28C9H         LINE#         142
  C:28CAH         LINE#         143
  C:28CDH         LINE#         144
  C:28CEH         LINE#         145
  C:28D0H         LINE#         173
  C:28D1H         LINE#         174
  C:28D2H         LINE#         175
  C:28D4H         LINE#         176
  C:28D6H         LINE#         179
  C:28D7H         LINE#         180
  C:28D9H         LINE#         181
  C:28DAH         LINE#         182
  C:28DBH         LINE#         184
  C:28DDH         LINE#         185
  C:28DEH         LINE#         186
  C:28DFH         LINE#         191
  C:28E1H         LINE#         192
  C:28E2H         LINE#         193
  C:28E3H         LINE#         195
  C:28E4H         LINE#         197
  C:28E6H         LINE#         200
  C:28E8H         LINE#         203
  C:28EAH         LINE#         204
  C:28ECH         LINE#         205
  C:28EEH         LINE#         207
  C:28F0H         LINE#         208
  C:28F1H         LINE#         209
  C:28F2H         LINE#         210
  C:28F4H         LINE#         211
  C:28F5H         LINE#         212
  C:28F7H         LINE#         213
  C:28F8H         LINE#         214
  C:28F9H         LINE#         215
  C:28FAH         LINE#         217
  C:28FCH         LINE#         222
  C:28FDH         LINE#         223
  C:28FEH         LINE#         224
  C:28FFH         LINE#         225
  C:2900H         LINE#         227
  C:2902H         LINE#         229
BL51 BANKED LINKER/LOCATER V6.22                                                      02/14/2019  11:08:20  PAGE 82


  C:2904H         LINE#         234
  C:2906H         LINE#         235
  C:2908H         LINE#         236
  C:2909H         LINE#         238
  C:290AH         LINE#         239
  C:290BH         LINE#         240
  C:290DH         LINE#         241
  C:290EH         LINE#         246
  C:2910H         LINE#         247
  C:2911H         LINE#         248
  C:2912H         LINE#         250
  C:2913H         LINE#         252
  C:2915H         LINE#         255
  C:2917H         LINE#         256
  C:2919H         LINE#         257
  C:291AH         LINE#         258
  C:291BH         LINE#         259
  C:291CH         LINE#         261
  C:291DH         LINE#         262
  C:291FH         LINE#         263
  C:2920H         LINE#         265
  C:2922H         LINE#         266
  C:2923H         LINE#         267
  C:2924H         LINE#         268
  C:2925H         LINE#         269
  C:2926H         LINE#         270
  C:2927H         LINE#         271
  C:2928H         LINE#         273
  C:292AH         LINE#         278
  C:292BH         LINE#         279
  C:292CH         LINE#         280
  C:292DH         LINE#         281
  C:292EH         LINE#         283
  C:2930H         LINE#         287
  C:2932H         LINE#         288
  C:2933H         LINE#         289
  C:2934H         LINE#         290
  C:2935H         LINE#         291
  C:2936H         LINE#         293
  C:2938H         LINE#         294
  C:2939H         LINE#         295
  C:293AH         LINE#         297
  C:293CH         LINE#         298
  C:293DH         LINE#         299
  C:293EH         LINE#         309
  C:293FH         LINE#         310
  C:2940H         LINE#         312
  C:301BH         LINE#         340
  C:301DH         LINE#         348
  C:301FH         LINE#         349
  C:3022H         LINE#         350
  C:3024H         LINE#         352
  C:3027H         LINE#         354
  C:3028H         LINE#         355
  C:302AH         LINE#         367
  C:302CH         LINE#         369
  C:302EH         LINE#         370
BL51 BANKED LINKER/LOCATER V6.22                                                      02/14/2019  11:08:20  PAGE 83


  C:3030H         LINE#         371
  C:3032H         LINE#         372
  C:3034H         LINE#         373
  C:3036H         LINE#         374
  C:3038H         LINE#         375
  C:303AH         LINE#         376
  C:303CH         LINE#         377
  C:303EH         LINE#         378
  C:3040H         LINE#         379
  C:3042H         LINE#         380
  C:3044H         LINE#         381
  C:3046H         LINE#         384
  C:3048H         LINE#         385
  C:304BH         LINE#         386
  C:304DH         LINE#         388
  C:0026H         LINE#         415
  C:0028H         LINE#         417
  C:002BH         LINE#         418
  C:002DH         LINE#         420
  C:002EH         LINE#         421
  C:0030H         LINE#         434
  C:2626H         LINE#         457
  C:2628H         LINE#         460
  C:262AH         LINE#         466
  C:262BH         LINE#         468
  C:262DH         LINE#         469
  C:262FH         LINE#         470
  C:2630H         LINE#         471
  C:2631H         LINE#         472
  C:2632H         LINE#         474
  C:2634H         LINE#         475
  C:2636H         LINE#         476
  C:2637H         LINE#         477
  C:2638H         LINE#         478
  C:2639H         LINE#         480
  C:263BH         LINE#         481
  C:263CH         LINE#         482
  C:263EH         LINE#         483
  C:2640H         LINE#         489
  C:2641H         LINE#         490
  C:2642H         LINE#         491
  C:2643H         LINE#         492
  C:2644H         LINE#         494
  C:2645H         LINE#         495
  C:2646H         LINE#         496
  C:2647H         LINE#         497
  C:2648H         LINE#         498
  C:264AH         LINE#         501
  C:264CH         LINE#         502
  C:264EH         LINE#         503
  C:264FH         LINE#         504
  C:2650H         LINE#         505
  C:2651H         LINE#         507
  C:2652H         LINE#         508
  C:2653H         LINE#         510
  C:2654H         LINE#         511
  C:2656H         LINE#         516
BL51 BANKED LINKER/LOCATER V6.22                                                      02/14/2019  11:08:20  PAGE 84


  C:2658H         LINE#         517
  C:2659H         LINE#         518
  C:265BH         LINE#         519
  C:265CH         LINE#         520
  C:265EH         LINE#         522
  C:2660H         LINE#         523
  C:2662H         LINE#         524
  C:2663H         LINE#         525
  C:2664H         LINE#         526
  C:2665H         LINE#         527
  C:2666H         LINE#         528
  C:2667H         LINE#         530
  C:2668H         LINE#         531
  C:2669H         LINE#         532
  C:266AH         LINE#         533
  C:266BH         LINE#         534
  C:266DH         LINE#         537
  C:2670H         LINE#         539
  C:2673H         LINE#         544
  C:2675H         LINE#         545
  C:2677H         LINE#         546
  C:2679H         LINE#         558
  C:267AH         LINE#         559
  C:267BH         LINE#         560
  C:267CH         LINE#         561
  C:267DH         LINE#         563
  C:267EH         LINE#         564
  C:267FH         LINE#         565
  C:2680H         LINE#         566
  C:2681H         LINE#         567
  C:2683H         LINE#         570
  C:2685H         LINE#         571
  C:2687H         LINE#         572
  C:2688H         LINE#         573
  C:2689H         LINE#         574
  C:268AH         LINE#         576
  C:268BH         LINE#         577
  C:268CH         LINE#         579
  C:268EH         LINE#         580
  C:2690H         LINE#         581
  C:2691H         LINE#         582
  C:2692H         LINE#         583
  C:2694H         LINE#         589
  C:2696H         LINE#         590
  C:2697H         LINE#         591
  C:2699H         LINE#         592
  C:269BH         LINE#         594
  C:269CH         LINE#         595
  C:269EH         LINE#         596
  C:26A0H         LINE#         597
  C:26A1H         LINE#         599
  C:26A2H         LINE#         600
  C:26A3H         LINE#         601
  C:26A4H         LINE#         602
  C:26A5H         LINE#         603
  C:26A7H         LINE#         607
  C:26AAH         LINE#         609
BL51 BANKED LINKER/LOCATER V6.22                                                      02/14/2019  11:08:20  PAGE 85


  C:26ACH         LINE#         613
  C:26AFH         LINE#         618
  C:304EH         LINE#         642
  C:3050H         LINE#         643
  C:3052H         LINE#         644
  C:3054H         LINE#         647
  C:3056H         LINE#         648
  C:3058H         LINE#         649
  C:305AH         LINE#         651
  C:305CH         LINE#         652
  C:305EH         LINE#         653
  C:3060H         LINE#         654
  C:3062H         LINE#         655
  C:3063H         LINE#         659
  C:3065H         LINE#         660
  C:3067H         LINE#         661
  C:3069H         LINE#         663
  C:306CH         LINE#         664
  C:306EH         LINE#         666
  C:306FH         LINE#         667
  C:3070H         LINE#         668
  C:3072H         LINE#         689
  C:3074H         LINE#         691
  C:3076H         LINE#         692
  C:3078H         LINE#         693
  C:307AH         LINE#         694
  C:307CH         LINE#         695
  -------         ENDMOD        OS_CPU_A_ASM

  -------         MODULE        ?C?COPY
  C:1A17H         PUBLIC        ?C?COPY
  -------         ENDMOD        ?C?COPY

  -------         MODULE        ?C?CLDPTR
  C:1A3DH         PUBLIC        ?C?CLDPTR
  -------         ENDMOD        ?C?CLDPTR

  -------         MODULE        ?C?CLDOPTR
  C:1A56H         PUBLIC        ?C?CLDOPTR
  -------         ENDMOD        ?C?CLDOPTR

  -------         MODULE        ?C?CSTPTR
  C:1A83H         PUBLIC        ?C?CSTPTR
  -------         ENDMOD        ?C?CSTPTR

  -------         MODULE        ?C?IMUL
  C:1A95H         PUBLIC        ?C?IMUL
  -------         ENDMOD        ?C?IMUL

  -------         MODULE        ?C?UIDIV
  C:1AA7H         PUBLIC        ?C?UIDIV
  -------         ENDMOD        ?C?UIDIV

  -------         MODULE        ?C?IILDX
  C:1AFCH         PUBLIC        ?C?IILDX
  -------         ENDMOD        ?C?IILDX

BL51 BANKED LINKER/LOCATER V6.22                                                      02/14/2019  11:08:20  PAGE 86


  -------         MODULE        ?C?ILDIX
  C:1B12H         PUBLIC        ?C?ILDIX
  -------         ENDMOD        ?C?ILDIX

  -------         MODULE        ?C?CCASE
  C:1B28H         PUBLIC        ?C?CCASE
  -------         ENDMOD        ?C?CCASE

  -------         MODULE        ?C?MEMSET
  C:1B4EH         PUBLIC        ?C?MEMSET
  -------         ENDMOD        ?C?MEMSET

*** WARNING L16: UNCALLED SEGMENT, IGNORED FOR OVERLAY PROCESS
    SEGMENT: ?PR?TIMEINTERVAL?MAIN

*** WARNING L16: UNCALLED SEGMENT, IGNORED FOR OVERLAY PROCESS
    SEGMENT: ?PR?_SEND_DATA?MAIN

*** WARNING L16: UNCALLED SEGMENT, IGNORED FOR OVERLAY PROCESS
    SEGMENT: ?PR?_SEND_DATA_BYTE?MAIN

*** WARNING L16: UNCALLED SEGMENT, IGNORED FOR OVERLAY PROCESS
    SEGMENT: ?PR?_OSTASKSTKDEL?OS_CPU_C

Program Size: data=76.6 xdata=341 code=13351
LINK/LOCATE RUN COMPLETE.  4 WARNING(S),  0 ERROR(S)
