BL51 BANKED LINKER/LOCATER V6.22                                                        03/06/2019  08:21:13  PAGE 1


BL51 BANKED LINKER/LOCATER V6.22, INVOKED BY:
C:\KEIL\C51\BIN\BL51.EXE GT23.obj, IAP.obj, LCD.obj, main.obj, SingleBus.obj, SPI.obj, Uart.obj, sst25vf040_2005.obj, .\
>> OS_CORE.obj, .\OS_MEM.obj, .\OS_Q.obj, .\OS_SEM.obj, .\OS_CPU_C.obj, .\OS_CPU_A.obj TO YHFJ-DISP-V21 RAMSIZE (256)


MEMORY MODEL: LARGE


INPUT MODULES INCLUDED:
  GT23.obj (GT23)
  IAP.obj (IAP)
  LCD.obj (LCD)
  main.obj (MAIN)
  SingleBus.obj (SINGLEBUS)
  SPI.obj (SPI)
  Uart.obj (UART)
  sst25vf040_2005.obj (SST25VF040_2005)
  .\OS_CORE.obj (OS_CORE)
  .\OS_MEM.obj (OS_MEM)
  .\OS_Q.obj (OS_Q)
  .\OS_SEM.obj (OS_SEM)
  .\OS_CPU_C.obj (OS_CPU_C)
  .\OS_CPU_A.obj (OS_CPU_A_ASM)
  C:\KEIL\C51\LIB\C51L.LIB (?C_STARTUP)
  C:\KEIL\C51\LIB\C51L.LIB (?C?COPY)
  C:\KEIL\C51\LIB\C51L.LIB (?C?SCDIV)
  C:\KEIL\C51\LIB\C51L.LIB (?C?CLDPTR)
  C:\KEIL\C51\LIB\C51L.LIB (?C?CLDOPTR)
  C:\KEIL\C51\LIB\C51L.LIB (?C?CSTPTR)
  C:\KEIL\C51\LIB\C51L.LIB (?C?CSTOPTR)
  C:\KEIL\C51\LIB\C51L.LIB (?C?IMUL)
  C:\KEIL\C51\LIB\C51L.LIB (?C?UIDIV)
  C:\KEIL\C51\LIB\C51L.LIB (?C?SIDIV)
  C:\KEIL\C51\LIB\C51L.LIB (?C?IILDX)
  C:\KEIL\C51\LIB\C51L.LIB (?C?ILDIX)
  C:\KEIL\C51\LIB\C51L.LIB (?C?ILDPTR)
  C:\KEIL\C51\LIB\C51L.LIB (?C?ILDOPTR)
  C:\KEIL\C51\LIB\C51L.LIB (?C?ISTPTR)
  C:\KEIL\C51\LIB\C51L.LIB (?C?LMUL)
  C:\KEIL\C51\LIB\C51L.LIB (?C?ULDIV)
  C:\KEIL\C51\LIB\C51L.LIB (?C?SLDIV)
  C:\KEIL\C51\LIB\C51L.LIB (?C?ULCMP)
  C:\KEIL\C51\LIB\C51L.LIB (?C?ULSHR)
  C:\KEIL\C51\LIB\C51L.LIB (?C?LSHL)
  C:\KEIL\C51\LIB\C51L.LIB (?C?LSTXDATA)
  C:\KEIL\C51\LIB\C51L.LIB (?C?LSTKXDATA)
  C:\KEIL\C51\LIB\C51L.LIB (?C?CCASE)
  C:\KEIL\C51\LIB\C51L.LIB (?C?MEMSET)
  C:\KEIL\C51\LIB\C51L.LIB (?C_INIT)


LINK MAP OF MODULE:  YHFJ-DISP-V21 (GT23)


            TYPE    BASE      LENGTH    RELOCATION   SEGMENT NAME
            -----------------------------------------------------

            * * * * * * *   D A T A   M E M O R Y   * * * * * * *
BL51 BANKED LINKER/LOCATER V6.22                                                      03/06/2019  08:21:13  PAGE 2


            REG     0000H     0008H     ABSOLUTE     "REG BANK 0"
            DATA    0008H     000EH     UNIT         ?DT?SINGLEBUS
            DATA    0016H     000AH     UNIT         ?DT?OS_CORE
            DATA    0020H     0007H     BIT_ADDR     ?BA?SINGLEBUS
            BIT     0027H.0   0000H.2   UNIT         ?BI?SINGLEBUS
            BIT     0027H.2   0000H.2   UNIT         ?BI?UART
            BIT     0027H.4   0000H.1   UNIT         _BIT_GROUP_
                    0027H.5   0000H.3                *** GAP ***
            DATA    0028H     0007H     UNIT         ?DT?OS_CPU_C
            DATA    002FH     0001H     UNIT         ?DT?MAIN
            IDATA   0030H     0010H     UNIT         ?ID?MAIN
            IDATA   0040H     0002H     UNIT         ?STACK

            * * * * * * *  X D A T A   M E M O R Y  * * * * * * *
            XDATA   0000H     009BH     UNIT         ?XD?SINGLEBUS
            XDATA   009BH     0095H     UNIT         ?XD?UART
            XDATA   0130H     0089H     UNIT         ?XD?GT23
            XDATA   01B9H     0086H     UNIT         ?XD?MAIN
            XDATA   023FH     003FH     UNIT         _XDATA_GROUP_
            XDATA   027EH     001EH     UNIT         ?XD?LCD
            XDATA   029CH     0015H     UNIT         ?XD?_LCD_FANGDA_DIS_TEXT?LCD
            XDATA   02B1H     0014H     UNIT         ?XD?SST25VF040_2005
            XDATA   02C5H     000FH     UNIT         ?XD?_HIGHSPEED_READ_CONT?SST25VF040_2005
            XDATA   02D4H     000BH     UNIT         ?XD?_DISPLAYFRAME?LCD
            XDATA   02DFH     0009H     UNIT         ?XD?_DISPLAY_HLINE?LCD
            XDATA   02E8H     0009H     UNIT         ?XD?_DISPLAY_VLINE?LCD
            XDATA   02F1H     0008H     UNIT         ?XD?_GETPSKCRC?UART
            XDATA   02F9H     0007H     UNIT         ?XD?_DISPLAY_DOT?LCD
            XDATA   0300H     0007H     UNIT         ?XD?_DISPLAY_DOT_MUL?LCD
            XDATA   0307H     0006H     UNIT         ?XD?_AUTO_ADD_INCA?SST25VF040_2005
            XDATA   030DH     0006H     UNIT         ?XD?_AUTO_ADD_INCA_EBSY?SST25VF040_2005
            XDATA   0313H     0005H     UNIT         ?XD?_SHOWKEYFACE?LCD
            XDATA   0318H     0005H     UNIT         ?XD?_BYTE_WRITE?SST25VF040_2005
            XDATA   031DH     0005H     UNIT         ?XD?_BYTE_WRITE1?SST25VF040_2005
            XDATA   0322H     0004H     UNIT         ?XD?JEDEC_ID_READ?SST25VF040_2005
            XDATA   0326H     0004H     UNIT         ?XD?_HIGHSPEED_READ?SST25VF040_2005
            XDATA   032AH     0004H     UNIT         ?XD?_BLOCK_ERASE_64K?SST25VF040_2005
            XDATA   032EH     0004H     UNIT         ?XD?_OSMEMNEW?OS_MEM
            XDATA   0332H     0004H     UNIT         ?XD?_OSMEMFREE?OS_MEM
            XDATA   0336H     0002H     UNIT         ?XD?_READ_ID?SST25VF040_2005
            XDATA   0338H     0002H     UNIT         ?XD?_AUTO_ADD_INCB?SST25VF040_2005
            XDATA   033AH     0002H     UNIT         ?XD?_AUTO_ADD_INCB_EBSY?SST25VF040_2005
            XDATA   033CH     0002H     UNIT         ?XD?WAIT_BUSY_AAI?SST25VF040_2005
            XDATA   033EH     0002H     UNIT         ?XD?WREN_CHECK?SST25VF040_2005
            XDATA   0340H     0002H     UNIT         ?XD?WREN_AAI_CHECK?SST25VF040_2005
            XDATA   0342H     0002H     UNIT         ?XD?OS_MEM
            XDATA   0344H     0001H     UNIT         ?XD?_SHOWTOUCHADJUST?LCD
            XDATA   0345H     0001H     UNIT         ?XD?POLL_SO?SST25VF040_2005
            XDATA   0346H     0001H     UNIT         ?XD?OS_CPU_C

            * * * * * * *   C O D E   M E M O R Y   * * * * * * *
            CODE    0000H     0003H     ABSOLUTE     
            CODE    0003H     0003H     ABSOLUTE     
            CODE    0006H     0003H     UNIT         ?PR?EX0INT?MAIN
            CODE    0009H     0002H     UNIT         ?PR?_USERMEMCHKERR?OS_MEM
            CODE    000BH     0003H     ABSOLUTE     
            CODE    000EH     0003H     UNIT         ?PR?TIMER1INT?MAIN
BL51 BANKED LINKER/LOCATER V6.22                                                      03/06/2019  08:21:13  PAGE 3


            CODE    0011H     0001H     UNIT         ?PR?SYSRESET?SINGLEBUS
            CODE    0012H     0001H     UNIT         ?PR?HOLD_LOW?SST25VF040_2005
            CODE    0013H     0003H     ABSOLUTE     
            CODE    0016H     0003H     UNIT         ?PR?ADCINT?MAIN
            CODE    0019H     0001H     UNIT         ?PR?UNHOLD?SST25VF040_2005
            CODE    001AH     0001H     UNIT         ?PR?WP_LOW?SST25VF040_2005
            CODE    001BH     0003H     ABSOLUTE     
            CODE    001EH     0003H     UNIT         ?PR?LVDINT?MAIN
            CODE    0021H     0001H     UNIT         ?PR?UNWP?SST25VF040_2005
                    0022H     0001H                  *** GAP ***
            CODE    0023H     0003H     ABSOLUTE     
            CODE    0026H     0003H     UNIT         ?PR?CE_HIGH?SST25VF040_2005
                    0029H     0002H                  *** GAP ***
            CODE    002BH     0003H     ABSOLUTE     
                    002EH     0005H                  *** GAP ***
            CODE    0033H     0003H     ABSOLUTE     
                    0036H     0005H                  *** GAP ***
            CODE    003BH     0003H     ABSOLUTE     
            CODE    003EH     000DH     UNIT         ?PR?_SPI_WRITEBYTE?SPI
            CODE    004BH     0003H     ABSOLUTE     
            CODE    004EH     41ABH     UNIT         ?PR?BUS0RECDEAL?SINGLEBUS
            CODE    41F9H     0DE3H     UNIT         ?PR?_STORSECINFO?LCD
            CODE    4FDCH     0C4FH     UNIT         ?PR?_SHOWSECINFOSET?LCD
            CODE    5C2BH     0895H     UNIT         ?PR?_STORESECINFO?LCD
            CODE    64C0H     057EH     UNIT         ?PR?_SHOWMAINMENUFACE?LCD
            CODE    6A3EH     0540H     UNIT         ?PR?_SHOWTIMESET?LCD
            CODE    6F7EH     052CH     UNIT         ?PR?_GET_GT23_DATA1?GT23
            CODE    74AAH     04FBH     UNIT         ?PR?_GET_GT23_DATA?GT23
            CODE    79A5H     04C0H     UNIT         ?C?LIB_CODE
            CODE    7E65H     04ACH     UNIT         ?PR?_SHOWVOICETIMERSET?LCD
            CODE    8311H     0493H     UNIT         ?PR?_SHOWCALLFACE2?LCD
            CODE    87A4H     047DH     UNIT         ?PR?_SHOWTALKFACE?LCD
            CODE    8C21H     0437H     UNIT         ?PR?_SHOWCALLFACE1?LCD
            CODE    9058H     03FCH     UNIT         ?PR?_SHOWBACKLIGHTTIMERSET?LCD
            CODE    9454H     03EEH     UNIT         ?PR?_DISPLAYSTRING?LCD
            CODE    9842H     03BFH     UNIT         ?PR?TIMER0INT?SINGLEBUS
            CODE    9C01H     0350H     UNIT         ?CO?LCD
            CODE    9F51H     0331H     UNIT         ?PR?_SHOWBROADFACE?LCD
            CODE    A282H     02E6H     UNIT         ?PR?_SHOWSTARTNUMSET?LCD
            CODE    A568H     029CH     UNIT         ?PR?_SHOWMOVEFJNUMBERSET?LCD
            CODE    A804H     028BH     UNIT         ?PR?_SHOWPOWERUPFACE?LCD
            CODE    AA8FH     024EH     UNIT         ?PR?_SHOWNUMBERSETFACE?LCD
            CODE    ACDDH     0246H     UNIT         ?PR?USART0RECDEAL?UART
            CODE    AF23H     0236H     UNIT         ?PR?_SHOWSELFNUMBERSET?LCD
            CODE    B159H     0211H     UNIT         ?PR?_SHOWCALLFACE0?LCD
            CODE    B36AH     01F2H     UNIT         ?PR?_SHOWBEDFJNUMBERSET?LCD
            CODE    B55CH     01D6H     UNIT         ?PR?TIMEROUTDEAL?SINGLEBUS
            CODE    B732H     01B7H     UNIT         ?PR?_OSMEMFREE?OS_MEM
            CODE    B8E9H     01B1H     UNIT         ?PR?_OSMEMNEW?OS_MEM
            CODE    BA9AH     0194H     UNIT         ?PR?_SAVEPARAMETER?SINGLEBUS
            CODE    BC2EH     0183H     UNIT         ?PR?_DISPLAYDIGITSTRING?LCD
            CODE    BDB1H     017AH     UNIT         ?PR?MAINTASK?MAIN
            CODE    BF2BH     0171H     UNIT         ?PR?_LCD_FANGDA_DIS_TEXT?LCD
            CODE    C09CH     0166H     UNIT         ?PR?_SHOWWCDOORFJNUMBERSET?LCD
            CODE    C202H     0166H     UNIT         ?PR?_SHOWADDFJNUMBERSET?LCD
            CODE    C368H     014EH     UNIT         ?PR?_DISPLAY_CHINESE?LCD
            CODE    C4B6H     0132H     UNIT         ?PR?_DISPLAY_ASCII?LCD
BL51 BANKED LINKER/LOCATER V6.22                                                      03/06/2019  08:21:13  PAGE 4


            CODE    C5E8H     012AH     UNIT         ?PR?INITSSD1963?LCD
            CODE    C712H     0127H     UNIT         ?PR?UART0?UART
            CODE    C839H     011EH     UNIT         ?PR?_DISPLAYASCIISTRING?LCD
            CODE    C957H     011DH     UNIT         ?PR?_DISPLAYCHINESESTRING?LCD
            CODE    CA74H     011CH     UNIT         ?PR?_DISPLAYFRAME?LCD
            CODE    CB90H     010FH     UNIT         ?PR?_ASCIIXDIRECTIONINCREASE?LCD
            CODE    CC9FH     010FH     UNIT         ?PR?_CHINESEXDIRECTIONINCREASE?LCD
            CODE    CDAEH     0109H     UNIT         ?PR?_REMOVECALLNOD?SINGLEBUS
            CODE    CEB7H     00F1H     UNIT         ?PR?_DISPLAYBLOCK?LCD
            CODE    CFA8H     00D7H     UNIT         ?PR?_ADDCALLNOD?SINGLEBUS
            CODE    D07FH     00CFH     UNIT         ?PR?INITPARAMETER?SINGLEBUS
            CODE    D14EH     00C3H     UNIT         ?PR?_SHOWMAXVOLSETFACE?LCD
            CODE    D211H     00BFH     UNIT         ?PR?_HIGHSPEED_READ_CONT?SST25VF040_2005
            CODE    D2D0H     00BAH     UNIT         ?PR?_READ_CONT?SST25VF040_2005
            CODE    D38AH     00AAH     UNIT         ?PR?FRAM_TEST?SST25VF040_2005
            CODE    D434H     00A8H     UNIT         ?PR?INIT?MAIN
            CODE    D4DCH     009DH     UNIT         ?PR?_DISPLAY_VLINE?LCD
            CODE    D579H     009CH     UNIT         ?PR?_SHOWKEYFACE?LCD
            CODE    D615H     0098H     UNIT         ?PR?_SHOWNUMBERPWINPUTFACE?LCD
            CODE    D6ADH     0097H     UNIT         ?PR?_BUS0OUTPUTDATA?SINGLEBUS
            CODE    D744H     0094H     UNIT         ?PR?_SHOWCALCULATEFACE?LCD
            CODE    D7D8H     0094H     UNIT         ?PR?_OSQPEND?OS_Q
            CODE    D86CH     008CH     UNIT         ?PR?C_OSCTXSW?OS_CPU_A
            CODE    D8F8H     008CH     UNIT         ?C_C51STARTUP
            CODE    D984H     008AH     UNIT         ?PR?_BUS0RECDATA?SINGLEBUS
            CODE    DA0EH     0088H     UNIT         ?PR?_OSQPOST?OS_Q
            CODE    DA96H     0087H     UNIT         ?PR?_DISPLAY_DOT_MUL?LCD
            CODE    DB1DH     0087H     UNIT         ?PR?_DISPLAY_HLINE?LCD
            CODE    DBA4H     007CH     UNIT         ?PR?_OSTASKSTKINIT?OS_CPU_A
            CODE    DC20H     007AH     UNIT         ?PR?_CHECKPSK?UART
            CODE    DC9AH     0077H     UNIT         ?PR?_DISPLAYDIGIT?LCD
            CODE    DD11H     0074H     UNIT         ?PR?USARTINIT?UART
            CODE    DD85H     0070H     UNIT         ?PR?_SET_DISPLAY_AREA?LCD
            CODE    DDF5H     006FH     UNIT         ?PR?_LCD_CLEAR?LCD
            CODE    DE64H     0069H     UNIT         ?PR?_DISPLAYASCII?LCD
            CODE    DECDH     0067H     UNIT         ?PR?_AAI_WRITE?SST25VF040_2005
            CODE    DF34H     0066H     UNIT         ?PR?_GETPSKCRC?UART
            CODE    DF9AH     0065H     UNIT         ?PR?_SHOWNUMSETOK?LCD
            CODE    DFFFH     0065H     UNIT         ?PR?_PARACRCCHECK?SINGLEBUS
            CODE    E064H     0063H     UNIT         ?PR?_READPARAMETER?SINGLEBUS
            CODE    E0C7H     005EH     UNIT         ?PR?_OSWAIT?OS_CORE
            CODE    E125H     005DH     UNIT         ?PR?_BYTE_PROGRAM?SST25VF040_2005
            CODE    E182H     005BH     UNIT         ?PR?_DISPLAY_DOT?LCD
            CODE    E1DDH     005BH     UNIT         ?PR?_AAI_WRITE1?SST25VF040_2005
            CODE    E238H     0053H     UNIT         ?PR?_SHOWTOUCHADJUST?LCD
            CODE    E28BH     0053H     UNIT         ?PR?_AUTO_ADD_INCA_EBSY?SST25VF040_2005
            CODE    E2DEH     0053H     UNIT         ?PR?OSTICKISR?OS_CPU_C
            CODE    E331H     004BH     UNIT         ?PR?_GETCOLOR?LCD
            CODE    E37CH     004AH     UNIT         ?PR?BUS0SENDDEAL?SINGLEBUS
            CODE    E3C6H     004AH     UNIT         ?PR?_AUTO_ADD_INCA?SST25VF040_2005
            CODE    E410H     0048H     UNIT         ?PR?JEDEC_ID_READ?SST25VF040_2005
            CODE    E458H     0048H     UNIT         ?PR?_HIGHSPEED_READ?SST25VF040_2005
            CODE    E4A0H     0048H     UNIT         ?PR?_SECTOR_ERASE?SST25VF040_2005
            CODE    E4E8H     0046H     UNIT         ?PR?CALCPARACRC?SINGLEBUS
            CODE    E52EH     0046H     UNIT         ?PR?_OSMEMINIT?OS_MEM
            CODE    E574H     0044H     UNIT         ?C?LDIV
            CODE    E5B8H     0043H     UNIT         ?PR?_STKDELA?OS_CPU_C
BL51 BANKED LINKER/LOCATER V6.22                                                      03/06/2019  08:21:13  PAGE 5


            CODE    E5FBH     0042H     UNIT         ?C_INITSEG
            CODE    E63DH     0042H     UNIT         ?PR?_STKDELB?OS_CPU_C
            CODE    E67FH     0041H     UNIT         ?PR?_ADDRCOMPARE?SINGLEBUS
            CODE    E6C0H     003FH     UNIT         ?PR?_READ?SST25VF040_2005
            CODE    E6FFH     003DH     UNIT         ?PR?_BLOCK_ERASE_32K?SST25VF040_2005
            CODE    E73CH     003DH     UNIT         ?PR?_BLOCK_ERASE_64K?SST25VF040_2005
            CODE    E779H     003CH     UNIT         ?PR?__OSTASKCREATE?OS_CORE
            CODE    E7B5H     0039H     UNIT         ?PR?_OSQCREATE?OS_Q
            CODE    E7EEH     0038H     UNIT         ?PR?SINGLEBUSINIT?SINGLEBUS
            CODE    E826H     0033H     UNIT         ?PR?LOADCTX?OS_CPU_A
            CODE    E859H     0032H     UNIT         ?PR?_DIRADDRCOMPARE?SINGLEBUS
            CODE    E88BH     002FH     UNIT         ?PR?OSINTCTXSW?OS_CPU_A
            CODE    E8BAH     002CH     UNIT         ?PR?_AUTO_ADD_INCB_EBSY?SST25VF040_2005
            CODE    E8E6H     002BH     UNIT         ?PR?DISPMANAGER?LCD
            CODE    E911H     002BH     UNIT         ?PR?_BYTE_WRITE?SST25VF040_2005
            CODE    E93CH     002AH     UNIT         ?PR?_READ_ID?SST25VF040_2005
            CODE    E966H     0029H     UNIT         ?PR?WAIT_BUSY_AAI?SST25VF040_2005
            CODE    E98FH     0027H     UNIT         ?PR?_SETSCROLLAREA?LCD
            CODE    E9B6H     0026H     UNIT         ?PR?GET_BYTE?SST25VF040_2005
            CODE    E9DCH     0026H     UNIT         ?PR?_OSTASKSTKDEL?OS_CPU_C
            CODE    EA02H     0025H     UNIT         ?PR?EPH1660MASTERSPI?SPI
            CODE    EA27H     0025H     UNIT         ?PR?WREN_AAI_CHECK?SST25VF040_2005
            CODE    EA4CH     0024H     UNIT         ?PR?OSINTEXIT?OS_CORE
            CODE    EA70H     0023H     UNIT         ?PR?SST25VF_INIT?SST25VF040_2005
            CODE    EA93H     0023H     UNIT         ?PR?_AUTO_ADD_INCB?SST25VF040_2005
            CODE    EAB6H     0023H     UNIT         ?PR?_OSTIMEDLY?OS_CORE
            CODE    EAD9H     0022H     UNIT         ?PR?USERTICKTIMER?MAIN
            CODE    EAFBH     0022H     UNIT         ?PR?TIMEROUTMANAGER?SINGLEBUS
            CODE    EB1DH     0022H     UNIT         ?PR?WAIT_BUSY?SST25VF040_2005
            CODE    EB3FH     0022H     UNIT         ?PR?WREN_CHECK?SST25VF040_2005
            CODE    EB61H     0020H     UNIT         ?PR?BUS0MANAGE?SINGLEBUS
            CODE    EB81H     0020H     UNIT         ?PR?MCUMASTERSPI?SPI
            CODE    EBA1H     001FH     UNIT         ?PR?_BYTE_WRITE1?SST25VF040_2005
            CODE    EBC0H     001FH     UNIT         ?PR?OSTIMETICK?OS_CORE
            CODE    EBDFH     001CH     UNIT         ?PR?_DELAYMS?MAIN
            CODE    EBFBH     001CH     UNIT         ?PR?MAIN?MAIN
            CODE    EC17H     001CH     UNIT         ?PR?BUS0RECINT?SINGLEBUS
            CODE    EC33H     001CH     UNIT         ?PR?_WRSR?SST25VF040_2005
            CODE    EC4FH     001AH     UNIT         ?PR?POLL_SO?SST25VF040_2005
            CODE    EC69H     001AH     UNIT         ?PR?_DELAY_NMS?SST25VF040_2005
            CODE    EC83H     0019H     UNIT         ?CO?SINGLEBUS
            CODE    EC9CH     0019H     UNIT         ?PR?_OSTASKRESUME?OS_CORE
            CODE    ECB5H     0018H     UNIT         ?PR?_OS_TASKSUSPEND?OS_CORE
            CODE    ECCDH     0018H     UNIT         ?PR?OSFINDNEXTRUNNINGTASK?OS_CORE
            CODE    ECE5H     0018H     UNIT         ?PR?_STKDELC?OS_CPU_C
            CODE    ECFDH     0016H     UNIT         ?PR?_IAPWRITEBYTE?IAP
            CODE    ED13H     0016H     UNIT         ?PR?USARTMANAGER?UART
            CODE    ED29H     0014H     UNIT         ?PR?_IAPREADBYTE?IAP
            CODE    ED3DH     0014H     UNIT         ?PR?OSSCHED?OS_CORE
            CODE    ED51H     0013H     UNIT         ?PR?_SEND_SSD1963_DATA?LCD
            CODE    ED64H     0013H     UNIT         ?PR?_SETSCROLLSTART?LCD
            CODE    ED77H     0013H     UNIT         ?PR?_SEND_BYTE?SST25VF040_2005
            CODE    ED8AH     0013H     UNIT         ?PR?_DELAY_NUS?SST25VF040_2005
            CODE    ED9DH     0012H     UNIT         ?PR?_IAPERASE?IAP
            CODE    EDAFH     0012H     UNIT         ?PR?_DISPATCHMESSAGE?MAIN
            CODE    EDC1H     0011H     UNIT         ?PR?READ_STATUS_REGISTER?SST25VF040_2005
            CODE    EDD2H     0011H     UNIT         ?PR?OSINIT?OS_CORE
BL51 BANKED LINKER/LOCATER V6.22                                                      03/06/2019  08:21:13  PAGE 6


            CODE    EDE3H     0010H     UNIT         ?PR?OSCPUINIT?OS_CPU_C
            CODE    EDF3H     000FH     UNIT         ?PR?_SEND_SSD1963_COMMAND?LCD
            CODE    EE02H     000FH     UNIT         ?PR?_SEND_DATA?MAIN
            CODE    EE11H     000FH     UNIT         ?PR?_BCDTOHEX?SINGLEBUS
            CODE    EE20H     000EH     UNIT         ?PR?_SSD1963DATA_16?LCD
            CODE    EE2EH     000EH     UNIT         ?PR?WREN?SST25VF040_2005
            CODE    EE3CH     000DH     UNIT         ?PR?OSCTXSW?OS_CPU_A
            CODE    EE49H     000CH     UNIT         ?PR?_SET_VISUALPAGE?LCD
            CODE    EE55H     000CH     UNIT         ?PR?_OSTASKSUSPEND?OS_CORE
            CODE    EE61H     000BH     UNIT         ?PR?_MAKECH0TIMEROUT?SINGLEBUS
            CODE    EE6CH     000BH     UNIT         ?PR?EWSR?SST25VF040_2005
            CODE    EE77H     000BH     UNIT         ?PR?WRDI?SST25VF040_2005
            CODE    EE82H     000BH     UNIT         ?PR?EBSY?SST25VF040_2005
            CODE    EE8DH     000BH     UNIT         ?PR?DBSY?SST25VF040_2005
            CODE    EE98H     000BH     UNIT         ?PR?CHIP_ERASE?SST25VF040_2005
            CODE    EEA3H     0009H     UNIT         ?CO?OS_CORE
            CODE    EEACH     0008H     UNIT         ?PR?REC_GT23_DATA?GT23
            CODE    EEB4H     0008H     UNIT         ?PR?DISABLEIAP?IAP
            CODE    EEBCH     0008H     UNIT         ?PR?SPIINT?SPI
            CODE    EEC4H     0007H     UNIT         ?PR?_GETMESSAGE?MAIN
            CODE    EECBH     0006H     UNIT         ?PR?_ENABLEIAP?IAP
            CODE    EED1H     0006H     UNIT         ?PR?_SEND_DATA_BYTE?MAIN
            CODE    EED7H     0006H     UNIT         ?PR?CE_LOW?SST25VF040_2005



OVERLAY MAP OF MODULE:   YHFJ-DISP-V21 (GT23)


SEGMENT                                             BIT_GROUP          XDATA_GROUP
  +--> CALLED SEGMENT                            START    LENGTH     START    LENGTH
------------------------------------------------------------------------------------
?PR?TIMER0INT?SINGLEBUS                          -----    -----      -----    -----
  +--> ?PR?_BUS0RECDATA?SINGLEBUS

?PR?_BUS0RECDATA?SINGLEBUS                       -----    -----      023FH    0004H

*** NEW ROOT ***************************************************

?PR?OSTICKISR?OS_CPU_C                           -----    -----      -----    -----
  +--> ?PR?USERTICKTIMER?MAIN
  +--> ?PR?OSTIMETICK?OS_CORE
  +--> ?PR?OSINTEXIT?OS_CORE

?PR?OSTIMETICK?OS_CORE                           -----    -----      -----    -----
  +--> ?CO?OS_CORE
  +--> ?PR?OSSCHED?OS_CORE

?PR?OSSCHED?OS_CORE                              -----    -----      -----    -----
  +--> ?PR?OSFINDNEXTRUNNINGTASK?OS_CORE
  +--> ?PR?OSCTXSW?OS_CPU_A

?PR?OSCTXSW?OS_CPU_A                             -----    -----      -----    -----
  +--> ?CO?OS_CORE
  +--> ?PR?C_OSCTXSW?OS_CPU_A

?PR?C_OSCTXSW?OS_CPU_A                           -----    -----      -----    -----
BL51 BANKED LINKER/LOCATER V6.22                                                      03/06/2019  08:21:13  PAGE 7


  +--> ?PR?LOADCTX?OS_CPU_A

?PR?LOADCTX?OS_CPU_A                             -----    -----      -----    -----
  +--> ?CO?OS_CORE

?PR?OSINTEXIT?OS_CORE                            -----    -----      -----    -----
  +--> ?PR?OSFINDNEXTRUNNINGTASK?OS_CORE
  +--> ?PR?OSINTCTXSW?OS_CPU_A

?PR?OSINTCTXSW?OS_CPU_A                          -----    -----      -----    -----
  +--> ?PR?OSCTXSW?OS_CPU_A
  +--> ?CO?OS_CORE
  +--> ?PR?C_OSCTXSW?OS_CPU_A

*** NEW ROOT ***************************************************

?C_C51STARTUP                                    -----    -----      -----    -----
  +--> ?PR?MAIN?MAIN
  +--> ?C_INITSEG

?PR?MAIN?MAIN                                    -----    -----      -----    -----
  +--> ?PR?_DELAYMS?MAIN
  +--> ?PR?OSINIT?OS_CORE
  +--> ?PR?MAINTASK?MAIN
  +--> ?PR?__OSTASKCREATE?OS_CORE

?PR?OSINIT?OS_CORE                               -----    -----      -----    -----
  +--> ?PR?OSCPUINIT?OS_CPU_C

?PR?MAINTASK?MAIN                                -----    -----      -----    -----
  +--> ?PR?INIT?MAIN
  +--> ?PR?_OSQCREATE?OS_Q
  +--> ?PR?BUS0MANAGE?SINGLEBUS
  +--> ?PR?__OSTASKCREATE?OS_CORE
  +--> ?PR?TIMEROUTMANAGER?SINGLEBUS
  +--> ?PR?DISPMANAGER?LCD
  +--> ?PR?_GETMESSAGE?MAIN
  +--> ?PR?_DISPATCHMESSAGE?MAIN
  +--> ?PR?USART0RECDEAL?UART
  +--> ?PR?BUS0RECDEAL?SINGLEBUS

?PR?INIT?MAIN                                    -----    -----      -----    -----
  +--> ?PR?_DELAYMS?MAIN
  +--> ?PR?INITPARAMETER?SINGLEBUS
  +--> ?PR?USARTINIT?UART
  +--> ?PR?SINGLEBUSINIT?SINGLEBUS
  +--> ?PR?MCUMASTERSPI?SPI
  +--> ?PR?SST25VF_INIT?SST25VF040_2005
  +--> ?PR?INITSSD1963?LCD
  +--> ?PR?_MAKECH0TIMEROUT?SINGLEBUS
  +--> ?PR?_SHOWPOWERUPFACE?LCD
  +--> ?PR?_READ_CONT?SST25VF040_2005
  +--> ?PR?_STORSECINFO?LCD

?PR?INITPARAMETER?SINGLEBUS                      -----    -----      0243H    0002H
  +--> ?PR?_PARACRCCHECK?SINGLEBUS
  +--> ?PR?_ENABLEIAP?IAP
BL51 BANKED LINKER/LOCATER V6.22                                                      03/06/2019  08:21:13  PAGE 8


  +--> ?PR?_IAPREADBYTE?IAP
  +--> ?PR?DISABLEIAP?IAP
  +--> ?PR?_READPARAMETER?SINGLEBUS
  +--> ?PR?_SAVEPARAMETER?SINGLEBUS
  +--> ?PR?CALCPARACRC?SINGLEBUS

?PR?_PARACRCCHECK?SINGLEBUS                      -----    -----      0245H    0005H
  +--> ?PR?_ENABLEIAP?IAP
  +--> ?PR?_IAPREADBYTE?IAP
  +--> ?PR?DISABLEIAP?IAP

?PR?_READPARAMETER?SINGLEBUS                     -----    -----      0245H    0006H
  +--> ?PR?_ENABLEIAP?IAP
  +--> ?PR?_IAPREADBYTE?IAP
  +--> ?PR?DISABLEIAP?IAP

?PR?_SAVEPARAMETER?SINGLEBUS                     -----    -----      0248H    000AH
  +--> ?PR?CALCPARACRC?SINGLEBUS
  +--> ?PR?_ENABLEIAP?IAP
  +--> ?PR?_IAPERASE?IAP
  +--> ?PR?_IAPWRITEBYTE?IAP
  +--> ?PR?_IAPREADBYTE?IAP
  +--> ?PR?DISABLEIAP?IAP

?PR?CALCPARACRC?SINGLEBUS                        -----    -----      0252H    0004H
  +--> ?PR?_ENABLEIAP?IAP
  +--> ?PR?DISABLEIAP?IAP

?PR?SST25VF_INIT?SST25VF040_2005                 -----    -----      -----    -----
  +--> ?PR?READ_STATUS_REGISTER?SST25VF040_2005
  +--> ?PR?_SEND_DATA_BYTE?MAIN
  +--> ?PR?EWSR?SST25VF040_2005
  +--> ?PR?_DELAYMS?MAIN
  +--> ?PR?_WRSR?SST25VF040_2005

?PR?READ_STATUS_REGISTER?SST25VF040_2005         -----    -----      -----    -----
  +--> ?PR?CE_LOW?SST25VF040_2005
  +--> ?PR?_SEND_BYTE?SST25VF040_2005
  +--> ?PR?GET_BYTE?SST25VF040_2005
  +--> ?PR?CE_HIGH?SST25VF040_2005

?PR?_SEND_BYTE?SST25VF040_2005                   -----    -----      -----    -----
  +--> ?PR?_SPI_WRITEBYTE?SPI

?PR?GET_BYTE?SST25VF040_2005                     -----    -----      -----    -----
  +--> ?PR?_SPI_WRITEBYTE?SPI

?PR?_SEND_DATA_BYTE?MAIN                         -----    -----      0243H    0001H

?PR?EWSR?SST25VF040_2005                         -----    -----      -----    -----
  +--> ?PR?CE_LOW?SST25VF040_2005
  +--> ?PR?_SEND_BYTE?SST25VF040_2005
  +--> ?PR?CE_HIGH?SST25VF040_2005

?PR?_WRSR?SST25VF040_2005                        -----    -----      0243H    0002H
  +--> ?PR?CE_LOW?SST25VF040_2005
  +--> ?PR?_SEND_BYTE?SST25VF040_2005
BL51 BANKED LINKER/LOCATER V6.22                                                      03/06/2019  08:21:13  PAGE 9


  +--> ?PR?CE_HIGH?SST25VF040_2005

?PR?INITSSD1963?LCD                              -----    -----      -----    -----
  +--> ?PR?_DELAYMS?MAIN
  +--> ?PR?_SEND_SSD1963_COMMAND?LCD
  +--> ?PR?_SEND_SSD1963_DATA?LCD
  +--> ?PR?_SETSCROLLAREA?LCD
  +--> ?PR?_LCD_CLEAR?LCD
  +--> ?PR?_SET_VISUALPAGE?LCD

?PR?_SETSCROLLAREA?LCD                           -----    -----      0243H    0002H
  +--> ?PR?_SEND_SSD1963_COMMAND?LCD
  +--> ?PR?_SEND_SSD1963_DATA?LCD

?PR?_LCD_CLEAR?LCD                               -----    -----      024FH    0002H
  +--> ?PR?_SET_DISPLAY_AREA?LCD
  +--> ?PR?_SEND_SSD1963_COMMAND?LCD

?PR?_SET_DISPLAY_AREA?LCD                        -----    -----      0272H    000CH
  +--> ?PR?_SEND_SSD1963_COMMAND?LCD
  +--> ?PR?_SEND_SSD1963_DATA?LCD

?PR?_SET_VISUALPAGE?LCD                          -----    -----      -----    -----
  +--> ?PR?_SETSCROLLSTART?LCD

?PR?_SETSCROLLSTART?LCD                          -----    -----      -----    -----
  +--> ?PR?_SEND_SSD1963_COMMAND?LCD
  +--> ?PR?_SEND_SSD1963_DATA?LCD

?PR?_SHOWPOWERUPFACE?LCD                         -----    -----      0243H    0005H
  +--> ?PR?_LCD_CLEAR?LCD
  +--> ?CO?LCD
  +--> ?PR?_DISPLAYCHINESESTRING?LCD
  +--> ?PR?_DISPLAYASCIISTRING?LCD
  +--> ?PR?_DISPLAYDIGITSTRING?LCD
  +--> ?PR?_SET_VISUALPAGE?LCD

?PR?_DISPLAYCHINESESTRING?LCD                    -----    -----      024FH    0014H
  +--> ?PR?_GET_GT23_DATA1?GT23
  +--> ?PR?_DISPLAY_CHINESE?LCD
  +--> ?PR?_CHINESEXDIRECTIONINCREASE?LCD

?PR?_GET_GT23_DATA1?GT23                         -----    -----      0263H    0013H
  +--> ?PR?_SPI_WRITEBYTE?SPI
  +--> ?PR?REC_GT23_DATA?GT23

?PR?REC_GT23_DATA?GT23                           -----    -----      -----    -----
  +--> ?PR?_SPI_WRITEBYTE?SPI

?PR?_DISPLAY_CHINESE?LCD                         -----    -----      0263H    000FH
  +--> ?PR?_SET_DISPLAY_AREA?LCD
  +--> ?PR?_SEND_SSD1963_COMMAND?LCD

?PR?_CHINESEXDIRECTIONINCREASE?LCD               -----    -----      0263H    0009H

?PR?_DISPLAYASCIISTRING?LCD                      -----    -----      0248H    0014H
  +--> ?PR?_GET_GT23_DATA?GT23
BL51 BANKED LINKER/LOCATER V6.22                                                      03/06/2019  08:21:13  PAGE 10


  +--> ?PR?_DISPLAY_ASCII?LCD
  +--> ?PR?_ASCIIXDIRECTIONINCREASE?LCD

?PR?_GET_GT23_DATA?GT23                          -----    -----      0263H    0013H
  +--> ?PR?_SPI_WRITEBYTE?SPI
  +--> ?PR?REC_GT23_DATA?GT23

?PR?_DISPLAY_ASCII?LCD                           -----    -----      0263H    000FH
  +--> ?PR?_SET_DISPLAY_AREA?LCD
  +--> ?PR?_SEND_SSD1963_COMMAND?LCD

?PR?_ASCIIXDIRECTIONINCREASE?LCD                 -----    -----      0263H    0009H

?PR?_DISPLAYDIGITSTRING?LCD                      -----    -----      024FH    0014H
  +--> ?PR?_GET_GT23_DATA?GT23
  +--> ?PR?_DISPLAY_ASCII?LCD
  +--> ?PR?_ASCIIXDIRECTIONINCREASE?LCD

?PR?_READ_CONT?SST25VF040_2005                   -----    -----      024DH    000FH
  +--> ?PR?CE_LOW?SST25VF040_2005
  +--> ?PR?_SEND_BYTE?SST25VF040_2005
  +--> ?PR?GET_BYTE?SST25VF040_2005
  +--> ?PR?CE_HIGH?SST25VF040_2005

?PR?_STORSECINFO?LCD                             -----    -----      0243H    0005H
  +--> ?PR?_LCD_CLEAR?LCD
  +--> ?PR?_DISPLAYBLOCK?LCD
  +--> ?CO?LCD
  +--> ?PR?_DISPLAYASCIISTRING?LCD
  +--> ?PR?_DISPLAYDIGIT?LCD
  +--> ?PR?_DISPLAYASCII?LCD
  +--> ?PR?_DISPLAY_ASCII?LCD
  +--> ?PR?_DISPLAYDIGITSTRING?LCD
  +--> ?PR?_DISPLAYCHINESESTRING?LCD

?PR?_DISPLAYBLOCK?LCD                            -----    -----      024EH    000FH
  +--> ?PR?_SET_DISPLAY_AREA?LCD
  +--> ?PR?_SEND_SSD1963_COMMAND?LCD

?PR?_DISPLAYDIGIT?LCD                            -----    -----      0248H    000BH
  +--> ?PR?_GET_GT23_DATA?GT23
  +--> ?PR?_DISPLAY_ASCII?LCD

?PR?_DISPLAYASCII?LCD                            -----    -----      0248H    000BH
  +--> ?PR?_GET_GT23_DATA?GT23
  +--> ?PR?_DISPLAY_ASCII?LCD

?PR?BUS0MANAGE?SINGLEBUS                         -----    -----      -----    -----
  +--> ?PR?_OSQPOST?OS_Q
  +--> ?PR?_OSWAIT?OS_CORE

?PR?_OSQPOST?OS_Q                                -----    -----      -----    -----
  +--> ?CO?OS_CORE
  +--> ?PR?_OSTASKRESUME?OS_CORE

?PR?_OSTASKRESUME?OS_CORE                        -----    -----      -----    -----
  +--> ?CO?OS_CORE
BL51 BANKED LINKER/LOCATER V6.22                                                      03/06/2019  08:21:13  PAGE 11


  +--> ?PR?OSSCHED?OS_CORE

?PR?_OSWAIT?OS_CORE                              -----    -----      -----    -----
  +--> ?PR?_OSTASKSUSPEND?OS_CORE
  +--> ?PR?_OSTIMEDLY?OS_CORE
  +--> ?PR?_OS_TASKSUSPEND?OS_CORE
  +--> ?PR?OSSCHED?OS_CORE

?PR?_OSTASKSUSPEND?OS_CORE                       -----    -----      -----    -----
  +--> ?PR?_OS_TASKSUSPEND?OS_CORE
  +--> ?PR?OSSCHED?OS_CORE

?PR?_OS_TASKSUSPEND?OS_CORE                      -----    -----      -----    -----
  +--> ?CO?OS_CORE

?PR?_OSTIMEDLY?OS_CORE                           -----    -----      -----    -----
  +--> ?PR?_OS_TASKSUSPEND?OS_CORE
  +--> ?PR?OSSCHED?OS_CORE

?PR?__OSTASKCREATE?OS_CORE                       -----    -----      -----    -----
  +--> ?CO?OS_CORE
  +--> ?PR?_OSTASKSTKINIT?OS_CPU_A
  +--> ?PR?OSSCHED?OS_CORE

?PR?_OSTASKSTKINIT?OS_CPU_A                      -----    -----      -----    -----
  +--> ?CO?OS_CORE

?PR?TIMEROUTMANAGER?SINGLEBUS                    -----    -----      -----    -----
  +--> ?PR?_OSWAIT?OS_CORE
  +--> ?PR?_OSQPOST?OS_Q

?PR?DISPMANAGER?LCD                              -----    -----      -----    -----
  +--> ?PR?_OSWAIT?OS_CORE
  +--> ?PR?_LCD_CLEAR?LCD
  +--> ?PR?_SET_VISUALPAGE?LCD

?PR?_GETMESSAGE?MAIN                             -----    -----      -----    -----
  +--> ?PR?_OSQPEND?OS_Q

?PR?_OSQPEND?OS_Q                                -----    -----      -----    -----
  +--> ?CO?OS_CORE
  +--> ?PR?_OS_TASKSUSPEND?OS_CORE
  +--> ?PR?OSSCHED?OS_CORE

?PR?_DISPATCHMESSAGE?MAIN                        -----    -----      -----    -----
  +--> ?PR?BUS0SENDDEAL?SINGLEBUS
  +--> ?PR?TIMEROUTDEAL?SINGLEBUS

?PR?BUS0SENDDEAL?SINGLEBUS                       -----    -----      -----    -----
  +--> ?PR?_SEND_DATA?MAIN
  +--> ?PR?_MAKECH0TIMEROUT?SINGLEBUS
  +--> ?PR?_SAVEPARAMETER?SINGLEBUS

?PR?_SEND_DATA?MAIN                              -----    -----      0248H    0004H

?PR?TIMEROUTDEAL?SINGLEBUS                       -----    -----      0243H    0004H
  +--> ?PR?_BUS0OUTPUTDATA?SINGLEBUS
BL51 BANKED LINKER/LOCATER V6.22                                                      03/06/2019  08:21:13  PAGE 12


  +--> ?CO?LCD
  +--> ?PR?_DISPLAY_ASCII?LCD
  +--> ?PR?_DISPLAYBLOCK?LCD
  +--> ?PR?_SET_VISUALPAGE?LCD
  +--> ?PR?_DISPLAYDIGITSTRING?LCD

?PR?_BUS0OUTPUTDATA?SINGLEBUS                    -----    -----      0248H    0004H

?PR?USART0RECDEAL?UART                           -----    -----      0243H    0005H
  +--> ?PR?_ADDRCOMPARE?SINGLEBUS
  +--> ?PR?_CHECKPSK?UART
  +--> ?PR?_BUS0OUTPUTDATA?SINGLEBUS
  +--> ?PR?_READ_CONT?SST25VF040_2005
  +--> ?PR?WREN?SST25VF040_2005
  +--> ?PR?_BLOCK_ERASE_32K?SST25VF040_2005
  +--> ?PR?WAIT_BUSY?SST25VF040_2005
  +--> ?PR?_AAI_WRITE?SST25VF040_2005
  +--> ?PR?_AAI_WRITE1?SST25VF040_2005
  +--> ?PR?_STORESECINFO?LCD

?PR?_CHECKPSK?UART                               -----    -----      0248H    0008H

?PR?WREN?SST25VF040_2005                         -----    -----      -----    -----
  +--> ?PR?CE_LOW?SST25VF040_2005
  +--> ?PR?_SEND_BYTE?SST25VF040_2005
  +--> ?PR?CE_HIGH?SST25VF040_2005
  +--> ?PR?WAIT_BUSY?SST25VF040_2005

?PR?WAIT_BUSY?SST25VF040_2005                    -----    -----      0250H    0002H
  +--> ?PR?READ_STATUS_REGISTER?SST25VF040_2005
  +--> ?PR?_DELAY_NUS?SST25VF040_2005

?PR?_BLOCK_ERASE_32K?SST25VF040_2005             -----    -----      0248H    0004H
  +--> ?PR?CE_LOW?SST25VF040_2005
  +--> ?PR?_SEND_BYTE?SST25VF040_2005
  +--> ?PR?CE_HIGH?SST25VF040_2005

?PR?_AAI_WRITE?SST25VF040_2005                   -----    -----      0248H    0008H
  +--> ?PR?WREN?SST25VF040_2005
  +--> ?PR?_SECTOR_ERASE?SST25VF040_2005
  +--> ?PR?WAIT_BUSY?SST25VF040_2005
  +--> ?PR?_BYTE_PROGRAM?SST25VF040_2005

?PR?_SECTOR_ERASE?SST25VF040_2005                -----    -----      0250H    0004H
  +--> ?PR?CE_LOW?SST25VF040_2005
  +--> ?PR?_SEND_BYTE?SST25VF040_2005
  +--> ?PR?CE_HIGH?SST25VF040_2005

?PR?_BYTE_PROGRAM?SST25VF040_2005                -----    -----      0250H    0005H
  +--> ?PR?CE_LOW?SST25VF040_2005
  +--> ?PR?_SEND_BYTE?SST25VF040_2005
  +--> ?PR?CE_HIGH?SST25VF040_2005

?PR?_AAI_WRITE1?SST25VF040_2005                  -----    -----      0248H    0008H
  +--> ?PR?WREN?SST25VF040_2005
  +--> ?PR?_BYTE_PROGRAM?SST25VF040_2005
  +--> ?PR?WAIT_BUSY?SST25VF040_2005
BL51 BANKED LINKER/LOCATER V6.22                                                      03/06/2019  08:21:13  PAGE 13



?PR?_STORESECINFO?LCD                            -----    -----      0248H    0005H
  +--> ?PR?_DISPLAYBLOCK?LCD
  +--> ?PR?_DISPLAYDIGITSTRING?LCD
  +--> ?PR?_SET_VISUALPAGE?LCD

?PR?BUS0RECDEAL?SINGLEBUS                        -----    -----      0243H    0005H
  +--> ?PR?_SEND_DATA?MAIN
  +--> ?PR?_MAKECH0TIMEROUT?SINGLEBUS
  +--> ?PR?_DIRADDRCOMPARE?SINGLEBUS
  +--> ?PR?_DISPLAYDIGIT?LCD
  +--> ?PR?_SHOWTALKFACE?LCD
  +--> ?PR?_SHOWBROADFACE?LCD
  +--> ?PR?_ADDCALLNOD?SINGLEBUS
  +--> ?PR?_SHOWCALLFACE1?LCD
  +--> ?PR?_SHOWCALLFACE0?LCD
  +--> ?PR?_DISPLAYBLOCK?LCD
  +--> ?PR?_REMOVECALLNOD?SINGLEBUS
  +--> ?PR?_SHOWCALLFACE2?LCD
  +--> ?PR?_ADDRCOMPARE?SINGLEBUS
  +--> ?PR?_LCD_CLEAR?LCD
  +--> ?PR?_SET_VISUALPAGE?LCD
  +--> ?PR?_SHOWTIMESET?LCD
  +--> ?PR?_SHOWNUMBERPWINPUTFACE?LCD
  +--> ?PR?_SHOWSECINFOSET?LCD
  +--> ?PR?_SHOWCALCULATEFACE?LCD
  +--> ?PR?_SHOWMAXVOLSETFACE?LCD
  +--> ?PR?_BUS0OUTPUTDATA?SINGLEBUS
  +--> ?CO?SINGLEBUS
  +--> ?PR?_SHOWMAINMENUFACE?LCD
  +--> ?PR?_SHOWSELFNUMBERSET?LCD
  +--> ?PR?_SHOWWCDOORFJNUMBERSET?LCD
  +--> ?PR?_SHOWMOVEFJNUMBERSET?LCD
  +--> ?PR?_SHOWADDFJNUMBERSET?LCD
  +--> ?PR?_SHOWBEDFJNUMBERSET?LCD
  +--> ?PR?_DISPLAYDIGITSTRING?LCD
  +--> ?PR?_DISPLAYSTRING?LCD
  +--> ?PR?_AAI_WRITE?SST25VF040_2005
  +--> ?PR?_STORESECINFO?LCD
  +--> ?PR?_DELAYMS?MAIN
  +--> ?PR?_SAVEPARAMETER?SINGLEBUS
  +--> ?PR?_SHOWNUMBERSETFACE?LCD
  +--> ?PR?_DISPLAYASCII?LCD
  +--> ?PR?_DISPLAYCHINESESTRING?LCD
  +--> ?PR?_DISPLAYASCIISTRING?LCD
  +--> ?PR?_SHOWSTARTNUMSET?LCD
  +--> ?PR?_SHOWNUMSETOK?LCD
  +--> ?PR?_READ?SST25VF040_2005
  +--> ?PR?_SHOWVOICETIMERSET?LCD
  +--> ?PR?_SHOWBACKLIGHTTIMERSET?LCD
  +--> ?PR?USARTINIT?UART

?PR?_SHOWTALKFACE?LCD                            -----    -----      0248H    0007H
  +--> ?PR?_LCD_CLEAR?LCD
  +--> ?CO?LCD
  +--> ?PR?_DISPLAYCHINESESTRING?LCD
  +--> ?PR?_DISPLAYDIGITSTRING?LCD
BL51 BANKED LINKER/LOCATER V6.22                                                      03/06/2019  08:21:13  PAGE 14


  +--> ?PR?_SET_VISUALPAGE?LCD

?PR?_SHOWBROADFACE?LCD                           0027H.4  0000H.1    0248H    0007H
  +--> ?PR?_LCD_CLEAR?LCD
  +--> ?CO?LCD
  +--> ?PR?_DISPLAYDIGITSTRING?LCD
  +--> ?PR?_DISPLAYCHINESESTRING?LCD
  +--> ?PR?_SET_VISUALPAGE?LCD

?PR?_ADDCALLNOD?SINGLEBUS                        -----    -----      0248H    0003H

?PR?_SHOWCALLFACE1?LCD                           -----    -----      0248H    0006H
  +--> ?PR?_LCD_CLEAR?LCD
  +--> ?PR?_DISPLAYBLOCK?LCD
  +--> ?CO?LCD
  +--> ?PR?_DISPLAYDIGITSTRING?LCD
  +--> ?PR?_DISPLAYCHINESESTRING?LCD
  +--> ?PR?_SET_VISUALPAGE?LCD

?PR?_SHOWCALLFACE0?LCD                           -----    -----      0248H    0006H
  +--> ?PR?_LCD_CLEAR?LCD
  +--> ?CO?LCD
  +--> ?PR?_DISPLAYDIGITSTRING?LCD
  +--> ?PR?_DISPLAYCHINESESTRING?LCD
  +--> ?PR?_SET_VISUALPAGE?LCD

?PR?_REMOVECALLNOD?SINGLEBUS                     -----    -----      0248H    0001H

?PR?_SHOWCALLFACE2?LCD                           -----    -----      0248H    0006H
  +--> ?PR?_DISPLAYBLOCK?LCD
  +--> ?CO?LCD
  +--> ?PR?_DISPLAYDIGITSTRING?LCD
  +--> ?PR?_DISPLAYCHINESESTRING?LCD
  +--> ?PR?_SET_VISUALPAGE?LCD

?PR?_SHOWTIMESET?LCD                             -----    -----      0248H    0005H
  +--> ?PR?_LCD_CLEAR?LCD
  +--> ?CO?LCD
  +--> ?PR?_DISPLAYSTRING?LCD
  +--> ?PR?_DISPLAYBLOCK?LCD
  +--> ?PR?_DISPLAYDIGITSTRING?LCD
  +--> ?PR?_SET_VISUALPAGE?LCD

?PR?_DISPLAYSTRING?LCD                           -----    -----      024DH    0014H
  +--> ?CO?LCD
  +--> ?PR?_GET_GT23_DATA1?GT23
  +--> ?PR?_DISPLAY_CHINESE?LCD
  +--> ?PR?_CHINESEXDIRECTIONINCREASE?LCD
  +--> ?PR?_GET_GT23_DATA?GT23
  +--> ?PR?_DISPLAY_ASCII?LCD
  +--> ?PR?_ASCIIXDIRECTIONINCREASE?LCD

?PR?_SHOWNUMBERPWINPUTFACE?LCD                   -----    -----      0248H    0005H
  +--> ?PR?_LCD_CLEAR?LCD
  +--> ?CO?LCD
  +--> ?PR?_DISPLAYSTRING?LCD
  +--> ?PR?_SET_VISUALPAGE?LCD
BL51 BANKED LINKER/LOCATER V6.22                                                      03/06/2019  08:21:13  PAGE 15



?PR?_SHOWSECINFOSET?LCD                          -----    -----      0248H    0005H
  +--> ?PR?_LCD_CLEAR?LCD
  +--> ?PR?_READ_CONT?SST25VF040_2005
  +--> ?CO?LCD
  +--> ?PR?_DISPLAYCHINESESTRING?LCD
  +--> ?PR?_DISPLAYBLOCK?LCD
  +--> ?PR?_DISPLAYDIGITSTRING?LCD
  +--> ?PR?_DISPLAYSTRING?LCD
  +--> ?PR?_SET_VISUALPAGE?LCD

?PR?_SHOWCALCULATEFACE?LCD                       -----    -----      0248H    0005H
  +--> ?PR?_LCD_CLEAR?LCD
  +--> ?CO?LCD
  +--> ?PR?_DISPLAYCHINESESTRING?LCD
  +--> ?PR?_DISPLAYBLOCK?LCD
  +--> ?PR?_SET_VISUALPAGE?LCD

?PR?_SHOWMAXVOLSETFACE?LCD                       -----    -----      0248H    0005H
  +--> ?PR?_LCD_CLEAR?LCD
  +--> ?CO?LCD
  +--> ?PR?_DISPLAYSTRING?LCD
  +--> ?PR?_DISPLAYDIGITSTRING?LCD
  +--> ?PR?_SET_VISUALPAGE?LCD

?PR?_SHOWMAINMENUFACE?LCD                        -----    -----      0248H    0005H
  +--> ?PR?_LCD_CLEAR?LCD
  +--> ?PR?_DISPLAYBLOCK?LCD
  +--> ?CO?LCD
  +--> ?PR?_DISPLAYSTRING?LCD
  +--> ?PR?_SET_VISUALPAGE?LCD

?PR?_SHOWSELFNUMBERSET?LCD                       -----    -----      0248H    0005H
  +--> ?PR?_LCD_CLEAR?LCD
  +--> ?CO?LCD
  +--> ?PR?_DISPLAYSTRING?LCD
  +--> ?PR?_DISPLAYDIGITSTRING?LCD
  +--> ?PR?_SET_VISUALPAGE?LCD

?PR?_SHOWWCDOORFJNUMBERSET?LCD                   -----    -----      0248H    0005H
  +--> ?PR?_LCD_CLEAR?LCD
  +--> ?CO?LCD
  +--> ?PR?_DISPLAYSTRING?LCD
  +--> ?PR?_DISPLAYDIGITSTRING?LCD
  +--> ?PR?_SET_VISUALPAGE?LCD

?PR?_SHOWMOVEFJNUMBERSET?LCD                     -----    -----      0248H    0005H
  +--> ?PR?_LCD_CLEAR?LCD
  +--> ?CO?LCD
  +--> ?PR?_DISPLAYSTRING?LCD
  +--> ?PR?_DISPLAYDIGITSTRING?LCD
  +--> ?PR?_SET_VISUALPAGE?LCD

?PR?_SHOWADDFJNUMBERSET?LCD                      -----    -----      0248H    0005H
  +--> ?PR?_LCD_CLEAR?LCD
  +--> ?CO?LCD
  +--> ?PR?_DISPLAYSTRING?LCD
BL51 BANKED LINKER/LOCATER V6.22                                                      03/06/2019  08:21:13  PAGE 16


  +--> ?PR?_DISPLAYDIGITSTRING?LCD
  +--> ?PR?_SET_VISUALPAGE?LCD

?PR?_SHOWBEDFJNUMBERSET?LCD                      -----    -----      0248H    0005H
  +--> ?PR?_LCD_CLEAR?LCD
  +--> ?CO?LCD
  +--> ?PR?_DISPLAYSTRING?LCD
  +--> ?PR?_DISPLAYDIGITSTRING?LCD
  +--> ?PR?_SET_VISUALPAGE?LCD

?PR?_SHOWNUMBERSETFACE?LCD                       -----    -----      0248H    0005H
  +--> ?PR?_LCD_CLEAR?LCD
  +--> ?PR?_DISPLAYBLOCK?LCD
  +--> ?CO?LCD
  +--> ?PR?_DISPLAYSTRING?LCD
  +--> ?PR?_SET_VISUALPAGE?LCD

?PR?_SHOWSTARTNUMSET?LCD                         -----    -----      0248H    0005H
  +--> ?PR?_LCD_CLEAR?LCD
  +--> ?PR?_DISPLAYDIGITSTRING?LCD
  +--> ?CO?LCD
  +--> ?PR?_DISPLAYCHINESESTRING?LCD
  +--> ?PR?_SET_VISUALPAGE?LCD

?PR?_SHOWNUMSETOK?LCD                            -----    -----      0248H    0005H
  +--> ?PR?_LCD_CLEAR?LCD
  +--> ?CO?LCD
  +--> ?PR?_DISPLAYCHINESESTRING?LCD
  +--> ?PR?_SET_VISUALPAGE?LCD

?PR?_READ?SST25VF040_2005                        -----    -----      0248H    0004H
  +--> ?PR?CE_LOW?SST25VF040_2005
  +--> ?PR?_SEND_BYTE?SST25VF040_2005
  +--> ?PR?GET_BYTE?SST25VF040_2005
  +--> ?PR?CE_HIGH?SST25VF040_2005

?PR?_SHOWVOICETIMERSET?LCD                       -----    -----      0248H    0005H
  +--> ?PR?_LCD_CLEAR?LCD
  +--> ?CO?LCD
  +--> ?PR?_DISPLAYCHINESESTRING?LCD
  +--> ?PR?_DISPLAYSTRING?LCD
  +--> ?PR?_DISPLAYDIGITSTRING?LCD
  +--> ?PR?_SET_VISUALPAGE?LCD

?PR?_SHOWBACKLIGHTTIMERSET?LCD                   -----    -----      0248H    0005H
  +--> ?PR?_LCD_CLEAR?LCD
  +--> ?CO?LCD
  +--> ?PR?_DISPLAYCHINESESTRING?LCD
  +--> ?PR?_DISPLAYSTRING?LCD
  +--> ?PR?_DISPLAYDIGITSTRING?LCD
  +--> ?PR?_SET_VISUALPAGE?LCD



SYMBOL TABLE OF MODULE:  YHFJ-DISP-V21 (GT23)

  VALUE           TYPE          NAME
BL51 BANKED LINKER/LOCATER V6.22                                                      03/06/2019  08:21:13  PAGE 17


  ----------------------------------

  -------         MODULE        GT23
  C:0000H         SYMBOL        _ICE_DUMMY_
  D:0080H         PUBLIC        P0
  D:0090H         PUBLIC        P1
  D:00A0H         PUBLIC        P2
  D:00B0H         PUBLIC        P3
  D:00C0H         PUBLIC        P4
  D:00C8H         PUBLIC        P5
  D:00A8H         PUBLIC        IE
  C:6F7EH         PUBLIC        _Get_GT23_Data1
  X:0130H         PUBLIC        GT23_32Address
  D:00B8H         PUBLIC        IP
  D:00D8H         PUBLIC        CCON
  D:0098H         PUBLIC        SCON
  D:0088H         PUBLIC        TCON
  X:0134H         PUBLIC        GT23_Rec_Length
  B:00C0H.5       PUBLIC        GT23L_CS
  D:00E0H         PUBLIC        ACC
  D:00C1H         PUBLIC        WDT_CONTR
  C:EEACH         PUBLIC        Rec_GT23_Data
  X:0135H         PUBLIC        GT23_Rec_Data
  X:01B5H         PUBLIC        GT23_16HAddress
  C:74AAH         PUBLIC        _Get_GT23_Data
  X:01B7H         PUBLIC        GT23_16LAddress
  D:00D0H         PUBLIC        PSW
  D:00CFH         PUBLIC        SPDAT
  -------         PROC          REC_GT23_DATA
  C:EEACH         LINE#         41
  C:EEACH         LINE#         42
  C:EEACH         LINE#         43
  C:EEB1H         LINE#         44
  C:EEB3H         LINE#         45
  -------         ENDPROC       REC_GT23_DATA
  -------         PROC          _GET_GT23_DATA
  X:0263H         SYMBOL        highbyte
  X:0264H         SYMBOL        lowbyte
  X:0265H         SYMBOL        word_size
  -------         DO            
  X:0266H         SYMBOL        address1
  X:026AH         SYMBOL        address2
  X:026EH         SYMBOL        address3
  X:0272H         SYMBOL        address4
  -------         ENDDO         
  C:74AAH         LINE#         78
  C:74B7H         LINE#         79
  C:74B7H         LINE#         81
  C:74B9H         LINE#         83
  C:74BCH         LINE#         84
  C:74DAH         LINE#         85
  C:74DAH         LINE#         86
  C:74E0H         LINE#         87
  C:74E0H         LINE#         88
  C:74F5H         LINE#         89
  C:74FCH         LINE#         90
  C:74FCH         LINE#         91
BL51 BANKED LINKER/LOCATER V6.22                                                      03/06/2019  08:21:13  PAGE 18


  C:74FCH         LINE#         92
  C:74FFH         LINE#         93
  C:7507H         LINE#         94
  C:7507H         LINE#         95
  C:7521H         LINE#         96
  C:752BH         LINE#         97
  C:752BH         LINE#         98
  C:752BH         LINE#         99
  C:752EH         LINE#         100
  C:7539H         LINE#         101
  C:7539H         LINE#         102
  C:7553H         LINE#         103
  C:755DH         LINE#         104
  C:755DH         LINE#         105
  C:755DH         LINE#         106
  C:755DH         LINE#         107
  C:7560H         LINE#         110
  C:7581H         LINE#         111
  C:7581H         LINE#         112
  C:7587H         LINE#         113
  C:7587H         LINE#         114
  C:75A1H         LINE#         115
  C:75C8H         LINE#         116
  C:75E5H         LINE#         117
  C:75FCH         LINE#         118
  C:75FFH         LINE#         119
  C:7607H         LINE#         120
  C:7607H         LINE#         121
  C:7621H         LINE#         122
  C:764BH         LINE#         123
  C:7668H         LINE#         124
  C:767FH         LINE#         125
  C:7682H         LINE#         126
  C:768DH         LINE#         127
  C:768DH         LINE#         128
  C:76A7H         LINE#         129
  C:76D1H         LINE#         130
  C:76EEH         LINE#         131
  C:770AH         LINE#         132
  C:770AH         LINE#         133
  C:770DH         LINE#         135
  C:772AH         LINE#         136
  C:772AH         LINE#         137
  C:7730H         LINE#         138
  C:7730H         LINE#         139
  C:7752H         LINE#         140
  C:7770H         LINE#         141
  C:7773H         LINE#         142
  C:7777H         LINE#         143
  C:7777H         LINE#         144
  C:7791H         LINE#         145
  C:77AFH         LINE#         146
  C:77B1H         LINE#         147
  C:77B8H         LINE#         148
  C:77B8H         LINE#         149
  C:77D7H         LINE#         150
  C:77F8H         LINE#         152
BL51 BANKED LINKER/LOCATER V6.22                                                      03/06/2019  08:21:13  PAGE 19


  C:77F8H         LINE#         153
  C:77F8H         LINE#         155
  C:780CH         LINE#         156
  C:782BH         LINE#         157
  C:7841H         LINE#         158
  C:7843H         LINE#         159
  C:7848H         LINE#         160
  C:7850H         LINE#         161
  C:7858H         LINE#         162
  C:7860H         LINE#         164
  C:7880H         LINE#         165
  C:7880H         LINE#         166
  C:7885H         LINE#         167
  C:7885H         LINE#         168
  C:788AH         LINE#         169
  C:78A8H         LINE#         170
  C:78A8H         LINE#         171
  C:78AFH         LINE#         172
  C:78AFH         LINE#         173
  C:78B4H         LINE#         174
  C:78D5H         LINE#         175
  C:78D5H         LINE#         176
  C:78E0H         LINE#         177
  C:78E0H         LINE#         178
  C:78E4H         LINE#         179
  C:7905H         LINE#         180
  C:7905H         LINE#         181
  C:7905H         LINE#         182
  C:7922H         LINE#         183
  C:7922H         LINE#         184
  C:7927H         LINE#         185
  C:7927H         LINE#         186
  C:792CH         LINE#         187
  C:794CH         LINE#         188
  C:794CH         LINE#         189
  C:7953H         LINE#         190
  C:7953H         LINE#         191
  C:7958H         LINE#         192
  C:7978H         LINE#         193
  C:7978H         LINE#         194
  C:797FH         LINE#         195
  C:797FH         LINE#         196
  C:7984H         LINE#         197
  C:79A2H         LINE#         198
  C:79A2H         LINE#         199
  C:79A2H         LINE#         200
  C:79A4H         LINE#         201
  -------         ENDPROC       _GET_GT23_DATA
  -------         PROC          _GET_GT23_DATA1
  D:0001H         SYMBOL        word
  X:0263H         SYMBOL        word_size
  -------         DO            
  X:0264H         SYMBOL        address1
  X:0268H         SYMBOL        address2
  X:026CH         SYMBOL        address3
  X:0270H         SYMBOL        address4
  X:0274H         SYMBOL        highbyte
BL51 BANKED LINKER/LOCATER V6.22                                                      03/06/2019  08:21:13  PAGE 20


  X:0275H         SYMBOL        lowbyte
  -------         ENDDO         
  C:6F7EH         LINE#         215
  C:6F83H         LINE#         216
  C:6F83H         LINE#         219
  C:6F85H         LINE#         221
  C:6F8DH         LINE#         222
  C:6F94H         LINE#         223
  C:6F9BH         LINE#         225
  C:6F9EH         LINE#         227
  C:6FA4H         LINE#         228
  C:6FA4H         LINE#         229
  C:6FAAH         LINE#         230
  C:6FAFH         LINE#         231
  C:6FAFH         LINE#         233
  C:6FD0H         LINE#         234
  C:6FD0H         LINE#         235
  C:6FD8H         LINE#         236
  C:6FD8H         LINE#         237
  C:6FF2H         LINE#         238
  C:6FF9H         LINE#         239
  C:6FF9H         LINE#         240
  C:6FF9H         LINE#         241
  C:6FFCH         LINE#         242
  C:7004H         LINE#         243
  C:7004H         LINE#         244
  C:701EH         LINE#         245
  C:7028H         LINE#         246
  C:7028H         LINE#         247
  C:7028H         LINE#         248
  C:702BH         LINE#         249
  C:7036H         LINE#         250
  C:7036H         LINE#         251
  C:7050H         LINE#         252
  C:705AH         LINE#         253
  C:705AH         LINE#         254
  C:705AH         LINE#         255
  C:705AH         LINE#         257
  C:705DH         LINE#         260
  C:707EH         LINE#         261
  C:707EH         LINE#         262
  C:7086H         LINE#         263
  C:7086H         LINE#         264
  C:70A0H         LINE#         265
  C:70C7H         LINE#         266
  C:70E4H         LINE#         267
  C:70FBH         LINE#         268
  C:70FEH         LINE#         269
  C:7106H         LINE#         270
  C:7106H         LINE#         271
  C:7120H         LINE#         272
  C:714AH         LINE#         273
  C:7167H         LINE#         274
  C:717EH         LINE#         275
  C:7181H         LINE#         276
  C:718CH         LINE#         277
  C:718CH         LINE#         278
BL51 BANKED LINKER/LOCATER V6.22                                                      03/06/2019  08:21:13  PAGE 21


  C:71A6H         LINE#         279
  C:71D0H         LINE#         280
  C:71EDH         LINE#         281
  C:7209H         LINE#         282
  C:7209H         LINE#         283
  C:720CH         LINE#         285
  C:7229H         LINE#         286
  C:7229H         LINE#         287
  C:7231H         LINE#         288
  C:7231H         LINE#         289
  C:7253H         LINE#         290
  C:7271H         LINE#         291
  C:7274H         LINE#         292
  C:7278H         LINE#         293
  C:7278H         LINE#         294
  C:7292H         LINE#         295
  C:72B0H         LINE#         296
  C:72B2H         LINE#         297
  C:72B9H         LINE#         298
  C:72B9H         LINE#         299
  C:72D8H         LINE#         300
  C:72F9H         LINE#         302
  C:72F9H         LINE#         303
  C:72F9H         LINE#         305
  C:730DH         LINE#         306
  C:732CH         LINE#         307
  C:7342H         LINE#         308
  C:7344H         LINE#         309
  C:7349H         LINE#         310
  C:7351H         LINE#         311
  C:7359H         LINE#         312
  C:7361H         LINE#         314
  C:7381H         LINE#         315
  C:7381H         LINE#         316
  C:7388H         LINE#         317
  C:7388H         LINE#         318
  C:738DH         LINE#         319
  C:73ABH         LINE#         320
  C:73ABH         LINE#         321
  C:73B2H         LINE#         322
  C:73B2H         LINE#         323
  C:73B7H         LINE#         324
  C:73D8H         LINE#         325
  C:73D8H         LINE#         326
  C:73E3H         LINE#         327
  C:73E3H         LINE#         328
  C:73E7H         LINE#         329
  C:7408H         LINE#         330
  C:7408H         LINE#         331
  C:7408H         LINE#         332
  C:7425H         LINE#         333
  C:7425H         LINE#         334
  C:742CH         LINE#         335
  C:742CH         LINE#         336
  C:7431H         LINE#         337
  C:7451H         LINE#         338
  C:7451H         LINE#         339
BL51 BANKED LINKER/LOCATER V6.22                                                      03/06/2019  08:21:13  PAGE 22


  C:7458H         LINE#         340
  C:7458H         LINE#         341
  C:745DH         LINE#         342
  C:747DH         LINE#         343
  C:747DH         LINE#         344
  C:7484H         LINE#         345
  C:7484H         LINE#         346
  C:7489H         LINE#         347
  C:74A7H         LINE#         348
  C:74A7H         LINE#         349
  C:74A7H         LINE#         351
  C:74A9H         LINE#         352
  -------         ENDPROC       _GET_GT23_DATA1
  -------         ENDMOD        GT23

  -------         MODULE        IAP
  C:0000H         SYMBOL        _ICE_DUMMY_
  D:0080H         PUBLIC        P0
  D:0090H         PUBLIC        P1
  D:00A0H         PUBLIC        P2
  D:00B0H         PUBLIC        P3
  D:00C0H         PUBLIC        P4
  D:00C8H         PUBLIC        P5
  D:00A8H         PUBLIC        IE
  C:ED9DH         PUBLIC        _IapErase
  D:00C5H         PUBLIC        IAP_CMD
  C:EEB4H         PUBLIC        DisableIAP
  D:00B8H         PUBLIC        IP
  D:00C3H         PUBLIC        IAP_ADDRH
  D:00D8H         PUBLIC        CCON
  D:00C4H         PUBLIC        IAP_ADDRL
  C:EECBH         PUBLIC        _EnableIAP
  C:ED29H         PUBLIC        _IapReadByte
  D:0098H         PUBLIC        SCON
  D:0088H         PUBLIC        TCON
  C:ECFDH         PUBLIC        _IapWriteByte
  D:00C7H         PUBLIC        IAP_CONTR
  D:00E0H         PUBLIC        ACC
  D:00C2H         PUBLIC        IAP_DATA
  D:00C6H         PUBLIC        IAP_TRIG
  D:00D0H         PUBLIC        PSW
  -------         PROC          _ENABLEIAP
  D:0007H         SYMBOL        byCmd
  C:EECBH         LINE#         42
  C:EECBH         LINE#         43
  C:EECBH         LINE#         44
  C:EECEH         LINE#         45
  C:EED0H         LINE#         46
  -------         ENDPROC       _ENABLEIAP
  -------         PROC          DISABLEIAP
  C:EEB4H         LINE#         62
  C:EEB4H         LINE#         63
  C:EEB4H         LINE#         64
  C:EEB7H         LINE#         65
  C:EEB9H         LINE#         66
  C:EEBBH         LINE#         67
  -------         ENDPROC       DISABLEIAP
BL51 BANKED LINKER/LOCATER V6.22                                                      03/06/2019  08:21:13  PAGE 23


  -------         PROC          _IAPWRITEBYTE
  D:0002H         SYMBOL        uiAddr
  D:0005H         SYMBOL        byData
  C:ECFDH         LINE#         83
  C:ED01H         LINE#         84
  C:ED01H         LINE#         85
  C:ED05H         LINE#         86
  C:ED08H         LINE#         87
  C:ED0CH         LINE#         88
  C:ED0FH         LINE#         89
  C:ED12H         LINE#         90
  -------         ENDPROC       _IAPWRITEBYTE
  -------         PROC          _IAPREADBYTE
  D:0004H         SYMBOL        uiAddr
  C:ED29H         LINE#         106
  C:ED2DH         LINE#         107
  C:ED2DH         LINE#         108
  C:ED30H         LINE#         109
  C:ED34H         LINE#         110
  C:ED37H         LINE#         111
  C:ED3AH         LINE#         112
  C:ED3CH         LINE#         113
  -------         ENDPROC       _IAPREADBYTE
  -------         PROC          _IAPERASE
  D:0004H         SYMBOL        uiAddr
  C:ED9DH         LINE#         130
  C:EDA1H         LINE#         131
  C:EDA1H         LINE#         132
  C:EDA4H         LINE#         133
  C:EDA8H         LINE#         134
  C:EDABH         LINE#         135
  C:EDAEH         LINE#         136
  -------         ENDPROC       _IAPERASE
  -------         ENDMOD        IAP

  -------         MODULE        LCD
  C:0000H         SYMBOL        _ICE_DUMMY_
  C:C368H         PUBLIC        _Display_Chinese
  D:0080H         PUBLIC        P0
  C:9F51H         PUBLIC        _ShowBroadFace
  D:00B2H         PUBLIC        P3M0
  D:0090H         PUBLIC        P1
  D:00B1H         PUBLIC        P3M1
  D:00A0H         PUBLIC        P2
  D:00B0H         PUBLIC        P3
  C:EE20H         PUBLIC        _SSD1963Data_16
  D:00C0H         PUBLIC        P4
  D:00C8H         PUBLIC        P5
  C:EE49H         PUBLIC        _Set_VisualPage
  C:A568H         PUBLIC        _ShowMoveFjNumberSet
  C:DB1DH         PUBLIC        _Display_HLine
  D:00A8H         PUBLIC        IE
  C:EDF3H         PUBLIC        _Send_Ssd1963_Command
  X:027EH         PUBLIC        WardDataBuff
  C:A282H         PUBLIC        _ShowStartNumSet
  B:00B0H.5       PUBLIC        BL_SW
  D:00B8H         PUBLIC        IP
BL51 BANKED LINKER/LOCATER V6.22                                                      03/06/2019  08:21:13  PAGE 24


  C:E238H         PUBLIC        _ShowTouchAdjust
  B:0090H.1       PUBLIC        SSD1963_RST
  C:C97CH         PUBLIC        _DisplayChineseString
  C:CB90H         PUBLIC        _ASCIIXDirectionIncrease
  C:D4DCH         PUBLIC        _Display_VLine
  C:E98FH         PUBLIC        _SetScrollArea
  C:D14EH         PUBLIC        _ShowMaxVolSetFace
  C:E331H         PUBLIC        _GetColor
  C:87A4H         PUBLIC        _ShowTalkFace
  D:00D8H         PUBLIC        CCON
  C:C4BBH         PUBLIC        _Display_ASCII
  B:00C8H.3       PUBLIC        SSD1963_CD
  X:028FH         PUBLIC        fontbuf1
  C:D744H         PUBLIC        _ShowCalculateFace
  X:0290H         PUBLIC        fontbuf2
  X:0291H         PUBLIC        fontbuf3
  C:AA8FH         PUBLIC        _ShowNumberSetFace
  C:ED64H         PUBLIC        _SetScrollStart
  D:0098H         PUBLIC        SCON
  C:64C0H         PUBLIC        _ShowMainMenuFace
  D:0088H         PUBLIC        TCON
  B:00B0H.7       PUBLIC        SSD1963_RD
  B:0090H.0       PUBLIC        SSD1963_CS
  B:00C0H.2       PUBLIC        SSD1963_TE
  C:5C2BH         PUBLIC        _StoreSecInfo
  C:D615H         PUBLIC        _ShowNumberPWInputFace
  C:DF9AH         PUBLIC        _ShowNumSetOk
  C:D579H         PUBLIC        _ShowKeyFace
  C:C85EH         PUBLIC        _DisplayASCIIString
  C:9F11H         PUBLIC        ColonCode16x32
  C:C09CH         PUBLIC        _ShowWcDoorFjNumberSet
  C:BF2BH         PUBLIC        _lcd_fangda_dis_text
  C:B159H         PUBLIC        _ShowCallFace0
  C:DD9DH         PUBLIC        _Set_Display_Area
  C:8C21H         PUBLIC        _ShowCallFace1
  C:8311H         PUBLIC        _ShowCallFace2
  C:9058H         PUBLIC        _ShowBackLightTimerSet
  C:DE6AH         PUBLIC        _DisplayASCII
  D:00E0H         PUBLIC        ACC
  C:CA74H         PUBLIC        _DisplayFrame
  C:CEC8H         PUBLIC        _DisplayBlock
  C:ED59H         PUBLIC        _Send_Ssd1963_Data
  B:00B0H.6       PUBLIC        SSD1963_WR
  C:BC9DH         PUBLIC        _DisplayDigitString
  C:AF23H         PUBLIC        _ShowSelfNumberSet
  C:DC9EH         PUBLIC        _DisplayDigit
  C:7E65H         PUBLIC        _ShowVoiceTimerSet
  C:E8E6H         PUBLIC        DispManager
  C:94A8H         PUBLIC        _DisplayString
  C:41F9H         PUBLIC        _StorSecInfo
  C:C5E8H         PUBLIC        InitSSD1963
  D:00C1H         PUBLIC        WDT_CONTR
  C:DDFCH         PUBLIC        _Lcd_Clear
  C:6A3EH         PUBLIC        _ShowTimeSet
  C:E182H         PUBLIC        _Display_Dot
  C:A804H         PUBLIC        _ShowPowerUpFace
  C:DA96H         PUBLIC        _Display_Dot_Mul
BL51 BANKED LINKER/LOCATER V6.22                                                      03/06/2019  08:21:13  PAGE 25


  C:CC9FH         PUBLIC        _ChineseXDirectionIncrease
  X:0292H         PUBLIC        unOperData
  D:00D0H         PUBLIC        PSW
  C:C202H         PUBLIC        _ShowAddFjNumberSet
  C:B36AH         PUBLIC        _ShowBedFjNumberSet
  C:4FDCH         PUBLIC        _ShowSecInfoSet
  -------         PROC          _SEND_SSD1963_COMMAND
  D:0007H         SYMBOL        ssd1963_command
  C:EDF3H         LINE#         77
  C:EDF3H         LINE#         78
  C:EDF3H         LINE#         79
  C:EDF5H         LINE#         80
  C:EDF7H         LINE#         81
  C:EDF9H         LINE#         82
  C:EDFBH         LINE#         83
  C:EDFDH         LINE#         84
  C:EDFFH         LINE#         85
  C:EE01H         LINE#         87
  -------         ENDPROC       _SEND_SSD1963_COMMAND
  C:ED51H         SYMBOL        L?0595
  -------         PROC          L?0594
  -------         ENDPROC       L?0594
  C:ED51H         SYMBOL        L?0595
  -------         PROC          _SEND_SSD1963_DATA
  D:0007H         SYMBOL        ssd1963_data
  C:ED59H         LINE#         94
  C:ED59H         LINE#         95
  C:ED59H         LINE#         96
  C:ED5BH         LINE#         97
  C:ED5DH         LINE#         98
  C:ED5FH         LINE#         99
  C:ED61H         LINE#         100
  C:ED63H         LINE#         102
  -------         ENDPROC       _SEND_SSD1963_DATA
  -------         PROC          _SSD1963DATA_16
  D:0006H         SYMBOL        sdata
  C:EE20H         LINE#         105
  C:EE20H         LINE#         107
  C:EE20H         LINE#         108
  C:EE22H         LINE#         109
  C:EE24H         LINE#         110
  C:EE27H         LINE#         111
  C:EE29H         LINE#         112
  C:EE2BH         LINE#         113
  C:EE2DH         LINE#         114
  -------         ENDPROC       _SSD1963DATA_16
  -------         PROC          _SETSCROLLAREA
  X:0243H         SYMBOL        top
  D:0004H         SYMBOL        scroll
  D:0002H         SYMBOL        bottom
  C:E98FH         LINE#         117
  C:E997H         LINE#         118
  C:E997H         LINE#         120
  C:E99CH         LINE#         121
  C:E99FH         LINE#         122
  C:E9A2H         LINE#         123
  C:E9A7H         LINE#         124
BL51 BANKED LINKER/LOCATER V6.22                                                      03/06/2019  08:21:13  PAGE 26


  C:E9ACH         LINE#         125
  C:E9B1H         LINE#         126
  -------         ENDPROC       _SETSCROLLAREA
  -------         PROC          _SETSCROLLSTART
  D:0004H         SYMBOL        line
  C:ED64H         LINE#         129
  C:ED68H         LINE#         130
  C:ED68H         LINE#         131
  C:ED6DH         LINE#         132
  C:ED72H         LINE#         133
  -------         ENDPROC       _SETSCROLLSTART
  -------         PROC          _SET_VISUALPAGE
  D:0007H         SYMBOL        VisualPage
  C:EE49H         LINE#         136
  C:EE49H         LINE#         137
  C:EE49H         LINE#         138
  -------         ENDPROC       _SET_VISUALPAGE
  C:DD92H         SYMBOL        L?0592
  C:DD99H         SYMBOL        L?0593
  -------         PROC          L?0591
  -------         ENDPROC       L?0591
  C:DD92H         SYMBOL        L?0592
  C:DD99H         SYMBOL        L?0593
  -------         PROC          _SET_DISPLAY_AREA
  X:0272H         SYMBOL        start_x
  D:0004H         SYMBOL        end_x
  D:0002H         SYMBOL        start_y
  X:0278H         SYMBOL        end_y
  -------         DO            
  X:027AH         SYMBOL        shigh_x1
  X:027BH         SYMBOL        slow_x1
  X:027CH         SYMBOL        shigh_x2
  X:027DH         SYMBOL        slow_x2
  D:0001H         SYMBOL        shigh_y1
  D:0005H         SYMBOL        slow_y1
  D:0006H         SYMBOL        shigh_y2
  D:0004H         SYMBOL        slow_y2
  -------         ENDDO         
  C:DD9DH         LINE#         150
  C:DDA5H         LINE#         151
  C:DDA5H         LINE#         154
  C:DDADH         LINE#         155
  C:DDB5H         LINE#         156
  C:DDB8H         LINE#         157
  C:DDBBH         LINE#         158
  C:DDBDH         LINE#         159
  C:DDC1H         LINE#         160
  C:DDCBH         LINE#         161
  C:DDCFH         LINE#         162
  C:DDD4H         LINE#         163
  C:DDD5H         LINE#         164
  C:DDD8H         LINE#         165
  C:DDD9H         LINE#         166
  C:DDDCH         LINE#         167
  C:DDE1H         LINE#         168
  C:DDE6H         LINE#         169
  C:DDEBH         LINE#         170
BL51 BANKED LINKER/LOCATER V6.22                                                      03/06/2019  08:21:13  PAGE 27


  C:DDF0H         LINE#         171
  -------         ENDPROC       _SET_DISPLAY_AREA
  -------         PROC          _GETCOLOR
  D:0007H         SYMBOL        srgb
  C:E331H         LINE#         175
  C:E331H         LINE#         176
  C:E331H         LINE#         177
  C:E337H         LINE#         178
  C:E340H         LINE#         179
  C:E349H         LINE#         180
  C:E352H         LINE#         181
  C:E35BH         LINE#         182
  C:E364H         LINE#         183
  C:E36DH         LINE#         184
  C:E376H         LINE#         185
  C:E377H         LINE#         186
  C:E37BH         LINE#         187
  -------         ENDPROC       _GETCOLOR
  C:DDF5H         SYMBOL        L?0586
  C:DDF7H         SYMBOL        L?0587
  C:DDF8H         SYMBOL        L?0588
  -------         PROC          L?0585
  -------         ENDPROC       L?0585
  C:DDF5H         SYMBOL        L?0586
  C:DDF7H         SYMBOL        L?0587
  C:DDF8H         SYMBOL        L?0588
  -------         PROC          _LCD_CLEAR
  X:024FH         SYMBOL        color
  D:0001H         SYMBOL        page
  -------         DO            
  D:0004H         SYMBOL        k
  D:0002H         SYMBOL        j
  -------         ENDDO         
  C:DDFCH         LINE#         194
  C:DE06H         LINE#         195
  C:DE06H         LINE#         198
  C:DE2BH         LINE#         199
  C:DE30H         LINE#         201
  C:DE33H         LINE#         202
  C:DE35H         LINE#         203
  C:DE38H         LINE#         204
  C:DE38H         LINE#         205
  C:DE3BH         LINE#         206
  C:DE3BH         LINE#         207
  C:DE4BH         LINE#         208
  C:DE56H         LINE#         209
  C:DE61H         LINE#         210
  C:DE63H         LINE#         211
  -------         ENDPROC       _LCD_CLEAR
  -------         PROC          _DISPLAY_DOT
  X:02F9H         SYMBOL        x
  X:02FBH         SYMBOL        y
  X:02FDH         SYMBOL        color
  X:02FFH         SYMBOL        page
  C:E182H         LINE#         219
  C:E196H         LINE#         220
  C:E196H         LINE#         222
BL51 BANKED LINKER/LOCATER V6.22                                                      03/06/2019  08:21:13  PAGE 28


  C:E1C3H         LINE#         223
  C:E1C8H         LINE#         224
  C:E1CAH         LINE#         225
  C:E1DAH         LINE#         226
  C:E1DCH         LINE#         227
  -------         ENDPROC       _DISPLAY_DOT
  -------         PROC          _DISPLAY_DOT_MUL
  X:0300H         SYMBOL        x
  X:0302H         SYMBOL        y
  X:0304H         SYMBOL        color
  X:0306H         SYMBOL        page
  -------         DO            
  D:0005H         SYMBOL        i
  -------         ENDDO         
  C:DA96H         LINE#         245
  C:DAAAH         LINE#         246
  C:DAAAH         LINE#         248
  C:DAF9H         LINE#         249
  C:DAFEH         LINE#         250
  C:DB01H         LINE#         251
  C:DB03H         LINE#         252
  C:DB05H         LINE#         253
  C:DB1AH         LINE#         254
  C:DB1CH         LINE#         256
  -------         ENDPROC       _DISPLAY_DOT_MUL
  -------         PROC          _DISPLAY_HLINE
  X:02DFH         SYMBOL        x
  X:02E1H         SYMBOL        y
  X:02E3H         SYMBOL        width
  X:02E5H         SYMBOL        color
  X:02E7H         SYMBOL        page
  C:DB1DH         LINE#         264
  C:DB31H         LINE#         265
  C:DB31H         LINE#         267
  C:DB77H         LINE#         268
  C:DB7CH         LINE#         269
  C:DB7FH         LINE#         270
  C:DB81H         LINE#         271
  C:DB8FH         LINE#         272
  C:DB8FH         LINE#         273
  C:DB9FH         LINE#         274
  C:DBA1H         LINE#         275
  C:DBA3H         LINE#         276
  -------         ENDPROC       _DISPLAY_HLINE
  -------         PROC          _DISPLAY_VLINE
  X:02E8H         SYMBOL        x
  X:02EAH         SYMBOL        y
  X:02ECH         SYMBOL        height
  X:02EEH         SYMBOL        color
  X:02F0H         SYMBOL        page
  C:D4DCH         LINE#         285
  C:D4F0H         LINE#         286
  C:D4F0H         LINE#         288
  C:D54CH         LINE#         289
  C:D551H         LINE#         290
  C:D554H         LINE#         291
  C:D556H         LINE#         292
BL51 BANKED LINKER/LOCATER V6.22                                                      03/06/2019  08:21:13  PAGE 29


  C:D564H         LINE#         293
  C:D564H         LINE#         294
  C:D574H         LINE#         295
  C:D576H         LINE#         296
  C:D578H         LINE#         297
  -------         ENDPROC       _DISPLAY_VLINE
  -------         PROC          _DISPLAYFRAME
  X:02D4H         SYMBOL        start_x
  X:02D6H         SYMBOL        start_y
  X:02D8H         SYMBOL        end_x
  X:02DAH         SYMBOL        end_y
  X:02DCH         SYMBOL        color
  X:02DEH         SYMBOL        page
  C:CA74H         LINE#         304
  C:CA8AH         LINE#         305
  C:CA8AH         LINE#         306
  C:CAC7H         LINE#         307
  C:CB0AH         LINE#         309
  C:CB4DH         LINE#         310
  -------         ENDPROC       _DISPLAYFRAME
  C:CEB7H         SYMBOL        L?0581
  C:CEBEH         SYMBOL        L?0582
  C:CEC2H         SYMBOL        L?0583
  C:CEC4H         SYMBOL        L?0584
  -------         PROC          L?0580
  -------         ENDPROC       L?0580
  C:CEB7H         SYMBOL        L?0581
  C:CEBEH         SYMBOL        L?0582
  C:CEC2H         SYMBOL        L?0583
  C:CEC4H         SYMBOL        L?0584
  -------         PROC          _DISPLAYBLOCK
  X:024EH         SYMBOL        start_x
  X:0250H         SYMBOL        start_y
  X:0252H         SYMBOL        end_x
  X:0254H         SYMBOL        end_y
  X:0256H         SYMBOL        color
  X:0258H         SYMBOL        page
  -------         DO            
  X:0259H         SYMBOL        width
  X:025BH         SYMBOL        height
  D:0002H         SYMBOL        i
  D:0004H         SYMBOL        j
  -------         ENDDO         
  C:CEC8H         LINE#         319
  C:CEDCH         LINE#         320
  C:CEDCH         LINE#         324
  C:CF1BH         LINE#         325
  C:CF20H         LINE#         328
  C:CF41H         LINE#         330
  C:CF62H         LINE#         332
  C:CF65H         LINE#         334
  C:CF67H         LINE#         335
  C:CF77H         LINE#         336
  C:CF77H         LINE#         337
  C:CF87H         LINE#         338
  C:CF87H         LINE#         339
  C:CF97H         LINE#         340
BL51 BANKED LINKER/LOCATER V6.22                                                      03/06/2019  08:21:13  PAGE 30


  C:CF9EH         LINE#         341
  C:CFA5H         LINE#         342
  C:CFA7H         LINE#         343
  -------         ENDPROC       _DISPLAYBLOCK
  C:C4B6H         SYMBOL        L?0598
  -------         PROC          L?0597
  -------         ENDPROC       L?0597
  C:C4B6H         SYMBOL        L?0598
  -------         PROC          _DISPLAY_ASCII
  X:0263H         SYMBOL        x
  X:0265H         SYMBOL        y
  X:0267H         SYMBOL        p
  X:026AH         SYMBOL        fcolor
  X:026CH         SYMBOL        bcolor
  X:026EH         SYMBOL        size
  X:026FH         SYMBOL        page
  -------         DO            
  X:0270H         SYMBOL        i
  X:0271H         SYMBOL        j
  -------         ENDDO         
  C:C4BBH         LINE#         354
  C:C4D2H         LINE#         355
  C:C4D2H         LINE#         358
  C:C4E1H         LINE#         359
  C:C4E1H         LINE#         360
  C:C4E1H         LINE#         361
  C:C515H         LINE#         362
  C:C51BH         LINE#         363
  C:C51DH         LINE#         364
  C:C51DH         LINE#         368
  C:C51DH         LINE#         369
  C:C53DH         LINE#         370
  C:C543H         LINE#         371
  C:C545H         LINE#         372
  C:C545H         LINE#         373
  C:C565H         LINE#         374
  C:C56BH         LINE#         375
  C:C56BH         LINE#         376
  C:C56BH         LINE#         378
  C:C570H         LINE#         379
  C:C573H         LINE#         381
  C:C575H         LINE#         382
  C:C57EH         LINE#         383
  C:C57EH         LINE#         384
  C:C58BH         LINE#         385
  C:C58BH         LINE#         386
  C:C5B6H         LINE#         387
  C:C5B6H         LINE#         388
  C:C5B9H         LINE#         389
  C:C5BBH         LINE#         391
  C:C5BBH         LINE#         392
  C:C5CBH         LINE#         394
  C:C5CBH         LINE#         396
  C:C5D3H         LINE#         397
  C:C5DDH         LINE#         398
  C:C5E5H         LINE#         399
  C:C5E7H         LINE#         400
BL51 BANKED LINKER/LOCATER V6.22                                                      03/06/2019  08:21:13  PAGE 31


  -------         ENDPROC       _DISPLAY_ASCII
  -------         PROC          _DISPLAY_CHINESE
  X:0263H         SYMBOL        x
  X:0265H         SYMBOL        y
  X:0267H         SYMBOL        p
  X:026AH         SYMBOL        fcolor
  X:026CH         SYMBOL        bcolor
  X:026EH         SYMBOL        size
  X:026FH         SYMBOL        page
  -------         DO            
  X:0270H         SYMBOL        i
  X:0271H         SYMBOL        j
  -------         ENDDO         
  C:C368H         LINE#         409
  C:C37FH         LINE#         410
  C:C37FH         LINE#         412
  C:C38EH         LINE#         413
  C:C38EH         LINE#         414
  C:C38EH         LINE#         415
  C:C3BBH         LINE#         416
  C:C3C1H         LINE#         417
  C:C3C3H         LINE#         418
  C:C3C3H         LINE#         422
  C:C3C3H         LINE#         423
  C:C3F7H         LINE#         424
  C:C3FDH         LINE#         425
  C:C3FFH         LINE#         427
  C:C3FFH         LINE#         428
  C:C433H         LINE#         429
  C:C439H         LINE#         430
  C:C439H         LINE#         431
  C:C439H         LINE#         433
  C:C43EH         LINE#         434
  C:C441H         LINE#         435
  C:C443H         LINE#         436
  C:C44CH         LINE#         437
  C:C44CH         LINE#         438
  C:C459H         LINE#         439
  C:C459H         LINE#         440
  C:C484H         LINE#         441
  C:C484H         LINE#         442
  C:C487H         LINE#         443
  C:C489H         LINE#         445
  C:C489H         LINE#         446
  C:C499H         LINE#         448
  C:C499H         LINE#         449
  C:C4A1H         LINE#         450
  C:C4ABH         LINE#         451
  C:C4B3H         LINE#         452
  C:C4B5H         LINE#         453
  -------         ENDPROC       _DISPLAY_CHINESE
  -------         PROC          _ASCIIXDIRECTIONINCREASE
  X:0263H         SYMBOL        size
  X:0264H         SYMBOL        px
  X:0267H         SYMBOL        py
  -------         DO            
  D:0006H         SYMBOL        x
BL51 BANKED LINKER/LOCATER V6.22                                                      03/06/2019  08:21:13  PAGE 32


  X:026AH         SYMBOL        y
  -------         ENDDO         
  C:CB90H         LINE#         457
  C:CB9EH         LINE#         458
  C:CB9EH         LINE#         460
  C:CBA4H         LINE#         461
  C:CBBCH         LINE#         462
  C:CBC8H         LINE#         463
  C:CBC8H         LINE#         464
  C:CBC8H         LINE#         466
  C:CBDCH         LINE#         468
  C:CBDCH         LINE#         469
  C:CBF9H         LINE#         473
  C:CBF9H         LINE#         474
  C:CBF9H         LINE#         475
  C:CC0DH         LINE#         477
  C:CC0DH         LINE#         478
  C:CC2AH         LINE#         479
  C:CC2AH         LINE#         480
  C:CC2AH         LINE#         481
  C:CC2CH         LINE#         482
  C:CC2CH         LINE#         483
  C:CC45H         LINE#         485
  C:CC45H         LINE#         486
  C:CC6DH         LINE#         487
  C:CC76H         LINE#         488
  C:CC76H         LINE#         489
  C:CC76H         LINE#         491
  C:CC76H         LINE#         492
  C:CC87H         LINE#         493
  -------         ENDPROC       _ASCIIXDIRECTIONINCREASE
  -------         PROC          _CHINESEXDIRECTIONINCREASE
  X:0263H         SYMBOL        size
  X:0264H         SYMBOL        px
  X:0267H         SYMBOL        py
  -------         DO            
  D:0006H         SYMBOL        x
  X:026AH         SYMBOL        y
  -------         ENDDO         
  C:CC9FH         LINE#         498
  C:CCADH         LINE#         499
  C:CCADH         LINE#         501
  C:CCB3H         LINE#         502
  C:CCCBH         LINE#         503
  C:CCD7H         LINE#         504
  C:CCD7H         LINE#         505
  C:CCD7H         LINE#         507
  C:CCEBH         LINE#         509
  C:CCEBH         LINE#         510
  C:CD08H         LINE#         514
  C:CD08H         LINE#         515
  C:CD08H         LINE#         516
  C:CD1CH         LINE#         518
  C:CD1CH         LINE#         519
  C:CD39H         LINE#         520
  C:CD39H         LINE#         521
[...]
  C:E9DCH         LINE#         264
  C:E9DEH         LINE#         265
  C:E9E2H         LINE#         266
  C:E9E2H         LINE#         267
  C:E9E3H         LINE#         268
  C:E9E5H         LINE#         269
  C:E9EBH         LINE#         270
  C:E9EBH         LINE#         271
  C:E9EDH         LINE#         272
  C:E9EDH         LINE#         273
  C:E9F8H         LINE#         274
  C:E9F8H         LINE#         275
  C:E9F8H         LINE#         276
  C:E9FBH         LINE#         277
  C:E9FBH         LINE#         278
  C:E9FBH         LINE#         279
  C:E9FEH         LINE#         280
  C:E9FEH         LINE#         281
  C:E9FEH         LINE#         282
  C:EA01H         LINE#         283
  C:EA01H         LINE#         284
  C:EA01H         LINE#         285
  C:EA01H         LINE#         286
  C:EA01H         LINE#         287
  -------         ENDPROC       _OSTASKSTKDEL
  -------         PROC          OSTICKISR
  C:E2DEH         LINE#         310
  C:E2FDH         LINE#         313
  C:E300H         LINE#         314
  C:E300H         LINE#         315
  C:E302H         LINE#         317
  C:E302H         LINE#         318
  C:E305H         LINE#         319
  C:E305H         LINE#         320
  C:E307H         LINE#         326
  C:E30AH         LINE#         336
  C:E30EH         LINE#         339
  C:E311H         LINE#         344
  C:E314H         LINE#         345
  C:E314H         LINE#         346
  -------         ENDPROC       OSTICKISR
  -------         ENDMOD        OS_CPU_C

  -------         MODULE        OS_CPU_A_ASM
  C:EE3CH         SEGMENT       ?PR?OSCTXSW?OS_CPU_A
  C:E88BH         SEGMENT       ?PR?OSINTCTXSW?OS_CPU_A
  C:E826H         SEGMENT       ?PR?LOADCTX?OS_CPU_A
  C:D86CH         SEGMENT       ?PR?C_OSCTXSW?OS_CPU_A
  C:DBA4H         SEGMENT       ?PR?_OSTASKSTKINIT?OS_CPU_A
  I:0040H         SEGMENT       ?STACK
  C:D86CH         PUBLIC        C_OSCTXSW
  C:E826H         PUBLIC        LOADCTX
  C:EE3CH         PUBLIC        OSCTXSW
  C:E88BH         PUBLIC        OSINTCTXSW
  I:0040H         PUBLIC        STACK
  C:DBA4H         PUBLIC        _OSTASKSTKINIT
BL51 BANKED LINKER/LOCATER V6.22                                                      03/06/2019  08:21:13  PAGE 147


  C:D8B9H         SYMBOL        ?C0001
  C:D88AH         SYMBOL        ?C0002
  C:D890H         SYMBOL        ?C0003
  C:D8ADH         SYMBOL        ?C0004
  C:D8B3H         SYMBOL        ?C0005
  C:D8F2H         SYMBOL        ?C0007
  C:D8C3H         SYMBOL        ?C0008
  C:D8C9H         SYMBOL        ?C0009
  C:D8F5H         SYMBOL        ?C000R
  C:D8E7H         SYMBOL        ?C0010
  C:D8EDH         SYMBOL        ?C0011
  D:00E0H         SYMBOL        ACC
  D:00F0H         SYMBOL        B
  D:0083H         SYMBOL        DPH
  D:0082H         SYMBOL        DPL
  B:00A8H.7       SYMBOL        EA
  C:E82FH         SYMBOL        LOADCTX_0
  C:E851H         SYMBOL        LOADCTX_2
  C:E858H         SYMBOL        LOADCTX_3
  C:E8A0H         SYMBOL        OSINTCTXSW_0
  N:0000H         SYMBOL        OS_CPU_A_ASM
  D:00D0H         SYMBOL        PSW
  D:0081H         SYMBOL        SP
  C:DBDBH         SYMBOL        STKINIT11
  C:DC0FH         SYMBOL        STKINIT12
  C:DBEDH         SYMBOL        STKINIT15
  C:DC09H         SYMBOL        STKINIT18
  C:DBE3H         SYMBOL        STKINIT5
  C:DBBEH         SYMBOL        STKINIT8
  C:DBA4H         LINE#         137
  C:DBA6H         LINE#         138
  C:DBA8H         LINE#         142
  C:DBA9H         LINE#         143
  C:DBACH         LINE#         144
  C:DBADH         LINE#         145
  C:DBAFH         LINE#         173
  C:DBB0H         LINE#         174
  C:DBB1H         LINE#         175
  C:DBB3H         LINE#         176
  C:DBB5H         LINE#         179
  C:DBB6H         LINE#         180
  C:DBB8H         LINE#         181
  C:DBB9H         LINE#         182
  C:DBBAH         LINE#         184
  C:DBBCH         LINE#         185
  C:DBBDH         LINE#         186
  C:DBBEH         LINE#         191
  C:DBC0H         LINE#         192
  C:DBC1H         LINE#         193
  C:DBC2H         LINE#         195
  C:DBC3H         LINE#         197
  C:DBC5H         LINE#         200
  C:DBC7H         LINE#         203
  C:DBC9H         LINE#         204
  C:DBCBH         LINE#         205
  C:DBCDH         LINE#         207
  C:DBCFH         LINE#         208
BL51 BANKED LINKER/LOCATER V6.22                                                      03/06/2019  08:21:13  PAGE 148


  C:DBD0H         LINE#         209
  C:DBD1H         LINE#         210
  C:DBD3H         LINE#         211
  C:DBD4H         LINE#         212
  C:DBD6H         LINE#         213
  C:DBD7H         LINE#         214
  C:DBD8H         LINE#         215
  C:DBD9H         LINE#         217
  C:DBDBH         LINE#         222
  C:DBDCH         LINE#         223
  C:DBDDH         LINE#         224
  C:DBDEH         LINE#         225
  C:DBDFH         LINE#         227
  C:DBE1H         LINE#         229
  C:DBE3H         LINE#         234
  C:DBE5H         LINE#         235
  C:DBE7H         LINE#         236
  C:DBE8H         LINE#         238
  C:DBE9H         LINE#         239
  C:DBEAH         LINE#         240
  C:DBECH         LINE#         241
  C:DBEDH         LINE#         246
  C:DBEFH         LINE#         247
  C:DBF0H         LINE#         248
  C:DBF1H         LINE#         250
  C:DBF2H         LINE#         252
  C:DBF4H         LINE#         255
  C:DBF6H         LINE#         256
  C:DBF8H         LINE#         257
  C:DBF9H         LINE#         258
  C:DBFAH         LINE#         259
  C:DBFBH         LINE#         261
  C:DBFCH         LINE#         262
  C:DBFEH         LINE#         263
  C:DBFFH         LINE#         265
  C:DC01H         LINE#         266
  C:DC02H         LINE#         267
  C:DC03H         LINE#         268
  C:DC04H         LINE#         269
  C:DC05H         LINE#         270
  C:DC06H         LINE#         271
  C:DC07H         LINE#         273
  C:DC09H         LINE#         278
  C:DC0AH         LINE#         279
  C:DC0BH         LINE#         280
  C:DC0CH         LINE#         281
  C:DC0DH         LINE#         283
  C:DC0FH         LINE#         287
  C:DC11H         LINE#         288
  C:DC12H         LINE#         289
  C:DC13H         LINE#         290
  C:DC14H         LINE#         291
  C:DC15H         LINE#         293
  C:DC17H         LINE#         294
  C:DC18H         LINE#         295
  C:DC19H         LINE#         297
  C:DC1BH         LINE#         298
BL51 BANKED LINKER/LOCATER V6.22                                                      03/06/2019  08:21:13  PAGE 149


  C:DC1CH         LINE#         299
  C:DC1DH         LINE#         309
  C:DC1EH         LINE#         310
  C:DC1FH         LINE#         312
  C:E826H         LINE#         340
  C:E828H         LINE#         348
  C:E82AH         LINE#         349
  C:E82DH         LINE#         350
  C:E82FH         LINE#         352
  C:E832H         LINE#         354
  C:E833H         LINE#         355
  C:E835H         LINE#         367
  C:E837H         LINE#         369
  C:E839H         LINE#         370
  C:E83BH         LINE#         371
  C:E83DH         LINE#         372
  C:E83FH         LINE#         373
  C:E841H         LINE#         374
  C:E843H         LINE#         375
  C:E845H         LINE#         376
  C:E847H         LINE#         377
  C:E849H         LINE#         378
  C:E84BH         LINE#         379
  C:E84DH         LINE#         380
  C:E84FH         LINE#         381
  C:E851H         LINE#         384
  C:E853H         LINE#         385
  C:E856H         LINE#         386
  C:E858H         LINE#         388
  C:EE3CH         LINE#         415
  C:EE3EH         LINE#         417
  C:EE41H         LINE#         418
  C:EE43H         LINE#         420
  C:EE44H         LINE#         421
  C:EE46H         LINE#         434
  C:D86CH         LINE#         457
  C:D86EH         LINE#         460
  C:D870H         LINE#         466
  C:D871H         LINE#         468
  C:D873H         LINE#         469
  C:D875H         LINE#         470
  C:D876H         LINE#         471
  C:D877H         LINE#         472
  C:D878H         LINE#         474
  C:D87AH         LINE#         475
  C:D87CH         LINE#         476
  C:D87DH         LINE#         477
  C:D87EH         LINE#         478
  C:D87FH         LINE#         480
  C:D881H         LINE#         481
  C:D882H         LINE#         482
  C:D884H         LINE#         483
  C:D886H         LINE#         489
  C:D887H         LINE#         490
  C:D888H         LINE#         491
  C:D889H         LINE#         492
  C:D88AH         LINE#         494
BL51 BANKED LINKER/LOCATER V6.22                                                      03/06/2019  08:21:13  PAGE 150


  C:D88BH         LINE#         495
  C:D88CH         LINE#         496
  C:D88DH         LINE#         497
  C:D88EH         LINE#         498
  C:D890H         LINE#         501
  C:D892H         LINE#         502
  C:D894H         LINE#         503
  C:D895H         LINE#         504
  C:D896H         LINE#         505
  C:D897H         LINE#         507
  C:D898H         LINE#         508
  C:D899H         LINE#         510
  C:D89AH         LINE#         511
  C:D89CH         LINE#         516
  C:D89EH         LINE#         517
  C:D89FH         LINE#         518
  C:D8A1H         LINE#         519
  C:D8A2H         LINE#         520
  C:D8A4H         LINE#         522
  C:D8A6H         LINE#         523
  C:D8A8H         LINE#         524
  C:D8A9H         LINE#         525
  C:D8AAH         LINE#         526
  C:D8ABH         LINE#         527
  C:D8ACH         LINE#         528
  C:D8ADH         LINE#         530
  C:D8AEH         LINE#         531
  C:D8AFH         LINE#         532
  C:D8B0H         LINE#         533
  C:D8B1H         LINE#         534
  C:D8B3H         LINE#         537
  C:D8B6H         LINE#         539
  C:D8B9H         LINE#         544
  C:D8BBH         LINE#         545
  C:D8BDH         LINE#         546
  C:D8BFH         LINE#         558
  C:D8C0H         LINE#         559
  C:D8C1H         LINE#         560
  C:D8C2H         LINE#         561
  C:D8C3H         LINE#         563
  C:D8C4H         LINE#         564
  C:D8C5H         LINE#         565
  C:D8C6H         LINE#         566
  C:D8C7H         LINE#         567
  C:D8C9H         LINE#         570
  C:D8CBH         LINE#         571
  C:D8CDH         LINE#         572
  C:D8CEH         LINE#         573
  C:D8CFH         LINE#         574
  C:D8D0H         LINE#         576
  C:D8D1H         LINE#         577
  C:D8D2H         LINE#         579
  C:D8D4H         LINE#         580
  C:D8D6H         LINE#         581
  C:D8D7H         LINE#         582
  C:D8D8H         LINE#         583
  C:D8DAH         LINE#         589
BL51 BANKED LINKER/LOCATER V6.22                                                      03/06/2019  08:21:13  PAGE 151


  C:D8DCH         LINE#         590
  C:D8DDH         LINE#         591
  C:D8DFH         LINE#         592
  C:D8E1H         LINE#         594
  C:D8E2H         LINE#         595
  C:D8E4H         LINE#         596
  C:D8E6H         LINE#         597
  C:D8E7H         LINE#         599
  C:D8E8H         LINE#         600
  C:D8E9H         LINE#         601
  C:D8EAH         LINE#         602
  C:D8EBH         LINE#         603
  C:D8EDH         LINE#         607
  C:D8F0H         LINE#         609
  C:D8F2H         LINE#         613
  C:D8F5H         LINE#         618
  C:E88BH         LINE#         642
  C:E88DH         LINE#         643
  C:E88FH         LINE#         644
  C:E891H         LINE#         647
  C:E893H         LINE#         648
  C:E895H         LINE#         649
  C:E897H         LINE#         651
  C:E899H         LINE#         652
  C:E89BH         LINE#         653
  C:E89DH         LINE#         654
  C:E89FH         LINE#         655
  C:E8A0H         LINE#         659
  C:E8A2H         LINE#         660
  C:E8A4H         LINE#         661
  C:E8A6H         LINE#         663
  C:E8A9H         LINE#         664
  C:E8ABH         LINE#         666
  C:E8ACH         LINE#         667
  C:E8ADH         LINE#         668
  C:E8AFH         LINE#         689
  C:E8B1H         LINE#         691
  C:E8B3H         LINE#         692
  C:E8B5H         LINE#         693
  C:E8B7H         LINE#         694
  C:E8B9H         LINE#         695
  -------         ENDMOD        OS_CPU_A_ASM

  -------         MODULE        ?C?COPY
  C:7A75H         PUBLIC        ?C?COPY
  -------         ENDMOD        ?C?COPY

  -------         MODULE        ?C?SCDIV
  C:7A9BH         PUBLIC        ?C?SCDIV
  -------         ENDMOD        ?C?SCDIV

  -------         MODULE        ?C?CLDPTR
  C:7ABDH         PUBLIC        ?C?CLDPTR
  -------         ENDMOD        ?C?CLDPTR

  -------         MODULE        ?C?CLDOPTR
  C:7AD6H         PUBLIC        ?C?CLDOPTR
BL51 BANKED LINKER/LOCATER V6.22                                                      03/06/2019  08:21:13  PAGE 152


  -------         ENDMOD        ?C?CLDOPTR

  -------         MODULE        ?C?CSTPTR
  C:7B03H         PUBLIC        ?C?CSTPTR
  -------         ENDMOD        ?C?CSTPTR

  -------         MODULE        ?C?CSTOPTR
  C:7B15H         PUBLIC        ?C?CSTOPTR
  -------         ENDMOD        ?C?CSTOPTR

  -------         MODULE        ?C?IMUL
  C:7B37H         PUBLIC        ?C?IMUL
  -------         ENDMOD        ?C?IMUL

  -------         MODULE        ?C?UIDIV
  C:7B49H         PUBLIC        ?C?UIDIV
  -------         ENDMOD        ?C?UIDIV

  -------         MODULE        ?C?SIDIV
  C:7B9EH         PUBLIC        ?C?SIDIV
  -------         ENDMOD        ?C?SIDIV

  -------         MODULE        ?C?IILDX
  C:7BD4H         PUBLIC        ?C?IILDX
  -------         ENDMOD        ?C?IILDX

  -------         MODULE        ?C?ILDIX
  C:7BEAH         PUBLIC        ?C?ILDIX
  -------         ENDMOD        ?C?ILDIX

  -------         MODULE        ?C?ILDPTR
  C:7C00H         PUBLIC        ?C?ILDPTR
  -------         ENDMOD        ?C?ILDPTR

  -------         MODULE        ?C?ILDOPTR
  C:7C2BH         PUBLIC        ?C?ILDOPTR
  -------         ENDMOD        ?C?ILDOPTR

  -------         MODULE        ?C?ISTPTR
  C:7C63H         PUBLIC        ?C?ISTPTR
  -------         ENDMOD        ?C?ISTPTR

  -------         MODULE        ?C?LMUL
  C:7C82H         PUBLIC        ?C?LMUL
  -------         ENDMOD        ?C?LMUL

  -------         MODULE        ?C?ULDIV
  C:7D0DH         PUBLIC        ?C?ULDIV
  -------         ENDMOD        ?C?ULDIV

  -------         MODULE        ?C?SLDIV
  C:E574H         PUBLIC        ?C?SLDIV
  -------         ENDMOD        ?C?SLDIV

  -------         MODULE        ?C?ULCMP
  C:7D9FH         PUBLIC        ?C?ULCMP
  -------         ENDMOD        ?C?ULCMP
BL51 BANKED LINKER/LOCATER V6.22                                                      03/06/2019  08:21:13  PAGE 153



  -------         MODULE        ?C?ULSHR
  C:7DB0H         PUBLIC        ?C?ULSHR
  -------         ENDMOD        ?C?ULSHR

  -------         MODULE        ?C?LSHL
  C:7DC3H         PUBLIC        ?C?LSHL
  -------         ENDMOD        ?C?LSHL

  -------         MODULE        ?C?LSTXDATA
  C:7DD6H         PUBLIC        ?C?LSTXDATA
  -------         ENDMOD        ?C?LSTXDATA

  -------         MODULE        ?C?LSTKXDATA
  C:7DE2H         PUBLIC        ?C?LSTKXDATA
  -------         ENDMOD        ?C?LSTKXDATA

  -------         MODULE        ?C?CCASE
  C:7E13H         PUBLIC        ?C?CCASE
  -------         ENDMOD        ?C?CCASE

  -------         MODULE        ?C?MEMSET
  C:7E39H         PUBLIC        ?C?MEMSET
  -------         ENDMOD        ?C?MEMSET

*** WARNING L16: UNCALLED SEGMENT, IGNORED FOR OVERLAY PROCESS
    SEGMENT: ?PR?_SSD1963DATA_16?LCD

*** WARNING L16: UNCALLED SEGMENT, IGNORED FOR OVERLAY PROCESS
    SEGMENT: ?PR?_GETCOLOR?LCD

*** WARNING L16: UNCALLED SEGMENT, IGNORED FOR OVERLAY PROCESS
    SEGMENT: ?PR?_DISPLAY_DOT?LCD

*** WARNING L16: UNCALLED SEGMENT, IGNORED FOR OVERLAY PROCESS
    SEGMENT: ?PR?_DISPLAY_DOT_MUL?LCD

*** WARNING L16: UNCALLED SEGMENT, IGNORED FOR OVERLAY PROCESS
    SEGMENT: ?PR?_DISPLAYFRAME?LCD

*** WARNING L16: UNCALLED SEGMENT, IGNORED FOR OVERLAY PROCESS
    SEGMENT: ?PR?_SHOWKEYFACE?LCD

*** WARNING L16: UNCALLED SEGMENT, IGNORED FOR OVERLAY PROCESS
    SEGMENT: ?PR?_LCD_FANGDA_DIS_TEXT?LCD

*** WARNING L16: UNCALLED SEGMENT, IGNORED FOR OVERLAY PROCESS
    SEGMENT: ?PR?_SHOWTOUCHADJUST?LCD

*** WARNING L16: UNCALLED SEGMENT, IGNORED FOR OVERLAY PROCESS
    SEGMENT: ?PR?_BCDTOHEX?SINGLEBUS

*** WARNING L16: UNCALLED SEGMENT, IGNORED FOR OVERLAY PROCESS
    SEGMENT: ?PR?SYSRESET?SINGLEBUS

*** WARNING L16: UNCALLED SEGMENT, IGNORED FOR OVERLAY PROCESS
    SEGMENT: ?PR?EPH1660MASTERSPI?SPI
BL51 BANKED LINKER/LOCATER V6.22                                                      03/06/2019  08:21:13  PAGE 154



*** WARNING L16: UNCALLED SEGMENT, IGNORED FOR OVERLAY PROCESS
    SEGMENT: ?PR?_GETPSKCRC?UART

*** WARNING L16: UNCALLED SEGMENT, IGNORED FOR OVERLAY PROCESS
    SEGMENT: ?PR?USARTMANAGER?UART

*** WARNING L16: UNCALLED SEGMENT, IGNORED FOR OVERLAY PROCESS
    SEGMENT: ?PR?HOLD_LOW?SST25VF040_2005

*** WARNING L16: UNCALLED SEGMENT, IGNORED FOR OVERLAY PROCESS
    SEGMENT: ?PR?UNHOLD?SST25VF040_2005

*** WARNING L16: UNCALLED SEGMENT, IGNORED FOR OVERLAY PROCESS
    SEGMENT: ?PR?WP_LOW?SST25VF040_2005

*** WARNING L16: UNCALLED SEGMENT, IGNORED FOR OVERLAY PROCESS
    SEGMENT: ?PR?UNWP?SST25VF040_2005

*** WARNING L16: UNCALLED SEGMENT, IGNORED FOR OVERLAY PROCESS
    SEGMENT: ?PR?_READ_ID?SST25VF040_2005

*** WARNING L16: UNCALLED SEGMENT, IGNORED FOR OVERLAY PROCESS
    SEGMENT: ?PR?JEDEC_ID_READ?SST25VF040_2005

*** WARNING L16: UNCALLED SEGMENT, IGNORED FOR OVERLAY PROCESS
    SEGMENT: ?PR?_HIGHSPEED_READ?SST25VF040_2005

*** WARNING L16: UNCALLED SEGMENT, IGNORED FOR OVERLAY PROCESS
    SEGMENT: ?PR?_HIGHSPEED_READ_CONT?SST25VF040_2005

*** WARNING L16: UNCALLED SEGMENT, IGNORED FOR OVERLAY PROCESS
    SEGMENT: ?PR?_AUTO_ADD_INCA?SST25VF040_2005

*** WARNING L16: UNCALLED SEGMENT, IGNORED FOR OVERLAY PROCESS
    SEGMENT: ?PR?_AUTO_ADD_INCB?SST25VF040_2005

*** WARNING L16: UNCALLED SEGMENT, IGNORED FOR OVERLAY PROCESS
    SEGMENT: ?PR?_AUTO_ADD_INCA_EBSY?SST25VF040_2005

*** WARNING L16: UNCALLED SEGMENT, IGNORED FOR OVERLAY PROCESS
    SEGMENT: ?PR?_AUTO_ADD_INCB_EBSY?SST25VF040_2005

*** WARNING L16: UNCALLED SEGMENT, IGNORED FOR OVERLAY PROCESS
    SEGMENT: ?PR?CHIP_ERASE?SST25VF040_2005

*** WARNING L16: UNCALLED SEGMENT, IGNORED FOR OVERLAY PROCESS
    SEGMENT: ?PR?_BLOCK_ERASE_64K?SST25VF040_2005

*** WARNING L16: UNCALLED SEGMENT, IGNORED FOR OVERLAY PROCESS
    SEGMENT: ?PR?WAIT_BUSY_AAI?SST25VF040_2005

*** WARNING L16: UNCALLED SEGMENT, IGNORED FOR OVERLAY PROCESS
    SEGMENT: ?PR?WREN_CHECK?SST25VF040_2005

*** WARNING L16: UNCALLED SEGMENT, IGNORED FOR OVERLAY PROCESS
    SEGMENT: ?PR?WREN_AAI_CHECK?SST25VF040_2005
BL51 BANKED LINKER/LOCATER V6.22                                                      03/06/2019  08:21:13  PAGE 155



*** WARNING L16: UNCALLED SEGMENT, IGNORED FOR OVERLAY PROCESS
    SEGMENT: ?PR?_BYTE_WRITE1?SST25VF040_2005

*** WARNING L16: UNCALLED SEGMENT, IGNORED FOR OVERLAY PROCESS
    SEGMENT: ?PR?FRAM_TEST?SST25VF040_2005

*** WARNING L16: UNCALLED SEGMENT, IGNORED FOR OVERLAY PROCESS
    SEGMENT: ?PR?_OSMEMINIT?OS_MEM

*** WARNING L16: UNCALLED SEGMENT, IGNORED FOR OVERLAY PROCESS
    SEGMENT: ?PR?_OSMEMNEW?OS_MEM

*** WARNING L16: UNCALLED SEGMENT, IGNORED FOR OVERLAY PROCESS
    SEGMENT: ?PR?_OSMEMFREE?OS_MEM

*** WARNING L16: UNCALLED SEGMENT, IGNORED FOR OVERLAY PROCESS
    SEGMENT: ?PR?_OSTASKSTKDEL?OS_CPU_C

Program Size: data=65.5 xdata=839 code=61136
LINK/LOCATE RUN COMPLETE.  36 WARNING(S),  0 ERROR(S)
