BL51 BANKED LINKER/LOCATER V6.22                                                        06/26/2019  10:43:34  PAGE 1


BL51 BANKED LINKER/LOCATER V6.22, INVOKED BY:
C:\KEIL\C51\BIN\BL51.EXE CC1101.obj, 无线主机.obj, 单总线接口.obj, uart.obj TO 无线主机 RAMSIZE (256)


MEMORY MODEL: COMPACT


INPUT MODULES INCLUDED:
  CC1101.obj (CC1101)
  无线主机.obj (无线_骰_)
  单总线接口.obj (单譥线接口)
  uart.obj (UART)
  C:\KEIL\C51\LIB\C51C.LIB (?C_STARTUP)
  C:\KEIL\C51\LIB\C51C.LIB (?C?CLDPTR)
  C:\KEIL\C51\LIB\C51C.LIB (?C?CLDOPTR)
  C:\KEIL\C51\LIB\C51C.LIB (?C?CSTPTR)
  C:\KEIL\C51\LIB\C51C.LIB (?C?CSTOPTR)
  C:\KEIL\C51\LIB\C51C.LIB (?C?UIDIV)
  C:\KEIL\C51\LIB\C51C.LIB (?C?ULDIV)
  C:\KEIL\C51\LIB\C51C.LIB (?C?LNEG)
  C:\KEIL\C51\LIB\C51C.LIB (?C?ULCMP)
  C:\KEIL\C51\LIB\C51C.LIB (?C?LSTPDATA)
  C:\KEIL\C51\LIB\C51C.LIB (?C?LSTKPDATA)
  C:\KEIL\C51\LIB\C51C.LIB (?C_INIT)


LINK MAP OF MODULE:  无线主机 (CC1101)


            TYPE    BASE      LENGTH    RELOCATION   SEGMENT NAME
            -----------------------------------------------------

            * * * * * * *   D A T A   M E M O R Y   * * * * * * *
            REG     0000H     0008H     ABSOLUTE     "REG BANK 0"
            DATA    0008H     0002H     UNIT         ?DT?单譥线接口
                    000AH     0016H                  *** GAP ***
            DATA    0020H     0002H     BIT_ADDR     ?BA?单譥线接口
            BIT     0022H.0   0000H.1   UNIT         ?BI?单譥线接口
                    0022H.1   0000H.7                *** GAP ***
            IDATA   0023H     0001H     UNIT         ?STACK

            * * * * * * *  X D A T A   M E M O R Y  * * * * * * *
            XDATA   0000H     002EH     INPAGE       ?PD?CC1101
            XDATA   002EH     0002H     INPAGE       ?PD?无线_骰_
            XDATA   0030H     000CH     INPAGE       ?PD?UART
            XDATA   003CH     0015H     INPAGE       _PDATA_GROUP_
            XDATA   0051H     005FH     UNIT         ?XD?单譥线接口
            XDATA   00B0H     0028H     UNIT         _XDATA_GROUP_

            * * * * * * *   C O D E   M E M O R Y   * * * * * * *
            CODE    0000H     0003H     ABSOLUTE     
            CODE    0003H     0003H     ABSOLUTE     
                    0006H     0005H                  *** GAP ***
            CODE    000BH     0003H     ABSOLUTE     
                    000EH     0005H                  *** GAP ***
            CODE    0013H     0003H     ABSOLUTE     
            CODE    0016H     000BH     UNIT         ?PR?_HALSPISTROBE?CC1101
                    0021H     0002H                  *** GAP ***
BL51 BANKED LINKER/LOCATER V6.22                                                      06/26/2019  10:43:34  PAGE 2


            CODE    0023H     0003H     ABSOLUTE     
            CODE    0026H     03ECH     UNIT         ?PR?TIMER0INT?单譥线接口
            CODE    0412H     0280H     UNIT         ?PR?MAIN?无线_骰_
            CODE    0692H     01E1H     UNIT         ?C?LIB_CODE
            CODE    0873H     0111H     UNIT         ?PR?HALRFWRITERFSETTINGS?CC1101
            CODE    0984H     00A2H     UNIT         ?PR?_HALRFRECEIVEPACKET?CC1101
            CODE    0A26H     008CH     UNIT         ?C_C51STARTUP
            CODE    0AB2H     0081H     UNIT         ?PR?_BUS0OUTPUTDATA?单譥线接口
            CODE    0B33H     005FH     UNIT         ?C_INITSEG
            CODE    0B92H     003FH     UNIT         ?PR?_HALSPIREADBURSTREG?CC1101
            CODE    0BD1H     003DH     UNIT         ?PR?_HALSPIWRITEBURSTREG?CC1101
            CODE    0C0EH     002FH     UNIT         ?PR?SINGLEBUSINIT?单譥线接口
            CODE    0C3DH     002EH     UNIT         ?PR?UART?UART
            CODE    0C6BH     002BH     UNIT         ?PR?_SPITXRXBYTE?CC1101
            CODE    0C96H     002AH     UNIT         ?PR?_UART_INIT?UART
            CODE    0CC0H     0025H     UNIT         ?PR?_HALRFSENDPACKET?CC1101
            CODE    0CE5H     0023H     UNIT         ?PR?_DELAY?CC1101
            CODE    0D08H     0020H     UNIT         ?PR?CPUINIT?CC1101
            CODE    0D28H     001EH     UNIT         ?PR?POWER_UP_RESET_CC1100?CC1101
            CODE    0D46H     0019H     UNIT         ?PR?_HALWAIT?CC1101
            CODE    0D5FH     0018H     UNIT         ?PR?BUS0RECINT?单譥线接口
            CODE    0D77H     0017H     UNIT         ?PR?INT0?无线_骰_
            CODE    0D8EH     0016H     UNIT         ?PR?_HALSPIWRITEREG?CC1101
            CODE    0DA4H     0014H     UNIT         ?PR?_HALSPIREADREG?CC1101
            CODE    0DB8H     0014H     UNIT         ?PR?_HALSPIREADSTATUS?CC1101
            CODE    0DCCH     0010H     UNIT         ?PR?RESET_CC1100?CC1101
            CODE    0DDCH     000AH     UNIT         ?PR?_UART_SEND_ONE?UART
            CODE    0DE6H     0007H     UNIT         ?PR?SPIINIT?CC1101



OVERLAY MAP OF MODULE:   无线主机 (CC1101)


SEGMENT                                    PDATA_GROUP         XDATA_GROUP
  +--> CALLED SEGMENT                    START    LENGTH     START    LENGTH
----------------------------------------------------------------------------
?C_C51STARTUP                            -----    -----      -----    -----
  +--> ?PR?MAIN?无线_骰_
  +--> ?C_INITSEG

?PR?MAIN?无线_骰_                        003CH    0006H      00B0H    0028H
  +--> ?PR?CPUINIT?CC1101
  +--> ?PR?_UART_INIT?UART
  +--> ?PR?_UART_SEND_ONE?UART
  +--> ?PR?SINGLEBUSINIT?单譥线接口
  +--> ?PR?_HALSPISTROBE?CC1101
  +--> ?PR?_HALRFRECEIVEPACKET?CC1101
  +--> ?PR?_BUS0OUTPUTDATA?单譥线接口
  +--> ?PR?_HALRFSENDPACKET?CC1101

?PR?CPUINIT?CC1101                       -----    -----      -----    -----
  +--> ?PR?SPIINIT?CC1101
  +--> ?PR?_DELAY?CC1101
  +--> ?PR?POWER_UP_RESET_CC1100?CC1101
  +--> ?PR?HALRFWRITERFSETTINGS?CC1101
  +--> ?PR?_HALSPIWRITEBURSTREG?CC1101
BL51 BANKED LINKER/LOCATER V6.22                                                      06/26/2019  10:43:34  PAGE 3



?PR?POWER_UP_RESET_CC1100?CC1101         -----    -----      -----    -----
  +--> ?PR?_HALWAIT?CC1101
  +--> ?PR?RESET_CC1100?CC1101

?PR?RESET_CC1100?CC1101                  -----    -----      -----    -----
  +--> ?PR?_SPITXRXBYTE?CC1101

?PR?HALRFWRITERFSETTINGS?CC1101          -----    -----      -----    -----
  +--> ?PR?_HALSPIWRITEREG?CC1101

?PR?_HALSPIWRITEREG?CC1101               -----    -----      -----    -----
  +--> ?PR?_SPITXRXBYTE?CC1101

?PR?_HALSPIWRITEBURSTREG?CC1101          0043H    0005H      -----    -----
  +--> ?PR?_SPITXRXBYTE?CC1101

?PR?_HALSPISTROBE?CC1101                 -----    -----      -----    -----
  +--> ?PR?_SPITXRXBYTE?CC1101

?PR?_HALRFRECEIVEPACKET?CC1101           0042H    000AH      -----    -----
  +--> ?PR?_HALSPIREADSTATUS?CC1101
  +--> ?PR?_HALSPIREADREG?CC1101
  +--> ?PR?_HALSPIREADBURSTREG?CC1101
  +--> ?PR?_HALSPISTROBE?CC1101

?PR?_HALSPIREADSTATUS?CC1101             -----    -----      -----    -----
  +--> ?PR?_SPITXRXBYTE?CC1101

?PR?_HALSPIREADREG?CC1101                -----    -----      -----    -----
  +--> ?PR?_SPITXRXBYTE?CC1101

?PR?_HALSPIREADBURSTREG?CC1101           004CH    0005H      -----    -----
  +--> ?PR?_SPITXRXBYTE?CC1101

?PR?_BUS0OUTPUTDATA?单譥线接口           0042H    0004H      -----    -----

?PR?_HALRFSENDPACKET?CC1101              0042H    0001H      -----    -----
  +--> ?PR?_HALSPIWRITEREG?CC1101
  +--> ?PR?_HALSPIWRITEBURSTREG?CC1101
  +--> ?PR?_HALSPISTROBE?CC1101



SYMBOL TABLE OF MODULE:  无线主机 (CC1101)

  VALUE           TYPE          NAME
  ----------------------------------

  -------         MODULE        CC1101
  C:0000H         SYMBOL        _ICE_DUMMY_
  D:0090H         PUBLIC        P1
  D:00A0H         PUBLIC        P2
  D:00B0H         PUBLIC        P3
  C:0DA4H         PUBLIC        _halSpiReadReg
  B:00B0H.3       PUBLIC        GDO0
  B:00B0H.5       PUBLIC        GDO2
BL51 BANKED LINKER/LOCATER V6.22                                                      06/26/2019  10:43:34  PAGE 4


  D:00A8H         PUBLIC        IE
  C:0873H         PUBLIC        halRfWriteRfSettings
  C:0CE5H         PUBLIC        _delay
  C:0D92H         PUBLIC        _halSpiWriteReg
  C:0984H         PUBLIC        _halRfReceivePacket
  C:0B92H         PUBLIC        _halSpiReadBurstReg
  D:00B8H         PUBLIC        IP
  X:0000H         PUBLIC        PaTabel
  D:00D8H         PUBLIC        CCON
  C:0D28H         PUBLIC        POWER_UP_RESET_CC1100
  C:0BD1H         PUBLIC        _halSpiWriteBurstReg
  C:0DCCH         PUBLIC        RESET_CC1100
  X:0008H         PUBLIC        rfSettings
  D:0098H         PUBLIC        SCON
  D:0088H         PUBLIC        TCON
  B:0090H.5       PUBLIC        MOSI
  B:0090H.6       PUBLIC        MISO
  C:0D08H         PUBLIC        CpuInit
  C:0DE6H         PUBLIC        SpiInit
  C:0D46H         PUBLIC        _halWait
  C:0016H         PUBLIC        _halSpiStrobe
  C:0CC0H         PUBLIC        _halRfSendPacket
  C:0C6BH         PUBLIC        _SpiTxRxByte
  B:0090H.7       PUBLIC        SCK
  B:0090H.4       PUBLIC        CSN
  D:00C8H         PUBLIC        T2CON
  C:0DB8H         PUBLIC        _halSpiReadStatus
  D:00D0H         PUBLIC        PSW
  -------         PROC          _DELAY
  D:0006H         SYMBOL        s
  -------         DO            
  D:0004H         SYMBOL        i
  -------         ENDDO         
  C:0CE5H         LINE#         237
  C:0CE5H         LINE#         238
  C:0CE5H         LINE#         240
  C:0CF6H         LINE#         241
  C:0D07H         LINE#         242
  -------         ENDPROC       _DELAY
  -------         PROC          _HALWAIT
  D:0006H         SYMBOL        timeout
  C:0D46H         LINE#         245
  C:0D46H         LINE#         246
  C:0D46H         LINE#         247
  C:0D47H         LINE#         248
  C:0D48H         LINE#         249
  C:0D49H         LINE#         250
  C:0D4AH         LINE#         251
  C:0D4BH         LINE#         252
  C:0D4CH         LINE#         253
  C:0D4DH         LINE#         254
  C:0D4EH         LINE#         255
  C:0D4FH         LINE#         256
  C:0D50H         LINE#         257
  C:0D51H         LINE#         258
  C:0D52H         LINE#         259
  C:0D53H         LINE#         260
BL51 BANKED LINKER/LOCATER V6.22                                                      06/26/2019  10:43:34  PAGE 5


  C:0D54H         LINE#         261
  C:0D55H         LINE#         262
  C:0D5EH         LINE#         263
  -------         ENDPROC       _HALWAIT
  -------         PROC          SPIINIT
  C:0DE6H         LINE#         266
  C:0DE6H         LINE#         267
  C:0DE6H         LINE#         268
  C:0DE8H         LINE#         269
  C:0DEAH         LINE#         270
  C:0DECH         LINE#         271
  -------         ENDPROC       SPIINIT
  -------         PROC          CPUINIT
  C:0D08H         LINE#         279
  C:0D08H         LINE#         280
  C:0D08H         LINE#         281
  C:0D0BH         LINE#         282
  C:0D12H         LINE#         283
  C:0D15H         LINE#         284
  C:0D18H         LINE#         285
  -------         ENDPROC       CPUINIT
  -------         PROC          _SPITXRXBYTE
  D:0007H         SYMBOL        dat
  -------         DO            
  D:0005H         SYMBOL        i
  D:0006H         SYMBOL        temp
  -------         ENDDO         
  C:0C6BH         LINE#         295
  C:0C6BH         LINE#         296
  C:0C6BH         LINE#         298
  C:0C6DH         LINE#         300
  C:0C6FH         LINE#         301
  C:0C70H         LINE#         302
  C:0C70H         LINE#         303
  C:0C74H         LINE#         304
  C:0C74H         LINE#         305
  C:0C76H         LINE#         306
  C:0C78H         LINE#         307
  C:0C7AH         LINE#         308
  C:0C7EH         LINE#         310
  C:0C80H         LINE#         311
  C:0C81H         LINE#         312
  C:0C82H         LINE#         314
  C:0C86H         LINE#         315
  C:0C8AH         LINE#         316
  C:0C8CH         LINE#         317
  C:0C8DH         LINE#         318
  C:0C8EH         LINE#         319
  C:0C93H         LINE#         320
  C:0C95H         LINE#         321
  -------         ENDPROC       _SPITXRXBYTE
  -------         PROC          RESET_CC1100
  C:0DCCH         LINE#         329
  C:0DCCH         LINE#         330
  C:0DCCH         LINE#         331
  C:0DCEH         LINE#         332
  C:0DD1H         LINE#         333
BL51 BANKED LINKER/LOCATER V6.22                                                      06/26/2019  10:43:34  PAGE 6


  C:0DD6H         LINE#         334
  C:0DD9H         LINE#         335
  C:0DDBH         LINE#         336
  -------         ENDPROC       RESET_CC1100
  -------         PROC          POWER_UP_RESET_CC1100
  C:0D28H         LINE#         344
  C:0D28H         LINE#         345
  C:0D28H         LINE#         346
  C:0D2AH         LINE#         347
  C:0D31H         LINE#         348
  C:0D33H         LINE#         349
  C:0D3AH         LINE#         350
  C:0D3CH         LINE#         351
  C:0D43H         LINE#         352
  -------         ENDPROC       POWER_UP_RESET_CC1100
  -------         PROC          L?0067
  -------         ENDPROC       L?0067
  -------         PROC          _HALSPIWRITEREG
  D:0007H         SYMBOL        addr
  D:0004H         SYMBOL        value
  C:0D92H         LINE#         361
  C:0D94H         LINE#         362
  C:0D94H         LINE#         363
  C:0D96H         LINE#         364
  C:0D99H         LINE#         365
  C:0D9CH         LINE#         366
  C:0DA1H         LINE#         367
  C:0DA3H         LINE#         368
  -------         ENDPROC       _HALSPIWRITEREG
  -------         PROC          _HALSPIWRITEBURSTREG
  D:0007H         SYMBOL        addr
  X:0044H         SYMBOL        buffer
  X:0047H         SYMBOL        count
  -------         DO            
  D:0004H         SYMBOL        i
  D:0007H         SYMBOL        temp
  -------         ENDDO         
  C:0BD1H         LINE#         376
  C:0BDBH         LINE#         377
  C:0BDBH         LINE#         379
  C:0BDFH         LINE#         380
  C:0BE1H         LINE#         381
  C:0BE4H         LINE#         382
  C:0BE7H         LINE#         383
  C:0BF2H         LINE#         384
  C:0BF2H         LINE#         385
  C:0C08H         LINE#         386
  C:0C0BH         LINE#         387
  C:0C0DH         LINE#         388
  -------         ENDPROC       _HALSPIWRITEBURSTREG
  -------         PROC          _HALSPISTROBE
  D:0007H         SYMBOL        strobe
  C:0016H         LINE#         396
  C:0016H         LINE#         397
  C:0016H         LINE#         398
  C:0018H         LINE#         399
  C:001BH         LINE#         400
BL51 BANKED LINKER/LOCATER V6.22                                                      06/26/2019  10:43:34  PAGE 7


  C:001EH         LINE#         401
  C:0020H         LINE#         402
  -------         ENDPROC       _HALSPISTROBE
  -------         PROC          _HALSPIREADREG
  D:0007H         SYMBOL        addr
  -------         DO            
  D:0007H         SYMBOL        temp
  D:0007H         SYMBOL        value
  -------         ENDDO         
  C:0DA4H         LINE#         414
  C:0DA4H         LINE#         415
  C:0DA4H         LINE#         417
  C:0DA8H         LINE#         418
  C:0DAAH         LINE#         419
  C:0DADH         LINE#         420
  C:0DB0H         LINE#         421
  C:0DB5H         LINE#         422
  C:0DB7H         LINE#         423
  C:0DB7H         LINE#         424
  -------         ENDPROC       _HALSPIREADREG
  -------         PROC          _HALSPIREADBURSTREG
  D:0007H         SYMBOL        addr
  X:004DH         SYMBOL        buffer
  X:0050H         SYMBOL        count
  -------         DO            
  D:0004H         SYMBOL        i
  D:0007H         SYMBOL        temp
  -------         ENDDO         
  C:0B92H         LINE#         433
  C:0B9CH         LINE#         434
  C:0B9CH         LINE#         436
  C:0BA0H         LINE#         437
  C:0BA2H         LINE#         438
  C:0BA5H         LINE#         439
  C:0BA8H         LINE#         440
  C:0BB3H         LINE#         441
  C:0BB3H         LINE#         442
  C:0BCBH         LINE#         443
  C:0BCEH         LINE#         444
  C:0BD0H         LINE#         445
  -------         ENDPROC       _HALSPIREADBURSTREG
  -------         PROC          _HALSPIREADSTATUS
  D:0007H         SYMBOL        addr
  -------         DO            
  D:0007H         SYMBOL        value
  D:0007H         SYMBOL        temp
  -------         ENDDO         
  C:0DB8H         LINE#         454
  C:0DB8H         LINE#         455
  C:0DB8H         LINE#         457
  C:0DBCH         LINE#         458
  C:0DBEH         LINE#         459
  C:0DC1H         LINE#         460
  C:0DC4H         LINE#         461
  C:0DC9H         LINE#         462
  C:0DCBH         LINE#         463
  C:0DCBH         LINE#         464
BL51 BANKED LINKER/LOCATER V6.22                                                      06/26/2019  10:43:34  PAGE 8


  -------         ENDPROC       _HALSPIREADSTATUS
  -------         PROC          HALRFWRITERFSETTINGS
  C:0873H         LINE#         471
  C:0873H         LINE#         472
  C:0873H         LINE#         474
  C:0878H         LINE#         476
  C:0880H         LINE#         477
  C:0884H         LINE#         478
  C:088CH         LINE#         479
  C:0894H         LINE#         480
  C:089CH         LINE#         481
  C:08A4H         LINE#         482
  C:08ACH         LINE#         483
  C:08B4H         LINE#         484
  C:08BCH         LINE#         485
  C:08C4H         LINE#         486
  C:08CCH         LINE#         487
  C:08D4H         LINE#         488
  C:08DCH         LINE#         489
  C:08E4H         LINE#         490
  C:08ECH         LINE#         491
  C:08F4H         LINE#         492
  C:08FCH         LINE#         493
  C:0904H         LINE#         494
  C:090CH         LINE#         495
  C:0914H         LINE#         496
  C:091CH         LINE#         497
  C:0924H         LINE#         498
  C:092CH         LINE#         499
  C:0934H         LINE#         500
  C:093CH         LINE#         501
  C:0944H         LINE#         502
  C:094CH         LINE#         503
  C:0954H         LINE#         504
  C:095CH         LINE#         505
  C:0964H         LINE#         506
  C:096CH         LINE#         507
  C:0974H         LINE#         508
  C:097CH         LINE#         509
  -------         ENDPROC       HALRFWRITERFSETTINGS
  -------         PROC          _HALRFSENDPACKET
  D:0001H         SYMBOL        txBuffer
  X:0042H         SYMBOL        size
  C:0CC0H         LINE#         526
  C:0CC4H         LINE#         527
  C:0CC4H         LINE#         529
  C:0CC9H         LINE#         530
  C:0CD2H         LINE#         531
  C:0CD5H         LINE#         532
  C:0CDAH         LINE#         535
  C:0CDDH         LINE#         537
  C:0CE0H         LINE#         538
  -------         ENDPROC       _HALRFSENDPACKET
  -------         PROC          _HALRFRECEIVEPACKET
  X:0042H         SYMBOL        rxBuffer
  X:0045H         SYMBOL        length
  -------         DO            
BL51 BANKED LINKER/LOCATER V6.22                                                      06/26/2019  10:43:34  PAGE 9


  X:0048H         SYMBOL        status
  X:004AH         SYMBOL        packetLength
  X:004BH         SYMBOL        i
  -------         ENDDO         
  C:0984H         LINE#         586
  C:098EH         LINE#         587
  C:098EH         LINE#         590
  C:09A1H         LINE#         604
  C:09ABH         LINE#         605
  C:09ABH         LINE#         606
  C:09B3H         LINE#         607
  C:09C6H         LINE#         608
  C:09C6H         LINE#         609
  C:09DBH         LINE#         610
  C:09EDH         LINE#         613
  C:09FDH         LINE#         614
  C:0A02H         LINE#         615
  C:0A09H         LINE#         616
  C:0A09H         LINE#         618
  C:0A09H         LINE#         619
  C:0A1BH         LINE#         620
  C:0A20H         LINE#         621
  C:0A23H         LINE#         622
  C:0A23H         LINE#         623
  C:0A23H         LINE#         625
  C:0A25H         LINE#         626
  -------         ENDPROC       _HALRFRECEIVEPACKET
  -------         ENDMOD        CC1101

  -------         MODULE        无线_骰_
  C:0000H         SYMBOL        _ICE_DUMMY_
  D:0090H         PUBLIC        P1
  D:00A0H         PUBLIC        P2
  D:00B0H         PUBLIC        P3
  B:00A8H.7       PUBLIC        EA
  D:00A8H         PUBLIC        IE
  B:00A8H.4       PUBLIC        ES
  D:00B8H         PUBLIC        IP
  X:002EH         PUBLIC        area
  B:0098H.0       PUBLIC        RI
  X:002FH         PUBLIC        int0_buf
  B:0098H.1       PUBLIC        TI
  D:00D8H         PUBLIC        CCON
  C:0412H         PUBLIC        main
  D:0098H         PUBLIC        SCON
  D:0088H         PUBLIC        TCON
  B:00A8H.2       PUBLIC        EX1
  B:0088H.2       PUBLIC        IT1
  D:00E1H         PUBLIC        WDT_CONTR
  B:0090H.0       PUBLIC        led0
  B:0090H.1       PUBLIC        led1
  D:00C8H         PUBLIC        T2CON
  D:00D0H         PUBLIC        PSW
  C:0D77H         PUBLIC        int0
  -------         PROC          INT0
  C:0D77H         LINE#         18
  C:0D80H         LINE#         20
BL51 BANKED LINKER/LOCATER V6.22                                                      06/26/2019  10:43:34  PAGE 10


  C:0D87H         LINE#         21
  -------         ENDPROC       INT0
  -------         PROC          MAIN
  -------         DO            
  X:003CH         SYMBOL        x
  X:00B0H         SYMBOL        TxBuf
  X:00B8H         SYMBOL        RxBuf
  X:00D0H         SYMBOL        RxBak
  X:0040H         SYMBOL        leng
  X:0041H         SYMBOL        i
  -------         ENDDO         
  C:0412H         LINE#         22
  C:0412H         LINE#         23
  C:0412H         LINE#         29
  C:0416H         LINE#         30
  C:0419H         LINE#         31
  C:041CH         LINE#         32
  C:041EH         LINE#         33
  C:042DH         LINE#         34
  C:0433H         LINE#         35
  C:043EH         LINE#         36
  C:0443H         LINE#         37
  C:0446H         LINE#         39
  C:0448H         LINE#         40
  C:044CH         LINE#         41
  C:044EH         LINE#         42
  C:0450H         LINE#         43
  C:0452H         LINE#         44
  C:0457H         LINE#         45
  C:0467H         LINE#         46
  C:0467H         LINE#         47
  C:0467H         LINE#         48
  C:0484H         LINE#         49
  C:0487H         LINE#         50
  C:0492H         LINE#         51
  C:0492H         LINE#         52
  C:04B0H         LINE#         53
  C:04B5H         LINE#         54
  C:04B5H         LINE#         55
  C:04BFH         LINE#         56
  C:04BFH         LINE#         57
  C:04C1H         LINE#         59
  C:04C6H         LINE#         60
  C:04E3H         LINE#         61
  C:04FFH         LINE#         62
  C:04FFH         LINE#         64
  C:0502H         LINE#         65
  C:050DH         LINE#         66
  C:050DH         LINE#         68
  C:0520H         LINE#         69
  C:0520H         LINE#         71
  C:052DH         LINE#         72
  C:052DH         LINE#         73
  C:0548H         LINE#         74
  C:054FH         LINE#         75
  C:0555H         LINE#         76
  C:0555H         LINE#         78
BL51 BANKED LINKER/LOCATER V6.22                                                      06/26/2019  10:43:34  PAGE 11


  C:055AH         LINE#         79
  C:0563H         LINE#         80
  C:0589H         LINE#         82
  C:0598H         LINE#         83
  C:0598H         LINE#         84
  C:059EH         LINE#         85
  C:05A2H         LINE#         86
  C:05A2H         LINE#         87
  C:05A5H         LINE#         88
  C:05AAH         LINE#         89
  C:05C0H         LINE#         90
  C:05C0H         LINE#         91
  C:05C5H         LINE#         92
  C:05C5H         LINE#         93
  C:05C5H         LINE#         95
  C:05C5H         LINE#         96
  C:05C5H         LINE#         97
  C:05C9H         LINE#         98
  C:05CCH         LINE#         99
  C:05D1H         LINE#         100
  C:05D3H         LINE#         101
  C:05D5H         LINE#         102
  C:05D5H         LINE#         103
  C:05F1H         LINE#         104
  C:05F1H         LINE#         105
  C:05FAH         LINE#         111
  C:05FAH         LINE#         112
  C:05FFH         LINE#         113
  C:0605H         LINE#         114
  C:0605H         LINE#         115
  C:0607H         LINE#         116
  C:0609H         LINE#         117
  C:060BH         LINE#         118
  C:060FH         LINE#         119
  C:060FH         LINE#         120
  C:062AH         LINE#         121
  C:0631H         LINE#         122
  C:0633H         LINE#         123
  C:0641H         LINE#         124
  C:0641H         LINE#         125
  C:0645H         LINE#         126
  C:0645H         LINE#         128
  C:064FH         LINE#         129
  C:0652H         LINE#         130
  C:0652H         LINE#         131
  C:0660H         LINE#         133
  C:0666H         LINE#         134
  C:066AH         LINE#         135
  C:066AH         LINE#         136
  C:066DH         LINE#         137
  C:0672H         LINE#         139
  C:067DH         LINE#         142
  C:0688H         LINE#         153
  C:0688H         LINE#         154
  C:068DH         LINE#         155
  C:068DH         LINE#         156
  C:068FH         LINE#         176
BL51 BANKED LINKER/LOCATER V6.22                                                      06/26/2019  10:43:34  PAGE 12


  -------         ENDPROC       MAIN
  -------         ENDMOD        无线_骰_

  -------         MODULE        单譥线接口
  C:0000H         SYMBOL        _ICE_DUMMY_
  X:0051H         PUBLIC        byBus0DisableCount
  D:0090H         PUBLIC        P1
  D:00B1H         PUBLIC        P3M0
  D:00A0H         PUBLIC        P2
  D:00B2H         PUBLIC        P3M1
  D:00B0H         PUBLIC        P3
  B:00A8H.7       PUBLIC        EA
  B:0020H.2       PUBLIC        bBus0Enable
  D:00A8H         PUBLIC        IE
  B:00B0H.7       PUBLIC        Bus0SendPin
  X:0052H         PUBLIC        byBus0TxTail
  B:0020H.1       PUBLIC        bBus0OnRec
  D:00B8H         PUBLIC        IP
  B:0020H.5       PUBLIC        bBus0OnSendFreq
  X:0053H         PUBLIC        byBus0RecTimeOut
  B:00B0H.2       PUBLIC        Bus0RecPin
  D:0008H         PUBLIC        timer
  D:00D8H         PUBLIC        CCON
  C:0D5FH         PUBLIC        Bus0RecInt
  C:0C0EH         PUBLIC        SingleBusInit
  B:0020H.4       PUBLIC        bBus0OnSendBit
  B:0021H.2       PUBLIC        bBus0SendFinish
  D:0098H         PUBLIC        SCON
  B:0021H.1       PUBLIC        bBus0RecBit9
  D:0089H         PUBLIC        TMOD
  D:0088H         PUBLIC        TCON
  B:0088H.1       PUBLIC        IE0
  B:0021H.0       PUBLIC        bBus0RecFinish
  B:0022H.0       PUBLIC        bBus0SndBitOk
  X:0054H         PUBLIC        byBus0SendData
  B:00A8H.1       PUBLIC        ET0
  B:0088H.5       PUBLIC        TF0
  B:0020H.7       PUBLIC        bBus0Error
  D:008CH         PUBLIC        TH0
  B:00A8H.0       PUBLIC        EX0
  B:0088H.0       PUBLIC        IT0
  D:008AH         PUBLIC        TL0
  X:005BH         PUBLIC        byBus0RecData
  X:0062H         PUBLIC        byBus0SendCount
  B:0088H.4       PUBLIC        TR0
  X:0063H         PUBLIC        byBus0TxQ
  B:0020H.6       PUBLIC        bBus0SendError
  C:0026H         PUBLIC        Timer0Int
  X:00AAH         PUBLIC        byBus0RecCount
  X:00ABH         PUBLIC        byBus0SendBuf
  D:00C8H         PUBLIC        T2CON
  B:0021H.4       PUBLIC        bBus0SendBit
  B:0020H.0       PUBLIC        bBus0StartRec
  D:0020H         PUBLIC        byBus0State0
  X:00ACH         PUBLIC        byBus0RecSendCount
  C:0AB2H         PUBLIC        _Bus0OutputData
  D:0021H         PUBLIC        byBus0State1
BL51 BANKED LINKER/LOCATER V6.22                                                      06/26/2019  10:43:34  PAGE 13


  X:00ADH         PUBLIC        byBus0RecBuf
  B:0020H.3       PUBLIC        bBus0ReqSend
  B:0021H.3       PUBLIC        bBus0Disable
  X:00AEH         PUBLIC        byBus0TxHead
  D:00D0H         PUBLIC        PSW
  X:00AFH         PUBLIC        byBus0SendStopCount
  B:0021H.5       PUBLIC        bBus0RecBit
  -------         PROC          SINGLEBUSINIT
  C:0C0EH         LINE#         116
  C:0C0EH         LINE#         117
  C:0C0EH         LINE#         119
  C:0C10H         LINE#         120
  C:0C12H         LINE#         121
  C:0C15H         LINE#         122
  C:0C18H         LINE#         125
  C:0C1BH         LINE#         126
  C:0C1EH         LINE#         128
  C:0C21H         LINE#         129
  C:0C24H         LINE#         130
  C:0C26H         LINE#         132
  C:0C28H         LINE#         133
  C:0C2AH         LINE#         135
  C:0C30H         LINE#         136
  C:0C32H         LINE#         137
  C:0C34H         LINE#         138
  C:0C37H         LINE#         139
  C:0C37H         LINE#         140
  C:0C39H         LINE#         141
  C:0C3AH         LINE#         143
  C:0C3AH         LINE#         144
  C:0C3CH         LINE#         145
  C:0C3CH         LINE#         146
  -------         ENDPROC       SINGLEBUSINIT
  -------         PROC          BUS0RECINT
  C:0D5FH         LINE#         166
  C:0D65H         LINE#         168
  C:0D67H         LINE#         169
  C:0D69H         LINE#         170
  C:0D6BH         LINE#         171
  C:0D70H         LINE#         172
  -------         ENDPROC       BUS0RECINT
  -------         PROC          TIMER0INT
  C:0026H         LINE#         189
  C:0041H         LINE#         191
  C:0043H         LINE#         192
  C:0046H         LINE#         193
  C:0049H         LINE#         194
  C:004BH         LINE#         195
  C:004FH         LINE#         196
  C:0057H         LINE#         198
  C:005AH         LINE#         199
  C:005AH         LINE#         200
  C:0061H         LINE#         201
  C:006BH         LINE#         202
  C:006BH         LINE#         203
  C:006DH         LINE#         204
  C:006EH         LINE#         205
BL51 BANKED LINKER/LOCATER V6.22                                                      06/26/2019  10:43:34  PAGE 14


  C:0071H         LINE#         206
  C:0071H         LINE#         207
  C:0077H         LINE#         208
  C:0077H         LINE#         209
  C:007AH         LINE#         210
  C:007CH         LINE#         211
  C:007EH         LINE#         212
  C:007EH         LINE#         213
  C:0084H         LINE#         214
  C:0088H         LINE#         215
  C:0088H         LINE#         216
  C:008BH         LINE#         218
  C:008BH         LINE#         219
  C:008DH         LINE#         220
  C:008DH         LINE#         221
  C:008DH         LINE#         222
  C:0090H         LINE#         223
  C:0096H         LINE#         224
  C:0096H         LINE#         225
  C:009DH         LINE#         226
  C:00A8H         LINE#         227
  C:00A8H         LINE#         228
  C:00ACH         LINE#         229
  C:00AFH         LINE#         230
  C:00BAH         LINE#         231
  C:00BAH         LINE#         232
  C:00BCH         LINE#         233
  C:00BFH         LINE#         234
  C:00BFH         LINE#         235
  C:00CEH         LINE#         236
  C:00CEH         LINE#         237
  C:00D3H         LINE#         238
  C:00DAH         LINE#         239
  C:00DCH         LINE#         241
  C:00DCH         LINE#         242
  C:00E2H         LINE#         243
  C:00F9H         LINE#         244
  C:0100H         LINE#         245
  C:0109H         LINE#         246
  C:0109H         LINE#         247
  C:010DH         LINE#         248
  C:0113H         LINE#         249
  C:0113H         LINE#         250
  C:0115H         LINE#         251
  C:0115H         LINE#         252
  C:011AH         LINE#         253
  C:0120H         LINE#         254
  C:0122H         LINE#         255
  C:0122H         LINE#         256
  C:0122H         LINE#         257
  C:0128H         LINE#         258
  C:012CH         LINE#         259
  C:012EH         LINE#         261
  C:012EH         LINE#         262
  C:0130H         LINE#         263
  C:0136H         LINE#         264
  C:0136H         LINE#         265
BL51 BANKED LINKER/LOCATER V6.22                                                      06/26/2019  10:43:34  PAGE 15


  C:0139H         LINE#         266
  C:013BH         LINE#         267
  C:013DH         LINE#         268
  C:013DH         LINE#         269
  C:0142H         LINE#         270
  C:0142H         LINE#         271
  C:0144H         LINE#         272
  C:0147H         LINE#         273
  C:0147H         LINE#         274
  C:014BH         LINE#         275
  C:014DH         LINE#         277
  C:014DH         LINE#         278
  C:0154H         LINE#         279
  C:0157H         LINE#         280
  C:0157H         LINE#         281
  C:015BH         LINE#         282
  C:015BH         LINE#         283
  C:015BH         LINE#         284
  C:015BH         LINE#         285
  C:015BH         LINE#         287
  C:0163H         LINE#         288
  C:0163H         LINE#         289
  C:0166H         LINE#         290
  C:0166H         LINE#         291
  C:0168H         LINE#         292
  C:016AH         LINE#         293
  C:016EH         LINE#         294
  C:0171H         LINE#         295
  C:0185H         LINE#         296
  C:0187H         LINE#         297
  C:018AH         LINE#         299
  C:018AH         LINE#         300
  C:018DH         LINE#         301
  C:018FH         LINE#         302
  C:0196H         LINE#         303
  C:0198H         LINE#         304
  C:019EH         LINE#         305
  C:019EH         LINE#         306
  C:01A1H         LINE#         307
  C:01A7H         LINE#         308
  C:01A7H         LINE#         309
  C:01AEH         LINE#         310
  C:01B6H         LINE#         311
  C:01B6H         LINE#         312
  C:01C3H         LINE#         314
  C:01C3H         LINE#         315
  C:01C6H         LINE#         316
  C:01CDH         LINE#         317
  C:01CFH         LINE#         318
  C:01D1H         LINE#         319
  C:01D7H         LINE#         321
  C:01D9H         LINE#         322
  C:01D9H         LINE#         323
  C:01DCH         LINE#         326
  C:01E2H         LINE#         327
  C:01E2H         LINE#         329
  C:01EAH         LINE#         330
BL51 BANKED LINKER/LOCATER V6.22                                                      06/26/2019  10:43:34  PAGE 16


  C:01EAH         LINE#         331
  C:01ECH         LINE#         333
  C:01F3H         LINE#         334
  C:01F6H         LINE#         335
  C:01FDH         LINE#         336
  C:01FDH         LINE#         337
  C:0208H         LINE#         338
  C:020DH         LINE#         339
  C:020FH         LINE#         340
  C:0212H         LINE#         341
  C:0212H         LINE#         342
  C:0214H         LINE#         343
  C:0216H         LINE#         344
  C:0218H         LINE#         345
  C:0222H         LINE#         346
  C:0222H         LINE#         347
  C:0224H         LINE#         348
  C:022AH         LINE#         349
  C:0233H         LINE#         350
  C:0233H         LINE#         351
  C:0237H         LINE#         352
  C:023AH         LINE#         353
  C:0240H         LINE#         354
  C:0243H         LINE#         355
  C:0249H         LINE#         356
  C:024BH         LINE#         358
  C:024BH         LINE#         359
  C:0251H         LINE#         360
  C:0253H         LINE#         361
  C:0253H         LINE#         362
  C:0257H         LINE#         363
  C:0259H         LINE#         365
  C:0259H         LINE#         366
  C:0261H         LINE#         367
  C:0261H         LINE#         368
  C:0263H         LINE#         369
  C:0265H         LINE#         370
  C:0267H         LINE#         372
  C:0267H         LINE#         373
  C:0269H         LINE#         374
  C:026BH         LINE#         375
  C:026BH         LINE#         376
  C:0272H         LINE#         377
  C:0272H         LINE#         378
  C:0272H         LINE#         379
  C:0272H         LINE#         388
  C:0272H         LINE#         390
  C:0278H         LINE#         391
  C:0278H         LINE#         392
  C:027EH         LINE#         393
  C:027EH         LINE#         394
  C:0282H         LINE#         395
  C:0282H         LINE#         396
  C:0284H         LINE#         397
  C:0284H         LINE#         398
  C:0284H         LINE#         399
  C:0287H         LINE#         400
BL51 BANKED LINKER/LOCATER V6.22                                                      06/26/2019  10:43:34  PAGE 17


  C:0287H         LINE#         401
  C:0289H         LINE#         402
  C:028CH         LINE#         403
  C:028CH         LINE#         404
  C:028EH         LINE#         405
  C:0292H         LINE#         406
  C:0298H         LINE#         407
  C:0298H         LINE#         408
  C:0298H         LINE#         409
  C:0298H         LINE#         411
  C:029EH         LINE#         412
  C:029EH         LINE#         413
  C:02A2H         LINE#         414
  C:02A2H         LINE#         415
  C:02A9H         LINE#         416
  C:02A9H         LINE#         417
  C:02A9H         LINE#         418
  C:02AFH         LINE#         419
  C:02AFH         LINE#         420
  C:02B3H         LINE#         421
  C:02B3H         LINE#         422
  C:02B5H         LINE#         423
  C:02B5H         LINE#         424
  C:02B5H         LINE#         426
  C:02BEH         LINE#         427
  C:02BEH         LINE#         428
  C:02C1H         LINE#         429
  C:02C1H         LINE#         430
  C:02C3H         LINE#         431
  C:02C3H         LINE#         432
  C:02C6H         LINE#         434
  C:02C6H         LINE#         435
  C:02CFH         LINE#         436
  C:02CFH         LINE#         437
  C:02F7H         LINE#         438
  C:02F7H         LINE#         439
  C:0306H         LINE#         440
  C:0319H         LINE#         441
  C:0329H         LINE#         442
  C:033CH         LINE#         443
  C:034CH         LINE#         444
  C:035FH         LINE#         445
  C:036FH         LINE#         446
  C:0382H         LINE#         447
  C:0392H         LINE#         448
  C:03A5H         LINE#         449
  C:03B5H         LINE#         450
  C:03C8H         LINE#         451
  C:03D8H         LINE#         452
  C:03EBH         LINE#         453
  C:03EEH         LINE#         454
  C:03F0H         LINE#         456
  C:03F0H         LINE#         457
  C:03F9H         LINE#         458
  C:03F9H         LINE#         459
  C:03F9H         LINE#         460
  C:03F9H         LINE#         461
BL51 BANKED LINKER/LOCATER V6.22                                                      06/26/2019  10:43:34  PAGE 18


  C:03F9H         LINE#         462
  -------         ENDPROC       TIMER0INT
  -------         PROC          _BUS0OUTPUTDATA
  X:0042H         SYMBOL        pbyData
  -------         DO            
  X:0045H         SYMBOL        byTemp
  -------         ENDDO         
  C:0AB2H         LINE#         479
  C:0ABCH         LINE#         480
  C:0ABCH         LINE#         481
  C:0AC0H         LINE#         482
  C:0AC2H         LINE#         483
  C:0AE6H         LINE#         484
  C:0AE6H         LINE#         485
  C:0AE8H         LINE#         486
  C:0AEBH         LINE#         487
  C:0AEBH         LINE#         488
  C:0AF4H         LINE#         489
  C:0AF4H         LINE#         490
  C:0B19H         LINE#         491
  C:0B2CH         LINE#         492
  C:0B2EH         LINE#         493
  C:0B30H         LINE#         494
  C:0B32H         LINE#         495
  -------         ENDPROC       _BUS0OUTPUTDATA
  -------         ENDMOD        单譥线接口

  -------         MODULE        UART
  C:0000H         SYMBOL        _ICE_DUMMY_
  D:0090H         PUBLIC        P1
  D:00A0H         PUBLIC        P2
  D:00B0H         PUBLIC        P3
  D:00A8H         PUBLIC        IE
  D:00B8H         PUBLIC        IP
  B:0098H.0       PUBLIC        RI
  B:0098H.1       PUBLIC        TI
  D:00D8H         PUBLIC        CCON
  D:0099H         PUBLIC        SBUF
  D:0087H         PUBLIC        PCON
  D:0098H         PUBLIC        SCON
  D:0089H         PUBLIC        TMOD
  D:0088H         PUBLIC        TCON
  X:0030H         PUBLIC        uart_data
  C:0C3DH         PUBLIC        UART
  D:008DH         PUBLIC        TH1
  D:008BH         PUBLIC        TL1
  C:0C96H         PUBLIC        _UART_init
  B:0088H.6       PUBLIC        TR1
  X:003AH         PUBLIC        uart_buf
  D:00C8H         PUBLIC        T2CON
  X:003BH         PUBLIC        int_buf
  C:0DDCH         PUBLIC        _uart_send_one
  D:00D0H         PUBLIC        PSW
  -------         PROC          _UART_INIT
  D:0004H         SYMBOL        band
  C:0C96H         LINE#         8
  C:0C96H         LINE#         9
BL51 BANKED LINKER/LOCATER V6.22                                                      06/26/2019  10:43:34  PAGE 19


  C:0C96H         LINE#         21
  C:0CB0H         LINE#         22
  C:0CB3H         LINE#         23
  C:0CB6H         LINE#         24
  C:0CB9H         LINE#         25
  C:0CBBH         LINE#         26
  C:0CBDH         LINE#         27
  C:0CBFH         LINE#         29
  -------         ENDPROC       _UART_INIT
  -------         PROC          UART
  C:0C3DH         LINE#         35
  C:0C46H         LINE#         36
  C:0C49H         LINE#         37
  C:0C4BH         LINE#         38
  C:0C54H         LINE#         39
  C:0C59H         LINE#         40
  C:0C62H         LINE#         41
  C:0C62H         LINE#         42
  C:0C64H         LINE#         43
  -------         ENDPROC       UART
  -------         PROC          _UART_SEND_ONE
  D:0007H         SYMBOL        x
  C:0DDCH         LINE#         47
  C:0DDCH         LINE#         48
  C:0DDCH         LINE#         49
  C:0DDEH         LINE#         50
  C:0DE0H         LINE#         51
  C:0DE5H         LINE#         52
  -------         ENDPROC       _UART_SEND_ONE
  -------         ENDMOD        UART

  -------         MODULE        ?C?CLDPTR
  C:0692H         PUBLIC        ?C?CLDPTR
  -------         ENDMOD        ?C?CLDPTR

  -------         MODULE        ?C?CLDOPTR
  C:06ABH         PUBLIC        ?C?CLDOPTR
  -------         ENDMOD        ?C?CLDOPTR

  -------         MODULE        ?C?CSTPTR
  C:06D8H         PUBLIC        ?C?CSTPTR
  -------         ENDMOD        ?C?CSTPTR

  -------         MODULE        ?C?CSTOPTR
  C:06EAH         PUBLIC        ?C?CSTOPTR
  -------         ENDMOD        ?C?CSTOPTR

  -------         MODULE        ?C?UIDIV
  C:070CH         PUBLIC        ?C?UIDIV
  -------         ENDMOD        ?C?UIDIV

  -------         MODULE        ?C?ULDIV
  C:079DH         PUBLIC        ?C?ULDIV
  -------         ENDMOD        ?C?ULDIV

  -------         MODULE        ?C?LNEG
  C:082FH         PUBLIC        ?C?LNEG
BL51 BANKED LINKER/LOCATER V6.22                                                      06/26/2019  10:43:34  PAGE 20


  -------         ENDMOD        ?C?LNEG

  -------         MODULE        ?C?ULCMP
  C:083DH         PUBLIC        ?C?ULCMP
  -------         ENDMOD        ?C?ULCMP

  -------         MODULE        ?C?LSTPDATA
  C:084EH         PUBLIC        ?C?LSTPDATA
  -------         ENDMOD        ?C?LSTPDATA

  -------         MODULE        ?C?LSTKPDATA
  C:085AH         PUBLIC        ?C?LSTKPDATA
  -------         ENDMOD        ?C?LSTKPDATA

Program Size: data=13.1 xdata=216 code=3553
LINK/LOCATE RUN COMPLETE.  0 WARNING(S),  0 ERROR(S)
