BL51 BANKED LINKER/LOCATER V6.22                                                        06/23/2017  13:33:26  PAGE 1


BL51 BANKED LINKER/LOCATER V6.22, INVOKED BY:
C:\KEIL\C51\BIN\BL51.EXE Key.obj, IAP.obj, LcdDriver.obj, main.obj, SingleBus.obj, SPI.obj, uart.obj, Data.obj TO MKTFT-
>> V3.0 RAMSIZE (256)


MEMORY MODEL: SMALL


INPUT MODULES INCLUDED:
  Key.obj (KEY)
  IAP.obj (IAP)
  LcdDriver.obj (LCDDRIVER)
  main.obj (MAIN)
  SingleBus.obj (SINGLEBUS)
  SPI.obj (SPI)
  uart.obj (UART)
  Data.obj (DATA_ASM)
  C:\KEIL\C51\LIB\C51S.LIB (?C_STARTUP)
  C:\KEIL\C51\LIB\C51S.LIB (?C?COPY)
  C:\KEIL\C51\LIB\C51S.LIB (?C?CLDPTR)
  C:\KEIL\C51\LIB\C51S.LIB (?C?CLDOPTR)
  C:\KEIL\C51\LIB\C51S.LIB (?C?CSTOPTR)
  C:\KEIL\C51\LIB\C51S.LIB (?C?IMUL)
  C:\KEIL\C51\LIB\C51S.LIB (?C?UIDIV)
  C:\KEIL\C51\LIB\C51S.LIB (?C?IILDX)
  C:\KEIL\C51\LIB\C51S.LIB (?C?ILDIX)
  C:\KEIL\C51\LIB\C51S.LIB (?C?LADD)
  C:\KEIL\C51\LIB\C51S.LIB (?C?LMUL)
  C:\KEIL\C51\LIB\C51S.LIB (?C?ULDIV)
  C:\KEIL\C51\LIB\C51S.LIB (?C?ULCMP)
  C:\KEIL\C51\LIB\C51S.LIB (?C?ULSHR)
  C:\KEIL\C51\LIB\C51S.LIB (?C?LLDXDATA)
  C:\KEIL\C51\LIB\C51S.LIB (?C?LLDXDATA0)
  C:\KEIL\C51\LIB\C51S.LIB (?C?LLDIXDATA)
  C:\KEIL\C51\LIB\C51S.LIB (?C?LSTXDATA)
  C:\KEIL\C51\LIB\C51S.LIB (?C?LSTKXDATA)
  C:\KEIL\C51\LIB\C51S.LIB (?C?PLDIIDATA)
  C:\KEIL\C51\LIB\C51S.LIB (?C?CCASE)
  C:\KEIL\C51\LIB\C51S.LIB (?C?MEMSET)
  C:\KEIL\C51\LIB\C51S.LIB (?C_INIT)


LINK MAP OF MODULE:  MKTFT-V3.0 (KEY)


            TYPE    BASE      LENGTH    RELOCATION   SEGMENT NAME
            -----------------------------------------------------

            * * * * * * *   D A T A   M E M O R Y   * * * * * * *
            REG     0000H     0008H     ABSOLUTE     "REG BANK 0"
            DATA    0008H     0018H     UNIT         ?DT?SINGLEBUS
            DATA    0020H     0008H     BIT_ADDR     ?BA?SINGLEBUS
            BIT     0028H.0   0001H.5   UNIT         ?BI?SINGLEBUS
            BIT     0029H.5   0001H.0   UNIT         ?BI?MAIN
            BIT     002AH.5   0000H.7   UNIT         ?BI?KEY
            BIT     002BH.4   0000H.2   UNIT         ?BI?LCDDRIVER
                    002BH.6   0000H.2                *** GAP ***
            DATA    002CH     0025H     UNIT         _DATA_GROUP_
BL51 BANKED LINKER/LOCATER V6.22                                                      06/23/2017  13:33:26  PAGE 2


            DATA    0051H     0009H     UNIT         ?DT?_SHOWLANDINGWORD?LCDDRIVER
            DATA    005AH     0009H     UNIT         ?DT?_FMWRITEBYTES1?SPI
            DATA    0063H     0005H     UNIT         ?DT?_FMWRITEBYTE1?SPI
            DATA    0068H     0004H     UNIT         ?DT?_SECTOR_ERASE?SPI
            DATA    006CH     0002H     UNIT         ?DT?MAIN
            DATA    006EH     0001H     UNIT         ?DT?UART
            IDATA   006FH     001DH     UNIT         ?ID?SINGLEBUS
            IDATA   008CH     0006H     UNIT         ?ID?UART
            IDATA   0092H     0005H     UNIT         _IDATA_GROUP_
            IDATA   0097H     0001H     UNIT         ?STACK

            * * * * * * *  X D A T A   M E M O R Y  * * * * * * *
            XDATA   0000H     0109H     UNIT         ?XD?UART
            XDATA   0109H     0099H     UNIT         ?XD?SPI
            XDATA   01A2H     0045H     UNIT         ?XD?MAIN
            XDATA   01E7H     0031H     UNIT         _XDATA_GROUP_
            XDATA   0218H     001EH     UNIT         ?XD?SINGLEBUS
            XDATA   0236H     0004H     UNIT         ?XD?SHOWLANDINGFACE?LCDDRIVER
            XDATA   023AH     0002H     UNIT         ?XD?LCDDRIVER
            XDATA   023CH     0002H     UNIT         ?XD?_SHOWLANDINGWORD?LCDDRIVER
            XDATA   023EH     0001H     UNIT         ?XD?_SEND_DATA?UART

            * * * * * * *   C O D E   M E M O R Y   * * * * * * *
            CODE    0000H     0003H     ABSOLUTE     
            CODE    0003H     0003H     ABSOLUTE     
                    0006H     0005H                  *** GAP ***
            CODE    000BH     0003H     ABSOLUTE     
            CODE    000EH     0015H     UNIT         ?PR?_BCDTOHEX?SINGLEBUS
            CODE    0023H     0003H     ABSOLUTE     
            CODE    0026H     0012H     UNIT         ?PR?_MAKECH1TIMEROUT?SINGLEBUS
                    0038H     0003H                  *** GAP ***
            CODE    003BH     0003H     ABSOLUTE     
            CODE    003EH     0C38H     UNIT         ?PR?BUS0RECDEAL?SINGLEBUS
            CODE    0C76H     0978H     UNIT         ?PR?SHOWBEDPAGE?LCDDRIVER
            CODE    15EEH     04D4H     UNIT         ?PR?_SHOWCALLFACE?LCDDRIVER
            CODE    1AC2H     04C0H     UNIT         ?PR?_SHOWSERCHROOMCOM?LCDDRIVER
            CODE    1F82H     044BH     UNIT         ?PR?_SHOWVERSION?LCDDRIVER
            CODE    23CDH     042BH     UNIT         ?C?LIB_CODE
            CODE    27F8H     0008H     UNIT         ?PR?DISABLEIAP?IAP
            CODE    2800H     001EH     ABSOLUTE     
            CODE    281EH     2C99H     UNIT         ?PR?SHOWSERCHROMMPAGE1?LCDDRIVER
            CODE    54B7H     2C91H     UNIT         ?PR?SHOWSERCHROMMPAGE2?LCDDRIVER
            CODE    8148H     2C91H     UNIT         ?PR?SHOWSERCHROMMPAGE3?LCDDRIVER
            CODE    ADD9H     03FDH     UNIT         ?PR?SHOWBROADCASTING?LCDDRIVER
            CODE    B1D6H     0387H     UNIT         ?PR?SHOWPAGE?LCDDRIVER
            CODE    B55DH     0320H     UNIT         ?PR?TIMER0INT?SINGLEBUS
            CODE    B87DH     0303H     UNIT         ?PR?READPAGECOLOUR?SINGLEBUS
            CODE    BB80H     02F4H     UNIT         ?PR?TIMEROUTDEAL?SINGLEBUS
            CODE    BE74H     02D0H     UNIT         ?PR?SHOWNUMBERPAGE?LCDDRIVER
            CODE    C144H     02BFH     UNIT         ?PR?UARTDEAL?UART
            CODE    C403H     028BH     UNIT         ?PR?PARAMETERINIT?SPI
            CODE    C68EH     0252H     UNIT         ?PR?_KEYDOWNDEAL?KEY
            CODE    C8E0H     0235H     UNIT         ?PR?_GET_GT23_DATA1?SPI
            CODE    CB15H     0212H     UNIT         ?PR?_GET_GT23_DATA?SPI
            CODE    CD27H     01B3H     UNIT         ?PR?SHOWSECPAGE?LCDDRIVER
            CODE    CEDAH     01A3H     UNIT         ?PR?SHOWCALLING?LCDDRIVER
            CODE    D07DH     0194H     UNIT         ?PR?LCMINIT?LCDDRIVER
BL51 BANKED LINKER/LOCATER V6.22                                                      06/23/2017  13:33:26  PAGE 3


            CODE    D211H     017BH     UNIT         ?PR?BUS0SENDDEAL?SINGLEBUS
            CODE    D38CH     017BH     UNIT         ?PR?COMM?UART
            CODE    D507H     0160H     UNIT         ?PR?SHOWSELFERROR?LCDDRIVER
            CODE    D667H     0158H     UNIT         ?PR?VOICECHANNELCTX?SINGLEBUS
            CODE    D7BFH     0151H     UNIT         ?PR?SHOWBUSERROR?LCDDRIVER
            CODE    D910H     014EH     UNIT         ?PR?_LCD_FANGDA_DIS_TEXT?LCDDRIVER
            CODE    DA5EH     0138H     UNIT         ?PR?SHOWLANDINGFACE?LCDDRIVER
            CODE    DB96H     011CH     UNIT         ?PR?UARTINIT?UART
            CODE    DCB2H     00F3H     UNIT         ?PR?SHOWNUMBERPAGEOK?LCDDRIVER
            CODE    DDA5H     00C6H     UNIT         ?PR?INIT?MAIN
            CODE    DE6BH     00C5H     UNIT         ?PR?OSTICKISR?MAIN
            CODE    DF30H     00ADH     UNIT         ?PR?_FMWRITEBYTES?SPI
            CODE    DFDDH     00A9H     UNIT         ?PR?_LCD_FILL?LCDDRIVER
            CODE    E086H     00A6H     UNIT         ?PR?FRAM_TEST?SPI
            CODE    E12CH     009BH     UNIT         ?C_INITSEG
            CODE    E1C7H     0090H     UNIT         ?PR?_READ_CONT?SPI
            CODE    E257H     008CH     UNIT         ?C_C51STARTUP
            CODE    E2E3H     0086H     UNIT         ?PR?_BUS0OUTPUTDATA?SINGLEBUS
            CODE    E369H     0082H     UNIT         ?PR?MAIN?MAIN
            CODE    E3EBH     007DH     UNIT         ?PR?_FMWRITEBYTES1?SPI
            CODE    E468H     0079H     UNIT         ?PR?SAVEPARAMETER?SPI
            CODE    E4E1H     0075H     UNIT         ?PR?_LCD_CLEAR?LCDDRIVER
            CODE    E556H     006CH     UNIT         ?CO?LCDDRIVER
            CODE    E5C2H     0067H     UNIT         ?PR?_SHOWWORD?LCDDRIVER
            CODE    E629H     0065H     UNIT         ?PR?_SHOWASCII?LCDDRIVER
            CODE    E68EH     0065H     UNIT         ?PR?_SHOWLANDINGWORD?LCDDRIVER
            CODE    E6F3H     005FH     UNIT         ?PR?_SET_DISPLAY_AREA?LCDDRIVER
            CODE    E752H     0053H     UNIT         ?PR?_FMREADBYTE?SPI
            CODE    E7A5H     0053H     UNIT         ?PR?READPARAMETER?SPI
            CODE    E7F8H     004CH     UNIT         ?PR?_KEYALWAYSDEAL?KEY
            CODE    E844H     0048H     UNIT         ?PR?_ADDRCOMPARE?SINGLEBUS
            CODE    E88CH     0048H     UNIT         ?PR?LEDCONTROL?SINGLEBUS
            CODE    E8D4H     0043H     UNIT         ?PR?SPIINIT?SPI
            CODE    E917H     0041H     UNIT         ?PR?KEYSCAN?KEY
            CODE    E958H     003DH     UNIT         ?PR?_FMWRITEBYTE1?SPI
            CODE    E995H     003AH     UNIT         ?PR?SINGLEBUSINIT?SINGLEBUS
            CODE    E9CFH     0037H     UNIT         ?PR?_SETSCROLLAREA?LCDDRIVER
            CODE    EA06H     0033H     UNIT         ?PR?_SECTOR_ERASE?SPI
            CODE    EA39H     0032H     UNIT         ?PR?_FMWRITEBYTE?SPI
            CODE    EA6BH     0031H     UNIT         ?PR?_SPITRANSFERBYTE?SPI
            CODE    EA9CH     002DH     UNIT         ?PR?SHOWNORMAL?LCDDRIVER
            CODE    EAC9H     002DH     UNIT         ?PR?_DELAYMS?MAIN
            CODE    EAF6H     002BH     UNIT         ?PR?_SEND_DATA?UART
            CODE    EB21H     0028H     UNIT         ?PR?_KEYUPDEAL?KEY
            CODE    EB49H     0026H     UNIT         ?PR?_SAVEINDICATIONDATA?SINGLEBUS
            CODE    EB6FH     0025H     UNIT         ?PR?SYSRESET?SINGLEBUS
            CODE    EB94H     0022H     UNIT         ?PR?_SAVECALLADDR?SINGLEBUS
            CODE    EBB6H     0020H     UNIT         ?PR?_SETMDLEDSTATE?KEY
            CODE    EBD6H     001FH     UNIT         ?PR?_ADDRCOMPARECHECK?SINGLEBUS
            CODE    EBF5H     001EH     UNIT         ?PR?READ_ID?SPI
            CODE    EC13H     0019H     UNIT         ?PR?_DELAY_NUS?SPI
            CODE    EC2CH     0018H     UNIT         ?PR?_SEND_SSD1963_DATA?LCDDRIVER
            CODE    EC44H     0018H     UNIT         ?PR?_MAKECH0TIMEROUT?SINGLEBUS
            CODE    EC5CH     0018H     UNIT         ?PR?WAIT_BUSY?SPI
            CODE    EC74H     0016H     UNIT         ?PR?_SETSCROLLSTART?LCDDRIVER
            CODE    EC8AH     0011H     UNIT         ?PR?_SETLEDDEALSTATE?KEY
            CODE    EC9BH     0011H     UNIT         ?PR?_IAPWRITEBYTE?IAP
BL51 BANKED LINKER/LOCATER V6.22                                                      06/23/2017  13:33:26  PAGE 4


            CODE    ECACH     0011H     UNIT         ?PR?_IAPREADBYTE?IAP
            CODE    ECBDH     0010H     UNIT         ?PR?BUS0RECINT?SINGLEBUS
            CODE    ECCDH     000FH     UNIT         ?PR?_IAPERASE?IAP
            CODE    ECDCH     000FH     UNIT         ?PR?READ_STATUS_REGISTER?SPI
            CODE    ECEBH     000EH     UNIT         ?PR?_SEND_SSD1963_COMMAND?LCDDRIVER
            CODE    ECF9H     000CH     UNIT         ?PR?_SET_VISUALPAGE?LCDDRIVER
            CODE    ED05H     000CH     UNIT         ?PR?WREN?SPI
            CODE    ED11H     000CH     UNIT         ?PR?_SEND_DATA_BYTE?UART
            CODE    ED1DH     0006H     UNIT         ?PR?_ENABLEIAP?IAP



OVERLAY MAP OF MODULE:   MKTFT-V3.0 (KEY)


SEGMENT                                       DATA_GROUP          IDATA_GROUP         XDATA_GROUP
  +--> CALLED SEGMENT                       START    LENGTH     START    LENGTH     START    LENGTH
---------------------------------------------------------------------------------------------------
?PR?OSTICKISR?MAIN                          -----    -----      -----    -----      -----    -----
  +--> ?PR?KEYSCAN?KEY

*** NEW ROOT ***************************************************

?PR?COMM?UART                               -----    -----      -----    -----      -----    -----
  +--> ?PR?_MAKECH0TIMEROUT?SINGLEBUS

?PR?_MAKECH0TIMEROUT?SINGLEBUS              -----    -----      -----    -----      -----    -----
  +--> ?PR?_SAVECALLADDR?SINGLEBUS

*** NEW ROOT ***************************************************

?C_C51STARTUP                               -----    -----      -----    -----      -----    -----
  +--> ?PR?MAIN?MAIN
  +--> ?C_INITSEG

?PR?MAIN?MAIN                               002CH    0002H      -----    -----      -----    -----
  +--> ?PR?INIT?MAIN
  +--> ?PR?SHOWPAGE?LCDDRIVER
  +--> ?PR?READPAGECOLOUR?SINGLEBUS
  +--> ?PR?BUS0RECDEAL?SINGLEBUS
  +--> ?PR?BUS0SENDDEAL?SINGLEBUS
  +--> ?PR?UARTDEAL?UART
  +--> ?PR?TIMEROUTDEAL?SINGLEBUS
  +--> ?PR?_KEYDOWNDEAL?KEY
  +--> ?PR?_KEYALWAYSDEAL?KEY
  +--> ?PR?_KEYUPDEAL?KEY
  +--> ?PR?KEYSCAN?KEY

?PR?INIT?MAIN                               -----    -----      -----    -----      -----    -----
  +--> ?PR?SINGLEBUSINIT?SINGLEBUS
  +--> ?PR?SPIINIT?SPI
  +--> ?PR?_SETLEDDEALSTATE?KEY
  +--> ?PR?_SETMDLEDSTATE?KEY
  +--> ?PR?PARAMETERINIT?SPI
  +--> ?PR?UARTINIT?UART
  +--> ?PR?_SEND_DATA_BYTE?UART
  +--> ?PR?LCMINIT?LCDDRIVER
BL51 BANKED LINKER/LOCATER V6.22                                                      06/23/2017  13:33:26  PAGE 5


  +--> ?PR?_MAKECH0TIMEROUT?SINGLEBUS

?PR?SPIINIT?SPI                             -----    -----      -----    -----      -----    -----
  +--> ?PR?_SPITRANSFERBYTE?SPI
  +--> ?PR?READ_ID?SPI

?PR?READ_ID?SPI                             -----    -----      -----    -----      -----    -----
  +--> ?PR?_SPITRANSFERBYTE?SPI

?PR?PARAMETERINIT?SPI                       -----    -----      -----    -----      -----    -----
  +--> ?PR?_ENABLEIAP?IAP
  +--> ?PR?_IAPREADBYTE?IAP
  +--> ?PR?READPARAMETER?SPI
  +--> ?PR?_FMREADBYTE?SPI
  +--> ?PR?_FMWRITEBYTE?SPI

?PR?READPARAMETER?SPI                       -----    -----      -----    -----      -----    -----
  +--> ?PR?_ENABLEIAP?IAP
  +--> ?PR?_IAPREADBYTE?IAP
  +--> ?PR?DISABLEIAP?IAP

?PR?_FMREADBYTE?SPI                         0031H    0004H      -----    -----      -----    -----
  +--> ?PR?_SPITRANSFERBYTE?SPI

?PR?_FMWRITEBYTE?SPI                        002FH    0005H      -----    -----      -----    -----
  +--> ?PR?WAIT_BUSY?SPI
  +--> ?PR?_SPITRANSFERBYTE?SPI

?PR?WAIT_BUSY?SPI                           -----    -----      -----    -----      -----    -----
  +--> ?PR?_SPITRANSFERBYTE?SPI
  +--> ?PR?READ_STATUS_REGISTER?SPI
  +--> ?PR?_DELAY_NUS?SPI

?PR?READ_STATUS_REGISTER?SPI                -----    -----      -----    -----      -----    -----
  +--> ?PR?_SPITRANSFERBYTE?SPI

?PR?_DELAY_NUS?SPI                          -----    -----      -----    -----      01E7H    0001H

?PR?UARTINIT?UART                           -----    -----      -----    -----      -----    -----
  +--> ?PR?_FMREADBYTE?SPI

?PR?_SEND_DATA_BYTE?UART                    -----    -----      -----    -----      01E7H    0001H

?PR?LCMINIT?LCDDRIVER                       -----    -----      -----    -----      -----    -----
  +--> ?PR?_DELAYMS?MAIN
  +--> ?PR?_SEND_SSD1963_COMMAND?LCDDRIVER
  +--> ?PR?_SEND_SSD1963_DATA?LCDDRIVER
  +--> ?PR?_SETSCROLLAREA?LCDDRIVER
  +--> ?PR?_LCD_CLEAR?LCDDRIVER
  +--> ?PR?_SHOWVERSION?LCDDRIVER
  +--> ?PR?_SETLEDDEALSTATE?KEY
  +--> ?PR?_SETMDLEDSTATE?KEY
  +--> ?PR?READPAGECOLOUR?SINGLEBUS
  +--> ?PR?SHOWPAGE?LCDDRIVER

?PR?_DELAYMS?MAIN                           -----    -----      -----    -----      01E7H    0002H

BL51 BANKED LINKER/LOCATER V6.22                                                      06/23/2017  13:33:26  PAGE 6


?PR?_SEND_SSD1963_DATA?LCDDRIVER            -----    -----      -----    -----      -----    -----
  +--> ?PR?_SEND_SSD1963_COMMAND?LCDDRIVER

?PR?_SETSCROLLAREA?LCDDRIVER                002EH    0002H      -----    -----      -----    -----
  +--> ?PR?_SEND_SSD1963_COMMAND?LCDDRIVER
  +--> ?PR?_SEND_SSD1963_DATA?LCDDRIVER

?PR?_LCD_CLEAR?LCDDRIVER                    002EH    0002H      -----    -----      01F0H    0004H
  +--> ?PR?_SET_DISPLAY_AREA?LCDDRIVER
  +--> ?PR?_SEND_SSD1963_COMMAND?LCDDRIVER

?PR?_SET_DISPLAY_AREA?LCDDRIVER             0049H    0008H      -----    -----      020DH    0008H
  +--> ?PR?_SEND_SSD1963_COMMAND?LCDDRIVER
  +--> ?PR?_SEND_SSD1963_DATA?LCDDRIVER

?PR?_SHOWVERSION?LCDDRIVER                  002EH    0003H      -----    -----      01E7H    0004H
  +--> ?PR?_GET_GT23_DATA?SPI
  +--> ?PR?_LCD_FANGDA_DIS_TEXT?LCDDRIVER
  +--> ?PR?_SET_VISUALPAGE?LCDDRIVER

?PR?_GET_GT23_DATA?SPI                      003AH    0003H      -----    -----      0208H    0010H
  +--> ?PR?_READ_CONT?SPI

?PR?_READ_CONT?SPI                          003DH    000FH      -----    -----      -----    -----
  +--> ?PR?_SPITRANSFERBYTE?SPI

?PR?_LCD_FANGDA_DIS_TEXT?LCDDRIVER          003AH    000FH      -----    -----      0208H    0005H
  +--> ?PR?_SET_DISPLAY_AREA?LCDDRIVER
  +--> ?PR?_SEND_SSD1963_COMMAND?LCDDRIVER
  +--> ?PR?_SEND_SSD1963_DATA?LCDDRIVER

?PR?_SET_VISUALPAGE?LCDDRIVER               -----    -----      -----    -----      -----    -----
  +--> ?PR?_SETSCROLLSTART?LCDDRIVER

?PR?_SETSCROLLSTART?LCDDRIVER               -----    -----      -----    -----      -----    -----
  +--> ?PR?_SEND_SSD1963_COMMAND?LCDDRIVER
  +--> ?PR?_SEND_SSD1963_DATA?LCDDRIVER

?PR?READPAGECOLOUR?SINGLEBUS                -----    -----      -----    -----      01E7H    0009H
  +--> ?PR?_LCD_CLEAR?LCDDRIVER
  +--> ?PR?_LCD_FILL?LCDDRIVER

?PR?_LCD_FILL?LCDDRIVER                     0031H    000AH      -----    -----      0202H    0004H
  +--> ?PR?_SET_DISPLAY_AREA?LCDDRIVER
  +--> ?PR?_SEND_SSD1963_COMMAND?LCDDRIVER

?PR?SHOWPAGE?LCDDRIVER                      -----    -----      -----    -----      01E7H    0009H
  +--> ?CO?LCDDRIVER
  +--> ?PR?SHOWSECPAGE?LCDDRIVER
  +--> ?PR?_GET_GT23_DATA?SPI
  +--> ?PR?_LCD_FANGDA_DIS_TEXT?LCDDRIVER
  +--> ?PR?SHOWBEDPAGE?LCDDRIVER
  +--> ?PR?_SET_VISUALPAGE?LCDDRIVER

?PR?SHOWSECPAGE?LCDDRIVER                   -----    -----      -----    -----      01F0H    0018H
  +--> ?CO?LCDDRIVER
  +--> ?PR?_FMREADBYTE?SPI
BL51 BANKED LINKER/LOCATER V6.22                                                      06/23/2017  13:33:26  PAGE 7


  +--> ?PR?_GET_GT23_DATA?SPI
  +--> ?PR?_LCD_FANGDA_DIS_TEXT?LCDDRIVER

?PR?SHOWBEDPAGE?LCDDRIVER                   002EH    0003H      -----    -----      01F0H    0012H
  +--> ?CO?LCDDRIVER
  +--> ?PR?_LCD_FILL?LCDDRIVER
  +--> ?PR?_FMREADBYTE?SPI
  +--> ?PR?_GET_GT23_DATA?SPI
  +--> ?PR?_LCD_FANGDA_DIS_TEXT?LCDDRIVER

?PR?BUS0RECDEAL?SINGLEBUS                   -----    -----      0092H    0005H      -----    -----
  +--> ?PR?_BUS0OUTPUTDATA?SINGLEBUS
  +--> ?PR?LEDCONTROL?SINGLEBUS
  +--> ?PR?VOICECHANNELCTX?SINGLEBUS
  +--> ?PR?_FMWRITEBYTE?SPI
  +--> ?PR?SHOWPAGE?LCDDRIVER
  +--> ?PR?_MAKECH0TIMEROUT?SINGLEBUS
  +--> ?PR?_ADDRCOMPARE?SINGLEBUS
  +--> ?PR?_SAVECALLADDR?SINGLEBUS
  +--> ?PR?SHOWBROADCASTING?LCDDRIVER
  +--> ?PR?_SAVEINDICATIONDATA?SINGLEBUS
  +--> ?PR?_SHOWCALLFACE?LCDDRIVER
  +--> ?PR?SYSRESET?SINGLEBUS
  +--> ?PR?_MAKECH1TIMEROUT?SINGLEBUS
  +--> ?PR?SAVEPARAMETER?SPI
  +--> ?PR?READPAGECOLOUR?SINGLEBUS
  +--> ?PR?_SETLEDDEALSTATE?KEY
  +--> ?PR?SHOWNUMBERPAGE?LCDDRIVER
  +--> ?PR?_BCDTOHEX?SINGLEBUS
  +--> ?PR?_FMWRITEBYTES?SPI

?PR?_BUS0OUTPUTDATA?SINGLEBUS               002FH    0004H      -----    -----      -----    -----

?PR?LEDCONTROL?SINGLEBUS                    -----    -----      -----    -----      -----    -----
  +--> ?PR?_MAKECH0TIMEROUT?SINGLEBUS
  +--> ?PR?VOICECHANNELCTX?SINGLEBUS
  +--> ?PR?_SETMDLEDSTATE?KEY
  +--> ?PR?_SETLEDDEALSTATE?KEY

?PR?_ADDRCOMPARE?SINGLEBUS                  -----    -----      -----    -----      -----    -----
  +--> ?PR?_MAKECH0TIMEROUT?SINGLEBUS

?PR?SHOWBROADCASTING?LCDDRIVER              -----    -----      -----    -----      01E7H    0008H
  +--> ?PR?_LCD_FILL?LCDDRIVER
  +--> ?PR?_GET_GT23_DATA?SPI
  +--> ?PR?_LCD_FANGDA_DIS_TEXT?LCDDRIVER
  +--> ?PR?_SET_VISUALPAGE?LCDDRIVER

?PR?_SHOWCALLFACE?LCDDRIVER                 002EH    0002H      -----    -----      01E7H    0004H
  +--> ?PR?_LCD_FILL?LCDDRIVER
  +--> ?PR?_SHOWWORD?LCDDRIVER
  +--> ?PR?_SHOWASCII?LCDDRIVER
  +--> ?PR?_SET_VISUALPAGE?LCDDRIVER

?PR?_SHOWWORD?LCDDRIVER                     0030H    000AH      -----    -----      01EBH    0002H
  +--> ?CO?LCDDRIVER
  +--> ?PR?_GET_GT23_DATA?SPI
BL51 BANKED LINKER/LOCATER V6.22                                                      06/23/2017  13:33:26  PAGE 8


  +--> ?PR?_LCD_FANGDA_DIS_TEXT?LCDDRIVER

?PR?_SHOWASCII?LCDDRIVER                    0030H    000AH      -----    -----      01EBH    0002H
  +--> ?CO?LCDDRIVER
  +--> ?PR?_GET_GT23_DATA?SPI
  +--> ?PR?_LCD_FANGDA_DIS_TEXT?LCDDRIVER

?PR?SYSRESET?SINGLEBUS                      -----    -----      -----    -----      -----    -----
  +--> ?PR?LEDCONTROL?SINGLEBUS
  +--> ?PR?SHOWPAGE?LCDDRIVER

?PR?SAVEPARAMETER?SPI                       -----    -----      -----    -----      -----    -----
  +--> ?PR?_ENABLEIAP?IAP
  +--> ?PR?_IAPERASE?IAP
  +--> ?PR?_IAPWRITEBYTE?IAP
  +--> ?PR?DISABLEIAP?IAP

?PR?SHOWNUMBERPAGE?LCDDRIVER                002EH    0003H      -----    -----      01E7H    0004H
  +--> ?PR?_LCD_FILL?LCDDRIVER
  +--> ?PR?_GET_GT23_DATA?SPI
  +--> ?PR?_LCD_FANGDA_DIS_TEXT?LCDDRIVER
  +--> ?PR?_SET_VISUALPAGE?LCDDRIVER

?PR?_FMWRITEBYTES?SPI                       002EH    0009H      -----    -----      -----    -----
  +--> ?PR?WAIT_BUSY?SPI
  +--> ?PR?_SPITRANSFERBYTE?SPI

?PR?BUS0SENDDEAL?SINGLEBUS                  -----    -----      -----    -----      -----    -----
  +--> ?PR?_MAKECH0TIMEROUT?SINGLEBUS
  +--> ?PR?VOICECHANNELCTX?SINGLEBUS
  +--> ?PR?LEDCONTROL?SINGLEBUS
  +--> ?PR?SHOWPAGE?LCDDRIVER
  +--> ?PR?_BUS0OUTPUTDATA?SINGLEBUS
  +--> ?PR?_SAVECALLADDR?SINGLEBUS
  +--> ?PR?_MAKECH1TIMEROUT?SINGLEBUS
  +--> ?PR?SAVEPARAMETER?SPI
  +--> ?PR?SYSRESET?SINGLEBUS

?PR?UARTDEAL?UART                           -----    -----      -----    -----      -----    -----
  +--> ?PR?_BUS0OUTPUTDATA?SINGLEBUS
  +--> ?PR?_FMWRITEBYTE?SPI
  +--> ?PR?_FMWRITEBYTES?SPI
  +--> ?PR?_FMREADBYTE?SPI
  +--> ?PR?READPAGECOLOUR?SINGLEBUS
  +--> ?PR?SHOWPAGE?LCDDRIVER

?PR?TIMEROUTDEAL?SINGLEBUS                  -----    -----      -----    -----      -----    -----
  +--> ?PR?_BUS0OUTPUTDATA?SINGLEBUS
  +--> ?PR?VOICECHANNELCTX?SINGLEBUS
  +--> ?PR?LEDCONTROL?SINGLEBUS
  +--> ?PR?SHOWPAGE?LCDDRIVER
  +--> ?PR?_SETLEDDEALSTATE?KEY
  +--> ?PR?_DELAYMS?MAIN
  +--> ?PR?SHOWSELFERROR?LCDDRIVER
  +--> ?PR?SHOWNORMAL?LCDDRIVER
  +--> ?PR?SHOWBUSERROR?LCDDRIVER

BL51 BANKED LINKER/LOCATER V6.22                                                      06/23/2017  13:33:26  PAGE 9


?PR?SHOWSELFERROR?LCDDRIVER                 -----    -----      -----    -----      01E7H    0004H
  +--> ?CO?LCDDRIVER
  +--> ?PR?_GET_GT23_DATA1?SPI
  +--> ?PR?_LCD_FANGDA_DIS_TEXT?LCDDRIVER

?PR?_GET_GT23_DATA1?SPI                     002EH    0001H      -----    -----      01EBH    0012H
  +--> ?PR?_READ_CONT?SPI

?PR?SHOWNORMAL?LCDDRIVER                    -----    -----      -----    -----      -----    -----
  +--> ?CO?LCDDRIVER
  +--> ?PR?_LCD_FILL?LCDDRIVER

?PR?SHOWBUSERROR?LCDDRIVER                  -----    -----      -----    -----      01E7H    0004H
  +--> ?CO?LCDDRIVER
  +--> ?PR?_GET_GT23_DATA1?SPI
  +--> ?PR?_LCD_FANGDA_DIS_TEXT?LCDDRIVER

?PR?_KEYDOWNDEAL?KEY                        002EH    0001H      -----    -----      -----    -----
  +--> ?PR?_FMREADBYTE?SPI
  +--> ?PR?SAVEPARAMETER?SPI
  +--> ?PR?_SETLEDDEALSTATE?KEY
  +--> ?PR?_FMWRITEBYTE?SPI
  +--> ?PR?SHOWNUMBERPAGEOK?LCDDRIVER
  +--> ?PR?_BUS0OUTPUTDATA?SINGLEBUS
  +--> ?PR?SHOWSERCHROMMPAGE3?LCDDRIVER
  +--> ?PR?SHOWSERCHROMMPAGE2?LCDDRIVER
  +--> ?PR?SHOWSERCHROMMPAGE1?LCDDRIVER

?PR?SHOWNUMBERPAGEOK?LCDDRIVER              -----    -----      -----    -----      01E7H    0004H
  +--> ?PR?_LCD_FILL?LCDDRIVER
  +--> ?PR?_GET_GT23_DATA?SPI
  +--> ?PR?_LCD_FANGDA_DIS_TEXT?LCDDRIVER
  +--> ?PR?_SET_VISUALPAGE?LCDDRIVER

?PR?SHOWSERCHROMMPAGE3?LCDDRIVER            -----    -----      -----    -----      01E7H    0017H
  +--> ?PR?_SHOWSERCHROOMCOM?LCDDRIVER
  +--> ?PR?_FMREADBYTE?SPI
  +--> ?PR?_GET_GT23_DATA?SPI
  +--> ?PR?_LCD_FANGDA_DIS_TEXT?LCDDRIVER

?PR?_SHOWSERCHROOMCOM?LCDDRIVER             002FH    0001H      -----    -----      01FEH    0004H
  +--> ?PR?_LCD_FILL?LCDDRIVER
  +--> ?PR?_GET_GT23_DATA?SPI
  +--> ?PR?_LCD_FANGDA_DIS_TEXT?LCDDRIVER

?PR?SHOWSERCHROMMPAGE2?LCDDRIVER            -----    -----      -----    -----      01E7H    0017H
  +--> ?PR?_SHOWSERCHROOMCOM?LCDDRIVER
  +--> ?PR?_FMREADBYTE?SPI
  +--> ?PR?_GET_GT23_DATA?SPI
  +--> ?PR?_LCD_FANGDA_DIS_TEXT?LCDDRIVER

?PR?SHOWSERCHROMMPAGE1?LCDDRIVER            -----    -----      -----    -----      01E7H    0017H
  +--> ?PR?_LCD_FILL?LCDDRIVER
  +--> ?PR?_SHOWSERCHROOMCOM?LCDDRIVER
  +--> ?PR?_FMREADBYTE?SPI
  +--> ?PR?_GET_GT23_DATA?SPI
  +--> ?PR?_LCD_FANGDA_DIS_TEXT?LCDDRIVER
BL51 BANKED LINKER/LOCATER V6.22                                                      06/23/2017  13:33:26  PAGE 10


  +--> ?PR?_SET_VISUALPAGE?LCDDRIVER

?PR?_KEYALWAYSDEAL?KEY                      -----    -----      -----    -----      -----    -----
  +--> ?PR?_BUS0OUTPUTDATA?SINGLEBUS
  +--> ?PR?SHOWCALLING?LCDDRIVER

?PR?SHOWCALLING?LCDDRIVER                   -----    -----      -----    -----      01E7H    0004H
  +--> ?PR?_LCD_FILL?LCDDRIVER
  +--> ?PR?_GET_GT23_DATA?SPI
  +--> ?PR?_LCD_FANGDA_DIS_TEXT?LCDDRIVER
  +--> ?PR?_SET_VISUALPAGE?LCDDRIVER

?PR?_KEYUPDEAL?KEY                          -----    -----      -----    -----      -----    -----
  +--> ?PR?_MAKECH0TIMEROUT?SINGLEBUS
  +--> ?PR?_MAKECH1TIMEROUT?SINGLEBUS



SYMBOL TABLE OF MODULE:  MKTFT-V3.0 (KEY)

  VALUE           TYPE          NAME
  ----------------------------------

  -------         MODULE        KEY
  C:0000H         SYMBOL        _ICE_DUMMY_
  D:0080H         PUBLIC        P0
  D:00B2H         PUBLIC        P3M0
  D:0090H         PUBLIC        P1
  D:00B1H         PUBLIC        P3M1
  D:00A0H         PUBLIC        P2
  B:002AH.5       PUBLIC        SET_BY_SERIAL_OK_FLAG
  D:00B0H         PUBLIC        P3
  D:00C0H         PUBLIC        P4
  D:00C8H         PUBLIC        P5
  B:00A8H.7       PUBLIC        EA
  B:002AH.6       PUBLIC        bLedBlueState
  D:00A8H         PUBLIC        IE
  C:E7F8H         PUBLIC        _KeyAlwaysDeal
  D:00B8H         PUBLIC        IP
  B:002AH.7       PUBLIC        bLedRedState
  B:00B0H.3       PUBLIC        DealKey
  D:00D8H         PUBLIC        CCON
  C:E917H         PUBLIC        KeyScan
  B:002BH.0       PUBLIC        Key_SerchRoom_Flag2
  B:002BH.1       PUBLIC        Key_SerchRoom_Flag3
  D:0098H         PUBLIC        SCON
  D:0088H         PUBLIC        TCON
  C:C68EH         PUBLIC        _KeyDownDeal
  C:EC8AH         PUBLIC        _SetLedDealState
  D:00E0H         PUBLIC        ACC
  B:00B0H.3       PUBLIC        LED_DEAL
  B:00C8H.0       PUBLIC        MDB
  B:00C8H.1       PUBLIC        MDG
  C:EBB6H         PUBLIC        _SetMDLedState
  B:00C0H.4       PUBLIC        MDR
  C:EB21H         PUBLIC        _KeyUpDeal
  B:002BH.2       PUBLIC        bLedGreenState
BL51 BANKED LINKER/LOCATER V6.22                                                      06/23/2017  13:33:26  PAGE 11


  B:002BH.3       PUBLIC        bLedDealState
  D:00D0H         PUBLIC        PSW
  -------         PROC          _SETMDLEDSTATE
  D:0007H         SYMBOL        byState
  C:EBB6H         LINE#         64
  C:EBB6H         LINE#         65
  C:EBB6H         LINE#         66
  C:EBBBH         LINE#         75
  C:EBC3H         LINE#         76
  C:EBCCH         LINE#         77
  C:EBD5H         LINE#         79
  -------         ENDPROC       _SETMDLEDSTATE
  -------         PROC          _SETLEDDEALSTATE
  D:0007H         SYMBOL        byState
  C:EC8AH         LINE#         95
  C:EC8AH         LINE#         96
  C:EC8AH         LINE#         97
  C:EC8FH         LINE#         98
  C:EC91H         LINE#         99
  C:EC98H         LINE#         100
  C:EC9AH         LINE#         101
  -------         ENDPROC       _SETLEDDEALSTATE
  -------         PROC          KEYSCAN
  C:E917H         LINE#         118
  C:E917H         LINE#         119
  C:E917H         LINE#         120
  C:E919H         LINE#         121
  C:E91CH         LINE#         122
  C:E91FH         LINE#         123
  C:E921H         LINE#         124
  C:E922H         LINE#         125
  C:E923H         LINE#         126
  C:E924H         LINE#         127
  C:E925H         LINE#         128
  C:E928H         LINE#         129
  C:E928H         LINE#         130
  C:E92BH         LINE#         131
  C:E92FH         LINE#         133
  C:E941H         LINE#         134
  C:E947H         LINE#         135
  C:E949H         LINE#         136
  C:E94CH         LINE#         137
  C:E94CH         LINE#         138
  C:E94FH         LINE#         139
  C:E953H         LINE#         140
  C:E955H         LINE#         141
  C:E957H         LINE#         142
  -------         ENDPROC       KEYSCAN
  -------         PROC          _KEYDOWNDEAL
  D:002EH         SYMBOL        byKey
  C:C68EH         LINE#         159
  C:C690H         LINE#         160
  C:C690H         LINE#         161
  C:C696H         LINE#         162
  C:C696H         LINE#         164
  C:C696H         LINE#         165
  C:C69CH         LINE#         166
BL51 BANKED LINKER/LOCATER V6.22                                                      06/23/2017  13:33:26  PAGE 12


  C:C69CH         LINE#         168
  C:C69CH         LINE#         169
  C:C6A2H         LINE#         170
  C:C6A2H         LINE#         171
  C:C6A4H         LINE#         172
  C:C6ACH         LINE#         173
  C:C6B4H         LINE#         174
  C:C6BCH         LINE#         175
  C:C6CAH         LINE#         176
  C:C6D2H         LINE#         178
  C:C6DBH         LINE#         179
  C:C6E4H         LINE#         180
  C:C6EDH         LINE#         181
  C:C6F6H         LINE#         182
  C:C6FFH         LINE#         183
  C:C708H         LINE#         184
  C:C711H         LINE#         185
  C:C71AH         LINE#         186
  C:C723H         LINE#         187
  C:C72CH         LINE#         188
  C:C735H         LINE#         189
  C:C73EH         LINE#         190
  C:C747H         LINE#         191
  C:C750H         LINE#         192
  C:C759H         LINE#         193
  C:C762H         LINE#         194
  C:C76BH         LINE#         195
  C:C774H         LINE#         196
  C:C77DH         LINE#         197
  C:C786H         LINE#         198
  C:C78FH         LINE#         199
  C:C798H         LINE#         200
  C:C7A1H         LINE#         201
  C:C7AAH         LINE#         202
  C:C7B3H         LINE#         203
  C:C7BCH         LINE#         204
  C:C7C5H         LINE#         205
  C:C7CBH         LINE#         206
  C:C7CFH         LINE#         207
  C:C7D2H         LINE#         208
  C:C7D7H         LINE#         209
  C:C7DDH         LINE#         210
  C:C7E8H         LINE#         211
  C:C7EBH         LINE#         212
  C:C7EEH         LINE#         214
  C:C7EEH         LINE#         215
  C:C7F6H         LINE#         216
  C:C7FEH         LINE#         217
  C:C806H         LINE#         218
  C:C80EH         LINE#         219
  C:C816H         LINE#         220
  C:C81EH         LINE#         221
  C:C826H         LINE#         222
  C:C826H         LINE#         223
  C:C826H         LINE#         224
  C:C828H         LINE#         225
  C:C832H         LINE#         226
BL51 BANKED LINKER/LOCATER V6.22                                                      06/23/2017  13:33:26  PAGE 13


  C:C832H         LINE#         227
  C:C83CH         LINE#         228
  C:C840H         LINE#         229
  C:C848H         LINE#         230
  C:C850H         LINE#         231
  C:C858H         LINE#         232
  C:C858H         LINE#         233
  C:C858H         LINE#         234
  C:C858H         LINE#         235
  C:C85AH         LINE#         236
  C:C85DH         LINE#         237
  C:C85DH         LINE#         238
  C:C865H         LINE#         239
  C:C86DH         LINE#         240
  C:C875H         LINE#         241
  C:C87FH         LINE#         242
  C:C87FH         LINE#         243
  C:C885H         LINE#         244
  C:C887H         LINE#         246
  C:C887H         LINE#         247
  C:C891H         LINE#         248
  C:C895H         LINE#         249
  C:C895H         LINE#         250
  C:C89EH         LINE#         251
  C:C8A0H         LINE#         252
  C:C8A2H         LINE#         253
  C:C8A3H         LINE#         254
  C:C8A6H         LINE#         255
  C:C8A6H         LINE#         256
  C:C8A8H         LINE#         257
  C:C8AAH         LINE#         258
  C:C8ACH         LINE#         259
  C:C8B3H         LINE#         260
  C:C8B5H         LINE#         261
  C:C8B8H         LINE#         262
  C:C8B8H         LINE#         263
  C:C8BBH         LINE#         264
  C:C8BBH         LINE#         265
  C:C8BDH         LINE#         266
  C:C8BFH         LINE#         267
  C:C8C1H         LINE#         268
  C:C8C8H         LINE#         269
  C:C8CAH         LINE#         270
  C:C8CDH         LINE#         271
  C:C8CDH         LINE#         273
  C:C8CDH         LINE#         274
  C:C8CFH         LINE#         275
  C:C8D1H         LINE#         276
  C:C8D3H         LINE#         277
  C:C8DAH         LINE#         278
  C:C8DCH         LINE#         279
  C:C8DFH         LINE#         280
  C:C8DFH         LINE#         281
  C:C8DFH         LINE#         282
  C:C8DFH         LINE#         283
  -------         ENDPROC       _KEYDOWNDEAL
  -------         PROC          _KEYUPDEAL
BL51 BANKED LINKER/LOCATER V6.22                                                      06/23/2017  13:33:26  PAGE 14


  D:0007H         SYMBOL        byKey
  C:EB21H         LINE#         299
  C:EB21H         LINE#         300
  C:EB21H         LINE#         301
  C:EB24H         LINE#         302
  C:EB24H         LINE#         304
  C:EB24H         LINE#         305
  C:EB27H         LINE#         306
  C:EB27H         LINE#         308
  C:EB27H         LINE#         309
  C:EB2BH         LINE#         310
  C:EB2BH         LINE#         311
  C:EB2BH         LINE#         312
  C:EB2DH         LINE#         313
  C:EB37H         LINE#         314
  C:EB37H         LINE#         315
  C:EB3EH         LINE#         316
  C:EB3EH         LINE#         317
  C:EB41H         LINE#         318
  C:EB41H         LINE#         319
  C:EB48H         LINE#         320
  C:EB48H         LINE#         321
  C:EB48H         LINE#         322
  C:EB48H         LINE#         323
  -------         ENDPROC       _KEYUPDEAL
  -------         PROC          _KEYALWAYSDEAL
  D:0007H         SYMBOL        byKey
  C:E7F8H         LINE#         339
  C:E7F8H         LINE#         340
  C:E7F8H         LINE#         341
  C:E7FBH         LINE#         342
  C:E7FBH         LINE#         344
  C:E7FBH         LINE#         345
  C:E7FEH         LINE#         346
  C:E7FEH         LINE#         348
  C:E7FEH         LINE#         349
  C:E802H         LINE#         350
  C:E802H         LINE#         351
  C:E802H         LINE#         352
  C:E80AH         LINE#         353
  C:E80AH         LINE#         354
  C:E80AH         LINE#         355
  C:E80AH         LINE#         356
  C:E80DH         LINE#         357
  C:E80DH         LINE#         358
  C:E815H         LINE#         359
  C:E81DH         LINE#         360
  C:E825H         LINE#         361
  C:E82BH         LINE#         362
  C:E82DH         LINE#         363
  C:E82FH         LINE#         364
  C:E835H         LINE#         365
  C:E83EH         LINE#         366
  C:E841H         LINE#         367
  C:E843H         LINE#         368
  C:E843H         LINE#         369
  C:E843H         LINE#         370
BL51 BANKED LINKER/LOCATER V6.22                                                      06/23/2017  13:33:26  PAGE 15


  -------         ENDPROC       _KEYALWAYSDEAL
  -------         ENDMOD        KEY

  -------         MODULE        IAP
  C:0000H         SYMBOL        _ICE_DUMMY_
  D:0080H         PUBLIC        P0
  D:0090H         PUBLIC        P1
  D:00A0H         PUBLIC        P2
  D:00B0H         PUBLIC        P3
  D:00C0H         PUBLIC        P4
  D:00C8H         PUBLIC        P5
  D:00A8H         PUBLIC        IE
  C:ECCDH         PUBLIC        _IapErase
  D:00C5H         PUBLIC        IAP_CMD
  C:27F8H         PUBLIC        DisableIAP
  D:00B8H         PUBLIC        IP
  D:00C3H         PUBLIC        IAP_ADDRH
  D:00D8H         PUBLIC        CCON
  D:00C4H         PUBLIC        IAP_ADDRL
  C:ED1DH         PUBLIC        _EnableIAP
  C:ECACH         PUBLIC        _IapReadByte
  D:0098H         PUBLIC        SCON
  D:0088H         PUBLIC        TCON
  C:EC9BH         PUBLIC        _IapWriteByte
  D:00C7H         PUBLIC        IAP_CONTR
  D:00E0H         PUBLIC        ACC
  D:00C2H         PUBLIC        IAP_DATA
  D:00C6H         PUBLIC        IAP_TRIG
  D:00D0H         PUBLIC        PSW
  -------         PROC          _ENABLEIAP
  D:0007H         SYMBOL        byCmd
  C:ED1DH         LINE#         42
  C:ED1DH         LINE#         43
  C:ED1DH         LINE#         44
  C:ED20H         LINE#         45
  C:ED22H         LINE#         46
  -------         ENDPROC       _ENABLEIAP
  -------         PROC          DISABLEIAP
  C:27F8H         LINE#         62
  C:27F8H         LINE#         63
  C:27F8H         LINE#         64
  C:27FBH         LINE#         65
  C:27FDH         LINE#         66
  C:27FFH         LINE#         67
  -------         ENDPROC       DISABLEIAP
  -------         PROC          _IAPWRITEBYTE
  D:0002H         SYMBOL        uiAddr
  D:0005H         SYMBOL        byData
  C:EC9BH         LINE#         83
  C:EC9FH         LINE#         84
  C:EC9FH         LINE#         85
  C:ECA1H         LINE#         86
  C:ECA3H         LINE#         87
  C:ECA5H         LINE#         88
  C:ECA8H         LINE#         89
  C:ECABH         LINE#         90
  -------         ENDPROC       _IAPWRITEBYTE
BL51 BANKED LINKER/LOCATER V6.22                                                      06/23/2017  13:33:26  PAGE 16


  -------         PROC          _IAPREADBYTE
  D:0004H         SYMBOL        uiAddr
  C:ECACH         LINE#         106
  C:ECB0H         LINE#         107
  C:ECB0H         LINE#         108
  C:ECB2H         LINE#         109
  C:ECB4H         LINE#         110
  C:ECB7H         LINE#         111
  C:ECBAH         LINE#         112
  C:ECBCH         LINE#         113
  -------         ENDPROC       _IAPREADBYTE
  -------         PROC          _IAPERASE
  D:0004H         SYMBOL        uiAddr
  C:ECCDH         LINE#         130
  C:ECD1H         LINE#         131
  C:ECD1H         LINE#         132
  C:ECD3H         LINE#         133
  C:ECD5H         LINE#         134
  C:ECD8H         LINE#         135
  C:ECDBH         LINE#         136
  -------         ENDPROC       _IAPERASE
  -------         ENDMOD        IAP

  -------         MODULE        LCDDRIVER
  C:0000H         SYMBOL        _ICE_DUMMY_
  D:0080H         PUBLIC        P0
  B:002BH.4       PUBLIC        First_Serchroom_Flag
  D:00B2H         PUBLIC        P3M0
  D:0090H         PUBLIC        P1
  D:00B1H         PUBLIC        P3M1
  D:00A0H         PUBLIC        P2
  D:00B0H         PUBLIC        P3
  D:00C0H         PUBLIC        P4
  C:E694H         PUBLIC        _ShowLandingWord
  D:00C8H         PUBLIC        P5
  C:ECF9H         PUBLIC        _Set_VisualPage
  B:00B0H.5       PUBLIC        LCD_LED
  D:00A8H         PUBLIC        IE
  C:1F82H         PUBLIC        _ShowVersion
  C:E62FH         PUBLIC        _ShowAscii
  C:EA9CH         PUBLIC        ShowNormal
  C:BE74H         PUBLIC        ShowNumberPage
  C:ECEBH         PUBLIC        _Send_Ssd1963_Command
  C:15EEH         PUBLIC        _ShowCallFace
  D:00B8H         PUBLIC        IP
  B:0090H.1       PUBLIC        SSD1963_RST
  C:E9CFH         PUBLIC        _SetScrollArea
  C:B1D6H         PUBLIC        ShowPage
  D:00D8H         PUBLIC        CCON
  B:00C8H.3       PUBLIC        SSD1963_CD
  C:DCB2H         PUBLIC        ShowNumberPageOK
  C:0C76H         PUBLIC        ShowBedPage
  C:EC74H         PUBLIC        _SetScrollStart
  C:D07DH         PUBLIC        LcmInit
  C:E57AH         PUBLIC        byAsciiTable
  D:0098H         PUBLIC        SCON
  D:0088H         PUBLIC        TCON
BL51 BANKED LINKER/LOCATER V6.22                                                      06/23/2017  13:33:26  PAGE 17


  B:002BH.5       PUBLIC        Broadcasting_Flag
  B:00B0H.7       PUBLIC        SSD1963_RD
  B:0090H.0       PUBLIC        SSD1963_CS
  C:E5A6H         PUBLIC        byLandingWord
  C:D507H         PUBLIC        ShowSelfError
  C:CD27H         PUBLIC        ShowSecPage
  C:E5CAH         PUBLIC        _ShowWord
  C:D93EH         PUBLIC        _lcd_fangda_dis_text
  C:E6F3H         PUBLIC        _Set_Display_Area
  D:00E0H         PUBLIC        ACC
  C:EC35H         PUBLIC        _Send_Ssd1963_Data
  B:00B0H.6       PUBLIC        SSD1963_WR
  C:DA5EH         PUBLIC        ShowLandingFace
  D:00C1H         PUBLIC        WDT_CONTR
  C:D7BFH         PUBLIC        ShowBusError
  C:1AC2H         PUBLIC        _ShowSerchRoomCom
  C:E4E1H         PUBLIC        _Lcd_Clear
  C:CEDAH         PUBLIC        ShowCalling
  C:E58EH         PUBLIC        byWordTable
  C:281EH         PUBLIC        ShowSerchRommPage1
  C:54B7H         PUBLIC        ShowSerchRommPage2
  C:8148H         PUBLIC        ShowSerchRommPage3
  X:023AH         PUBLIC        fontbuf
  D:00D0H         PUBLIC        PSW
  C:ADD9H         PUBLIC        ShowBROADCASTing
  C:DFFFH         PUBLIC        _Lcd_Fill
  C:E5B0H         PUBLIC        ColorIndex
  -------         PROC          _SEND_SSD1963_COMMAND
  D:0007H         SYMBOL        ssd1963_command
  C:ECEBH         LINE#         74
  C:ECEBH         LINE#         75
  C:ECEBH         LINE#         76
  C:ECEDH         LINE#         78
  C:ECEFH         LINE#         79
  C:ECF2H         LINE#         80
  C:ECF4H         LINE#         82
  C:ECF6H         LINE#         83
  C:ECF8H         LINE#         84
  -------         ENDPROC       _SEND_SSD1963_COMMAND
  C:EC2CH         SYMBOL        L?0211
  C:EC30H         SYMBOL        L?0212
  C:EC31H         SYMBOL        L?0213
  -------         PROC          L?0210
  -------         ENDPROC       L?0210
  C:EC2CH         SYMBOL        L?0211
  C:EC30H         SYMBOL        L?0212
  C:EC31H         SYMBOL        L?0213
  -------         PROC          _SEND_SSD1963_DATA
  D:0004H         SYMBOL        ssd1963_data
  C:EC35H         LINE#         85
  C:EC39H         LINE#         86
  C:EC39H         LINE#         89
  C:EC3BH         LINE#         90
  C:EC3DH         LINE#         91
  C:EC41H         LINE#         93
  C:EC43H         LINE#         95
  -------         ENDPROC       _SEND_SSD1963_DATA
BL51 BANKED LINKER/LOCATER V6.22                                                      06/23/2017  13:33:26  PAGE 18


  -------         PROC          _SET_DISPLAY_AREA
  D:0049H         SYMBOL        start_x
  D:0004H         SYMBOL        end_x
  D:0002H         SYMBOL        start_y
  D:004FH         SYMBOL        end_y
  -------         DO            
  X:020DH         SYMBOL        shigh_x1
  X:020EH         SYMBOL        slow_x1
  X:020FH         SYMBOL        shigh_x2
  X:0210H         SYMBOL        slow_x2
  X:0211H         SYMBOL        shigh_y1
  X:0212H         SYMBOL        slow_y1
  X:0213H         SYMBOL        shigh_y2
  X:0214H         SYMBOL        slow_y2
  -------         ENDDO         
  C:E6F3H         LINE#         96
  C:E6F7H         LINE#         97
  C:E6F7H         LINE#         100
  C:E6FDH         LINE#         101
  C:E700H         LINE#         102
  C:E703H         LINE#         103
  C:E706H         LINE#         104
  C:E709H         LINE#         105
  C:E70CH         LINE#         106
  C:E710H         LINE#         107
  C:E714H         LINE#         108
  C:E719H         LINE#         109
  C:E723H         LINE#         110
  C:E729H         LINE#         111
  C:E72FH         LINE#         112
  C:E735H         LINE#         113
  C:E73AH         LINE#         114
  C:E740H         LINE#         115
  C:E746H         LINE#         116
  C:E74CH         LINE#         117
  -------         ENDPROC       _SET_DISPLAY_AREA
  -------         PROC          _SETSCROLLAREA
  D:002EH         SYMBOL        top
  D:0082H         SYMBOL        scroll
  D:0002H         SYMBOL        bottom
  C:E9CFH         LINE#         119
  C:E9D7H         LINE#         120
  C:E9D7H         LINE#         121
  C:E9DCH         LINE#         122
  C:E9E4H         LINE#         123
  C:E9EBH         LINE#         124
  C:E9F3H         LINE#         125
  C:E9F9H         LINE#         126
  C:EA00H         LINE#         127
  -------         ENDPROC       _SETSCROLLAREA
  -------         PROC          _SETSCROLLSTART
  D:0002H         SYMBOL        line
  C:EC74H         LINE#         129
  C:EC78H         LINE#         130
  C:EC78H         LINE#         131
  C:EC7DH         LINE#         132
  C:EC84H         LINE#         133
BL51 BANKED LINKER/LOCATER V6.22                                                      06/23/2017  13:33:26  PAGE 19


  -------         ENDPROC       _SETSCROLLSTART
  -------         PROC          _SET_VISUALPAGE
  D:0007H         SYMBOL        VisualPage
  C:ECF9H         LINE#         135
  C:ECF9H         LINE#         136
  C:ECF9H         LINE#         137
  -------         ENDPROC       _SET_VISUALPAGE
  C:DFDFH         SYMBOL        L?0205
  C:DFF4H         SYMBOL        L?0206
  C:DFF8H         SYMBOL        L?0207
  -------         PROC          L?0204
  -------         ENDPROC       L?0204
  C:DFDFH         SYMBOL        L?0205
  C:DFF4H         SYMBOL        L?0206
  C:DFF8H         SYMBOL        L?0207
  -------         PROC          _LCD_FILL
  D:0006H         SYMBOL        start_x
  D:0082H         SYMBOL        start_y
  D:0035H         SYMBOL        width
  D:0037H         SYMBOL        height
  D:0039H         SYMBOL        color
  -------         DO            
  X:0202H         SYMBOL        i
  X:0204H         SYMBOL        j
  -------         ENDDO         
  C:DFFFH         LINE#         139
  C:E007H         LINE#         140
  C:E007H         LINE#         142
  C:E034H         LINE#         143
  C:E039H         LINE#         144
  C:E03DH         LINE#         145
  C:E040H         LINE#         146
  C:E056H         LINE#         147
  C:E056H         LINE#         148
  C:E06CH         LINE#         149
  C:E06CH         LINE#         151
  C:E06EH         LINE#         152
  C:E070H         LINE#         153
  C:E079H         LINE#         154
  C:E085H         LINE#         155
  -------         ENDPROC       _LCD_FILL
  -------         PROC          _LCD_CLEAR
  D:002EH         SYMBOL        color
  D:0001H         SYMBOL        VisualPage
  -------         DO            
  X:01F0H         SYMBOL        k
  X:01F2H         SYMBOL        j
  -------         ENDDO         
  C:E4E1H         LINE#         156
  C:E4E7H         LINE#         157
  C:E4E7H         LINE#         159
  C:E508H         LINE#         160
  C:E50DH         LINE#         161
  C:E511H         LINE#         162
  C:E514H         LINE#         163
  C:E51BH         LINE#         164
  C:E51BH         LINE#         165
BL51 BANKED LINKER/LOCATER V6.22                                                      06/23/2017  13:33:26  PAGE 20


  C:E522H         LINE#         166
  C:E522H         LINE#         167
  C:E524H         LINE#         168
  C:E526H         LINE#         169
  C:E53CH         LINE#         171
  C:E552H         LINE#         172
  C:E555H         LINE#         173
  -------         ENDPROC       _LCD_CLEAR
  C:D91CH         SYMBOL        L?0202
  C:D936H         SYMBOL        L?0203
  -------         PROC          L?0201
  -------         ENDPROC       L?0201
  C:D91CH         SYMBOL        L?0202
  C:D936H         SYMBOL        L?0203
  -------         PROC          _LCD_FANGDA_DIS_TEXT
  D:003AH         SYMBOL        x
  D:0082H         SYMBOL        y
  D:003EH         SYMBOL        type_x_wide
  D:003FH         SYMBOL        type_y_height
  D:0040H         SYMBOL        mul_col
  D:0041H         SYMBOL        mul_row
  D:0042H         SYMBOL        fcolor
  D:0044H         SYMBOL        bcolor
  D:0046H         SYMBOL        p
  -------         DO            
  X:0208H         SYMBOL        i
  X:0209H         SYMBOL        j
  X:020AH         SYMBOL        k
  X:020BH         SYMBOL        m
  X:020CH         SYMBOL        n
  -------         ENDDO         
  C:D93EH         LINE#         174
  C:D948H         LINE#         175
  C:D948H         LINE#         177
  C:D980H         LINE#         180
  C:D985H         LINE#         181
  C:D996H         LINE#         182
  C:D996H         LINE#         183
  C:D9A7H         LINE#         184
  C:D9A7H         LINE#         185
  C:D9BFH         LINE#         186
  C:D9BFH         LINE#         187
  C:D9C2H         LINE#         188
  C:D9C2H         LINE#         189
  C:D9D0H         LINE#         190
  C:D9D0H         LINE#         191
  C:DA10H         LINE#         192
  C:DA10H         LINE#         193
  C:DA17H         LINE#         194
  C:DA19H         LINE#         197
  C:DA19H         LINE#         198
  C:DA20H         LINE#         199
  C:DA20H         LINE#         200
  C:DA2BH         LINE#         201
  C:DA33H         LINE#         202
  C:DA3FH         LINE#         203
  C:DA48H         LINE#         204
BL51 BANKED LINKER/LOCATER V6.22                                                      06/23/2017  13:33:26  PAGE 21


  C:DA51H         LINE#         205
  C:DA5AH         LINE#         206
  C:DA5DH         LINE#         207
  -------         ENDPROC       _LCD_FANGDA_DIS_TEXT
  -------         PROC          L?0208
  -------         ENDPROC       L?0208
  -------         PROC          _SHOWWORD
  D:0030H         SYMBOL        byRow
  D:0032H         SYMBOL        byCol
  D:0003H         SYMBOL        byWord
  D:0035H         SYMBOL        fcolor
  D:0037H         SYMBOL        bcolor
  D:0039H         SYMBOL        size
  -------         DO            
  X:01EBH         SYMBOL        uiHPosition
  X:01ECH         SYMBOL        uiLPosition
  -------         ENDDO         
  C:E5CAH         LINE#         208
  C:E5D2H         LINE#         209
  C:E5D2H         LINE#         211
  C:E5E5H         LINE#         212
  C:E5F9H         LINE#         213
  C:E5FEH         LINE#         214
  -------         ENDPROC       _SHOWWORD
  -------         PROC          L?0209
  -------         ENDPROC       L?0209
  -------         PROC          _SHOWASCII
  D:0030H         SYMBOL        byRow
  D:0032H         SYMBOL        byCol
  D:0003H         SYMBOL        byAscii
  D:0035H         SYMBOL        fcolor
  D:0037H         SYMBOL        bcolor
  D:0039H         SYMBOL        size
  -------         DO            
  X:01EBH         SYMBOL        uiHPosition
  X:01ECH         SYMBOL        uiLPosition
  -------         ENDDO         
  C:E62FH         LINE#         216
  C:E637H         LINE#         217
  C:E637H         LINE#         219
  C:E64AH         LINE#         220
  C:E65EH         LINE#         221
  C:E663H         LINE#         222
  -------         ENDPROC       _SHOWASCII
  -------         PROC          _SHOWCALLFACE
  D:002EH         SYMBOL        byRoomAddr
  D:002FH         SYMBOL        byBedAddr
  D:0001H         SYMBOL        byCmd
  -------         DO            
  X:01E7H         SYMBOL        fcolor
  X:01E9H         SYMBOL        bcolor
  -------         ENDDO         
  C:15EEH         LINE#         239
  C:15F4H         LINE#         240
  C:15F4H         LINE#         242
  C:15F7H         LINE#         243
  C:15F7H         LINE#         244
BL51 BANKED LINKER/LOCATER V6.22                                                      06/23/2017  13:33:26  PAGE 22


  C:15FAH         LINE#         245
  C:160FH         LINE#         246
  C:160FH         LINE#         247
  C:160FH         LINE#         248
  C:1612H         LINE#         249
  C:161BH         LINE#         253
  C:1624H         LINE#         254
  C:1624H         LINE#         255
  C:1646H         LINE#         256
  C:1667H         LINE#         257
  C:1689H         LINE#         258
  C:16A3H         LINE#         259
  C:16C5H         LINE#         260
  C:16E2H         LINE#         261
  C:16E5H         LINE#         266
  C:16E5H         LINE#         267
  C:16E8H         LINE#         268
  C:16F1H         LINE#         269
  C:1718H         LINE#         270
  C:1740H         LINE#         271
  C:1761H         LINE#         272
  C:1788H         LINE#         273
  C:17B0H         LINE#         274
  C:17CAH         LINE#         275
  C:17ECH         LINE#         276
  C:1809H         LINE#         277
  C:1809H         LINE#         278
  C:180CH         LINE#         279
  C:180CH         LINE#         280
  C:180FH         LINE#         281
  C:1818H         LINE#         282
  C:181BH         LINE#         283
  C:1824H         LINE#         284
  C:184BH         LINE#         285
  C:1873H         LINE#         286
  C:1894H         LINE#         287
  C:18BBH         LINE#         288
  C:18E3H         LINE#         289
  C:1905H         LINE#         290
  C:1927H         LINE#         291
  C:1949H         LINE#         292
  C:196BH         LINE#         293
  C:1988H         LINE#         294
  C:198BH         LINE#         295
  C:198BH         LINE#         296
  C:198EH         LINE#         297
  C:1997H         LINE#         298
  C:199AH         LINE#         299
  C:19A3H         LINE#         300
  C:19CAH         LINE#         301
  C:19F2H         LINE#         302
  C:1A13H         LINE#         303
  C:1A35H         LINE#         304
  C:1A57H         LINE#         305
  C:1A79H         LINE#         306
  C:1A9BH         LINE#         307
  C:1ABDH         LINE#         308
BL51 BANKED LINKER/LOCATER V6.22                                                      06/23/2017  13:33:26  PAGE 23


  C:1ABDH         LINE#         309
  C:1ABDH         LINE#         310
  -------         ENDPROC       _SHOWCALLFACE
  -------         PROC          _SHOWVERSION
  D:002EH         SYMBOL        hversion
  D:002FH         SYMBOL        lversion
  D:0030H         SYMBOL        page
  -------         DO            
  X:01E7H         SYMBOL        fcolor
  X:01E9H         SYMBOL        bcolor
  -------         ENDDO         
  C:1F82H         LINE#         327
  C:1F88H         LINE#         328
  C:1F88H         LINE#         330
  C:1F90H         LINE#         331
  C:1F97H         LINE#         332
  C:1FA0H         LINE#         333
  C:1FA4H         LINE#         334
  C:1FD0H         LINE#         336
  C:2000H         LINE#         339
  C:2009H         LINE#         340
  C:200DH         LINE#         341
  C:2039H         LINE#         343
  C:206AH         LINE#         345
  C:2073H         LINE#         346
  C:2077H         LINE#         347
  C:20A3H         LINE#         349
  C:20D4H         LINE#         352
  C:20DDH         LINE#         353
  C:20E1H         LINE#         354
  C:210DH         LINE#         356
  C:213EH         LINE#         359
  C:2147H         LINE#         360
  C:214BH         LINE#         361
  C:2177H         LINE#         363
  C:21A8H         LINE#         366
  C:21B1H         LINE#         367
  C:21B5H         LINE#         368
  C:21E1H         LINE#         370
  C:2212H         LINE#         372
  C:221BH         LINE#         373
  C:221FH         LINE#         374
  C:224BH         LINE#         376
  C:227CH         LINE#         379
  C:2288H         LINE#         380
  C:228CH         LINE#         381
  C:22B8H         LINE#         383
  C:22E9H         LINE#         386
  C:22F2H         LINE#         387
  C:22F6H         LINE#         388
  C:2322H         LINE#         390
  C:2353H         LINE#         392
  C:235FH         LINE#         393
  C:2363H         LINE#         394
  C:238FH         LINE#         396
  C:23C0H         LINE#         397
  C:23C4H         LINE#         398
BL51 BANKED LINKER/LOCATER V6.22                                                      06/23/2017  13:33:26  PAGE 24


  C:23C7H         LINE#         400
  C:23CCH         LINE#         401
  -------         ENDPROC       _SHOWVERSION
  -------         PROC          L?0214
  -------         ENDPROC       L?0214
  -------         PROC          _SHOWLANDINGWORD
  D:0051H         SYMBOL        byRow
  D:0053H         SYMBOL        byCol
  D:0003H         SYMBOL        byWord
  D:0056H         SYMBOL        fcolor
  D:0058H         SYMBOL        bcolor
  -------         DO            
  X:023CH         SYMBOL        byHPosition
  X:023DH         SYMBOL        byLPosition
  -------         ENDDO         
  C:E694H         LINE#         417
  C:E69CH         LINE#         418
  C:E69CH         LINE#         420
  C:E6AFH         LINE#         421
  C:E6C3H         LINE#         422
  C:E6C8H         LINE#         423
  -------         ENDPROC       _SHOWLANDINGWORD
  -------         PROC          SHOWLANDINGFACE
  -------         DO            
  X:0236H         SYMBOL        fcolor
  X:0238H         SYMBOL        bcolor
  -------         ENDDO         
  C:DA5EH         LINE#         440
  C:DA5EH         LINE#         441
  C:DA5EH         LINE#         443
  C:DA66H         LINE#         444
  C:DA6DH         LINE#         445
  C:DA85H         LINE#         446
  C:DA9EH         LINE#         447
  C:DAB7H         LINE#         448
  C:DAD6H         LINE#         449
  C:DAF5H         LINE#         450
  C:DAFEH         LINE#         451
  C:DB2FH         LINE#         452
  C:DB60H         LINE#         453
  C:DB91H         LINE#         454
  -------         ENDPROC       SHOWLANDINGFACE
  -------         PROC          SHOWBEDPAGE
  -------         DO            
  X:01F0H         SYMBOL        byData1
  X:01F1H         SYMBOL        byData2
  X:01F2H         SYMBOL        i
  D:002EH         SYMBOL        G2312_code
  X:01F3H         SYMBOL        byData
  X:01FBH         SYMBOL        fcolor
  X:01FDH         SYMBOL        bcolor
  X:01FFH         SYMBOL        DisplayAddr
  X:0201H         SYMBOL        DispalyCount
  C:133CH         SYMBOL        ShowBedPage1
  C:14DBH         SYMBOL        ShowBedPage2
  -------         ENDDO         
  C:0C76H         LINE#         471
BL51 BANKED LINKER/LOCATER V6.22                                                      06/23/2017  13:33:26  PAGE 25


  C:0C76H         LINE#         472
  C:0C76H         LINE#         480
  C:0C7DH         LINE#         481
  C:0C7DH         LINE#         482
  C:0C86H         LINE#         483
  C:0C8FH         LINE#         484
  C:0CA9H         LINE#         485
  C:0CC3H         LINE#         486
  C:0CC5H         LINE#         488
  C:0CC5H         LINE#         489
  C:0CCEH         LINE#         490
  C:0CD4H         LINE#         491
  C:0CD4H         LINE#         493
  C:0CEBH         LINE#         495
  C:0CF5H         LINE#         496
  C:0D0EH         LINE#         497
  C:0D13H         LINE#         498
  C:0D13H         LINE#         499
  C:0D2BH         LINE#         500
  C:0D37H         LINE#         502
  C:0D40H         LINE#         503
  C:0D56H         LINE#         504
  C:0D86H         LINE#         506
  C:0D8FH         LINE#         507
  C:0DA5H         LINE#         508
  C:0DD6H         LINE#         510
  C:0DDFH         LINE#         511
  C:0DF5H         LINE#         512
  C:0E26H         LINE#         514
  C:0E32H         LINE#         515
  C:0E42H         LINE#         516
  C:0E73H         LINE#         518
  C:0E7CH         LINE#         519
  C:0EADH         LINE#         522
  C:0EB6H         LINE#         523
  C:0EB9H         LINE#         524
  C:0EBDH         LINE#         525
  C:0EBDH         LINE#         526
  C:0ED7H         LINE#         527
  C:0ED7H         LINE#         528
  C:0EEDH         LINE#         529
  C:0F22H         LINE#         530
  C:0F2CH         LINE#         531
  C:0F32H         LINE#         532
  C:0F35H         LINE#         533
  C:0F4FH         LINE#         534
  C:0F4FH         LINE#         535
  C:0F70H         LINE#         536
  C:0FA5H         LINE#         537
  C:0FAFH         LINE#         538
  C:0FB6H         LINE#         539
  C:0FB6H         LINE#         540
  C:0FBFH         LINE#         541
  C:0FBFH         LINE#         542
  C:0FCEH         LINE#         545
  C:0FD7H         LINE#         546
  C:0FEDH         LINE#         547
BL51 BANKED LINKER/LOCATER V6.22                                                      06/23/2017  13:33:26  PAGE 26


  C:101DH         LINE#         549
  C:1026H         LINE#         550
  C:103CH         LINE#         551
  C:106DH         LINE#         553
  C:1076H         LINE#         554
  C:108CH         LINE#         555
  C:10BDH         LINE#         557
  C:10C9H         LINE#         558
  C:10D9H         LINE#         559
  C:110AH         LINE#         561
  C:1113H         LINE#         562
  C:1144H         LINE#         564
  C:114EH         LINE#         565
  C:1167H         LINE#         566
  C:116CH         LINE#         567
  C:116CH         LINE#         568
  C:1184H         LINE#         569
  C:1190H         LINE#         572
  C:1199H         LINE#         573
  C:119CH         LINE#         574
  C:11A0H         LINE#         575
  C:11A0H         LINE#         576
  C:11BAH         LINE#         577
  C:11BAH         LINE#         578
  C:11D0H         LINE#         579
  C:1205H         LINE#         580
  C:120FH         LINE#         581
  C:1215H         LINE#         582
  C:1218H         LINE#         583
  C:1232H         LINE#         584
  C:1232H         LINE#         585
  C:1253H         LINE#         586
  C:1288H         LINE#         587
  C:1292H         LINE#         588
  C:1299H         LINE#         589
  C:1299H         LINE#         590
  C:12A2H         LINE#         591
  C:12A2H         LINE#         592
  C:12B1H         LINE#         595
  C:12BAH         LINE#         596
  C:12C4H         LINE#         597
  C:12DDH         LINE#         598
  C:12EBH         LINE#         599
  C:12F6H         LINE#         600
  C:12F6H         LINE#         601
  C:12FDH         LINE#         602
  C:1332H         LINE#         603
  C:133CH         LINE#         605
  C:133CH         LINE#         607
  C:133CH         LINE#         608
  C:133CH         LINE#         609
  C:133CH         LINE#         624
  C:133CH         LINE#         625
  C:1346H         LINE#         626
  C:135FH         LINE#         627
  C:136DH         LINE#         628
  C:137BH         LINE#         629
BL51 BANKED LINKER/LOCATER V6.22                                                      06/23/2017  13:33:26  PAGE 27


  C:1387H         LINE#         630
  C:13BCH         LINE#         631
  C:13C6H         LINE#         632
  C:13D2H         LINE#         633
  C:1407H         LINE#         634
  C:1411H         LINE#         636
  C:141AH         LINE#         637
  C:144FH         LINE#         638
  C:1459H         LINE#         642
  C:1463H         LINE#         643
  C:147CH         LINE#         644
  C:148AH         LINE#         646
  C:1495H         LINE#         647
  C:1495H         LINE#         648
  C:149CH         LINE#         649
  C:14D1H         LINE#         650
  C:14DBH         LINE#         652
  C:14DBH         LINE#         654
  C:14DBH         LINE#         655
  C:14DBH         LINE#         656
  C:14DBH         LINE#         670
  C:14DBH         LINE#         671
  C:14E5H         LINE#         672
  C:14FEH         LINE#         673
  C:150CH         LINE#         674
  C:151AH         LINE#         675
  C:1526H         LINE#         676
  C:155BH         LINE#         677
  C:1565H         LINE#         678
  C:1571H         LINE#         679
  C:15A6H         LINE#         680
  C:15B0H         LINE#         681
  C:15B9H         LINE#         682
  -------         ENDPROC       SHOWBEDPAGE
  -------         PROC          SHOWSECPAGE
  -------         DO            
  X:01F0H         SYMBOL        i
  X:01F1H         SYMBOL        byData1
  X:01F2H         SYMBOL        byData2
  X:01F3H         SYMBOL        fcolor
  X:01F5H         SYMBOL        bcolor
  X:01F7H         SYMBOL        byData
  X:0205H         SYMBOL        DisplayAddr
  X:0207H         SYMBOL        DispalyCount
  -------         ENDDO         
  C:CD27H         LINE#         699
  C:CD27H         LINE#         700
  C:CD27H         LINE#         707
  C:CD2EH         LINE#         708
  C:CD2EH         LINE#         709
  C:CD37H         LINE#         710
  C:CD40H         LINE#         711
  C:CD5AH         LINE#         712
  C:CD74H         LINE#         713
  C:CD76H         LINE#         715
  C:CD76H         LINE#         716
  C:CD7EH         LINE#         717
BL51 BANKED LINKER/LOCATER V6.22                                                      06/23/2017  13:33:26  PAGE 28


  C:CD85H         LINE#         718
  C:CD85H         LINE#         719
  C:CD8FH         LINE#         720
  C:CD94H         LINE#         721
  C:CDB8H         LINE#         722
  C:CDC1H         LINE#         723
  C:CDC4H         LINE#         724
  C:CDC8H         LINE#         725
  C:CDC8H         LINE#         726
  C:CDE2H         LINE#         727
  C:CDE2H         LINE#         728
  C:CDF8H         LINE#         729
  C:CE2DH         LINE#         730
  C:CE37H         LINE#         731
  C:CE3DH         LINE#         732
  C:CE40H         LINE#         733
  C:CE5AH         LINE#         734
  C:CE5AH         LINE#         735
  C:CE7BH         LINE#         736
  C:CEB0H         LINE#         737
  C:CEBAH         LINE#         738
  C:CEC1H         LINE#         739
  C:CEC1H         LINE#         740
  C:CECAH         LINE#         741
  C:CECAH         LINE#         742
  C:CED9H         LINE#         743
  -------         ENDPROC       SHOWSECPAGE
  -------         PROC          _SHOWSERCHROOMCOM
  D:002FH         SYMBOL        page
  -------         DO            
  X:01FEH         SYMBOL        fcolor
  X:0200H         SYMBOL        bcolor
  -------         ENDDO         
  C:1AC2H         LINE#         744
  C:1AC4H         LINE#         745
  C:1AC4H         LINE#         747
  C:1ACCH         LINE#         748
  C:1AD3H         LINE#         749
  C:1AEEH         LINE#         750
  C:1B0DH         LINE#         751
  C:1B2CH         LINE#         752
  C:1B4BH         LINE#         753
  C:1B6AH         LINE#         754
  C:1B89H         LINE#         755
  C:1BA8H         LINE#         756
  C:1BC7H         LINE#         757
  C:1BE6H         LINE#         758
  C:1C05H         LINE#         760
  C:1C0EH         LINE#         761
  C:1C3FH         LINE#         762
  C:1C48H         LINE#         763
  C:1C79H         LINE#         764
  C:1C82H         LINE#         765
  C:1CB3H         LINE#         767
  C:1CBCH         LINE#         768
  C:1CEDH         LINE#         769
  C:1CF6H         LINE#         770
BL51 BANKED LINKER/LOCATER V6.22                                                      06/23/2017  13:33:26  PAGE 29


  C:1D27H         LINE#         771
  C:1D30H         LINE#         772
  C:1D61H         LINE#         773
  C:1D6AH         LINE#         774
  C:1D9BH         LINE#         775
  C:1DA4H         LINE#         776
  C:1DD5H         LINE#         777
  C:1DE1H         LINE#         778
  C:1E12H         LINE#         779
  C:1E1BH         LINE#         780
  C:1E4CH         LINE#         781
  C:1E6BH         LINE#         782
  C:1E8AH         LINE#         783
  C:1EA9H         LINE#         784
  C:1EC8H         LINE#         785
  C:1EE7H         LINE#         786
  C:1F06H         LINE#         787
  C:1F25H         LINE#         788
  C:1F44H         LINE#         789
  C:1F63H         LINE#         790
  -------         ENDPROC       _SHOWSERCHROOMCOM
  -------         PROC          SHOWSERCHROMMPAGE1
  -------         DO            
  X:01E7H         SYMBOL        fcolor
  X:01E9H         SYMBOL        bcolor
  X:01EBH         SYMBOL        serchroomcount
  X:01ECH         SYMBOL        nursenumber
  X:01EDH         SYMBOL        nursenumber1
  X:01EEH         SYMBOL        nursenumber2
  X:01EFH         SYMBOL        minute
  X:01F0H         SYMBOL        minute1
  X:01F1H         SYMBOL        minute2
  X:01F2H         SYMBOL        hour
  X:01F3H         SYMBOL        hour1
  X:01F4H         SYMBOL        hour2
  X:01F5H         SYMBOL        day
  X:01F6H         SYMBOL        day1
  X:01F7H         SYMBOL        day2
  X:01F8H         SYMBOL        month
  X:01F9H         SYMBOL        month1
  X:01FAH         SYMBOL        month2
  X:01FBH         SYMBOL        year
  X:01FCH         SYMBOL        year1
  X:01FDH         SYMBOL        year2
  -------         ENDDO         
  C:281EH         LINE#         807
  C:281EH         LINE#         808
  C:281EH         LINE#         810
  C:2823H         LINE#         811
  C:2825H         LINE#         812
  C:2829H         LINE#         813
  C:282DH         LINE#         814
  C:2831H         LINE#         815
  C:2835H         LINE#         816
  C:2839H         LINE#         817
  C:2841H         LINE#         818
  C:2848H         LINE#         819
BL51 BANKED LINKER/LOCATER V6.22                                                      06/23/2017  13:33:26  PAGE 30


  C:284EH         LINE#         820
  C:284EH         LINE#         822
  C:284EH         LINE#         823
  C:2851H         LINE#         824
  C:2851H         LINE#         825
  C:2853H         LINE#         826
  C:2871H         LINE#         827
  C:2871H         LINE#         828
  C:2876H         LINE#         829
  C:287EH         LINE#         830
  C:2884H         LINE#         831
  C:2884H         LINE#         832
  C:288DH         LINE#         833
  C:288DH         LINE#         835
  C:289DH         LINE#         836
  C:28A0H         LINE#         837
  C:28A7H         LINE#         838
  C:28B3H         LINE#         839
  C:28BDH         LINE#         841
  C:28C4H         LINE#         842
  C:28EDH         LINE#         843
  C:28F9H         LINE#         844
  C:292AH         LINE#         846
  C:293AH         LINE#         847
  C:294AH         LINE#         848
  C:295AH         LINE#         849
  C:296AH         LINE#         850
  C:297AH         LINE#         851
  C:2989H         LINE#         852
  C:2992H         LINE#         853
  C:29A1H         LINE#         854
  C:29AAH         LINE#         855
  C:29B9H         LINE#         856
  C:29C2H         LINE#         857
  C:29CFH         LINE#         858
  C:29D8H         LINE#         859
  C:29E5H         LINE#         860
  C:29EEH         LINE#         863
  C:29F7H         LINE#         864
  C:2A28H         LINE#         865
  C:2A31H         LINE#         866
  C:2A62H         LINE#         867
  C:2A6EH         LINE#         868
  C:2A9FH         LINE#         869
  C:2AABH         LINE#         870
  C:2ADCH         LINE#         871
  C:2AE5H         LINE#         872
  C:2B16H         LINE#         873
  C:2B22H         LINE#         874
  C:2B53H         LINE#         875
  C:2B5FH         LINE#         876
  C:2B62H         LINE#         877
  C:2B6BH         LINE#         878
  C:2B9CH         LINE#         879
  C:2BA8H         LINE#         880
  C:2BD9H         LINE#         881
  C:2BE5H         LINE#         882
BL51 BANKED LINKER/LOCATER V6.22                                                      06/23/2017  13:33:26  PAGE 31


  C:2C16H         LINE#         883
  C:2C22H         LINE#         884
  C:2C53H         LINE#         885
  C:2C5FH         LINE#         886
  C:2C90H         LINE#         887
  C:2C99H         LINE#         888
  C:2CCAH         LINE#         889
  C:2CD6H         LINE#         890
  C:2D07H         LINE#         891
  C:2D13H         LINE#         892
  C:2D44H         LINE#         893
  C:2D44H         LINE#         896
  C:2D50H         LINE#         897
  C:2D50H         LINE#         898
  C:2D60H         LINE#         899
  C:2D63H         LINE#         900
  C:2D6AH         LINE#         901
  C:2D76H         LINE#         902
  C:2D80H         LINE#         903
  C:2D87H         LINE#         904
  C:2DB8H         LINE#         905
  C:2DC4H         LINE#         906
  C:2DF5H         LINE#         908
  C:2E05H         LINE#         909
  C:2E15H         LINE#         910
  C:2E25H         LINE#         911
  C:2E35H         LINE#         912
  C:2E45H         LINE#         913
  C:2E54H         LINE#         914
  C:2E5DH         LINE#         915
  C:2E6CH         LINE#         916
  C:2E75H         LINE#         917
  C:2E84H         LINE#         918
  C:2E8DH         LINE#         919
  C:2E9AH         LINE#         920
  C:2EA3H         LINE#         921
  C:2EB0H         LINE#         922
  C:2EB9H         LINE#         925
  C:2EC2H         LINE#         926
  C:2EF3H         LINE#         927
  C:2EFCH         LINE#         928
  C:2F2DH         LINE#         929
  C:2F39H         LINE#         930
  C:2F6AH         LINE#         931
  C:2F76H         LINE#         932
  C:2FA7H         LINE#         933
  C:2FB0H         LINE#         934
  C:2FE1H         LINE#         935
  C:2FEDH         LINE#         936
  C:301EH         LINE#         937
  C:302AH         LINE#         938
  C:305BH         LINE#         939
  C:3064H         LINE#         940
  C:3095H         LINE#         941
  C:30A1H         LINE#         942
  C:30D2H         LINE#         943
  C:30DEH         LINE#         944
BL51 BANKED LINKER/LOCATER V6.22                                                      06/23/2017  13:33:26  PAGE 32


  C:310FH         LINE#         945
  C:311BH         LINE#         946
  C:314CH         LINE#         947
  C:3158H         LINE#         948
  C:3189H         LINE#         949
  C:3192H         LINE#         950
  C:31C3H         LINE#         951
  C:31CFH         LINE#         952
  C:3200H         LINE#         953
  C:320CH         LINE#         954
  C:323DH         LINE#         955
  C:323DH         LINE#         959
  C:3249H         LINE#         960
  C:3249H         LINE#         961
  C:3259H         LINE#         962
  C:325CH         LINE#         963
  C:3263H         LINE#         964
  C:326FH         LINE#         965
  C:3279H         LINE#         966
  C:3280H         LINE#         967
  C:32B1H         LINE#         968
  C:32BDH         LINE#         969
  C:32EEH         LINE#         971
  C:32FEH         LINE#         972
  C:330EH         LINE#         973
  C:331EH         LINE#         974
  C:332EH         LINE#         975
  C:333EH         LINE#         976
  C:334DH         LINE#         977
  C:3356H         LINE#         978
  C:3365H         LINE#         979
  C:336EH         LINE#         980
  C:337DH         LINE#         981
  C:3386H         LINE#         982
  C:3393H         LINE#         983
  C:339CH         LINE#         984
  C:33A9H         LINE#         985
  C:33B2H         LINE#         986
  C:33BBH         LINE#         987
  C:33ECH         LINE#         988
  C:33F5H         LINE#         989
  C:3426H         LINE#         990
  C:3432H         LINE#         991
  C:3463H         LINE#         992
  C:346FH         LINE#         993
  C:34A0H         LINE#         994
  C:34A9H         LINE#         995
  C:34DAH         LINE#         996
  C:34E6H         LINE#         997
  C:3517H         LINE#         998
  C:3523H         LINE#         999
  C:3554H         LINE#         1000
  C:355DH         LINE#         1001
  C:358EH         LINE#         1002
  C:359AH         LINE#         1003
  C:35CBH         LINE#         1004
  C:35D7H         LINE#         1005
BL51 BANKED LINKER/LOCATER V6.22                                                      06/23/2017  13:33:26  PAGE 33


  C:3608H         LINE#         1006
  C:3614H         LINE#         1007
  C:3645H         LINE#         1008
  C:3651H         LINE#         1009
  C:3682H         LINE#         1010
  C:368BH         LINE#         1011
  C:36BCH         LINE#         1012
  C:36C8H         LINE#         1013
  C:36F9H         LINE#         1014
  C:3705H         LINE#         1015
  C:3736H         LINE#         1016
  C:3736H         LINE#         1018
  C:3742H         LINE#         1019
  C:3742H         LINE#         1020
  C:3752H         LINE#         1021
  C:3755H         LINE#         1022
  C:375CH         LINE#         1023
  C:3768H         LINE#         1024
  C:3772H         LINE#         1025
  C:3779H         LINE#         1026
  C:37AAH         LINE#         1027
  C:37B6H         LINE#         1028
  C:37E7H         LINE#         1030
  C:37F7H         LINE#         1031
  C:3807H         LINE#         1032
  C:3817H         LINE#         1033
  C:3827H         LINE#         1034
  C:3837H         LINE#         1035
  C:3846H         LINE#         1036
  C:384FH         LINE#         1037
  C:385EH         LINE#         1038
  C:3867H         LINE#         1039
  C:3876H         LINE#         1040
  C:387FH         LINE#         1041
  C:388CH         LINE#         1042
  C:3895H         LINE#         1043
  C:38A2H         LINE#         1044
  C:38ABH         LINE#         1045
  C:38B4H         LINE#         1046
  C:38E5H         LINE#         1047
  C:38EEH         LINE#         1048
  C:391FH         LINE#         1049
  C:392BH         LINE#         1050
  C:395CH         LINE#         1051
  C:3968H         LINE#         1052
  C:3999H         LINE#         1053
  C:39A2H         LINE#         1054
  C:39D3H         LINE#         1055
  C:39DFH         LINE#         1056
  C:3A10H         LINE#         1057
  C:3A1CH         LINE#         1058
  C:3A4DH         LINE#         1059
  C:3A56H         LINE#         1060
  C:3A87H         LINE#         1061
  C:3A93H         LINE#         1062
  C:3AC4H         LINE#         1063
  C:3AD0H         LINE#         1064
BL51 BANKED LINKER/LOCATER V6.22                                                      06/23/2017  13:33:26  PAGE 34


  C:3B01H         LINE#         1065
  C:3B0DH         LINE#         1066
  C:3B3EH         LINE#         1067
  C:3B4AH         LINE#         1068
  C:3B7BH         LINE#         1069
  C:3B84H         LINE#         1070
  C:3BB5H         LINE#         1071
  C:3BC1H         LINE#         1072
  C:3BF2H         LINE#         1073
  C:3BFEH         LINE#         1074
  C:3C2FH         LINE#         1075
  C:3C2FH         LINE#         1076
  C:3C3BH         LINE#         1077
  C:3C3BH         LINE#         1079
  C:3C3BH         LINE#         1080
  C:3C3BH         LINE#         1081
  C:3C3BH         LINE#         1082
  C:3C3BH         LINE#         1083
  C:3C3BH         LINE#         1084
  C:3C3BH         LINE#         1085
  C:3C3BH         LINE#         1086
  C:3C3BH         LINE#         1087
  C:3C3BH         LINE#         1089
  C:3C3BH         LINE#         1090
  C:3C3BH         LINE#         1091
  C:3C3BH         LINE#         1092
  C:3C3BH         LINE#         1093
[...]
  C:CB14H         LINE#         788
  C:CB14H         LINE#         790
  -------         ENDPROC       _GET_GT23_DATA1
  -------         PROC          WREN
  C:ED05H         LINE#         805
  C:ED05H         LINE#         806
  C:ED05H         LINE#         807
  C:ED07H         LINE#         808
  C:ED0CH         LINE#         809
  C:ED0EH         LINE#         810
  -------         ENDPROC       WREN
  -------         PROC          _SECTOR_ERASE
  D:0068H         SYMBOL        Dst
  C:EA06H         LINE#         825
  C:EA0EH         LINE#         826
  C:EA0EH         LINE#         829
  C:EA10H         LINE#         830
  C:EA15H         LINE#         831
  C:EA28H         LINE#         832
BL51 BANKED LINKER/LOCATER V6.22                                                      06/23/2017  13:33:26  PAGE 118


  C:EA30H         LINE#         833
  C:EA36H         LINE#         834
  C:EA38H         LINE#         835
  -------         ENDPROC       _SECTOR_ERASE
  -------         PROC          FRAM_TEST
  -------         DO            
  D:0007H         SYMBOL        i
  -------         ENDDO         
  C:E086H         LINE#         852
  C:E086H         LINE#         853
  C:E086H         LINE#         856
  C:E08CH         LINE#         857
  C:E090H         LINE#         858
  C:E094H         LINE#         859
  C:E098H         LINE#         860
  C:E09CH         LINE#         861
  C:E0A0H         LINE#         863
  C:E0A4H         LINE#         864
  C:E0A8H         LINE#         865
  C:E0ACH         LINE#         866
  C:E0B0H         LINE#         867
  C:E0B4H         LINE#         870
  C:E0C5H         LINE#         871
  C:E0DFH         LINE#         873
  C:E0E9H         LINE#         874
  C:E0F0H         LINE#         876
  C:E100H         LINE#         877
  C:E11AH         LINE#         878
  C:E121H         LINE#         880
  -------         ENDPROC       FRAM_TEST
  -------         ENDMOD        SPI

  -------         MODULE        UART
  C:0000H         SYMBOL        _ICE_DUMMY_
  D:0080H         PUBLIC        P0
  X:0000H         PUBLIC        byUartBuff
  D:0090H         PUBLIC        P1
  D:00A0H         PUBLIC        P2
  D:00B0H         PUBLIC        P3
  D:00C0H         PUBLIC        P4
  D:00C8H         PUBLIC        P5
  B:00B0H.5       PUBLIC        LCD_LED
  D:00A8H         PUBLIC        IE
  C:C144H         PUBLIC        UartDeal
  B:00A8H.4       PUBLIC        ES
  D:00B8H         PUBLIC        IP
  B:0098H.0       PUBLIC        RI
  B:0098H.1       PUBLIC        TI
  D:00D8H         PUBLIC        CCON
  C:D38CH         PUBLIC        comm
  D:0099H         PUBLIC        SBUF
  D:0087H         PUBLIC        PCON
  D:0098H         PUBLIC        SCON
  C:DB96H         PUBLIC        UartInit
  D:0089H         PUBLIC        TMOD
  D:0088H         PUBLIC        TCON
  D:008EH         PUBLIC        AUXR
BL51 BANKED LINKER/LOCATER V6.22                                                      06/23/2017  13:33:26  PAGE 119


  D:00E0H         PUBLIC        ACC
  D:008DH         PUBLIC        TH1
  D:008BH         PUBLIC        TL1
  B:0088H.6       PUBLIC        TR1
  C:ED11H         PUBLIC        _Send_Data_Byte
  X:00FFH         PUBLIC        Page_Color
  X:0104H         PUBLIC        Fbaud
  C:EAF6H         PUBLIC        _Send_Data
  X:0108H         PUBLIC        Fbaud_Type
  D:006EH         PUBLIC        byUsartData
  I:008CH         PUBLIC        stUartControl
  D:00D0H         PUBLIC        PSW
  -------         PROC          UARTINIT
  C:DB96H         LINE#         52
  C:DB96H         LINE#         53
  C:DB96H         LINE#         55
  C:DB9AH         LINE#         56
  C:DB9CH         LINE#         57
  C:DB9EH         LINE#         59
  C:DBA1H         LINE#         60
  C:DBA4H         LINE#         61
  C:DBA7H         LINE#         62
  C:DBAAH         LINE#         68
  C:DBBBH         LINE#         69
  C:DBBBH         LINE#         70
  C:DBC9H         LINE#         71
  C:DBEEH         LINE#         72
  C:DBEEH         LINE#         73
  C:DBEEH         LINE#         74
  C:DBF8H         LINE#         75
  C:DBFAH         LINE#         76
  C:DBFAH         LINE#         77
  C:DC04H         LINE#         78
  C:DC06H         LINE#         79
  C:DC06H         LINE#         80
  C:DC10H         LINE#         81
  C:DC12H         LINE#         82
  C:DC12H         LINE#         83
  C:DC1CH         LINE#         84
  C:DC1EH         LINE#         85
  C:DC1EH         LINE#         86
  C:DC28H         LINE#         87
  C:DC2AH         LINE#         88
  C:DC2AH         LINE#         89
  C:DC34H         LINE#         90
  C:DC36H         LINE#         91
  C:DC36H         LINE#         92
  C:DC40H         LINE#         93
  C:DC42H         LINE#         94
  C:DC42H         LINE#         95
  C:DC4CH         LINE#         96
  C:DC4EH         LINE#         97
  C:DC4EH         LINE#         98
  C:DC4EH         LINE#         99
  C:DC50H         LINE#         100
  C:DC50H         LINE#         101
  C:DC5AH         LINE#         102
BL51 BANKED LINKER/LOCATER V6.22                                                      06/23/2017  13:33:26  PAGE 120


  C:DC5CH         LINE#         103
  C:DC5CH         LINE#         104
  C:DC5CH         LINE#         106
  C:DC5CH         LINE#         107
  C:DC66H         LINE#         108
  C:DC66H         LINE#         109
  C:DC79H         LINE#         110
  C:DC79H         LINE#         111
  C:DC87H         LINE#         112
  C:DC89H         LINE#         114
  C:DC89H         LINE#         115
  C:DC8CH         LINE#         116
  C:DCADH         LINE#         117
  C:DCADH         LINE#         120
  C:DCAFH         LINE#         121
  C:DCB1H         LINE#         122
  -------         ENDPROC       UARTINIT
  -------         PROC          UARTDEAL
  -------         DO            
  C:C3C9H         SYMBOL        ExitDeal
  -------         ENDDO         
  C:C144H         LINE#         138
  C:C144H         LINE#         139
  C:C144H         LINE#         143
  C:C14BH         LINE#         144
  C:C14BH         LINE#         145
  C:C151H         LINE#         146
  C:C159H         LINE#         147
  C:C161H         LINE#         148
  C:C167H         LINE#         149
  C:C16CH         LINE#         150
  C:C16FH         LINE#         151
  C:C171H         LINE#         152
  C:C174H         LINE#         156
  C:C174H         LINE#         159
  C:C185H         LINE#         160
  C:C185H         LINE#         162
  C:C185H         LINE#         163
  C:C196H         LINE#         164
  C:C196H         LINE#         166
  C:C196H         LINE#         167
  C:C1A7H         LINE#         168
  C:C1A7H         LINE#         170
  C:C1A7H         LINE#         171
  C:C1B2H         LINE#         172
  C:C1B2H         LINE#         173
  C:C1BCH         LINE#         175
  C:C1C6H         LINE#         176
  C:C1D4H         LINE#         177
  C:C1D4H         LINE#         178
  C:C1D4H         LINE#         179
  C:C1D7H         LINE#         180
  C:C1D7H         LINE#         181
  C:C1E1H         LINE#         182
  C:C1F1H         LINE#         183
  C:C1F1H         LINE#         184
  C:C1F1H         LINE#         185
BL51 BANKED LINKER/LOCATER V6.22                                                      06/23/2017  13:33:26  PAGE 121


  C:C1F4H         LINE#         186
  C:C1F4H         LINE#         187
  C:C1FEH         LINE#         188
  C:C210H         LINE#         189
  C:C210H         LINE#         190
  C:C210H         LINE#         191
  C:C213H         LINE#         192
  C:C213H         LINE#         193
  C:C222H         LINE#         194
  C:C23CH         LINE#         195
  C:C246H         LINE#         196
  C:C258H         LINE#         197
  C:C258H         LINE#         198
  C:C258H         LINE#         199
  C:C25BH         LINE#         200
  C:C25BH         LINE#         201
  C:C260H         LINE#         204
  C:C266H         LINE#         205
  C:C26EH         LINE#         206
  C:C276H         LINE#         207
  C:C27CH         LINE#         208
  C:C284H         LINE#         209
  C:C28CH         LINE#         210
  C:C294H         LINE#         211
  C:C29DH         LINE#         213
  C:C2A6H         LINE#         214
  C:C2A6H         LINE#         215
  C:C2D3H         LINE#         216
  C:C2E7H         LINE#         217
  C:C2EFH         LINE#         218
  C:C2FEH         LINE#         219
  C:C2FEH         LINE#         220
  C:C304H         LINE#         221
  C:C311H         LINE#         222
  C:C317H         LINE#         223
  C:C317H         LINE#         225
  C:C321H         LINE#         226
  C:C348H         LINE#         227
  C:C352H         LINE#         228
  C:C36BH         LINE#         229
  C:C379H         LINE#         230
  C:C387H         LINE#         231
  C:C395H         LINE#         232
  C:C3A3H         LINE#         233
  C:C3B1H         LINE#         234
  C:C3B9H         LINE#         235
  C:C3B9H         LINE#         236
  C:C3BCH         LINE#         237
  C:C3C0H         LINE#         238
  C:C3C3H         LINE#         239
  C:C3C3H         LINE#         240
  C:C3C3H         LINE#         242
  C:C3C3H         LINE#         243
  C:C3C9H         LINE#         244
  C:C3C9H         LINE#         245
  C:C3D1H         LINE#         246
  C:C3D9H         LINE#         247
BL51 BANKED LINKER/LOCATER V6.22                                                      06/23/2017  13:33:26  PAGE 122


  C:C3E1H         LINE#         248
  C:C3E9H         LINE#         249
  C:C3F1H         LINE#         250
  C:C3F9H         LINE#         251
  C:C402H         LINE#         252
  -------         ENDPROC       UARTDEAL
  -------         PROC          COMM
  C:D38CH         LINE#         269
  C:D3ABH         LINE#         271
  C:D3B1H         LINE#         272
  C:D3B1H         LINE#         273
  C:D3B3H         LINE#         275
  C:D3B6H         LINE#         277
  C:D3BDH         LINE#         278
  C:D3DCH         LINE#         279
  C:D3DCH         LINE#         352
  C:D3DCH         LINE#         353
  C:D3E1H         LINE#         354
  C:D3E1H         LINE#         355
  C:D3E5H         LINE#         356
  C:D3E9H         LINE#         357
  C:D3EBH         LINE#         358
  C:D3EBH         LINE#         360
  C:D3EEH         LINE#         362
  C:D3EEH         LINE#         363
  C:D3F2H         LINE#         364
  C:D3F2H         LINE#         365
  C:D3F5H         LINE#         366
  C:D3F5H         LINE#         367
  C:D3FBH         LINE#         368
  C:D40AH         LINE#         369
  C:D413H         LINE#         370
  C:D413H         LINE#         371
  C:D417H         LINE#         372
  C:D41BH         LINE#         376
  C:D426H         LINE#         377
  C:D426H         LINE#         379
  C:D42AH         LINE#         380
  C:D42EH         LINE#         381
  C:D42EH         LINE#         384
  C:D42EH         LINE#         385
  C:D431H         LINE#         386
  C:D431H         LINE#         387
  C:D437H         LINE#         388
  C:D446H         LINE#         389
  C:D44FH         LINE#         390
  C:D44FH         LINE#         391
  C:D44FH         LINE#         393
  C:D44FH         LINE#         394
  C:D451H         LINE#         395
  C:D451H         LINE#         396
  C:D457H         LINE#         397
  C:D466H         LINE#         399
  C:D469H         LINE#         400
  C:D46EH         LINE#         401
  C:D46EH         LINE#         402
  C:D478H         LINE#         403
BL51 BANKED LINKER/LOCATER V6.22                                                      06/23/2017  13:33:26  PAGE 123


  C:D47AH         LINE#         406
  C:D47DH         LINE#         407
  C:D47DH         LINE#         408
  C:D487H         LINE#         409
  C:D494H         LINE#         410
  C:D494H         LINE#         411
  C:D496H         LINE#         413
  C:D498H         LINE#         416
  C:D498H         LINE#         417
  C:D498H         LINE#         418
  C:D498H         LINE#         419
  C:D498H         LINE#         420
  C:D498H         LINE#         421
  C:D49AH         LINE#         422
  C:D49AH         LINE#         423
  C:D4A0H         LINE#         424
  C:D4AFH         LINE#         425
  C:D4BEH         LINE#         426
  C:D4BEH         LINE#         427
  C:D4C2H         LINE#         428
  C:D4C2H         LINE#         429
  C:D4C4H         LINE#         430
  C:D4C4H         LINE#         431
  C:D4CCH         LINE#         432
  C:D4CCH         LINE#         433
  C:D4CEH         LINE#         434
  C:D4D0H         LINE#         436
  C:D4D0H         LINE#         437
  C:D4D0H         LINE#         438
  C:D4D0H         LINE#         439
  C:D4D0H         LINE#         440
  C:D4D2H         LINE#         441
  C:D4D2H         LINE#         442
  C:D4D6H         LINE#         443
  C:D4DBH         LINE#         444
  C:D4DBH         LINE#         445
  C:D4DDH         LINE#         447
  C:D4DDH         LINE#         448
  C:D4DFH         LINE#         449
  C:D4DFH         LINE#         450
  C:D4E3H         LINE#         451
  C:D4E6H         LINE#         452
  C:D4E8H         LINE#         453
  C:D4E8H         LINE#         454
  C:D4E8H         LINE#         456
  C:D4E8H         LINE#         457
  C:D4EAH         LINE#         458
  C:D4EAH         LINE#         459
  -------         ENDPROC       COMM
  -------         PROC          _SEND_DATA
  D:0001H         SYMBOL        Databuf
  D:0005H         SYMBOL        l
  -------         DO            
  X:023EH         SYMBOL        i
  -------         ENDDO         
  C:EAF6H         LINE#         462
  C:EAF6H         LINE#         463
BL51 BANKED LINKER/LOCATER V6.22                                                      06/23/2017  13:33:26  PAGE 124


  C:EAF6H         LINE#         466
  C:EAF8H         LINE#         467
  C:EB05H         LINE#         468
  C:EB05H         LINE#         469
  C:EB0AH         LINE#         470
  C:EB0DH         LINE#         471
  C:EB0FH         LINE#         472
  C:EB16H         LINE#         473
  C:EB1EH         LINE#         474
  C:EB20H         LINE#         475
  -------         ENDPROC       _SEND_DATA
  -------         PROC          _SEND_DATA_BYTE
  D:0007H         SYMBOL        SendData
  -------         DO            
  X:01E7H         SYMBOL        i
  -------         ENDDO         
  C:ED11H         LINE#         478
  C:ED11H         LINE#         479
  C:ED11H         LINE#         482
  C:ED13H         LINE#         483
  C:ED15H         LINE#         484
  C:ED18H         LINE#         485
  C:ED1AH         LINE#         486
  C:ED1CH         LINE#         487
  -------         ENDPROC       _SEND_DATA_BYTE
  -------         ENDMOD        UART

  -------         MODULE        DATA_ASM
  C:2808H         SYMBOL        CBROADTIME
  C:280EH         SYMBOL        CBROADVOL
  C:280CH         SYMBOL        CCH0TALKEDVOL
  C:2811H         SYMBOL        CCH0TALKVOL
  C:280DH         SYMBOL        CCH1TALKEDVOL
  C:2812H         SYMBOL        CCH1TALKVOL
  C:2803H         SYMBOL        CENABLE1
  C:2804H         SYMBOL        CENABLE2
  C:2809H         SYMBOL        CLISTENDELAY
  C:2814H         SYMBOL        CMAXVOL
  C:2815H         SYMBOL        CMINVOL
  C:2810H         SYMBOL        CMUSICVOL
  C:280FH         SYMBOL        CNOTEVOL
  C:2805H         SYMBOL        CPRIO
  C:2816H         SYMBOL        CRESERVE1
  C:2817H         SYMBOL        CRESERVE2
  C:2818H         SYMBOL        CRESERVE3
  C:2806H         SYMBOL        CRINGTIME
  C:280BH         SYMBOL        CRINGVOL
  C:2813H         SYMBOL        CSELFRINGVOL
  C:2819H         SYMBOL        CSERIALNUM1
  C:281AH         SYMBOL        CSERIALNUM2
  C:281BH         SYMBOL        CSERIALNUM3
  C:2807H         SYMBOL        CTALKTIME
  C:281CH         SYMBOL        CVERSIONHI
  C:281DH         SYMBOL        CVERSIONLO
  C:280AH         SYMBOL        CVOLUMSTEP
  N:0000H         SYMBOL        DATA_ASM
  C:2802H         SYMBOL        SELFBEDADDR
BL51 BANKED LINKER/LOCATER V6.22                                                      06/23/2017  13:33:26  PAGE 125


  C:2801H         SYMBOL        SELFROOMADDR
  C:2800H         SYMBOL        SELFSECADDR
  -------         ENDMOD        DATA_ASM

  -------         MODULE        ?C?COPY
  C:249DH         PUBLIC        ?C?COPY
  -------         ENDMOD        ?C?COPY

  -------         MODULE        ?C?CLDPTR
  C:24C3H         PUBLIC        ?C?CLDPTR
  -------         ENDMOD        ?C?CLDPTR

  -------         MODULE        ?C?CLDOPTR
  C:24DCH         PUBLIC        ?C?CLDOPTR
  -------         ENDMOD        ?C?CLDOPTR

  -------         MODULE        ?C?CSTOPTR
  C:2509H         PUBLIC        ?C?CSTOPTR
  -------         ENDMOD        ?C?CSTOPTR

  -------         MODULE        ?C?IMUL
  C:252BH         PUBLIC        ?C?IMUL
  -------         ENDMOD        ?C?IMUL

  -------         MODULE        ?C?UIDIV
  C:253DH         PUBLIC        ?C?UIDIV
  -------         ENDMOD        ?C?UIDIV

  -------         MODULE        ?C?IILDX
  C:2592H         PUBLIC        ?C?IILDX
  -------         ENDMOD        ?C?IILDX

  -------         MODULE        ?C?ILDIX
  C:25A8H         PUBLIC        ?C?ILDIX
  -------         ENDMOD        ?C?ILDIX

  -------         MODULE        ?C?LADD
  C:25BEH         PUBLIC        ?C?LADD
  -------         ENDMOD        ?C?LADD

  -------         MODULE        ?C?LMUL
  C:25CBH         PUBLIC        ?C?LMUL
  -------         ENDMOD        ?C?LMUL

  -------         MODULE        ?C?ULDIV
  C:2656H         PUBLIC        ?C?ULDIV
  -------         ENDMOD        ?C?ULDIV

  -------         MODULE        ?C?ULCMP
  C:26E8H         PUBLIC        ?C?ULCMP
  -------         ENDMOD        ?C?ULCMP

  -------         MODULE        ?C?ULSHR
  C:26F9H         PUBLIC        ?C?ULSHR
  -------         ENDMOD        ?C?ULSHR

  -------         MODULE        ?C?LLDXDATA
BL51 BANKED LINKER/LOCATER V6.22                                                      06/23/2017  13:33:26  PAGE 126


  C:270CH         PUBLIC        ?C?LLDXDATA
  -------         ENDMOD        ?C?LLDXDATA

  -------         MODULE        ?C?LLDXDATA0
  C:2718H         PUBLIC        ?C?LLDXDATA0
  -------         ENDMOD        ?C?LLDXDATA0

  -------         MODULE        ?C?LLDIXDATA
  C:272DH         PUBLIC        ?C?LLDIXDATA
  C:2724H         PUBLIC        ?C?LLDIXDATA1
  C:2726H         PUBLIC        ?C?LLDIXDATA8
  -------         ENDMOD        ?C?LLDIXDATA

  -------         MODULE        ?C?LSTXDATA
  C:2759H         PUBLIC        ?C?LSTXDATA
  -------         ENDMOD        ?C?LSTXDATA

  -------         MODULE        ?C?LSTKXDATA
  C:2765H         PUBLIC        ?C?LSTKXDATA
  -------         ENDMOD        ?C?LSTKXDATA

  -------         MODULE        ?C?PLDIIDATA
  C:2796H         PUBLIC        ?C?PLDIIDATA
  -------         ENDMOD        ?C?PLDIIDATA

  -------         MODULE        ?C?CCASE
  C:27A6H         PUBLIC        ?C?CCASE
  -------         ENDMOD        ?C?CCASE

  -------         MODULE        ?C?MEMSET
  C:27CCH         PUBLIC        ?C?MEMSET
  -------         ENDMOD        ?C?MEMSET

*** WARNING L16: UNCALLED SEGMENT, IGNORED FOR OVERLAY PROCESS
    SEGMENT: ?PR?SHOWLANDINGFACE?LCDDRIVER

*** WARNING L16: UNCALLED SEGMENT, IGNORED FOR OVERLAY PROCESS
    SEGMENT: ?PR?_ADDRCOMPARECHECK?SINGLEBUS

*** WARNING L16: UNCALLED SEGMENT, IGNORED FOR OVERLAY PROCESS
    SEGMENT: ?PR?_FMWRITEBYTE1?SPI

*** WARNING L16: UNCALLED SEGMENT, IGNORED FOR OVERLAY PROCESS
    SEGMENT: ?PR?WREN?SPI

*** WARNING L16: UNCALLED SEGMENT, IGNORED FOR OVERLAY PROCESS
    SEGMENT: ?PR?_SECTOR_ERASE?SPI

*** WARNING L16: UNCALLED SEGMENT, IGNORED FOR OVERLAY PROCESS
    SEGMENT: ?PR?FRAM_TEST?SPI

Program Size: data=151.6 xdata=575 code=60699
LINK/LOCATE RUN COMPLETE.  6 WARNING(S),  0 ERROR(S)
