BL51 BANKED LINKER/LOCATER V6.22                                                        02/17/2017  20:25:02  PAGE 1


BL51 BANKED LINKER/LOCATER V6.22, INVOKED BY:
C:\KEIL\C51\BIN\BL51.EXE .\OS_CORE.obj, .\OS_MEM.obj, .\OS_Q.obj, .\OS_SEM.obj, .\OS_CPU_A.obj, .\OS_CPU_C.obj, IAP.obj,
>>  Key.obj, main.obj, SingleBus.obj, IR.obj, Data.obj TO WYFJ RAMSIZE (256)


MEMORY MODEL: SMALL


INPUT MODULES INCLUDED:
  .\OS_CORE.obj (OS_CORE)
  .\OS_MEM.obj (OS_MEM)
  .\OS_Q.obj (OS_Q)
  .\OS_SEM.obj (OS_SEM)
  .\OS_CPU_A.obj (OS_CPU_A_ASM)
  .\OS_CPU_C.obj (OS_CPU_C)
  IAP.obj (IAP)
  Key.obj (KEY)
  main.obj (MAIN)
  SingleBus.obj (SINGLEBUS)
  IR.obj (IR)
  Data.obj (DATA_ASM)
  C:\KEIL\C51\LIB\C51S.LIB (?C_STARTUP)
  C:\KEIL\C51\LIB\C51S.LIB (?C?COPY)
  C:\KEIL\C51\LIB\C51S.LIB (?C?CLDPTR)
  C:\KEIL\C51\LIB\C51S.LIB (?C?CLDOPTR)
  C:\KEIL\C51\LIB\C51S.LIB (?C?CSTPTR)
  C:\KEIL\C51\LIB\C51S.LIB (?C?CSTOPTR)
  C:\KEIL\C51\LIB\C51S.LIB (?C?UIDIV)
  C:\KEIL\C51\LIB\C51S.LIB (?C?ILDIX)
  C:\KEIL\C51\LIB\C51S.LIB (?C?CCASE)
  C:\KEIL\C51\LIB\C51S.LIB (?C?STRCPY)
  C:\KEIL\C51\LIB\C51S.LIB (?C?MEMSET)
  C:\KEIL\C51\LIB\C51S.LIB (?C_INIT)


LINK MAP OF MODULE:  WYFJ (OS_CORE)


            TYPE    BASE      LENGTH    RELOCATION   SEGMENT NAME
            -----------------------------------------------------

            * * * * * * *   D A T A   M E M O R Y   * * * * * * *
            REG     0000H     0008H     ABSOLUTE     "REG BANK 0"
            DATA    0008H     0018H     UNIT         ?DT?SINGLEBUS
            DATA    0020H     0002H     BIT_ADDR     ?BA?SINGLEBUS
            BIT     0022H.0   0000H.5   UNIT         ?BI?IR
            BIT     0022H.5   0000H.4   UNIT         ?BI?SINGLEBUS
            BIT     0023H.1   0000H.2   UNIT         ?BI?KEY
                    0023H.3   0000H.5                *** GAP ***
            DATA    0024H     000BH     UNIT         ?DT?OS_CORE
            DATA    002FH     0008H     UNIT         ?DT?OS_CPU_C
            DATA    0037H     0006H     UNIT         _DATA_GROUP_
            DATA    003DH     0003H     UNIT         ?DT?MAIN
            DATA    0040H     0001H     UNIT         ?DT?KEY
            IDATA   0041H     0010H     UNIT         ?ID?MAIN
            IDATA   0051H     0002H     UNIT         ?STACK

            * * * * * * *  X D A T A   M E M O R Y  * * * * * * *
BL51 BANKED LINKER/LOCATER V6.22                                                      02/17/2017  20:25:02  PAGE 2


            XDATA   0000H     004EH     UNIT         ?XD?SINGLEBUS
            XDATA   004EH     0020H     UNIT         ?XD?MAIN
            XDATA   006EH     000FH     UNIT         ?XD?IR
            XDATA   007DH     0001H     UNIT         ?XD?_SEND_DATA?MAIN

            * * * * * * *   C O D E   M E M O R Y   * * * * * * *
            CODE    0000H     0003H     ABSOLUTE     
            CODE    0003H     0003H     ABSOLUTE     
                    0006H     0005H                  *** GAP ***
            CODE    000BH     0003H     ABSOLUTE     
            CODE    000EH     0014H     UNIT         ?PR?OSSCHED?OS_CORE
                    0022H     0001H                  *** GAP ***
            CODE    0023H     0003H     ABSOLUTE     
            CODE    0026H     000DH     UNIT         ?PR?OSCTXSW?OS_CPU_A
            CODE    0033H     0003H     ABSOLUTE     
            CODE    0036H     0341H     UNIT         ?PR?TIMER0INT?SINGLEBUS
            CODE    0377H     0316H     UNIT         ?C?LIB_CODE
            CODE    068DH     02A2H     UNIT         ?PR?BUS0RECDEAL?SINGLEBUS
            CODE    092FH     01B4H     UNIT         ?PR?TIMEROUTDEAL?SINGLEBUS
            CODE    0AE3H     01A1H     UNIT         ?PR?COMM?IR
            CODE    0C84H     011EH     UNIT         ?PR?_KEYDOWNDEAL?KEY
            CODE    0DA2H     00E2H     UNIT         ?PR?INIT?MAIN
            CODE    0E84H     00E1H     UNIT         ?PR?IRRECDEAL?IR
            CODE    0F65H     0092H     UNIT         ?PR?_OSQPEND?OS_Q
            CODE    0FF7H     008CH     UNIT         ?PR?C_OSCTXSW?OS_CPU_A
            CODE    1083H     008CH     UNIT         ?C_C51STARTUP
            CODE    110FH     0085H     UNIT         ?PR?_OSQPOST?OS_Q
            CODE    1194H     007CH     UNIT         ?PR?_OSTASKSTKINIT?OS_CPU_A
            CODE    1210H     007CH     UNIT         ?PR?SAVEPARAMETER?SINGLEBUS
            CODE    128CH     0074H     UNIT         ?PR?_BUS0OUTPUTDATA?SINGLEBUS
            CODE    1300H     005EH     UNIT         ?PR?_OSWAIT?OS_CORE
            CODE    135EH     005AH     UNIT         ?PR?OSTICKISR?OS_CPU_C
            CODE    13B8H     0054H     UNIT         ?PR?READPARAMETER?SINGLEBUS
            CODE    140CH     0053H     UNIT         ?C_INITSEG
            CODE    145FH     0053H     UNIT         ?PR?BUS0SENDDEAL?SINGLEBUS
            CODE    14B2H     004FH     UNIT         ?PR?MAINTASK?MAIN
            CODE    1501H     0043H     UNIT         ?PR?_STKDELA?OS_CPU_C
            CODE    1544H     0042H     UNIT         ?PR?_STKDELB?OS_CPU_C
            CODE    1586H     0041H     UNIT         ?PR?_ADDRCOMPARE?SINGLEBUS
            CODE    15C7H     0040H     UNIT         ?PR?KEYMANAGER?KEY
            CODE    1607H     003CH     UNIT         ?PR?__OSTASKCREATE?OS_CORE
            CODE    1643H     0038H     UNIT         ?PR?_DIRADDRCOMPARE?SINGLEBUS
            CODE    167BH     0037H     UNIT         ?PR?_OSQCREATE?OS_Q
            CODE    16B2H     0037H     UNIT         ?PR?IRINIT?IR
            CODE    16E9H     0033H     UNIT         ?PR?LOADCTX?OS_CPU_A
            CODE    171CH     0032H     UNIT         ?PR?SINGLEBUSINIT?SINGLEBUS
            CODE    174EH     002FH     UNIT         ?PR?OSINTCTXSW?OS_CPU_A
            CODE    177DH     002FH     UNIT         ?PR?_DISPATCHMESSAGE?MAIN
            CODE    17ACH     0027H     UNIT         ?PR?_SEND_DATA?MAIN
            CODE    17D3H     0026H     UNIT         ?PR?_OSTASKSTKDEL?OS_CPU_C
            CODE    17F9H     0024H     UNIT         ?PR?OSINTEXIT?OS_CORE
            CODE    181DH     0024H     UNIT         ?PR?USARTINIT?MAIN
            CODE    1841H     0023H     UNIT         ?PR?_OSTIMEDLY?OS_CORE
            CODE    1864H     0020H     UNIT         ?PR?BUS0MANAGE?SINGLEBUS
            CODE    1884H     001FH     UNIT         ?PR?OSTIMETICK?OS_CORE
            CODE    18A3H     001FH     UNIT         ?PR?BUS0RECINT?SINGLEBUS
            CODE    18C2H     0019H     UNIT         ?PR?_OSTASKRESUME?OS_CORE
BL51 BANKED LINKER/LOCATER V6.22                                                      02/17/2017  20:25:02  PAGE 3


            CODE    18DBH     0018H     UNIT         ?PR?_OS_TASKSUSPEND?OS_CORE
            CODE    18F3H     0018H     UNIT         ?PR?OSFINDNEXTRUNNINGTASK?OS_CORE
            CODE    190BH     0018H     UNIT         ?PR?_STKDELC?OS_CPU_C
            CODE    1923H     0017H     UNIT         ?PR?TIMEROUTMANAGER?SINGLEBUS
            CODE    193AH     0016H     UNIT         ?PR?IRRECMANAGE?IR
            CODE    1950H     0013H     UNIT         ?PR?MAIN?MAIN
            CODE    1963H     0012H     UNIT         ?PR?_SETLEDREDSTATE?KEY
            CODE    1975H     0011H     UNIT         ?PR?OSINIT?OS_CORE
            CODE    1986H     0011H     UNIT         ?PR?_IAPWRITEBYTE?IAP
            CODE    1997H     0011H     UNIT         ?PR?_IAPREADBYTE?IAP
            CODE    19A8H     0010H     UNIT         ?PR?OSCPUINIT?OS_CPU_C
            CODE    19B8H     000FH     UNIT         ?PR?_IAPERASE?IAP
            CODE    19C7H     000CH     UNIT         ?PR?_OSTASKSUSPEND?OS_CORE
            CODE    19D3H     000BH     UNIT         ?PR?_MAKECH0TIMEROUT?SINGLEBUS
            CODE    19DEH     0009H     UNIT         ?CO?OS_CORE
            CODE    19E7H     0009H     UNIT         ?PR?KEYSCAN?KEY
            CODE    19F0H     0008H     UNIT         ?PR?DISABLEIAP?IAP
            CODE    19F8H     0008H     UNIT         ?PR?_SEND_DATA_BYTE?MAIN
            CODE    1A00H     0007H     UNIT         ?PR?_GETMESSAGE?MAIN
            CODE    1A07H     0006H     UNIT         ?PR?_ENABLEIAP?IAP
                    1A0DH     0DF3H                  *** GAP ***
            CODE    2800H     000DH     ABSOLUTE     



OVERLAY MAP OF MODULE:   WYFJ (OS_CORE)


SEGMENT                                     DATA_GROUP 
  +--> CALLED SEGMENT                     START    LENGTH
---------------------------------------------------------
?PR?OSTICKISR?OS_CPU_C                    -----    -----
  +--> ?PR?OSTIMETICK?OS_CORE
  +--> ?PR?OSINTEXIT?OS_CORE

?PR?OSTIMETICK?OS_CORE                    -----    -----
  +--> ?CO?OS_CORE
  +--> ?PR?OSSCHED?OS_CORE

?PR?OSSCHED?OS_CORE                       -----    -----
  +--> ?PR?OSFINDNEXTRUNNINGTASK?OS_CORE
  +--> ?PR?OSCTXSW?OS_CPU_A

?PR?OSCTXSW?OS_CPU_A                      -----    -----
  +--> ?CO?OS_CORE
  +--> ?PR?C_OSCTXSW?OS_CPU_A

?PR?C_OSCTXSW?OS_CPU_A                    -----    -----
  +--> ?PR?LOADCTX?OS_CPU_A

?PR?LOADCTX?OS_CPU_A                      -----    -----
  +--> ?CO?OS_CORE

?PR?OSINTEXIT?OS_CORE                     -----    -----
  +--> ?PR?OSFINDNEXTRUNNINGTASK?OS_CORE
  +--> ?PR?OSINTCTXSW?OS_CPU_A

BL51 BANKED LINKER/LOCATER V6.22                                                      02/17/2017  20:25:02  PAGE 4


?PR?OSINTCTXSW?OS_CPU_A                   -----    -----
  +--> ?PR?OSCTXSW?OS_CPU_A
  +--> ?CO?OS_CORE
  +--> ?PR?C_OSCTXSW?OS_CPU_A

*** NEW ROOT ***************************************************

?C_C51STARTUP                             -----    -----
  +--> ?PR?MAIN?MAIN
  +--> ?C_INITSEG

?PR?MAIN?MAIN                             -----    -----
  +--> ?PR?OSINIT?OS_CORE
  +--> ?PR?MAINTASK?MAIN
  +--> ?PR?__OSTASKCREATE?OS_CORE

?PR?OSINIT?OS_CORE                        -----    -----
  +--> ?PR?OSCPUINIT?OS_CPU_C

?PR?MAINTASK?MAIN                         -----    -----
  +--> ?PR?INIT?MAIN
  +--> ?PR?_OSQCREATE?OS_Q
  +--> ?PR?BUS0MANAGE?SINGLEBUS
  +--> ?PR?__OSTASKCREATE?OS_CORE
  +--> ?PR?IRRECMANAGE?IR
  +--> ?PR?KEYMANAGER?KEY
  +--> ?PR?TIMEROUTMANAGER?SINGLEBUS
  +--> ?PR?_GETMESSAGE?MAIN
  +--> ?PR?_DISPATCHMESSAGE?MAIN

?PR?INIT?MAIN                             -----    -----
  +--> ?PR?_ENABLEIAP?IAP
  +--> ?PR?_IAPREADBYTE?IAP
  +--> ?PR?READPARAMETER?SINGLEBUS
  +--> ?PR?SINGLEBUSINIT?SINGLEBUS
  +--> ?PR?IRINIT?IR
  +--> ?PR?_SETLEDREDSTATE?KEY
  +--> ?PR?_MAKECH0TIMEROUT?SINGLEBUS
  +--> ?PR?USARTINIT?MAIN
  +--> ?PR?_SEND_DATA_BYTE?MAIN

?PR?READPARAMETER?SINGLEBUS               -----    -----
  +--> ?PR?_ENABLEIAP?IAP
  +--> ?PR?_IAPREADBYTE?IAP
  +--> ?PR?DISABLEIAP?IAP

?PR?BUS0MANAGE?SINGLEBUS                  -----    -----
  +--> ?PR?_OSQPOST?OS_Q
  +--> ?PR?_OSWAIT?OS_CORE

?PR?_OSQPOST?OS_Q                         -----    -----
  +--> ?CO?OS_CORE
  +--> ?PR?_OSTASKRESUME?OS_CORE

?PR?_OSTASKRESUME?OS_CORE                 -----    -----
  +--> ?CO?OS_CORE
  +--> ?PR?OSSCHED?OS_CORE
BL51 BANKED LINKER/LOCATER V6.22                                                      02/17/2017  20:25:02  PAGE 5



?PR?_OSWAIT?OS_CORE                       -----    -----
  +--> ?PR?_OSTASKSUSPEND?OS_CORE
  +--> ?PR?_OSTIMEDLY?OS_CORE
  +--> ?PR?_OS_TASKSUSPEND?OS_CORE
  +--> ?PR?OSSCHED?OS_CORE

?PR?_OSTASKSUSPEND?OS_CORE                -----    -----
  +--> ?PR?_OS_TASKSUSPEND?OS_CORE
  +--> ?PR?OSSCHED?OS_CORE

?PR?_OS_TASKSUSPEND?OS_CORE               -----    -----
  +--> ?CO?OS_CORE

?PR?_OSTIMEDLY?OS_CORE                    -----    -----
  +--> ?PR?_OS_TASKSUSPEND?OS_CORE
  +--> ?PR?OSSCHED?OS_CORE

?PR?__OSTASKCREATE?OS_CORE                -----    -----
  +--> ?CO?OS_CORE
  +--> ?PR?_OSTASKSTKINIT?OS_CPU_A
  +--> ?PR?OSSCHED?OS_CORE

?PR?_OSTASKSTKINIT?OS_CPU_A               -----    -----
  +--> ?CO?OS_CORE

?PR?IRRECMANAGE?IR                        -----    -----
  +--> ?PR?_OSQPOST?OS_Q
  +--> ?PR?_OSWAIT?OS_CORE

?PR?KEYMANAGER?KEY                        -----    -----
  +--> ?PR?_OSWAIT?OS_CORE
  +--> ?PR?KEYSCAN?KEY
  +--> ?PR?_OSQPOST?OS_Q

?PR?TIMEROUTMANAGER?SINGLEBUS             -----    -----
  +--> ?PR?_OSWAIT?OS_CORE
  +--> ?PR?_OSQPOST?OS_Q

?PR?_GETMESSAGE?MAIN                      -----    -----
  +--> ?PR?_OSQPEND?OS_Q

?PR?_OSQPEND?OS_Q                         -----    -----
  +--> ?CO?OS_CORE
  +--> ?PR?_OS_TASKSUSPEND?OS_CORE
  +--> ?PR?OSSCHED?OS_CORE

?PR?_DISPATCHMESSAGE?MAIN                 0037H    0001H
  +--> ?PR?BUS0RECDEAL?SINGLEBUS
  +--> ?PR?BUS0SENDDEAL?SINGLEBUS
  +--> ?PR?_KEYDOWNDEAL?KEY
  +--> ?PR?TIMEROUTDEAL?SINGLEBUS
  +--> ?PR?IRRECDEAL?IR

?PR?BUS0RECDEAL?SINGLEBUS                 -----    -----
  +--> ?PR?_ADDRCOMPARE?SINGLEBUS
  +--> ?PR?_SETLEDREDSTATE?KEY
BL51 BANKED LINKER/LOCATER V6.22                                                      02/17/2017  20:25:02  PAGE 6


  +--> ?PR?_MAKECH0TIMEROUT?SINGLEBUS
  +--> ?PR?_DIRADDRCOMPARE?SINGLEBUS
  +--> ?PR?_ENABLEIAP?IAP
  +--> ?PR?_IAPREADBYTE?IAP
  +--> ?PR?DISABLEIAP?IAP
  +--> ?PR?SAVEPARAMETER?SINGLEBUS
  +--> ?PR?_BUS0OUTPUTDATA?SINGLEBUS

?PR?SAVEPARAMETER?SINGLEBUS               -----    -----
  +--> ?PR?_ENABLEIAP?IAP
  +--> ?PR?_IAPERASE?IAP
  +--> ?PR?_IAPWRITEBYTE?IAP
  +--> ?PR?DISABLEIAP?IAP

?PR?_BUS0OUTPUTDATA?SINGLEBUS             0039H    0004H

?PR?BUS0SENDDEAL?SINGLEBUS                -----    -----
  +--> ?PR?_MAKECH0TIMEROUT?SINGLEBUS
  +--> ?PR?_SETLEDREDSTATE?KEY
  +--> ?PR?SAVEPARAMETER?SINGLEBUS

?PR?_KEYDOWNDEAL?KEY                      0038H    0001H
  +--> ?PR?SAVEPARAMETER?SINGLEBUS
  +--> ?PR?_SETLEDREDSTATE?KEY
  +--> ?PR?_BUS0OUTPUTDATA?SINGLEBUS

?PR?TIMEROUTDEAL?SINGLEBUS                -----    -----
  +--> ?PR?_BUS0OUTPUTDATA?SINGLEBUS
  +--> ?PR?_SETLEDREDSTATE?KEY
  +--> ?PR?_OSWAIT?OS_CORE

?PR?IRRECDEAL?IR                          -----    -----
  +--> ?PR?_SETLEDREDSTATE?KEY
  +--> ?PR?_BUS0OUTPUTDATA?SINGLEBUS



SYMBOL TABLE OF MODULE:  WYFJ (OS_CORE)

  VALUE           TYPE          NAME
  ----------------------------------

  -------         MODULE        OS_CORE
  C:0000H         SYMBOL        _ICE_DUMMY_
  C:18DBH         PUBLIC        _OS_TaskSuspend
  D:0090H         PUBLIC        P1
  D:00A0H         PUBLIC        P2
  D:00B0H         PUBLIC        P3
  B:00A8H.7       PUBLIC        EA
  C:000EH         PUBLIC        OSSched
  D:00A8H         PUBLIC        IE
  D:00B8H         PUBLIC        IP
  C:19C7H         PUBLIC        _OSTaskSuspend
  D:00D8H         PUBLIC        CCON
  D:0024H         PUBLIC        OSIntNesting
  C:18C2H         PUBLIC        _OSTaskResume
  D:0025H         PUBLIC        OSTaskRuning
BL51 BANKED LINKER/LOCATER V6.22                                                      02/17/2017  20:25:02  PAGE 7


  D:0098H         PUBLIC        SCON
  D:0088H         PUBLIC        TCON
  C:1975H         PUBLIC        OSInit
  C:1300H         PUBLIC        _OSWait
  D:0026H         PUBLIC        Os_Enter_Sum
  C:1884H         PUBLIC        OSTimeTick
  C:18F3H         PUBLIC        OSFindNextRunningTask
  D:0027H         PUBLIC        OSTaskID
  D:0028H         PUBLIC        OSWaitTick
  C:1841H         PUBLIC        _OSTimeDly
  C:19DEH         PUBLIC        OSMapTbl
  D:00C8H         PUBLIC        T2CON
  D:002DH         PUBLIC        OSNextTaskID
  C:17F9H         PUBLIC        OSIntExit
  C:1607H         PUBLIC        __OSTaskCreate
  D:002EH         PUBLIC        OSTaskCreated
  D:00D0H         PUBLIC        PSW
  -------         PROC          OSINIT
  C:1975H         LINE#         87
  C:1975H         LINE#         89
  C:1978H         LINE#         90
  C:197AH         LINE#         95
  C:197CH         LINE#         96
  C:197FH         LINE#         97
  C:1981H         LINE#         98
  C:1983H         LINE#         99
  -------         ENDPROC       OSINIT
  -------         PROC          __OSTASKCREATE
  D:0001H         SYMBOL        TaskID
  D:0006H         SYMBOL        task
  D:0002H         SYMBOL        ptos
  C:1607H         LINE#         119
  C:160DH         LINE#         121
  C:1613H         LINE#         122
  C:1613H         LINE#         123
  C:1617H         LINE#         125
  C:1620H         LINE#         126
  C:1620H         LINE#         127
  C:1623H         LINE#         128
  C:1623H         LINE#         129
  C:162AH         LINE#         130
  C:162CH         LINE#         151
  C:1635H         LINE#         152
  C:1638H         LINE#         153
  C:163DH         LINE#         154
  C:1640H         LINE#         155
  C:1640H         LINE#         156
  C:1642H         LINE#         157
  -------         ENDPROC       __OSTASKCREATE
  -------         PROC          _OSTASKRESUME
  D:0007H         SYMBOL        TaskID
  C:18C2H         LINE#         217
  C:18C2H         LINE#         219
  C:18C8H         LINE#         220
  C:18C8H         LINE#         221
  C:18CCH         LINE#         223
  C:18D3H         LINE#         234
BL51 BANKED LINKER/LOCATER V6.22                                                      02/17/2017  20:25:02  PAGE 8


  C:18D8H         LINE#         235
  C:18D8H         LINE#         236
  -------         ENDPROC       _OSTASKRESUME
  -------         PROC          _OS_TASKSUSPEND
  D:0007H         SYMBOL        TaskID
  C:18DBH         LINE#         254
  C:18DBH         LINE#         256
  C:18E1H         LINE#         257
  C:18E1H         LINE#         258
  C:18E5H         LINE#         260
  C:18EDH         LINE#         271
  C:18F2H         LINE#         272
  C:18F2H         LINE#         273
  -------         ENDPROC       _OS_TASKSUSPEND
  -------         PROC          _OSTASKSUSPEND
  D:0007H         SYMBOL        TaskID
  C:19C7H         LINE#         291
  C:19C7H         LINE#         293
  C:19CDH         LINE#         295
  C:19D0H         LINE#         296
  -------         ENDPROC       _OSTASKSUSPEND
  -------         PROC          OSFINDNEXTRUNNINGTASK
  -------         DO            
  D:0007H         SYMBOL        temp
  -------         ENDDO         
  C:18F3H         LINE#         314
  C:18F3H         LINE#         318
  C:18F8H         LINE#         321
  C:18FBH         LINE#         322
  C:18FBH         LINE#         323
  C:18FFH         LINE#         324
  C:18FFH         LINE#         325
  C:18FFH         LINE#         326
  C:18FFH         LINE#         327
  C:1903H         LINE#         328
  C:190AH         LINE#         351
  -------         ENDPROC       OSFINDNEXTRUNNINGTASK
  -------         PROC          OSINTEXIT
  C:17F9H         LINE#         368
  C:17F9H         LINE#         371
  C:17FDH         LINE#         373
  C:1804H         LINE#         374
  C:1804H         LINE#         375
  C:1806H         LINE#         376
  C:1806H         LINE#         377
  C:180AH         LINE#         378
  C:180AH         LINE#         379
  C:180CH         LINE#         380
  C:180FH         LINE#         381
  C:1812H         LINE#         382
  C:1815H         LINE#         383
  C:1815H         LINE#         384
  C:181AH         LINE#         385
  C:181CH         LINE#         386
  -------         ENDPROC       OSINTEXIT
  -------         PROC          OSSCHED
  C:000EH         LINE#         403
BL51 BANKED LINKER/LOCATER V6.22                                                      02/17/2017  20:25:02  PAGE 9


  C:000EH         LINE#         406
  C:0012H         LINE#         407
  C:0016H         LINE#         408
  C:0016H         LINE#         409
  C:0019H         LINE#         410
  C:001CH         LINE#         411
  C:001CH         LINE#         412
  C:0021H         LINE#         413
  -------         ENDPROC       OSSCHED
  -------         PROC          OSTIMETICK
  -------         DO            
  D:0007H         SYMBOL        i
  -------         ENDDO         
  C:1884H         LINE#         430
  C:1884H         LINE#         434
  C:1886H         LINE#         435
  C:1886H         LINE#         436
  C:188DH         LINE#         437
  C:188DH         LINE#         438
  C:188EH         LINE#         439
  C:1895H         LINE#         440
  C:1895H         LINE#         442
  C:189CH         LINE#         453
  C:189CH         LINE#         454
  C:189CH         LINE#         455
  C:18A0H         LINE#         456
  -------         ENDPROC       OSTIMETICK
  -------         PROC          _OSTIMEDLY
  D:0007H         SYMBOL        ticks
  C:1841H         LINE#         475
  C:1841H         LINE#         477
  C:1848H         LINE#         478
  C:184CH         LINE#         479
  C:1854H         LINE#         480
  C:1854H         LINE#         481
  C:1859H         LINE#         482
  C:185CH         LINE#         483
  C:185EH         LINE#         484
  C:1863H         LINE#         485
  -------         ENDPROC       _OSTIMEDLY
  -------         PROC          _OSWAIT
  D:0007H         SYMBOL        typ
  D:0005H         SYMBOL        ticks
  C:1300H         LINE#         534
  C:1300H         LINE#         536
  C:1307H         LINE#         538
  C:1313H         LINE#         539
  C:1313H         LINE#         540
  C:1313H         LINE#         541
  C:1318H         LINE#         542
  C:131BH         LINE#         543
  C:131BH         LINE#         544
  C:1325H         LINE#         545
  C:1328H         LINE#         546
  C:1328H         LINE#         548
  C:132CH         LINE#         549
  C:1334H         LINE#         550
BL51 BANKED LINKER/LOCATER V6.22                                                      02/17/2017  20:25:02  PAGE 10


  C:1334H         LINE#         551
  C:1337H         LINE#         552
  C:1337H         LINE#         553
  C:133CH         LINE#         554
  C:133FH         LINE#         555
  C:1344H         LINE#         556
  C:134CH         LINE#         557
  C:134CH         LINE#         558
  C:134EH         LINE#         559
  C:1351H         LINE#         560
  C:1351H         LINE#         561
  C:1354H         LINE#         562
  C:1354H         LINE#         563
  C:135BH         LINE#         564
  C:135DH         LINE#         565
  C:135DH         LINE#         566
  -------         ENDPROC       _OSWAIT
  -------         ENDMOD        OS_CORE

  -------         MODULE        OS_MEM
  C:0000H         SYMBOL        _ICE_DUMMY_
  D:0090H         PUBLIC        P1
  D:00A0H         PUBLIC        P2
  D:00B0H         PUBLIC        P3
  D:00A8H         PUBLIC        IE
  D:00B8H         PUBLIC        IP
  D:00D8H         PUBLIC        CCON
  D:0098H         PUBLIC        SCON
  D:0088H         PUBLIC        TCON
  D:00C8H         PUBLIC        T2CON
  D:00D0H         PUBLIC        PSW
  -------         ENDMOD        OS_MEM

  -------         MODULE        OS_Q
  C:0000H         SYMBOL        _ICE_DUMMY_
  D:0090H         PUBLIC        P1
  D:00A0H         PUBLIC        P2
  D:00B0H         PUBLIC        P3
  B:00A8H.7       PUBLIC        EA
  D:00A8H         PUBLIC        IE
  D:00B8H         PUBLIC        IP
  C:110FH         PUBLIC        _OSQPost
  D:0081H         PUBLIC        SP
  D:00D8H         PUBLIC        CCON
  D:0098H         PUBLIC        SCON
  D:0088H         PUBLIC        TCON
  C:167BH         PUBLIC        _OSQCreate
  D:00C8H         PUBLIC        T2CON
  D:00D0H         PUBLIC        PSW
  C:0F65H         PUBLIC        _OSQPend
  -------         PROC          _OSQCREATE
  D:0007H         SYMBOL        Buf
  D:0005H         SYMBOL        SizeOfBuf
  C:167BH         LINE#         62
  C:167BH         LINE#         64
  C:167BH         LINE#         65
  C:167FH         LINE#         67
BL51 BANKED LINKER/LOCATER V6.22                                                      02/17/2017  20:25:02  PAGE 11


  C:1688H         LINE#         68
  C:1688H         LINE#         69
  C:168BH         LINE#         70
  C:1690H         LINE#         72
  C:1696H         LINE#         76
  C:169CH         LINE#         77
  C:16A2H         LINE#         80
  C:16A7H         LINE#         81
  C:16AAH         LINE#         82
  C:16AAH         LINE#         84
  C:16AAH         LINE#         85
  C:16AFH         LINE#         86
  C:16B1H         LINE#         87
  C:16B1H         LINE#         89
  -------         ENDPROC       _OSQCREATE
  -------         PROC          _OSQPEND
  D:0007H         SYMBOL        Ret
  D:0005H         SYMBOL        Buf
  D:0003H         SYMBOL        Tick
  -------         DO            
  D:0007H         SYMBOL        cp
  -------         ENDDO         
  C:0F65H         LINE#         119
  C:0F65H         LINE#         120
  C:0F65H         LINE#         132
  C:0F69H         LINE#         134
  C:0F70H         LINE#         139
  C:0F72H         LINE#         140
  C:0F78H         LINE#         145
  C:0F84H         LINE#         157
  C:0F89H         LINE#         158
  C:0F89H         LINE#         161
  C:0F8BH         LINE#         162
  C:0F91H         LINE#         165
  C:0F96H         LINE#         166
  C:0F99H         LINE#         169
  C:0F9FH         LINE#         170
  C:0FA1H         LINE#         173
  C:0FA9H         LINE#         174
  C:0FA9H         LINE#         175
  C:0FA9H         LINE#         176
  C:0FA9H         LINE#         181
  C:0FB6H         LINE#         193
  C:0FBEH         LINE#         194
  C:0FBEH         LINE#         196
  C:0FBFH         LINE#         198
  C:0FC4H         LINE#         199
  C:0FD0H         LINE#         200
  C:0FD0H         LINE#         202
  C:0FD2H         LINE#         206
  C:0FD2H         LINE#         208
  C:0FD8H         LINE#         209
  C:0FDAH         LINE#         210
  C:0FE5H         LINE#         214
  C:0FEAH         LINE#         215
  C:0FEDH         LINE#         216
  C:0FEDH         LINE#         218
BL51 BANKED LINKER/LOCATER V6.22                                                      02/17/2017  20:25:02  PAGE 12


  C:0FEDH         LINE#         221
  C:0FEFH         LINE#         224
  C:0FF4H         LINE#         225
  C:0FF6H         LINE#         226
  C:0FF6H         LINE#         227
  -------         ENDPROC       _OSQPEND
  -------         PROC          _OSQPOST
  D:0006H         SYMBOL        Buf
  D:0005H         SYMBOL        Data
  -------         DO            
  D:0005H         SYMBOL        temp
  D:0007H         SYMBOL        i
  -------         ENDDO         
  C:110FH         LINE#         307
  C:1111H         LINE#         308
  C:1111H         LINE#         318
  C:1115H         LINE#         322
  C:1123H         LINE#         326
  C:1123H         LINE#         329
  C:1125H         LINE#         330
  C:112BH         LINE#         333
  C:1137H         LINE#         334
  C:1141H         LINE#         335
  C:1141H         LINE#         337
  C:1146H         LINE#         341
  C:1146H         LINE#         344
  C:1151H         LINE#         345
  C:1153H         LINE#         350
  C:1156H         LINE#         352
  C:115BH         LINE#         353
  C:115BH         LINE#         355
  C:1161H         LINE#         357
  C:1163H         LINE#         358
  C:1163H         LINE#         359
  C:1167H         LINE#         360
  C:1167H         LINE#         361
  C:1167H         LINE#         362
  C:1167H         LINE#         363
  C:116BH         LINE#         364
  C:116FH         LINE#         365
  C:1175H         LINE#         366
  C:1175H         LINE#         368
  C:1181H         LINE#         369
  C:1184H         LINE#         370
  C:1184H         LINE#         406
  C:1184H         LINE#         407
  C:1189H         LINE#         408
  C:118CH         LINE#         409
  C:118CH         LINE#         411
  C:118CH         LINE#         412
  C:1191H         LINE#         413
  C:1193H         LINE#         414
  C:1193H         LINE#         415
  -------         ENDPROC       _OSQPOST
  -------         ENDMOD        OS_Q

  -------         MODULE        OS_SEM
BL51 BANKED LINKER/LOCATER V6.22                                                      02/17/2017  20:25:02  PAGE 13


  C:0000H         SYMBOL        _ICE_DUMMY_
  D:0090H         PUBLIC        P1
  D:00A0H         PUBLIC        P2
  D:00B0H         PUBLIC        P3
  D:00A8H         PUBLIC        IE
  D:00B8H         PUBLIC        IP
  D:00D8H         PUBLIC        CCON
  D:0098H         PUBLIC        SCON
  D:0088H         PUBLIC        TCON
  D:00C8H         PUBLIC        T2CON
  D:00D0H         PUBLIC        PSW
  -------         ENDMOD        OS_SEM

  -------         MODULE        OS_CPU_A_ASM
  C:0026H         SEGMENT       ?PR?OSCTXSW?OS_CPU_A
  C:174EH         SEGMENT       ?PR?OSINTCTXSW?OS_CPU_A
  C:16E9H         SEGMENT       ?PR?LOADCTX?OS_CPU_A
  C:0FF7H         SEGMENT       ?PR?C_OSCTXSW?OS_CPU_A
  C:1194H         SEGMENT       ?PR?_OSTASKSTKINIT?OS_CPU_A
  I:0051H         SEGMENT       ?STACK
  C:0FF7H         PUBLIC        C_OSCTXSW
  C:16E9H         PUBLIC        LOADCTX
  C:0026H         PUBLIC        OSCTXSW
  C:174EH         PUBLIC        OSINTCTXSW
  I:0051H         PUBLIC        STACK
  C:1194H         PUBLIC        _OSTASKSTKINIT
  C:1044H         SYMBOL        ?C0001
  C:1015H         SYMBOL        ?C0002
  C:101BH         SYMBOL        ?C0003
  C:1038H         SYMBOL        ?C0004
  C:103EH         SYMBOL        ?C0005
  C:107DH         SYMBOL        ?C0007
  C:104EH         SYMBOL        ?C0008
  C:1054H         SYMBOL        ?C0009
  C:1080H         SYMBOL        ?C000R
  C:1072H         SYMBOL        ?C0010
  C:1078H         SYMBOL        ?C0011
  D:00E0H         SYMBOL        ACC
  D:00F0H         SYMBOL        B
  D:0083H         SYMBOL        DPH
  D:0082H         SYMBOL        DPL
  B:00A8H.7       SYMBOL        EA
  C:16F2H         SYMBOL        LOADCTX_0
  C:1714H         SYMBOL        LOADCTX_2
  C:171BH         SYMBOL        LOADCTX_3
  C:1763H         SYMBOL        OSINTCTXSW_0
  N:0000H         SYMBOL        OS_CPU_A_ASM
  D:00D0H         SYMBOL        PSW
  D:0081H         SYMBOL        SP
  C:11CBH         SYMBOL        STKINIT11
  C:11FFH         SYMBOL        STKINIT12
  C:11DDH         SYMBOL        STKINIT15
  C:11F9H         SYMBOL        STKINIT18
  C:11D3H         SYMBOL        STKINIT5
  C:11AEH         SYMBOL        STKINIT8
  C:1194H         LINE#         137
  C:1196H         LINE#         138
BL51 BANKED LINKER/LOCATER V6.22                                                      02/17/2017  20:25:02  PAGE 14


  C:1198H         LINE#         142
  C:1199H         LINE#         143
  C:119CH         LINE#         144
  C:119DH         LINE#         145
  C:119FH         LINE#         173
  C:11A0H         LINE#         174
  C:11A1H         LINE#         175
  C:11A3H         LINE#         176
  C:11A5H         LINE#         179
  C:11A6H         LINE#         180
  C:11A8H         LINE#         181
  C:11A9H         LINE#         182
  C:11AAH         LINE#         184
  C:11ACH         LINE#         185
  C:11ADH         LINE#         186
  C:11AEH         LINE#         191
  C:11B0H         LINE#         192
  C:11B1H         LINE#         193
  C:11B2H         LINE#         195
  C:11B3H         LINE#         197
  C:11B5H         LINE#         200
  C:11B7H         LINE#         203
  C:11B9H         LINE#         204
  C:11BBH         LINE#         205
  C:11BDH         LINE#         207
  C:11BFH         LINE#         208
  C:11C0H         LINE#         209
  C:11C1H         LINE#         210
  C:11C3H         LINE#         211
  C:11C4H         LINE#         212
  C:11C6H         LINE#         213
  C:11C7H         LINE#         214
  C:11C8H         LINE#         215
  C:11C9H         LINE#         217
  C:11CBH         LINE#         222
  C:11CCH         LINE#         223
  C:11CDH         LINE#         224
  C:11CEH         LINE#         225
  C:11CFH         LINE#         227
  C:11D1H         LINE#         229
  C:11D3H         LINE#         234
  C:11D5H         LINE#         235
  C:11D7H         LINE#         236
  C:11D8H         LINE#         238
  C:11D9H         LINE#         239
  C:11DAH         LINE#         240
  C:11DCH         LINE#         241
  C:11DDH         LINE#         246
  C:11DFH         LINE#         247
  C:11E0H         LINE#         248
  C:11E1H         LINE#         250
  C:11E2H         LINE#         252
  C:11E4H         LINE#         255
  C:11E6H         LINE#         256
  C:11E8H         LINE#         257
  C:11E9H         LINE#         258
  C:11EAH         LINE#         259
BL51 BANKED LINKER/LOCATER V6.22                                                      02/17/2017  20:25:02  PAGE 15


  C:11EBH         LINE#         261
  C:11ECH         LINE#         262
  C:11EEH         LINE#         263
  C:11EFH         LINE#         265
  C:11F1H         LINE#         266
  C:11F2H         LINE#         267
  C:11F3H         LINE#         268
  C:11F4H         LINE#         269
  C:11F5H         LINE#         270
  C:11F6H         LINE#         271
  C:11F7H         LINE#         273
  C:11F9H         LINE#         278
  C:11FAH         LINE#         279
  C:11FBH         LINE#         280
  C:11FCH         LINE#         281
  C:11FDH         LINE#         283
  C:11FFH         LINE#         287
  C:1201H         LINE#         288
  C:1202H         LINE#         289
  C:1203H         LINE#         290
  C:1204H         LINE#         291
  C:1205H         LINE#         293
  C:1207H         LINE#         294
  C:1208H         LINE#         295
  C:1209H         LINE#         297
  C:120BH         LINE#         298
  C:120CH         LINE#         299
  C:120DH         LINE#         309
  C:120EH         LINE#         310
  C:120FH         LINE#         312
  C:16E9H         LINE#         340
  C:16EBH         LINE#         348
  C:16EDH         LINE#         349
  C:16F0H         LINE#         350
  C:16F2H         LINE#         352
  C:16F5H         LINE#         354
  C:16F6H         LINE#         355
  C:16F8H         LINE#         367
  C:16FAH         LINE#         369
  C:16FCH         LINE#         370
  C:16FEH         LINE#         371
  C:1700H         LINE#         372
  C:1702H         LINE#         373
  C:1704H         LINE#         374
  C:1706H         LINE#         375
  C:1708H         LINE#         376
  C:170AH         LINE#         377
  C:170CH         LINE#         378
  C:170EH         LINE#         379
  C:1710H         LINE#         380
  C:1712H         LINE#         381
  C:1714H         LINE#         384
  C:1716H         LINE#         385
  C:1719H         LINE#         386
  C:171BH         LINE#         388
  C:0026H         LINE#         415
  C:0028H         LINE#         417
BL51 BANKED LINKER/LOCATER V6.22                                                      02/17/2017  20:25:02  PAGE 16


  C:002BH         LINE#         418
  C:002DH         LINE#         420
  C:002EH         LINE#         421
  C:0030H         LINE#         434
  C:0FF7H         LINE#         457
  C:0FF9H         LINE#         460
  C:0FFBH         LINE#         466
  C:0FFCH         LINE#         468
  C:0FFEH         LINE#         469
  C:1000H         LINE#         470
  C:1001H         LINE#         471
  C:1002H         LINE#         472
  C:1003H         LINE#         474
  C:1005H         LINE#         475
  C:1007H         LINE#         476
  C:1008H         LINE#         477
  C:1009H         LINE#         478
  C:100AH         LINE#         480
  C:100CH         LINE#         481
  C:100DH         LINE#         482
  C:100FH         LINE#         483
  C:1011H         LINE#         489
  C:1012H         LINE#         490
  C:1013H         LINE#         491
  C:1014H         LINE#         492
  C:1015H         LINE#         494
  C:1016H         LINE#         495
  C:1017H         LINE#         496
  C:1018H         LINE#         497
  C:1019H         LINE#         498
  C:101BH         LINE#         501
  C:101DH         LINE#         502
  C:101FH         LINE#         503
  C:1020H         LINE#         504
  C:1021H         LINE#         505
  C:1022H         LINE#         507
  C:1023H         LINE#         508
  C:1024H         LINE#         510
  C:1025H         LINE#         511
  C:1027H         LINE#         516
  C:1029H         LINE#         517
  C:102AH         LINE#         518
  C:102CH         LINE#         519
  C:102DH         LINE#         520
  C:102FH         LINE#         522
  C:1031H         LINE#         523
  C:1033H         LINE#         524
  C:1034H         LINE#         525
  C:1035H         LINE#         526
  C:1036H         LINE#         527
  C:1037H         LINE#         528
  C:1038H         LINE#         530
  C:1039H         LINE#         531
  C:103AH         LINE#         532
  C:103BH         LINE#         533
  C:103CH         LINE#         534
  C:103EH         LINE#         537
BL51 BANKED LINKER/LOCATER V6.22                                                      02/17/2017  20:25:02  PAGE 17


  C:1041H         LINE#         539
  C:1044H         LINE#         544
  C:1046H         LINE#         545
  C:1048H         LINE#         546
  C:104AH         LINE#         558
  C:104BH         LINE#         559
  C:104CH         LINE#         560
  C:104DH         LINE#         561
  C:104EH         LINE#         563
  C:104FH         LINE#         564
  C:1050H         LINE#         565
  C:1051H         LINE#         566
  C:1052H         LINE#         567
  C:1054H         LINE#         570
  C:1056H         LINE#         571
  C:1058H         LINE#         572
  C:1059H         LINE#         573
  C:105AH         LINE#         574
  C:105BH         LINE#         576
  C:105CH         LINE#         577
  C:105DH         LINE#         579
  C:105FH         LINE#         580
  C:1061H         LINE#         581
  C:1062H         LINE#         582
  C:1063H         LINE#         583
  C:1065H         LINE#         589
  C:1067H         LINE#         590
  C:1068H         LINE#         591
  C:106AH         LINE#         592
  C:106CH         LINE#         594
  C:106DH         LINE#         595
  C:106FH         LINE#         596
  C:1071H         LINE#         597
  C:1072H         LINE#         599
  C:1073H         LINE#         600
  C:1074H         LINE#         601
  C:1075H         LINE#         602
  C:1076H         LINE#         603
  C:1078H         LINE#         607
  C:107BH         LINE#         609
  C:107DH         LINE#         613
  C:1080H         LINE#         618
  C:174EH         LINE#         642
  C:1750H         LINE#         643
  C:1752H         LINE#         644
  C:1754H         LINE#         647
  C:1756H         LINE#         648
  C:1758H         LINE#         649
  C:175AH         LINE#         651
  C:175CH         LINE#         652
  C:175EH         LINE#         653
  C:1760H         LINE#         654
  C:1762H         LINE#         655
  C:1763H         LINE#         659
  C:1765H         LINE#         660
  C:1767H         LINE#         661
  C:1769H         LINE#         663
BL51 BANKED LINKER/LOCATER V6.22                                                      02/17/2017  20:25:02  PAGE 18


  C:176CH         LINE#         664
  C:176EH         LINE#         666
  C:176FH         LINE#         667
  C:1770H         LINE#         668
  C:1772H         LINE#         689
  C:1774H         LINE#         691
  C:1776H         LINE#         692
  C:1778H         LINE#         693
  C:177AH         LINE#         694
  C:177CH         LINE#         695
  -------         ENDMOD        OS_CPU_A_ASM

  -------         MODULE        OS_CPU_C
  C:0000H         SYMBOL        _ICE_DUMMY_
  D:0090H         PUBLIC        P1
  D:00A0H         PUBLIC        P2
  D:00B0H         PUBLIC        P3
  C:17D3H         PUBLIC        _OSTaskStkDel
  B:00A8H.7       PUBLIC        EA
  C:1501H         PUBLIC        _StkDelA
  C:1544H         PUBLIC        _StkDelB
  C:190BH         PUBLIC        _StkDelC
  D:00A8H         PUBLIC        IE
  D:00FAH         PUBLIC        CCAP0H
  D:00EAH         PUBLIC        CCAP0L
  D:00B8H         PUBLIC        IP
  C:135EH         PUBLIC        OSTickISR
  C:19A8H         PUBLIC        OSCPUInit
  D:0081H         PUBLIC        SP
  D:00D8H         PUBLIC        CCON
  D:002FH         PUBLIC        OSTsakStackBotton
  D:0098H         PUBLIC        SCON
  D:0088H         PUBLIC        TCON
  D:0036H         PUBLIC        OSFastSwap
  D:00C8H         PUBLIC        T2CON
  D:00D0H         PUBLIC        PSW
  B:00D8H.0       PUBLIC        CCF0
  -------         PROC          OSCPUINIT
  -------         DO            
  D:0007H         SYMBOL        i
  -------         ENDDO         
  C:19A8H         LINE#         78
  C:19A8H         LINE#         82
  C:19AAH         LINE#         83
  C:19AAH         LINE#         84
  C:19B0H         LINE#         85
  C:19B4H         LINE#         86
  C:19B7H         LINE#         88
  -------         ENDPROC       OSCPUINIT
  -------         PROC          _STKDELA
  D:0007H         SYMBOL        TaskID
  -------         DO            
  D:0006H         SYMBOL        cp
  D:0005H         SYMBOL        cp1
  D:0004H         SYMBOL        temp
  D:0007H         SYMBOL        i
  -------         ENDDO         
BL51 BANKED LINKER/LOCATER V6.22                                                      02/17/2017  20:25:02  PAGE 19


  C:1501H         LINE#         200
  C:1501H         LINE#         201
  C:1501H         LINE#         206
  C:1507H         LINE#         207
  C:150DH         LINE#         208
  C:1512H         LINE#         209
  C:151BH         LINE#         210
  C:151BH         LINE#         211
  C:1526H         LINE#         212
  C:1529H         LINE#         213
  C:152FH         LINE#         215
  C:152FH         LINE#         216
  C:153BH         LINE#         217
  C:153DH         LINE#         218
  C:1543H         LINE#         219
  -------         ENDPROC       _STKDELA
  -------         PROC          _STKDELB
  D:0007H         SYMBOL        TaskID
  -------         DO            
  D:0005H         SYMBOL        cp
  D:0004H         SYMBOL        cp1
  D:0005H         SYMBOL        temp
  D:0006H         SYMBOL        i
  -------         ENDDO         
  C:1544H         LINE#         222
  C:1544H         LINE#         223
  C:1544H         LINE#         228
  C:154BH         LINE#         229
  C:1551H         LINE#         230
  C:155CH         LINE#         231
  C:155EH         LINE#         232
  C:155EH         LINE#         234
  C:155EH         LINE#         235
  C:156AH         LINE#         236
  C:156CH         LINE#         237
  C:156CH         LINE#         238
  C:1572H         LINE#         239
  C:157BH         LINE#         240
  C:157BH         LINE#         241
  C:1582H         LINE#         242
  C:1585H         LINE#         243
  -------         ENDPROC       _STKDELB
  -------         PROC          _STKDELC
  D:0007H         SYMBOL        TaskID
  -------         DO            
  D:0005H         SYMBOL        cp
  -------         ENDDO         
  C:190BH         LINE#         245
  C:190BH         LINE#         246
  C:190BH         LINE#         251
  C:1911H         LINE#         252
  C:1917H         LINE#         253
  C:191CH         LINE#         254
  C:1920H         LINE#         255
  -------         ENDPROC       _STKDELC
  -------         PROC          _OSTASKSTKDEL
  D:0007H         SYMBOL        TaskID
BL51 BANKED LINKER/LOCATER V6.22                                                      02/17/2017  20:25:02  PAGE 20


  -------         DO            
  D:0006H         SYMBOL        temp
  -------         ENDDO         
  C:17D3H         LINE#         258
  C:17D3H         LINE#         262
  C:17D5H         LINE#         263
  C:17D9H         LINE#         264
  C:17D9H         LINE#         265
  C:17DAH         LINE#         266
  C:17DCH         LINE#         267
  C:17E2H         LINE#         268
  C:17E2H         LINE#         269
  C:17E4H         LINE#         270
  C:17E4H         LINE#         271
  C:17EFH         LINE#         272
  C:17EFH         LINE#         273
  C:17EFH         LINE#         274
  C:17F2H         LINE#         275
  C:17F2H         LINE#         276
  C:17F2H         LINE#         277
  C:17F5H         LINE#         278
  C:17F5H         LINE#         279
  C:17F5H         LINE#         280
  C:17F8H         LINE#         281
  C:17F8H         LINE#         282
  C:17F8H         LINE#         283
  C:17F8H         LINE#         284
  C:17F8H         LINE#         285
  -------         ENDPROC       _OSTASKSTKDEL
  -------         PROC          OSTICKISR
  C:135EH         LINE#         307
  C:137DH         LINE#         315
  C:1391H         LINE#         325
  C:1395H         LINE#         328
  C:1398H         LINE#         333
  C:139BH         LINE#         334
  -------         ENDPROC       OSTICKISR
  -------         ENDMOD        OS_CPU_C

  -------         MODULE        IAP
  C:0000H         SYMBOL        _ICE_DUMMY_
  D:0090H         PUBLIC        P1
  D:00A0H         PUBLIC        P2
  D:00B0H         PUBLIC        P3
  D:00E6H         PUBLIC        ISP_TRIG
  D:00A8H         PUBLIC        IE
  C:19B8H         PUBLIC        _IapErase
  C:19F0H         PUBLIC        DisableIAP
  D:00B8H         PUBLIC        IP
  D:00E5H         PUBLIC        ISP_CMD
  D:00D8H         PUBLIC        CCON
  C:1A07H         PUBLIC        _EnableIAP
  C:1997H         PUBLIC        _IapReadByte
  D:00E3H         PUBLIC        ISP_ADDRH
  D:0098H         PUBLIC        SCON
  D:0088H         PUBLIC        TCON
  D:00E4H         PUBLIC        ISP_ADDRL
BL51 BANKED LINKER/LOCATER V6.22                                                      02/17/2017  20:25:02  PAGE 21


  C:1986H         PUBLIC        _IapWriteByte
  D:00E7H         PUBLIC        ISP_CONTR
  D:00C8H         PUBLIC        T2CON
  D:00E2H         PUBLIC        ISP_DATA
  D:00D0H         PUBLIC        PSW
  -------         PROC          _ENABLEIAP
  D:0007H         SYMBOL        byCmd
  C:1A07H         LINE#         42
  C:1A07H         LINE#         43
  C:1A07H         LINE#         44
  C:1A0AH         LINE#         45
  C:1A0CH         LINE#         46
  -------         ENDPROC       _ENABLEIAP
  -------         PROC          DISABLEIAP
  C:19F0H         LINE#         62
  C:19F0H         LINE#         63
  C:19F0H         LINE#         64
  C:19F3H         LINE#         65
  C:19F5H         LINE#         66
  C:19F7H         LINE#         67
  -------         ENDPROC       DISABLEIAP
  -------         PROC          _IAPWRITEBYTE
  D:0002H         SYMBOL        uiAddr
  D:0005H         SYMBOL        byData
  C:1986H         LINE#         83
  C:198AH         LINE#         84
  C:198AH         LINE#         85
  C:198CH         LINE#         86
  C:198EH         LINE#         87
  C:1990H         LINE#         88
  C:1993H         LINE#         89
  C:1996H         LINE#         90
  -------         ENDPROC       _IAPWRITEBYTE
  -------         PROC          _IAPREADBYTE
  D:0004H         SYMBOL        uiAddr
  C:1997H         LINE#         106
  C:199BH         LINE#         107
  C:199BH         LINE#         108
  C:199DH         LINE#         109
  C:199FH         LINE#         110
  C:19A2H         LINE#         111
  C:19A5H         LINE#         112
  C:19A7H         LINE#         113
  -------         ENDPROC       _IAPREADBYTE
  -------         PROC          _IAPERASE
  D:0004H         SYMBOL        uiAddr
  C:19B8H         LINE#         130
  C:19BCH         LINE#         131
  C:19BCH         LINE#         132
  C:19BEH         LINE#         133
  C:19C0H         LINE#         134
  C:19C3H         LINE#         135
  C:19C6H         LINE#         136
  -------         ENDPROC       _IAPERASE
  -------         ENDMOD        IAP

  -------         MODULE        KEY
BL51 BANKED LINKER/LOCATER V6.22                                                      02/17/2017  20:25:02  PAGE 22


  C:0000H         SYMBOL        _ICE_DUMMY_
  D:0090H         PUBLIC        P1
  D:00A0H         PUBLIC        P2
  B:0023H.1       PUBLIC        SET_BY_SERIAL_OK_FLAG
  D:00B0H         PUBLIC        P3
  D:00A8H         PUBLIC        IE
  B:0090H.6       PUBLIC        LED_RED
  D:00B8H         PUBLIC        IP
  B:0023H.2       PUBLIC        bLedRedState
  D:00D8H         PUBLIC        CCON
  B:0090H.7       PUBLIC        LED_GREEN
  C:19E7H         PUBLIC        KeyScan
  D:0098H         PUBLIC        SCON
  D:0088H         PUBLIC        TCON
  C:0C84H         PUBLIC        _KeyDownDeal
  B:00B0H.4       PUBLIC        SetKey
  D:00E1H         PUBLIC        WDT_CONTR
  C:1963H         PUBLIC        _SetLedRedState
  D:00C8H         PUBLIC        T2CON
  C:15C7H         PUBLIC        KeyManager
  D:00D0H         PUBLIC        PSW
  -------         PROC          _SETLEDREDSTATE
  D:0007H         SYMBOL        byState
  C:1963H         LINE#         50
  C:1963H         LINE#         51
  C:1963H         LINE#         52
  C:196AH         LINE#         53
  C:196FH         LINE#         54
  C:1974H         LINE#         55
  -------         ENDPROC       _SETLEDREDSTATE
  -------         PROC          KEYSCAN
  C:19E7H         LINE#         71
  C:19E7H         LINE#         72
  C:19E7H         LINE#         73
  C:19EAH         LINE#         74
  C:19EAH         LINE#         75
  C:19EDH         LINE#         76
  C:19EDH         LINE#         77
  C:19EFH         LINE#         78
  -------         ENDPROC       KEYSCAN
  -------         PROC          KEYMANAGER
  -------         DO            
  D:0040H         SYMBOL        byKeyValue
  -------         ENDDO         
  C:15C7H         LINE#         94
  C:15C7H         LINE#         95
  C:15C7H         LINE#         97
  C:15C9H         LINE#         98
  C:15C9H         LINE#         99
  C:15C9H         LINE#         100
  C:15D0H         LINE#         101
  C:15D5H         LINE#         102
  C:15DAH         LINE#         103
  C:15DAH         LINE#         104
  C:15DAH         LINE#         105
  C:15DAH         LINE#         106
  C:15E1H         LINE#         107
BL51 BANKED LINKER/LOCATER V6.22                                                      02/17/2017  20:25:02  PAGE 23


  C:15E8H         LINE#         108
  C:15E8H         LINE#         109
  C:15E8H         LINE#         110
  C:15E8H         LINE#         111
  C:15F2H         LINE#         112
  C:15F9H         LINE#         113
  C:15F9H         LINE#         114
  C:1600H         LINE#         115
  C:1602H         LINE#         116
  C:1605H         LINE#         117
  -------         ENDPROC       KEYMANAGER
  -------         PROC          _KEYDOWNDEAL
  D:0038H         SYMBOL        byKey
  C:0C84H         LINE#         134
  C:0C86H         LINE#         135
  C:0C86H         LINE#         136
  C:0C89H         LINE#         137
  C:0C89H         LINE#         138
  C:0C8CH         LINE#         140
  C:0C8CH         LINE#         141
  C:0C92H         LINE#         142
  C:0C92H         LINE#         143
  C:0C94H         LINE#         146
  C:0C97H         LINE#         147
  C:0C97H         LINE#         148
  C:0C99H         LINE#         149
  C:0CA1H         LINE#         150
  C:0CA9H         LINE#         151
  C:0CB1H         LINE#         152
  C:0CC0H         LINE#         153
  C:0CC2H         LINE#         157
  C:0CC2H         LINE#         158
  C:0CCAH         LINE#         159
  C:0CD2H         LINE#         160
  C:0CDAH         LINE#         161
  C:0CDAH         LINE#         162
  C:0CE3H         LINE#         163
  C:0CECH         LINE#         164
  C:0CF5H         LINE#         165
  C:0CFEH         LINE#         166
  C:0D07H         LINE#         167
  C:0D10H         LINE#         168
  C:0D19H         LINE#         169
  C:0D22H         LINE#         170
  C:0D2BH         LINE#         171
  C:0D34H         LINE#         172
  C:0D37H         LINE#         174
  C:0D3CH         LINE#         175
  C:0D44H         LINE#         176
  C:0D47H         LINE#         178
  C:0D47H         LINE#         179
  C:0D4FH         LINE#         180
  C:0D57H         LINE#         181
  C:0D5FH         LINE#         182
  C:0D67H         LINE#         183
  C:0D6FH         LINE#         184
  C:0D77H         LINE#         185
BL51 BANKED LINKER/LOCATER V6.22                                                      02/17/2017  20:25:02  PAGE 24


  C:0D7BH         LINE#         186
  C:0D7BH         LINE#         187
  C:0D7BH         LINE#         188
  C:0D7EH         LINE#         189
  C:0D7EH         LINE#         190
  C:0D86H         LINE#         191
  C:0D8BH         LINE#         192
  C:0D8BH         LINE#         193
  C:0D8DH         LINE#         195
  C:0D8DH         LINE#         196
  C:0D93H         LINE#         197
  C:0D9CH         LINE#         198
  C:0D9CH         LINE#         199
  C:0DA1H         LINE#         200
  C:0DA1H         LINE#         201
  C:0DA1H         LINE#         202
  -------         ENDPROC       _KEYDOWNDEAL
  -------         ENDMOD        KEY

  -------         MODULE        MAIN
  C:0000H         SYMBOL        _ICE_DUMMY_
  D:0091H         PUBLIC        P1M0
  C:177DH         PUBLIC        _DispatchMessage
  D:0092H         PUBLIC        P1M1
  D:0090H         PUBLIC        P1
  D:00A0H         PUBLIC        P2
  D:00B0H         PUBLIC        P3
  D:00F9H         PUBLIC        CH
  D:00A8H         PUBLIC        IE
  D:00E9H         PUBLIC        CL
  D:00FAH         PUBLIC        CCAP0H
  B:00D8H.6       PUBLIC        CR
  D:00EAH         PUBLIC        CCAP0L
  C:0DA2H         PUBLIC        Init
  D:00DAH         PUBLIC        CCAPM0
  D:00B8H         PUBLIC        IP
  B:0098H.0       PUBLIC        RI
  C:14B2H         PUBLIC        MainTask
  B:0098H.1       PUBLIC        TI
  D:003EH         PUBLIC        uiIsrTimerCount
  D:00D9H         PUBLIC        CMOD
  D:00D8H         PUBLIC        CCON
  C:1950H         PUBLIC        main
  C:181DH         PUBLIC        UsartInit
  D:0099H         PUBLIC        SBUF
  D:0087H         PUBLIC        PCON
  D:0098H         PUBLIC        SCON
  D:0089H         PUBLIC        TMOD
  D:0088H         PUBLIC        TCON
  X:004EH         PUBLIC        stLocalControl
  D:008EH         PUBLIC        AUXR
  B:0090H.3       PUBLIC        RST_BUS
  I:0041H         PUBLIC        byMainCmdQ
  B:0088H.7       PUBLIC        TF1
  D:008DH         PUBLIC        TH1
  D:008BH         PUBLIC        TL1
  B:0088H.6       PUBLIC        TR1
BL51 BANKED LINKER/LOCATER V6.22                                                      02/17/2017  20:25:02  PAGE 25


  D:00E1H         PUBLIC        WDT_CONTR
  C:19F8H         PUBLIC        _Send_Data_Byte
  B:00A8H.6       PUBLIC        EPCA_LVD
  B:0098H.4       PUBLIC        REN
  D:00C8H         PUBLIC        T2CON
  C:17ACH         PUBLIC        _Send_Data
  C:1A00H         PUBLIC        _GetMessage
  B:00B0H.0       PUBLIC        RXD
  B:00B0H.1       PUBLIC        TXD
  D:00D0H         PUBLIC        PSW
  -------         PROC          USARTINIT
  C:181DH         LINE#         34
  C:181DH         LINE#         35
  C:181DH         LINE#         37
  C:181FH         LINE#         38
  C:1821H         LINE#         39
  C:1824H         LINE#         41
  C:1827H         LINE#         42
  C:182AH         LINE#         43
  C:182DH         LINE#         44
  C:1830H         LINE#         45
  C:1833H         LINE#         46
  C:1836H         LINE#         47
  C:1838H         LINE#         48
  C:183AH         LINE#         50
  C:183CH         LINE#         51
  C:183EH         LINE#         52
  C:1840H         LINE#         54
  -------         ENDPROC       USARTINIT
  -------         PROC          _SEND_DATA
  D:0001H         SYMBOL        Databuf
  D:0005H         SYMBOL        l
  -------         DO            
  X:007DH         SYMBOL        i
  -------         ENDDO         
  C:17ACH         LINE#         58
  C:17ACH         LINE#         59
  C:17ACH         LINE#         62
  C:17B9H         LINE#         63
  C:17B9H         LINE#         64
  C:17BEH         LINE#         65
  C:17C1H         LINE#         66
  C:17C3H         LINE#         67
  C:17CAH         LINE#         68
  C:17D2H         LINE#         70
  -------         ENDPROC       _SEND_DATA
  -------         PROC          _SEND_DATA_BYTE
  D:0007H         SYMBOL        SendData
  C:19F8H         LINE#         72
  C:19F8H         LINE#         73
  C:19F8H         LINE#         75
  C:19FAH         LINE#         76
  C:19FDH         LINE#         77
  C:19FFH         LINE#         79
  -------         ENDPROC       _SEND_DATA_BYTE
  -------         PROC          INIT
  C:0DA2H         LINE#         96
BL51 BANKED LINKER/LOCATER V6.22                                                      02/17/2017  20:25:02  PAGE 26


  C:0DA2H         LINE#         97
  C:0DA2H         LINE#         98
  C:0DA5H         LINE#         99
  C:0DA8H         LINE#         100
  C:0DAAH         LINE#         101
  C:0DACH         LINE#         102
  C:0DAFH         LINE#         103
  C:0DB3H         LINE#         105
  C:0DB6H         LINE#         107
  C:0DB8H         LINE#         109
  C:0DBAH         LINE#         111
  C:0DBDH         LINE#         114
  C:0DC0H         LINE#         115
  C:0DC3H         LINE#         121
  C:0DC5H         LINE#         124
  C:0DCAH         LINE#         125
  C:0DD4H         LINE#         126
  C:0DD4H         LINE#         127
  C:0DD7H         LINE#         128
  C:0DD9H         LINE#         130
  C:0DD9H         LINE#         131
  C:0DE2H         LINE#         132
  C:0DEBH         LINE#         133
  C:0DF4H         LINE#         134
  C:0DFDH         LINE#         135
  C:0E06H         LINE#         136
  C:0E0FH         LINE#         137
  C:0E18H         LINE#         138
  C:0E21H         LINE#         139
  C:0E2AH         LINE#         140
  C:0E33H         LINE#         141
  C:0E3CH         LINE#         142
  C:0E45H         LINE#         143
  C:0E4EH         LINE#         144
  C:0E4EH         LINE#         148
  C:0E51H         LINE#         150
  C:0E54H         LINE#         152
  C:0E56H         LINE#         153
  C:0E58H         LINE#         155
  C:0E60H         LINE#         156
  C:0E67H         LINE#         157
  C:0E67H         LINE#         158
  C:0E69H         LINE#         159
  C:0E6BH         LINE#         161
  C:0E6BH         LINE#         162
  C:0E70H         LINE#         163
  C:0E70H         LINE#         164
  C:0E76H         LINE#         165
  C:0E7CH         LINE#         168
  C:0E7FH         LINE#         169
  -------         ENDPROC       INIT
  -------         PROC          _GETMESSAGE
  D:0007H         SYMBOL        Msg
  C:1A00H         LINE#         186
  C:1A00H         LINE#         187
  C:1A00H         LINE#         188
  -------         ENDPROC       _GETMESSAGE
BL51 BANKED LINKER/LOCATER V6.22                                                      02/17/2017  20:25:02  PAGE 27


  -------         PROC          _DISPATCHMESSAGE
  D:0037H         SYMBOL        Msg
  C:177DH         LINE#         205
  C:177FH         LINE#         206
  C:177FH         LINE#         207
  C:1797H         LINE#         208
  C:1797H         LINE#         209
  C:1797H         LINE#         210
  C:179AH         LINE#         211
  C:179AH         LINE#         212
  C:179AH         LINE#         213
  C:179DH         LINE#         214
  C:179DH         LINE#         215
  C:179DH         LINE#         216
  C:17A5H         LINE#         217
  C:17A5H         LINE#         218
  C:17A5H         LINE#         219
  C:17A8H         LINE#         220
  C:17A8H         LINE#         221
  C:17A8H         LINE#         222
  C:17ABH         LINE#         223
  C:17ABH         LINE#         224
  C:17ABH         LINE#         225
  -------         ENDPROC       _DISPATCHMESSAGE
  -------         PROC          MAINTASK
  -------         DO            
  D:003DH         SYMBOL        Msg
  -------         ENDDO         
  C:14B2H         LINE#         241
  C:14B2H         LINE#         242
  C:14B2H         LINE#         246
  C:14B5H         LINE#         248
  C:14BCH         LINE#         250
  C:14BFH         LINE#         252
  C:14CBH         LINE#         253
  C:14D7H         LINE#         254
  C:14E3H         LINE#         255
  C:14EFH         LINE#         257
  C:14F2H         LINE#         258
  C:14F2H         LINE#         259
  C:14F2H         LINE#         260
  C:14F7H         LINE#         261
  C:14FCH         LINE#         262
  C:14FFH         LINE#         264
  -------         ENDPROC       MAINTASK
  -------         PROC          MAIN
  C:1950H         LINE#         281
  C:1950H         LINE#         282
  C:1950H         LINE#         284
  C:1953H         LINE#         286
  C:195EH         LINE#         287
  C:195EH         LINE#         288
  C:195EH         LINE#         289
  C:1961H         LINE#         290
  -------         ENDPROC       MAIN
  -------         ENDMOD        MAIN

BL51 BANKED LINKER/LOCATER V6.22                                                      02/17/2017  20:25:02  PAGE 28


  -------         MODULE        SINGLEBUS
  C:0000H         SYMBOL        _ICE_DUMMY_
  C:1923H         PUBLIC        TimerOutManager
  D:0008H         PUBLIC        byBus0DisableCount
  D:0090H         PUBLIC        P1
  D:00B1H         PUBLIC        P3M0
  D:00A0H         PUBLIC        P2
  D:00B2H         PUBLIC        P3M1
  D:00B0H         PUBLIC        P3
  B:00A8H.7       PUBLIC        EA
  B:0022H.5       PUBLIC        SET_BY_SERIAL_FLAG
  B:0020H.2       PUBLIC        bBus0Enable
  D:00A8H         PUBLIC        IE
  X:0000H         PUBLIC        TimerCount
  B:00B0H.7       PUBLIC        Bus0SendPin
  B:0090H.6       PUBLIC        LED_RED
  D:0009H         PUBLIC        byBus0TxTail
  D:00DAH         PUBLIC        CCAPM0
  B:0020H.1       PUBLIC        bBus0OnRec
  D:00B8H         PUBLIC        IP
  B:0020H.5       PUBLIC        bBus0OnSendFreq
  B:00B0H.2       PUBLIC        Bus0RecPin
  D:000AH         PUBLIC        byBus0RecTimeOut
  B:0022H.6       PUBLIC        bCalling
  B:0022H.7       PUBLIC        bLanding
  D:00D8H         PUBLIC        CCON
  C:18A3H         PUBLIC        Bus0RecInt
  C:13B8H         PUBLIC        ReadParameter
  C:1864H         PUBLIC        Bus0Manage
  C:171CH         PUBLIC        SingleBusInit
  X:0002H         PUBLIC        SET_BY_SERIAL_COUNT1
  B:0090H.7       PUBLIC        LED_GREEN
  B:0020H.4       PUBLIC        bBus0OnSendBit
  B:0021H.2       PUBLIC        bBus0SendFinish
  D:0098H         PUBLIC        SCON
  B:0021H.1       PUBLIC        bBus0RecBit9
  D:0089H         PUBLIC        TMOD
  D:0088H         PUBLIC        TCON
  X:0004H         PUBLIC        BusLowDTime
  C:092FH         PUBLIC        TimerOutDeal
  C:1210H         PUBLIC        SaveParameter
  B:0088H.1       PUBLIC        IE0
  B:0021H.0       PUBLIC        bBus0RecFinish
  D:008EH         PUBLIC        AUXR
  B:0023H.0       PUBLIC        bBus0SndBitOk
  D:000BH         PUBLIC        byBus0SendData
  B:0090H.3       PUBLIC        RST_BUS
  C:158CH         PUBLIC        _AddrCompare
  B:00A8H.1       PUBLIC        ET0
  B:0088H.5       PUBLIC        TF0
  B:0020H.7       PUBLIC        bBus0Error
  D:008CH         PUBLIC        TH0
  B:00A8H.0       PUBLIC        EX0
  B:0088H.0       PUBLIC        IT0
  D:008AH         PUBLIC        TL0
  D:0012H         PUBLIC        byBus0RecData
  D:0019H         PUBLIC        byBus0SendCount
BL51 BANKED LINKER/LOCATER V6.22                                                      02/17/2017  20:25:02  PAGE 29


  D:00E7H         PUBLIC        ISP_CONTR
  B:0088H.4       PUBLIC        TR0
  X:0005H         PUBLIC        byBus0TxQ
  D:00E1H         PUBLIC        WDT_CONTR
  B:0020H.6       PUBLIC        bBus0SendError
  C:145FH         PUBLIC        Bus0SendDeal
  C:0036H         PUBLIC        Timer0Int
  D:001AH         PUBLIC        byBus0RecCount
  D:001BH         PUBLIC        byBus0SendBuf
  D:00C8H         PUBLIC        T2CON
  C:1649H         PUBLIC        _DirAddrCompare
  B:0021H.4       PUBLIC        bBus0SendBit
  B:0020H.0       PUBLIC        bBus0StartRec
  D:0020H         PUBLIC        byBus0State0
  C:128CH         PUBLIC        _Bus0OutputData
  D:001CH         PUBLIC        byBus0RecSendCount
  D:0021H         PUBLIC        byBus0State1
  C:068DH         PUBLIC        Bus0RecDeal
  D:001DH         PUBLIC        byBus0RecBuf
  B:0020H.3       PUBLIC        bBus0ReqSend
  X:004CH         PUBLIC        SET_BY_SERIAL_COUNT
  B:0021H.3       PUBLIC        bBus0Disable
  D:001EH         PUBLIC        byBus0TxHead
  D:00D0H         PUBLIC        PSW
  C:19D3H         PUBLIC        _MakeCH0TimerOut
  D:001FH         PUBLIC        byBus0SendStopCount
  B:0021H.5       PUBLIC        bBus0RecBit
  -------         PROC          SINGLEBUSINIT
  C:171CH         LINE#         97
  C:171CH         LINE#         98
  C:171CH         LINE#         100
  C:171FH         LINE#         101
  C:1722H         LINE#         102
  C:1725H         LINE#         103
  C:1728H         LINE#         105
  C:172AH         LINE#         106
  C:172CH         LINE#         115
  C:172FH         LINE#         116
  C:1732H         LINE#         117
  C:1735H         LINE#         120
  C:1737H         LINE#         121
  C:173AH         LINE#         122
  C:173CH         LINE#         123
  C:173EH         LINE#         125
  C:1741H         LINE#         126
  C:1743H         LINE#         127
  C:1745H         LINE#         128
  C:1748H         LINE#         129
  C:1748H         LINE#         130
  C:174AH         LINE#         131
  C:174BH         LINE#         133
  C:174BH         LINE#         134
  C:174DH         LINE#         135
  C:174DH         LINE#         136
  -------         ENDPROC       SINGLEBUSINIT
  -------         PROC          BUS0RECINT
  C:18A3H         LINE#         153
BL51 BANKED LINKER/LOCATER V6.22                                                      02/17/2017  20:25:02  PAGE 30


  C:18ABH         LINE#         155
  C:18ADH         LINE#         156
  C:18AFH         LINE#         157
  C:18B1H         LINE#         158
  C:18B4H         LINE#         159
  C:18B9H         LINE#         160
  -------         ENDPROC       BUS0RECINT
  -------         PROC          TIMER0INT
  C:0036H         LINE#         178
  C:0053H         LINE#         180
  C:0055H         LINE#         181
  C:0058H         LINE#         182
  C:005BH         LINE#         183
  C:005DH         LINE#         185
  C:0061H         LINE#         188
  C:0064H         LINE#         189
  C:0064H         LINE#         190
  C:006AH         LINE#         191
  C:0073H         LINE#         192
  C:0073H         LINE#         193
  C:0075H         LINE#         194
  C:0077H         LINE#         195
  C:007AH         LINE#         196
  C:007AH         LINE#         197
  C:0080H         LINE#         198
  C:0080H         LINE#         199
  C:0083H         LINE#         200
  C:0085H         LINE#         201
  C:0087H         LINE#         202
  C:0087H         LINE#         203
  C:008AH         LINE#         204
  C:008DH         LINE#         205
  C:008DH         LINE#         206
  C:008FH         LINE#         208
  C:008FH         LINE#         209
  C:0091H         LINE#         210
  C:0091H         LINE#         211
  C:0091H         LINE#         212
  C:0094H         LINE#         213
  C:009AH         LINE#         214
  C:009AH         LINE#         215
  C:00A0H         LINE#         216
  C:00A9H         LINE#         217
  C:00A9H         LINE#         218
  C:00ACH         LINE#         219
  C:00AEH         LINE#         220
  C:00B7H         LINE#         221
  C:00B7H         LINE#         222
  C:00B9H         LINE#         223
  C:00BCH         LINE#         224
  C:00BCH         LINE#         225
  C:00C8H         LINE#         226
  C:00C8H         LINE#         227
  C:00CBH         LINE#         228
  C:00CEH         LINE#         229
  C:00D0H         LINE#         231
  C:00D0H         LINE#         232
BL51 BANKED LINKER/LOCATER V6.22                                                      02/17/2017  20:25:02  PAGE 31


  C:00D3H         LINE#         233
  C:00DDH         LINE#         234
  C:00E3H         LINE#         235
  C:00EAH         LINE#         236
  C:00EAH         LINE#         237
  C:00EDH         LINE#         238
  C:00F3H         LINE#         239
  C:00F3H         LINE#         240
  C:00F5H         LINE#         241
  C:00F5H         LINE#         242
  C:00F8H         LINE#         243
  C:00FBH         LINE#         244
  C:00FDH         LINE#         245
  C:00FDH         LINE#         246
  C:00FDH         LINE#         247
  C:0100H         LINE#         248
  C:0104H         LINE#         249
  C:0106H         LINE#         251
  C:0106H         LINE#         252
  C:0108H         LINE#         253
  C:010EH         LINE#         254
  C:010EH         LINE#         255
  C:0111H         LINE#         256
  C:0113H         LINE#         257
  C:0115H         LINE#         258
  C:0115H         LINE#         259
  C:0118H         LINE#         260
  C:0118H         LINE#         261
  C:011AH         LINE#         262
  C:011DH         LINE#         263
  C:011DH         LINE#         264
  C:0121H         LINE#         265
  C:0123H         LINE#         267
  C:0123H         LINE#         268
  C:0129H         LINE#         269
  C:012CH         LINE#         270
  C:012CH         LINE#         271
  C:012FH         LINE#         272
  C:012FH         LINE#         273
  C:012FH         LINE#         274
  C:012FH         LINE#         275
  C:012FH         LINE#         277
  C:0137H         LINE#         278
  C:0137H         LINE#         279
  C:013AH         LINE#         280
  C:013AH         LINE#         281
  C:013CH         LINE#         282
  C:013EH         LINE#         283
  C:0140H         LINE#         284
  C:0143H         LINE#         285
  C:014DH         LINE#         286
  C:014FH         LINE#         287
  C:0152H         LINE#         289
  C:0152H         LINE#         290
  C:0155H         LINE#         291
  C:0157H         LINE#         292
  C:015AH         LINE#         293
BL51 BANKED LINKER/LOCATER V6.22                                                      02/17/2017  20:25:02  PAGE 32


  C:015CH         LINE#         294
  C:015FH         LINE#         295
  C:015FH         LINE#         296
  C:0162H         LINE#         297
  C:0168H         LINE#         298
  C:0168H         LINE#         299
  C:016EH         LINE#         300
  C:0174H         LINE#         301
  C:0174H         LINE#         302
  C:0181H         LINE#         304
  C:0181H         LINE#         305
  C:0184H         LINE#         306
  C:0187H         LINE#         307
  C:0189H         LINE#         308
  C:018BH         LINE#         309
  C:018EH         LINE#         310
  C:0190H         LINE#         311
  C:0190H         LINE#         312
  C:0192H         LINE#         314
  C:0195H         LINE#         315
  C:0195H         LINE#         317
  C:019AH         LINE#         318
  C:019AH         LINE#         319
  C:019CH         LINE#         321
  C:019FH         LINE#         322
  C:01A1H         LINE#         323
  C:01A9H         LINE#         324
  C:01A9H         LINE#         325
  C:01B2H         LINE#         326
  C:01B7H         LINE#         327
  C:01B9H         LINE#         328
  C:01BCH         LINE#         329
  C:01BCH         LINE#         330
  C:01BEH         LINE#         331
  C:01C0H         LINE#         332
  C:01C2H         LINE#         333
  C:01CAH         LINE#         334
  C:01CAH         LINE#         335
  C:01CCH         LINE#         336
  C:01CEH         LINE#         337
  C:01D7H         LINE#         338
  C:01D7H         LINE#         339
  C:01DAH         LINE#         340
  C:01DDH         LINE#         341
  C:01E0H         LINE#         342
  C:01E3H         LINE#         343
  C:01E6H         LINE#         344
  C:01E8H         LINE#         346
  C:01E8H         LINE#         347
  C:01EBH         LINE#         348
  C:01EDH         LINE#         349
  C:01EDH         LINE#         350
  C:01F1H         LINE#         351
  C:01F3H         LINE#         353
  C:01F3H         LINE#         354
  C:01F8H         LINE#         355
  C:01F8H         LINE#         356
BL51 BANKED LINKER/LOCATER V6.22                                                      02/17/2017  20:25:02  PAGE 33


  C:01FAH         LINE#         357
  C:01FCH         LINE#         358
  C:01FEH         LINE#         360
  C:01FEH         LINE#         361
  C:0200H         LINE#         362
  C:0202H         LINE#         363
  C:0202H         LINE#         364
  C:0208H         LINE#         365
  C:0208H         LINE#         366
  C:0208H         LINE#         367
  C:0208H         LINE#         376
  C:0208H         LINE#         378
  C:020EH         LINE#         379
  C:020EH         LINE#         380
  C:0212H         LINE#         381
  C:0212H         LINE#         382
  C:0215H         LINE#         383
  C:0215H         LINE#         384
  C:0217H         LINE#         385
  C:0217H         LINE#         386
  C:0217H         LINE#         387
  C:021AH         LINE#         388
  C:021AH         LINE#         389
  C:021CH         LINE#         390
  C:021FH         LINE#         391
  C:021FH         LINE#         392
  C:0221H         LINE#         393
  C:0225H         LINE#         394
  C:0228H         LINE#         395
  C:0228H         LINE#         396
  C:0228H         LINE#         397
  C:0228H         LINE#         399
  C:022CH         LINE#         400
  C:022CH         LINE#         401
  C:022FH         LINE#         402
  C:022FH         LINE#         403
  C:0232H         LINE#         404
  C:0232H         LINE#         405
  C:0232H         LINE#         406
  C:0236H         LINE#         407
  C:0236H         LINE#         408
  C:0239H         LINE#         409
  C:0239H         LINE#         410
  C:023BH         LINE#         411
  C:023BH         LINE#         412
  C:023BH         LINE#         414
  C:0244H         LINE#         415
  C:0244H         LINE#         416
  C:0247H         LINE#         417
  C:0247H         LINE#         418
  C:0249H         LINE#         419
  C:0249H         LINE#         420
  C:024CH         LINE#         422
  C:024CH         LINE#         423
  C:0255H         LINE#         424
  C:0255H         LINE#         425
  C:0279H         LINE#         426
BL51 BANKED LINKER/LOCATER V6.22                                                      02/17/2017  20:25:02  PAGE 34


  C:0279H         LINE#         427
  C:0287H         LINE#         428
  C:0297H         LINE#         429
  C:02A5H         LINE#         430
  C:02B6H         LINE#         431
  C:02C4H         LINE#         432
  C:02D5H         LINE#         433
  C:02E3H         LINE#         434
  C:02F4H         LINE#         435
  C:0302H         LINE#         436
  C:0313H         LINE#         437
  C:0321H         LINE#         438
  C:0332H         LINE#         439
  C:0340H         LINE#         440
  C:0351H         LINE#         441
  C:0354H         LINE#         442
  C:0356H         LINE#         444
  C:0356H         LINE#         445
  C:035CH         LINE#         446
  C:035CH         LINE#         447
  C:035CH         LINE#         448
  C:035CH         LINE#         449
  C:035CH         LINE#         450
  -------         ENDPROC       TIMER0INT
  -------         PROC          _BUS0OUTPUTDATA
  D:0039H         SYMBOL        pbyData
  -------         DO            
  D:003CH         SYMBOL        byTemp
  -------         ENDDO         
  C:128CH         LINE#         466
  C:1292H         LINE#         467
  C:1292H         LINE#         468
  C:1295H         LINE#         470
  C:1299H         LINE#         471
  C:12B7H         LINE#         472
  C:12B7H         LINE#         473
  C:12BCH         LINE#         474
  C:12BFH         LINE#         475
  C:12BFH         LINE#         476
  C:12C6H         LINE#         477
  C:12C6H         LINE#         478
  C:12E5H         LINE#         479
  C:12F6H         LINE#         480
  C:12F8H         LINE#         481
  C:12FDH         LINE#         482
  C:12FFH         LINE#         483
  -------         ENDPROC       _BUS0OUTPUTDATA
  C:1586H         SYMBOL        L?0196
  -------         PROC          L?0195
  -------         ENDPROC       L?0195
  C:1586H         SYMBOL        L?0196
  -------         PROC          _ADDRCOMPARE
  D:0001H         SYMBOL        pstBusFreq
  C:158CH         LINE#         499
  C:158CH         LINE#         500
  C:158CH         LINE#         501
  C:159DH         LINE#         502
BL51 BANKED LINKER/LOCATER V6.22                                                      02/17/2017  20:25:02  PAGE 35


  C:159DH         LINE#         503
  C:159FH         LINE#         504
  C:159FH         LINE#         505
  C:15B0H         LINE#         506
  C:15B0H         LINE#         507
  C:15B2H         LINE#         508
  C:15B2H         LINE#         509
  C:15C3H         LINE#         510
  C:15C3H         LINE#         511
  C:15C5H         LINE#         512
  C:15C5H         LINE#         513
  C:15C6H         LINE#         514
  -------         ENDPROC       _ADDRCOMPARE
  C:1643H         SYMBOL        L?0198
  -------         PROC          L?0197
  -------         ENDPROC       L?0197
  C:1643H         SYMBOL        L?0198
  -------         PROC          _DIRADDRCOMPARE
  D:0001H         SYMBOL        pstBusFreq
  C:1649H         LINE#         530
  C:1649H         LINE#         531
  C:1649H         LINE#         532
  C:1657H         LINE#         533
  C:1657H         LINE#         534
  C:1659H         LINE#         535
  C:1659H         LINE#         536
  C:1667H         LINE#         537
  C:1667H         LINE#         538
  C:1669H         LINE#         539
  C:1669H         LINE#         540
  C:1677H         LINE#         541
  C:1677H         LINE#         542
  C:1679H         LINE#         543
  C:1679H         LINE#         544
  C:167AH         LINE#         545
  -------         ENDPROC       _DIRADDRCOMPARE
  -------         PROC          _MAKECH0TIMEROUT
  D:0007H         SYMBOL        byTimerOut
  D:0005H         SYMBOL        byTimerOutCount
  C:19D3H         LINE#         561
  C:19D3H         LINE#         562
  C:19D3H         LINE#         563
  C:19D8H         LINE#         564
  C:19DAH         LINE#         565
  C:19DDH         LINE#         566
  -------         ENDPROC       _MAKECH0TIMEROUT
  -------         PROC          SAVEPARAMETER
  C:1210H         LINE#         583
  C:1210H         LINE#         584
  C:1210H         LINE#         585
  C:1217H         LINE#         586
  C:1226H         LINE#         587
  C:122CH         LINE#         588
  C:1231H         LINE#         589
  C:1237H         LINE#         590
  C:123CH         LINE#         591
  C:1246H         LINE#         592
BL51 BANKED LINKER/LOCATER V6.22                                                      02/17/2017  20:25:02  PAGE 36


  C:1246H         LINE#         593
  C:126AH         LINE#         594
  C:126CH         LINE#         595
  C:126FH         LINE#         598
  C:1274H         LINE#         599
  C:127BH         LINE#         600
  C:1280H         LINE#         601
  C:1289H         LINE#         602
  -------         ENDPROC       SAVEPARAMETER
  -------         PROC          READPARAMETER
  C:13B8H         LINE#         622
  C:13B8H         LINE#         623
  C:13B8H         LINE#         624
  C:13BFH         LINE#         625
  C:13CEH         LINE#         626
  C:13D4H         LINE#         627
  C:13D9H         LINE#         628
[...]
  C:0863H         LINE#         782
  C:0863H         LINE#         784
  C:0863H         LINE#         785
  C:0872H         LINE#         786
  C:0872H         LINE#         788
  C:0872H         LINE#         789
  C:0881H         LINE#         790
  C:0881H         LINE#         792
  C:0881H         LINE#         794
  C:0889H         LINE#         795
  C:0891H         LINE#         796
  C:0899H         LINE#         797
  C:089FH         LINE#         798
  C:08A5H         LINE#         799
  C:08A8H         LINE#         800
  C:08A8H         LINE#         801
  C:08B0H         LINE#         802
  C:08B8H         LINE#         803
  C:08C0H         LINE#         804
  C:08C4H         LINE#         805
  C:08CCH         LINE#         806
  C:08D4H         LINE#         807
  C:08DCH         LINE#         808
  C:08E2H         LINE#         809
  C:08E4H         LINE#         810
  C:08E4H         LINE#         836
  C:08EAH         LINE#         837
BL51 BANKED LINKER/LOCATER V6.22                                                      02/17/2017  20:25:02  PAGE 39


  C:08EAH         LINE#         838
  C:08ECH         LINE#         839
  C:08F1H         LINE#         840
  C:08F1H         LINE#         843
  C:08F1H         LINE#         844
  C:08F1H         LINE#         845
  C:08F9H         LINE#         846
  C:08FCH         LINE#         847
  C:08FCH         LINE#         848
  C:08FCH         LINE#         849
  C:0904H         LINE#         850
  C:090CH         LINE#         851
  C:0914H         LINE#         852
  C:091AH         LINE#         853
  C:091DH         LINE#         854
  C:091FH         LINE#         855
  C:0925H         LINE#         856
  C:092EH         LINE#         857
  C:092EH         LINE#         858
  C:092EH         LINE#         859
  -------         ENDPROC       BUS0RECDEAL
  -------         PROC          BUS0SENDDEAL
  C:145FH         LINE#         877
  C:145FH         LINE#         878
  C:145FH         LINE#         880
  C:1463H         LINE#         881
  C:1476H         LINE#         882
  C:1478H         LINE#         883
  C:147DH         LINE#         884
  C:148DH         LINE#         885
  C:148DH         LINE#         886
  C:148DH         LINE#         887
  C:1490H         LINE#         888
  C:1490H         LINE#         889
  C:1497H         LINE#         890
  C:1497H         LINE#         891
  C:1497H         LINE#         892
  C:1497H         LINE#         893
  C:149EH         LINE#         894
  C:149EH         LINE#         895
  C:14A0H         LINE#         896
  C:14A2H         LINE#         898
  C:14A2H         LINE#         899
  C:14A7H         LINE#         900
  C:14A7H         LINE#         901
  C:14A9H         LINE#         902
  C:14AAH         LINE#         903
  C:14AAH         LINE#         904
  C:14ACH         LINE#         905
  C:14AFH         LINE#         906
  C:14B1H         LINE#         907
  C:14B1H         LINE#         908
  C:14B1H         LINE#         909
  -------         ENDPROC       BUS0SENDDEAL
  -------         PROC          BUS0MANAGE
  C:1864H         LINE#         925
  C:1864H         LINE#         926
BL51 BANKED LINKER/LOCATER V6.22                                                      02/17/2017  20:25:02  PAGE 40


  C:1864H         LINE#         927
  C:1864H         LINE#         928
  C:1864H         LINE#         929
  C:1867H         LINE#         930
  C:1867H         LINE#         931
  C:186EH         LINE#         932
  C:186EH         LINE#         933
  C:1871H         LINE#         934
  C:1871H         LINE#         935
  C:1878H         LINE#         936
  C:1878H         LINE#         937
  C:187FH         LINE#         938
  C:1882H         LINE#         939
  -------         ENDPROC       BUS0MANAGE
  -------         PROC          TIMEROUTDEAL
  -------         DO            
  C:0AD3H         SYMBOL        Bus0BugRet
  -------         ENDDO         
  C:092FH         LINE#         972
  C:092FH         LINE#         973
  C:092FH         LINE#         976
  C:0935H         LINE#         977
  C:0935H         LINE#         978
  C:0937H         LINE#         979
  C:093AH         LINE#         980
  C:093AH         LINE#         981
  C:093EH         LINE#         982
  C:093EH         LINE#         983
  C:0941H         LINE#         984
  C:0941H         LINE#         985
  C:0941H         LINE#         986
  C:0941H         LINE#         987
  C:0941H         LINE#         988
  C:0941H         LINE#         989
  C:0941H         LINE#         990
  C:0941H         LINE#         991
  C:0941H         LINE#         992
  C:0941H         LINE#         994
  C:0941H         LINE#         995
  C:0943H         LINE#         997
  C:0943H         LINE#         998
  C:0949H         LINE#         999
  C:094CH         LINE#         1000
  C:094CH         LINE#         1001
  C:094FH         LINE#         1002
  C:094FH         LINE#         1003
  C:0955H         LINE#         1004
  C:095DH         LINE#         1005
  C:0965H         LINE#         1006
  C:0969H         LINE#         1007
  C:0971H         LINE#         1008
  C:0979H         LINE#         1009
  C:0981H         LINE#         1010
  C:098AH         LINE#         1011
  C:098AH         LINE#         1012
  C:098CH         LINE#         1014
  C:098CH         LINE#         1015
BL51 BANKED LINKER/LOCATER V6.22                                                      02/17/2017  20:25:02  PAGE 41


  C:0992H         LINE#         1016
  C:0992H         LINE#         1017
  C:0992H         LINE#         1018
  C:0992H         LINE#         1019
  C:0992H         LINE#         1020
  C:099AH         LINE#         1021
  C:099AH         LINE#         1022
  C:09A0H         LINE#         1023
  C:09A7H         LINE#         1024
  C:09A7H         LINE#         1025
  C:09A9H         LINE#         1026
  C:09AFH         LINE#         1027
  C:09AFH         LINE#         1028
  C:09AFH         LINE#         1033
  C:09B2H         LINE#         1034
  C:09B2H         LINE#         1035
  C:09C0H         LINE#         1036
  C:09C2H         LINE#         1037
  C:09C9H         LINE#         1039
  C:09D8H         LINE#         1040
  C:09D8H         LINE#         1041
  C:09DAH         LINE#         1042
  C:09DEH         LINE#         1043
  C:09E2H         LINE#         1044
  C:09F1H         LINE#         1045
  C:09F3H         LINE#         1046
  C:09F3H         LINE#         1047
  C:09F6H         LINE#         1048
  C:09F6H         LINE#         1049
  C:0A04H         LINE#         1050
  C:0A06H         LINE#         1051
  C:0A0DH         LINE#         1054
  C:0A1CH         LINE#         1055
  C:0A1CH         LINE#         1056
  C:0A1EH         LINE#         1057
  C:0A22H         LINE#         1058
  C:0A26H         LINE#         1059
  C:0A2EH         LINE#         1060
  C:0A2EH         LINE#         1064
  C:0A34H         LINE#         1065
  C:0A34H         LINE#         1066
  C:0A42H         LINE#         1067
  C:0A42H         LINE#         1068
  C:0A51H         LINE#         1069
  C:0A51H         LINE#         1070
  C:0A55H         LINE#         1071
  C:0A57H         LINE#         1072
  C:0A59H         LINE#         1073
  C:0A5BH         LINE#         1074
  C:0A5BH         LINE#         1078
  C:0A5EH         LINE#         1079
  C:0A5EH         LINE#         1080
  C:0A5EH         LINE#         1081
  C:0A60H         LINE#         1083
  C:0A60H         LINE#         1084
  C:0A66H         LINE#         1085
  C:0A66H         LINE#         1086
BL51 BANKED LINKER/LOCATER V6.22                                                      02/17/2017  20:25:02  PAGE 42


  C:0A6AH         LINE#         1087
  C:0A6AH         LINE#         1088
  C:0A6CH         LINE#         1089
  C:0A6EH         LINE#         1090
  C:0A75H         LINE#         1092
  C:0A78H         LINE#         1093
  C:0A78H         LINE#         1095
  C:0A78H         LINE#         1096
  C:0A7AH         LINE#         1097
  C:0A7CH         LINE#         1098
  C:0A7FH         LINE#         1099
  C:0A84H         LINE#         1100
  C:0A8BH         LINE#         1102
  C:0A8EH         LINE#         1103
  C:0A93H         LINE#         1104
  C:0A9AH         LINE#         1106
  C:0A9DH         LINE#         1109
  C:0A9FH         LINE#         1110
  C:0AA5H         LINE#         1112
  C:0AAAH         LINE#         1113
  C:0AAAH         LINE#         1117
  C:0AAAH         LINE#         1118
  C:0AACH         LINE#         1119
  C:0AAEH         LINE#         1122
  C:0AAEH         LINE#         1124
  C:0AB0H         LINE#         1125
  C:0AB2H         LINE#         1127
  C:0AB7H         LINE#         1128
  C:0ABEH         LINE#         1129
  C:0AC1H         LINE#         1130
  C:0AC6H         LINE#         1131
  C:0ACDH         LINE#         1132
  C:0AD0H         LINE#         1134
  C:0AD3H         LINE#         1138
  C:0AD3H         LINE#         1139
  C:0AD8H         LINE#         1140
  C:0ADAH         LINE#         1141
  C:0ADCH         LINE#         1142
  C:0AE2H         LINE#         1144
  C:0AE2H         LINE#         1145
  C:0AE2H         LINE#         1146
  C:0AE2H         LINE#         1147
  C:0AE2H         LINE#         1148
  -------         ENDPROC       TIMEROUTDEAL
  -------         PROC          TIMEROUTMANAGER
  C:1923H         LINE#         1164
  C:1923H         LINE#         1165
  C:1923H         LINE#         1166
  C:1923H         LINE#         1167
  C:1923H         LINE#         1168
  C:192AH         LINE#         1169
  C:192EH         LINE#         1170
  C:192EH         LINE#         1171
  C:192EH         LINE#         1172
  C:192EH         LINE#         1174
  C:192EH         LINE#         1175
  C:1935H         LINE#         1176
BL51 BANKED LINKER/LOCATER V6.22                                                      02/17/2017  20:25:02  PAGE 43


  C:1935H         LINE#         1177
  C:1938H         LINE#         1178
  -------         ENDPROC       TIMEROUTMANAGER
  -------         ENDMOD        SINGLEBUS

  -------         MODULE        IR
  C:0000H         SYMBOL        _ICE_DUMMY_
  D:0090H         PUBLIC        P1
  D:00A0H         PUBLIC        P2
  D:00B0H         PUBLIC        P3
  B:0022H.0       PUBLIC        IR_SET_BY_SERIAL_FLAG
  C:193AH         PUBLIC        IRRecManage
  B:0022H.1       PUBLIC        FiveSec_Flag
  D:00A8H         PUBLIC        IE
  B:00A8H.4       PUBLIC        ES
  D:00B8H         PUBLIC        IP
  B:0022H.2       PUBLIC        IRHaveRec_Flag
  B:0098H.0       PUBLIC        RI
  B:0098H.1       PUBLIC        TI
  D:00D8H         PUBLIC        CCON
  C:0AE3H         PUBLIC        comm
  C:0E84H         PUBLIC        IRRecDeal
  D:0099H         PUBLIC        SBUF
  D:0087H         PUBLIC        PCON
  C:16B2H         PUBLIC        IRInit
  D:0098H         PUBLIC        SCON
  D:0088H         PUBLIC        TCON
  X:006EH         PUBLIC        IRDATA
  X:0074H         PUBLIC        IRByteCount
  B:0022H.3       PUBLIC        IRByteEnd
  D:008DH         PUBLIC        TH1
  D:008BH         PUBLIC        TL1
  B:0088H.6       PUBLIC        TR1
  D:00E1H         PUBLIC        WDT_CONTR
  D:00C8H         PUBLIC        T2CON
  X:0075H         PUBLIC        IRDATASum
  X:0076H         PUBLIC        TEMPIRDATA
  B:0022H.4       PUBLIC        NurseComeHave_Flag
  D:00D0H         PUBLIC        PSW
  X:007CH         PUBLIC        MoveFjNum
  -------         PROC          IRINIT
  C:16B2H         LINE#         38
  C:16B2H         LINE#         39
  C:16B2H         LINE#         40
  C:16B5H         LINE#         41
  C:16B8H         LINE#         42
  C:16BBH         LINE#         43
  C:16BEH         LINE#         44
  C:16C0H         LINE#         45
  C:16C2H         LINE#         46
  C:16C4H         LINE#         47
  C:16C6H         LINE#         48
  C:16CBH         LINE#         49
  C:16CDH         LINE#         50
  C:16DAH         LINE#         51
  -------         ENDPROC       IRINIT
  -------         PROC          COMM
BL51 BANKED LINKER/LOCATER V6.22                                                      02/17/2017  20:25:02  PAGE 44


  C:0AE3H         LINE#         69
  C:0B02H         LINE#         71
  C:0B08H         LINE#         72
  C:0B08H         LINE#         73
  C:0B0AH         LINE#         74
  C:0B1BH         LINE#         75
  C:0B37H         LINE#         76
  C:0B3DH         LINE#         77
  C:0B42H         LINE#         78
  C:0B42H         LINE#         79
  C:0B58H         LINE#         80
  C:0B64H         LINE#         81
  C:0B64H         LINE#         82
  C:0B66H         LINE#         83
  C:0B66H         LINE#         84
  C:0B66H         LINE#         85
  C:0B66H         LINE#         86
  C:0B68H         LINE#         87
  C:0B7BH         LINE#         88
  C:0B7BH         LINE#         89
  C:0B7DH         LINE#         90
  C:0B8CH         LINE#         91
  C:0B9BH         LINE#         92
  C:0B9BH         LINE#         93
  C:0BA0H         LINE#         94
  C:0BA0H         LINE#         95
  C:0BB7H         LINE#         96
  C:0BB7H         LINE#         97
  C:0BB8H         LINE#         98
  C:0BBFH         LINE#         99
  C:0BBFH         LINE#         100
  C:0BDAH         LINE#         101
  C:0BE1H         LINE#         102
  C:0BE1H         LINE#         103
  C:0BE5H         LINE#         104
  C:0BE7H         LINE#         105
  C:0BE9H         LINE#         106
  C:0BF8H         LINE#         107
  C:0BF8H         LINE#         108
  C:0BFAH         LINE#         110
  C:0BFAH         LINE#         111
  C:0BFCH         LINE#         112
  C:0C01H         LINE#         113
  C:0C0EH         LINE#         114
  C:0C1AH         LINE#         115
  C:0C1AH         LINE#         116
  C:0C1CH         LINE#         118
  C:0C1CH         LINE#         119
  C:0C21H         LINE#         120
  C:0C24H         LINE#         121
  C:0C24H         LINE#         122
  C:0C26H         LINE#         123
  C:0C28H         LINE#         124
  C:0C35H         LINE#         125
  C:0C37H         LINE#         126
  C:0C3DH         LINE#         127
  C:0C3DH         LINE#         128
BL51 BANKED LINKER/LOCATER V6.22                                                      02/17/2017  20:25:02  PAGE 45


  C:0C3FH         LINE#         129
  C:0C4EH         LINE#         130
  C:0C4EH         LINE#         131
  C:0C5DH         LINE#         132
  C:0C5DH         LINE#         133
  C:0C5DH         LINE#         134
  C:0C5DH         LINE#         196
  C:0C60H         LINE#         197
  C:0C60H         LINE#         198
  C:0C65H         LINE#         199
  C:0C67H         LINE#         200
  C:0C67H         LINE#         201
  -------         ENDPROC       COMM
  -------         PROC          IRRECDEAL
  C:0E84H         LINE#         202
  C:0E84H         LINE#         203
  C:0E84H         LINE#         204
  C:0E86H         LINE#         205
  C:0E8DH         LINE#         206
  C:0E91H         LINE#         207
  C:0E97H         LINE#         208
  C:0E97H         LINE#         210
  C:0E97H         LINE#         211
  C:0E9AH         LINE#         212
  C:0E9AH         LINE#         213
  C:0E9CH         LINE#         214
  C:0EA2H         LINE#         215
  C:0EA2H         LINE#         216
  C:0EA5H         LINE#         217
  C:0EA5H         LINE#         218
  C:0EA7H         LINE#         219
  C:0EAFH         LINE#         220
  C:0EB4H         LINE#         222
  C:0EB4H         LINE#         223
  C:0EC7H         LINE#         224
  C:0EC7H         LINE#         225
  C:0EC7H         LINE#         226
  C:0ECAH         LINE#         227
  C:0ECAH         LINE#         228
  C:0ECCH         LINE#         229
  C:0ED4H         LINE#         230
  C:0ED8H         LINE#         231
  C:0EE0H         LINE#         232
  C:0EE8H         LINE#         233
  C:0EF0H         LINE#         234
  C:0EF3H         LINE#         235
  C:0EF9H         LINE#         236
  C:0F02H         LINE#         238
  C:0F0AH         LINE#         239
  C:0F0AH         LINE#         240
  C:0F0AH         LINE#         241
  C:0F0AH         LINE#         242
  C:0F0CH         LINE#         243
  C:0F0CH         LINE#         244
  C:0F0CH         LINE#         245
  C:0F0CH         LINE#         246
  C:0F0EH         LINE#         247
BL51 BANKED LINKER/LOCATER V6.22                                                      02/17/2017  20:25:02  PAGE 46


  C:0F0EH         LINE#         248
  C:0F16H         LINE#         249
  C:0F1AH         LINE#         250
  C:0F22H         LINE#         251
  C:0F2AH         LINE#         252
  C:0F32H         LINE#         253
  C:0F35H         LINE#         254
  C:0F37H         LINE#         255
  C:0F3DH         LINE#         256
  C:0F46H         LINE#         257
  C:0F55H         LINE#         258
  C:0F64H         LINE#         259
  C:0F64H         LINE#         260
  C:0F64H         LINE#         261
  -------         ENDPROC       IRRECDEAL
  -------         PROC          IRRECMANAGE
  C:193AH         LINE#         277
  C:193AH         LINE#         278
  C:193AH         LINE#         279
  C:193AH         LINE#         280
  C:193AH         LINE#         281
  C:193DH         LINE#         282
  C:193DH         LINE#         283
  C:1944H         LINE#         284
  C:1944H         LINE#         285
  C:194BH         LINE#         286
  C:194EH         LINE#         287
  -------         ENDPROC       IRRECMANAGE
  -------         ENDMOD        IR

  -------         MODULE        DATA_ASM
  C:2803H         SYMBOL        CFLAG
  C:2804H         SYMBOL        CPRIO
  C:2805H         SYMBOL        CRESERVE1
  C:2806H         SYMBOL        CRESERVE2
  C:2807H         SYMBOL        CRESERVE3
  C:2808H         SYMBOL        CSERIALNUM1
  C:2809H         SYMBOL        CSERIALNUM2
  C:280AH         SYMBOL        CSERIALNUM3
  C:280BH         SYMBOL        CVERSIONHI
  C:280CH         SYMBOL        CVERSIONLO
  N:0000H         SYMBOL        DATA_ASM
  C:2802H         SYMBOL        SELFBEDADDR
  C:2801H         SYMBOL        SELFROOMADDR
  C:2800H         SYMBOL        SELFSECADDR
  -------         ENDMOD        DATA_ASM

  -------         MODULE        ?C?COPY
  C:0447H         PUBLIC        ?C?COPY
  -------         ENDMOD        ?C?COPY

  -------         MODULE        ?C?CLDPTR
  C:046DH         PUBLIC        ?C?CLDPTR
  -------         ENDMOD        ?C?CLDPTR

  -------         MODULE        ?C?CLDOPTR
  C:0486H         PUBLIC        ?C?CLDOPTR
BL51 BANKED LINKER/LOCATER V6.22                                                      02/17/2017  20:25:02  PAGE 47


  -------         ENDMOD        ?C?CLDOPTR

  -------         MODULE        ?C?CSTPTR
  C:04B3H         PUBLIC        ?C?CSTPTR
  -------         ENDMOD        ?C?CSTPTR

  -------         MODULE        ?C?CSTOPTR
  C:04C5H         PUBLIC        ?C?CSTOPTR
  -------         ENDMOD        ?C?CSTOPTR

  -------         MODULE        ?C?UIDIV
  C:04E7H         PUBLIC        ?C?UIDIV
  -------         ENDMOD        ?C?UIDIV

  -------         MODULE        ?C?ILDIX
  C:053CH         PUBLIC        ?C?ILDIX
  -------         ENDMOD        ?C?ILDIX

  -------         MODULE        ?C?CCASE
  C:0552H         PUBLIC        ?C?CCASE
  -------         ENDMOD        ?C?CCASE

  -------         MODULE        ?C?STRCPY
  C:0644H         PUBLIC        ?C?STRCPY
  -------         ENDMOD        ?C?STRCPY

  -------         MODULE        ?C?MEMSET
  C:0661H         PUBLIC        ?C?MEMSET
  -------         ENDMOD        ?C?MEMSET

*** WARNING L16: UNCALLED SEGMENT, IGNORED FOR OVERLAY PROCESS
    SEGMENT: ?PR?_OSTASKSTKDEL?OS_CPU_C

*** WARNING L16: UNCALLED SEGMENT, IGNORED FOR OVERLAY PROCESS
    SEGMENT: ?PR?_SEND_DATA?MAIN

Program Size: data=82.3 xdata=126 code=6676
LINK/LOCATE RUN COMPLETE.  2 WARNING(S),  0 ERROR(S)
