BL51 BANKED LINKER/LOCATER V6.05                                                        09/25/2012  08:54:10  PAGE 1


BL51 BANKED LINKER/LOCATER V6.05, INVOKED BY:
C:\KEIL\C51\BIN\BL51.EXE IAP.obj, main.obj, parameter.obj, SingleBus.obj, GSM.obj TO GSM CODE (?CO?PARAMETER (0X2300))


MEMORY MODEL: SMALL


INPUT MODULES INCLUDED:
  IAP.obj (IAP)
  main.obj (MAIN)
  parameter.obj (PARAMETER)
  SingleBus.obj (SINGLEBUS)
  GSM.obj (GSM)
  C:\KEIL\C51\LIB\C51S.LIB (?C_STARTUP)
  C:\KEIL\C51\LIB\C51S.LIB (?C?COPY)
  C:\KEIL\C51\LIB\C51S.LIB (?C?CLDPTR)
  C:\KEIL\C51\LIB\C51S.LIB (?C?CLDOPTR)
  C:\KEIL\C51\LIB\C51S.LIB (?C?UIDIV)
  C:\KEIL\C51\LIB\C51S.LIB (?C?ILDIX)
  C:\KEIL\C51\LIB\C51S.LIB (?C?CCASE)
  C:\KEIL\C51\LIB\C51S.LIB (STRLEN)
  C:\KEIL\C51\LIB\C51S.LIB (?C?MEMSET)
  C:\KEIL\C51\LIB\C51S.LIB (?C_INIT)


LINK MAP OF MODULE:  GSM (IAP)


            TYPE    BASE      LENGTH    RELOCATION   SEGMENT NAME
            -----------------------------------------------------

            * * * * * * *   D A T A   M E M O R Y   * * * * * * *
            REG     0000H     0008H     ABSOLUTE     "REG BANK 0"
            DATA    0008H     0010H     UNIT         _DATA_GROUP_
            DATA    0018H     0005H     UNIT         ?DT?_GSMUARTBRTSET?GSM
            DATA    001DH     0002H     UNIT         ?DT?MAIN
                    001FH     0001H                  *** GAP ***
            DATA    0020H     0005H     BIT_ADDR     ?BA?SINGLEBUS
            BIT     0025H.0   0000H.2   UNIT         ?BI?MAIN
                    0025H.2   0000H.6                *** GAP ***
            DATA    0026H     000AH     UNIT         ?DT?SINGLEBUS
            IDATA   0030H     0001H     UNIT         ?STACK

            * * * * * * *  X D A T A   M E M O R Y  * * * * * * *
            XDATA   0000H     00B6H     UNIT         ?XD?MAIN
            XDATA   00B6H     0055H     UNIT         ?XD?SINGLEBUS
            XDATA   010BH     0002H     UNIT         _XDATA_GROUP_

            * * * * * * *   C O D E   M E M O R Y   * * * * * * *
            CODE    0000H     0003H     ABSOLUTE     
            CODE    0003H     0003H     ABSOLUTE     
            CODE    0006H     0004H     UNIT         ?PR?LEDCONTROL?SINGLEBUS
                    000AH     0001H                  *** GAP ***
            CODE    000BH     0003H     ABSOLUTE     
            CODE    000EH     0015H     UNIT         ?PR?_STRLEN?STRLEN
            CODE    0023H     0003H     ABSOLUTE     
            CODE    0026H     000CH     UNIT         ?PR?_UARTSENDBYTE?MAIN
                    0032H     0001H                  *** GAP ***
BL51 BANKED LINKER/LOCATER V6.05                                                      09/25/2012  08:54:10  PAGE 2


            CODE    0033H     0003H     ABSOLUTE     
            CODE    0036H     0707H     UNIT         ?PR?BUS0RECDEAL?SINGLEBUS
            CODE    073DH     0346H     UNIT         ?PR?TIMER0INT?SINGLEBUS
            CODE    0A83H     02A3H     UNIT         ?PR?INIT?MAIN
            CODE    0D26H     01F9H     UNIT         ?C?LIB_CODE
            CODE    0F1FH     0138H     UNIT         ?PR?BUS0SENDDEAL?SINGLEBUS
            CODE    1057H     0133H     UNIT         ?PR?MAIN?MAIN
            CODE    118AH     0104H     UNIT         ?PR?INITPARAMETER?SINGLEBUS
            CODE    128EH     00ECH     UNIT         ?PR?TIMEROUTDEAL?SINGLEBUS
            CODE    137AH     00E4H     UNIT         ?PR?UARTRECTREAT3?MAIN
            CODE    145EH     00D1H     UNIT         ?PR?_UARTRECTREAT?MAIN
            CODE    152FH     00C7H     UNIT         ?PR?_UARTRECTREAT2?MAIN
            CODE    15F6H     00B9H     UNIT         ?CO?MAIN
            CODE    16AFH     00AEH     UNIT         ?PR?GSMCALLTREAT?GSM
            CODE    175DH     00A0H     UNIT         ?CO?GSM
            CODE    17FDH     009BH     UNIT         ?PR?_GSMUARTBRTSET?GSM
            CODE    1898H     008CH     UNIT         ?PR?_BUS0OUTPUTDATA?SINGLEBUS
            CODE    1924H     008CH     UNIT         ?C_C51STARTUP
            CODE    19B0H     008BH     UNIT         ?PR?UARTISR?MAIN
            CODE    1A3BH     006FH     UNIT         ?PR?GSMHANDUPTREAT?GSM
            CODE    1AAAH     0065H     UNIT         ?PR?GSMCALL?GSM
            CODE    1B0FH     0059H     UNIT         ?PR?SAVETELNUM?SINGLEBUS
            CODE    1B68H     0057H     UNIT         ?PR?SAVEPARAMETER?SINGLEBUS
            CODE    1BBFH     004EH     UNIT         ?PR?PCA0TIMERISR?MAIN
            CODE    1C0DH     004EH     UNIT         ?PR?_SNDRECADDRCOMPARE?SINGLEBUS
            CODE    1C5BH     004EH     UNIT         ?PR?READTELNUM?SINGLEBUS
            CODE    1CA9H     004CH     UNIT         ?PR?READPARAMETER?SINGLEBUS
            CODE    1CF5H     0048H     UNIT         ?PR?_ADDRCOMPARE?SINGLEBUS
            CODE    1D3DH     0043H     UNIT         ?C_INITSEG
            CODE    1D80H     003AH     UNIT         ?PR?SINGLEBUSINIT?SINGLEBUS
            CODE    1DBAH     003AH     UNIT         ?PR?_SAVECALLADDR?SINGLEBUS
            CODE    1DF4H     0032H     UNIT         ?PR?_DIRADDRCOMPARE?SINGLEBUS
            CODE    1E26H     002FH     UNIT         ?PR?_DELAYMS?MAIN
            CODE    1E55H     002FH     UNIT         ?PR?_SNDADDRCOMPARE?SINGLEBUS
            CODE    1E84H     0026H     UNIT         ?PR?_SAVEINDICATIONDATA?SINGLEBUS
            CODE    1EAAH     0025H     UNIT         ?PR?_GSMSWPATHSET?GSM
            CODE    1ECFH     0024H     UNIT         ?PR?SYSRESET?SINGLEBUS
            CODE    1EF3H     0022H     UNIT         ?PR?USARTINIT?MAIN
            CODE    1F15H     0022H     UNIT         ?PR?USARTINIT_WORK?MAIN
            CODE    1F37H     0020H     UNIT         ?PR?_SEND_DATA?MAIN
            CODE    1F57H     001DH     UNIT         ?PR?_ECHORESTRAINSET?GSM
            CODE    1F74H     001DH     UNIT         ?PR?_GSMSPKVOICESET?GSM
            CODE    1F91H     001DH     UNIT         ?PR?_GSMMICGAINSET?GSM
            CODE    1FAEH     001BH     UNIT         ?PR?IOINIT?MAIN
            CODE    1FC9H     001BH     UNIT         ?PR?VOICECHANNELCTX?SINGLEBUS
            CODE    1FE4H     001AH     UNIT         ?PR?_UARTSENDSTRING?MAIN
            CODE    1FFEH     0017H     UNIT         ?PR?GSMINIT?GSM
            CODE    2015H     0016H     UNIT         ?PR?_BCDTOHEX?SINGLEBUS
            CODE    202BH     0014H     UNIT         ?PR?BUS0RECINT?SINGLEBUS
            CODE    203FH     0014H     UNIT         ?PR?_MAKECH0TIMEROUT?SINGLEBUS
            CODE    2053H     0013H     UNIT         ?PR?AFFIRMUARTCOM?GSM
            CODE    2066H     0013H     UNIT         ?PR?LOOPDISPOFF?GSM
            CODE    2079H     0013H     UNIT         ?PR?LOOPDISPON?GSM
            CODE    208CH     0013H     UNIT         ?PR?SIMSTATEQUERY?GSM
            CODE    209FH     0013H     UNIT         ?PR?SIGNALINTENSIONQUERY?GSM
            CODE    20B2H     0013H     UNIT         ?PR?NETOPSQUERY?GSM
            CODE    20C5H     0013H     UNIT         ?PR?GSMMODULEINFOQUERY?GSM
BL51 BANKED LINKER/LOCATER V6.05                                                      09/25/2012  08:54:10  PAGE 3


            CODE    20D8H     0013H     UNIT         ?PR?GSMUARTAUTOBRTSET?GSM
            CODE    20EBH     0013H     UNIT         ?PR?GSMPATHQUERY?GSM
            CODE    20FEH     0013H     UNIT         ?PR?ECHORESTRAINQUERY?GSM
            CODE    2111H     0013H     UNIT         ?PR?GSMHANDUP?GSM
            CODE    2124H     0011H     UNIT         ?PR?_IAPWRITEBYTE?IAP
            CODE    2135H     0011H     UNIT         ?PR?_IAPREADBYTE?IAP
            CODE    2146H     000FH     UNIT         ?PR?_IAPERASE?IAP
            CODE    2155H     000EH     UNIT         ?PR?_DELAY_NUS?MAIN
            CODE    2163H     000CH     UNIT         ?PR?GSMRESTAR?GSM
            CODE    216FH     000BH     UNIT         ?PR?_MAKECH1TIMEROUT?SINGLEBUS
            CODE    217AH     0008H     UNIT         ?PR?DISABLEIAP?IAP
            CODE    2182H     0006H     UNIT         ?PR?_ENABLEIAP?IAP
                    2188H     0178H                  *** GAP ***
            CODE    2300H     001AH     UNIT         ?CO?PARAMETER



OVERLAY MAP OF MODULE:   GSM (IAP)


SEGMENT                                     DATA_GROUP          XDATA_GROUP
  +--> CALLED SEGMENT                     START    LENGTH     START    LENGTH
-----------------------------------------------------------------------------
?C_C51STARTUP                             -----    -----      -----    -----
  +--> ?PR?MAIN?MAIN
  +--> ?C_INITSEG

?PR?MAIN?MAIN                             -----    -----      -----    -----
  +--> ?PR?INIT?MAIN
  +--> ?PR?_UARTSENDBYTE?MAIN
  +--> ?PR?BUS0RECDEAL?SINGLEBUS
  +--> ?PR?BUS0SENDDEAL?SINGLEBUS
  +--> ?PR?UARTRECTREAT3?MAIN
  +--> ?PR?_MAKECH0TIMEROUT?SINGLEBUS
  +--> ?PR?_MAKECH1TIMEROUT?SINGLEBUS
  +--> ?PR?_BUS0OUTPUTDATA?SINGLEBUS
  +--> ?PR?TIMEROUTDEAL?SINGLEBUS

?PR?INIT?MAIN                             0008H    0002H      -----    -----
  +--> ?PR?IOINIT?MAIN
  +--> ?PR?GSMINIT?GSM
  +--> ?PR?USARTINIT?MAIN
  +--> ?PR?SINGLEBUSINIT?SINGLEBUS
  +--> ?PR?INITPARAMETER?SINGLEBUS
  +--> ?PR?_BUS0OUTPUTDATA?SINGLEBUS
  +--> ?PR?GSMUARTAUTOBRTSET?GSM
  +--> ?PR?_DELAYMS?MAIN
  +--> ?CO?MAIN
  +--> ?PR?_UARTRECTREAT?MAIN
  +--> ?PR?USARTINIT_WORK?MAIN
  +--> ?PR?AFFIRMUARTCOM?GSM
  +--> ?PR?LOOPDISPOFF?GSM
  +--> ?PR?SIMSTATEQUERY?GSM
  +--> ?PR?_STRLEN?STRLEN
  +--> ?PR?_GSMSWPATHSET?GSM
  +--> ?PR?_ECHORESTRAINSET?GSM
  +--> ?PR?_GSMSPKVOICESET?GSM
BL51 BANKED LINKER/LOCATER V6.05                                                      09/25/2012  08:54:10  PAGE 4


  +--> ?PR?_GSMMICGAINSET?GSM
  +--> ?PR?NETOPSQUERY?GSM

?PR?GSMINIT?GSM                           -----    -----      -----    -----
  +--> ?PR?_DELAYMS?MAIN

?PR?_DELAYMS?MAIN                         -----    -----      010BH    0002H

?PR?INITPARAMETER?SINGLEBUS               -----    -----      -----    -----
  +--> ?PR?_ENABLEIAP?IAP
  +--> ?PR?_IAPREADBYTE?IAP
  +--> ?CO?PARAMETER
  +--> ?PR?READPARAMETER?SINGLEBUS
  +--> ?PR?SAVEPARAMETER?SINGLEBUS

?PR?READPARAMETER?SINGLEBUS               -----    -----      -----    -----
  +--> ?PR?_ENABLEIAP?IAP
  +--> ?PR?_IAPREADBYTE?IAP
  +--> ?PR?DISABLEIAP?IAP

?PR?SAVEPARAMETER?SINGLEBUS               -----    -----      -----    -----
  +--> ?PR?_ENABLEIAP?IAP
  +--> ?PR?_IAPERASE?IAP
  +--> ?PR?_IAPWRITEBYTE?IAP
  +--> ?PR?DISABLEIAP?IAP

?PR?_BUS0OUTPUTDATA?SINGLEBUS             000AH    0004H      -----    -----

?PR?GSMUARTAUTOBRTSET?GSM                 -----    -----      -----    -----
  +--> ?CO?GSM
  +--> ?PR?_UARTSENDSTRING?MAIN
  +--> ?PR?_UARTSENDBYTE?MAIN

?PR?_UARTRECTREAT?MAIN                    000BH    0007H      -----    -----
  +--> ?CO?MAIN

?PR?AFFIRMUARTCOM?GSM                     -----    -----      -----    -----
  +--> ?CO?GSM
  +--> ?PR?_UARTSENDSTRING?MAIN
  +--> ?PR?_UARTSENDBYTE?MAIN

?PR?LOOPDISPOFF?GSM                       -----    -----      -----    -----
  +--> ?CO?GSM
  +--> ?PR?_UARTSENDSTRING?MAIN
  +--> ?PR?_UARTSENDBYTE?MAIN

?PR?SIMSTATEQUERY?GSM                     -----    -----      -----    -----
  +--> ?CO?GSM
  +--> ?PR?_UARTSENDSTRING?MAIN
  +--> ?PR?_UARTSENDBYTE?MAIN

?PR?_GSMSWPATHSET?GSM                     000AH    0001H      -----    -----
  +--> ?CO?GSM
  +--> ?PR?_UARTSENDSTRING?MAIN
  +--> ?PR?_UARTSENDBYTE?MAIN

?PR?_ECHORESTRAINSET?GSM                  000AH    0001H      -----    -----
BL51 BANKED LINKER/LOCATER V6.05                                                      09/25/2012  08:54:10  PAGE 5


  +--> ?CO?GSM
  +--> ?PR?_UARTSENDSTRING?MAIN
  +--> ?PR?_UARTSENDBYTE?MAIN

?PR?_GSMSPKVOICESET?GSM                   000AH    0001H      -----    -----
  +--> ?CO?GSM
  +--> ?PR?_UARTSENDSTRING?MAIN
  +--> ?PR?_UARTSENDBYTE?MAIN

?PR?_GSMMICGAINSET?GSM                    000AH    0001H      -----    -----
  +--> ?CO?GSM
  +--> ?PR?_UARTSENDSTRING?MAIN
  +--> ?PR?_UARTSENDBYTE?MAIN

?PR?NETOPSQUERY?GSM                       -----    -----      -----    -----
  +--> ?CO?GSM
  +--> ?PR?_UARTSENDSTRING?MAIN
  +--> ?PR?_UARTSENDBYTE?MAIN

?PR?BUS0RECDEAL?SINGLEBUS                 0008H    0001H      -----    -----
  +--> ?PR?_SEND_DATA?MAIN
  +--> ?PR?_DIRADDRCOMPARE?SINGLEBUS
  +--> ?PR?_ADDRCOMPARE?SINGLEBUS
  +--> ?PR?_MAKECH0TIMEROUT?SINGLEBUS
  +--> ?PR?GSMCALLTREAT?GSM
  +--> ?PR?_SAVEINDICATIONDATA?SINGLEBUS
  +--> ?PR?LEDCONTROL?SINGLEBUS
  +--> ?PR?_UARTSENDBYTE?MAIN
  +--> ?PR?GSMHANDUPTREAT?GSM
  +--> ?PR?SYSRESET?SINGLEBUS
  +--> ?PR?_MAKECH1TIMEROUT?SINGLEBUS
  +--> ?PR?VOICECHANNELCTX?SINGLEBUS
  +--> ?PR?_SNDRECADDRCOMPARE?SINGLEBUS
  +--> ?PR?_BCDTOHEX?SINGLEBUS
  +--> ?PR?_BUS0OUTPUTDATA?SINGLEBUS

?PR?_ADDRCOMPARE?SINGLEBUS                -----    -----      -----    -----
  +--> ?PR?_MAKECH0TIMEROUT?SINGLEBUS

?PR?GSMCALLTREAT?GSM                      0009H    0002H      -----    -----
  +--> ?PR?GSMCALL?GSM
  +--> ?PR?_DELAYMS?MAIN
  +--> ?CO?GSM
  +--> ?PR?_STRLEN?STRLEN
  +--> ?PR?_UARTRECTREAT?MAIN

?PR?GSMCALL?GSM                           000BH    000DH      -----    -----
  +--> ?CO?GSM
  +--> ?PR?_UARTSENDSTRING?MAIN
  +--> ?PR?_UARTSENDBYTE?MAIN

?PR?LEDCONTROL?SINGLEBUS                  -----    -----      -----    -----
  +--> ?PR?VOICECHANNELCTX?SINGLEBUS

?PR?GSMHANDUPTREAT?GSM                    0009H    0002H      -----    -----
  +--> ?PR?GSMHANDUP?GSM
  +--> ?PR?_DELAYMS?MAIN
BL51 BANKED LINKER/LOCATER V6.05                                                      09/25/2012  08:54:10  PAGE 6


  +--> ?CO?GSM
  +--> ?PR?_STRLEN?STRLEN
  +--> ?PR?_UARTRECTREAT?MAIN

?PR?GSMHANDUP?GSM                         -----    -----      -----    -----
  +--> ?CO?GSM
  +--> ?PR?_UARTSENDSTRING?MAIN
  +--> ?PR?_UARTSENDBYTE?MAIN

?PR?SYSRESET?SINGLEBUS                    -----    -----      -----    -----
  +--> ?PR?VOICECHANNELCTX?SINGLEBUS
  +--> ?PR?_ADDRCOMPARE?SINGLEBUS
  +--> ?PR?GSMHANDUPTREAT?GSM

?PR?_BCDTOHEX?SINGLEBUS                   -----    -----      010BH    0001H

?PR?BUS0SENDDEAL?SINGLEBUS                -----    -----      -----    -----
  +--> ?PR?_SEND_DATA?MAIN
  +--> ?PR?VOICECHANNELCTX?SINGLEBUS
  +--> ?PR?LEDCONTROL?SINGLEBUS
  +--> ?PR?_SAVECALLADDR?SINGLEBUS
  +--> ?PR?_MAKECH0TIMEROUT?SINGLEBUS
  +--> ?PR?_MAKECH1TIMEROUT?SINGLEBUS
  +--> ?PR?SAVEPARAMETER?SINGLEBUS
  +--> ?PR?SYSRESET?SINGLEBUS

?PR?UARTRECTREAT3?MAIN                    -----    -----      -----    -----
  +--> ?CO?MAIN
  +--> ?PR?_STRLEN?STRLEN
  +--> ?PR?_UARTRECTREAT2?MAIN

?PR?_UARTRECTREAT2?MAIN                   0008H    0007H      -----    -----

?PR?TIMEROUTDEAL?SINGLEBUS                -----    -----      -----    -----
  +--> ?PR?_BUS0OUTPUTDATA?SINGLEBUS
  +--> ?PR?GSMHANDUPTREAT?GSM
  +--> ?PR?VOICECHANNELCTX?SINGLEBUS
  +--> ?PR?LEDCONTROL?SINGLEBUS



SYMBOL TABLE OF MODULE:  GSM (IAP)

  VALUE           TYPE          NAME
  ----------------------------------

  -------         MODULE        IAP
  C:0000H         SYMBOL        _ICE_DUMMY_
  D:0080H         PUBLIC        P0
  D:0090H         PUBLIC        P1
  D:00A0H         PUBLIC        P2
  D:00B0H         PUBLIC        P3
  D:00E6H         PUBLIC        ISP_TRIG
  D:00A8H         PUBLIC        IE
  C:2146H         PUBLIC        _IapErase
  C:217AH         PUBLIC        DisableIAP
  D:00B8H         PUBLIC        IP
BL51 BANKED LINKER/LOCATER V6.05                                                      09/25/2012  08:54:10  PAGE 7


  D:00E5H         PUBLIC        ISP_CMD
  D:00D8H         PUBLIC        CCON
  C:2182H         PUBLIC        _EnableIAP
  C:2135H         PUBLIC        _IapReadByte
  D:00E3H         PUBLIC        ISP_ADDRH
  D:0098H         PUBLIC        SCON
  D:0088H         PUBLIC        TCON
  D:00E4H         PUBLIC        ISP_ADDRL
  C:2124H         PUBLIC        _IapWriteByte
  D:00E0H         PUBLIC        ACC
  D:00E7H         PUBLIC        ISP_CONTR
  D:00E2H         PUBLIC        ISP_DATA
  D:00D0H         PUBLIC        PSW
  -------         PROC          _ENABLEIAP
  D:0007H         SYMBOL        byCmd
  C:2182H         LINE#         39
  C:2182H         LINE#         40
  C:2182H         LINE#         41
  C:2185H         LINE#         42
  C:2187H         LINE#         43
  -------         ENDPROC       _ENABLEIAP
  -------         PROC          DISABLEIAP
  C:217AH         LINE#         59
  C:217AH         LINE#         60
  C:217AH         LINE#         61
  C:217DH         LINE#         62
  C:217FH         LINE#         63
  C:2181H         LINE#         64
  -------         ENDPROC       DISABLEIAP
  -------         PROC          _IAPWRITEBYTE
  D:0002H         SYMBOL        uiAddr
  D:0005H         SYMBOL        byData
  C:2124H         LINE#         80
  C:2128H         LINE#         81
  C:2128H         LINE#         82
  C:212AH         LINE#         83
  C:212CH         LINE#         84
  C:212EH         LINE#         85
  C:2131H         LINE#         86
  C:2134H         LINE#         87
  -------         ENDPROC       _IAPWRITEBYTE
  -------         PROC          _IAPREADBYTE
  D:0004H         SYMBOL        uiAddr
  C:2135H         LINE#         103
  C:2139H         LINE#         104
  C:2139H         LINE#         105
  C:213BH         LINE#         106
  C:213DH         LINE#         107
  C:2140H         LINE#         108
  C:2143H         LINE#         109
  C:2145H         LINE#         110
  -------         ENDPROC       _IAPREADBYTE
  -------         PROC          _IAPERASE
  D:0004H         SYMBOL        uiAddr
  C:2146H         LINE#         127
  C:214AH         LINE#         128
  C:214AH         LINE#         129
BL51 BANKED LINKER/LOCATER V6.05                                                      09/25/2012  08:54:10  PAGE 8


  C:214CH         LINE#         130
  C:214EH         LINE#         131
  C:2151H         LINE#         132
  C:2154H         LINE#         133
  -------         ENDPROC       _IAPERASE
  -------         ENDMOD        IAP

  -------         MODULE        MAIN
  C:0000H         SYMBOL        _ICE_DUMMY_
  B:00D8H.2       PUBLIC        CCF2
  D:0091H         PUBLIC        P1M0
  B:00D8H.3       PUBLIC        CCF3
  D:0092H         PUBLIC        P1M1
  D:0080H         PUBLIC        P0
  D:00B1H         PUBLIC        P3M0
  D:0090H         PUBLIC        P1
  B:00B0H.5       PUBLIC        GSM_STATE_LED
  D:00B2H         PUBLIC        P3M1
  D:00A0H         PUBLIC        P2
  D:00B0H         PUBLIC        P3
  B:00A8H.7       PUBLIC        EA
  D:00F9H         PUBLIC        CH
  C:19B0H         PUBLIC        UartISR
  D:00A8H         PUBLIC        IE
  D:00E9H         PUBLIC        CL
  D:00FAH         PUBLIC        CCAP0H
  D:00EAH         PUBLIC        CCAP0L
  B:00D8H.6       PUBLIC        CR
  C:0A83H         PUBLIC        Init
  D:00DAH         PUBLIC        CCAPM0
  B:00A8H.4       PUBLIC        ES
  D:00B8H         PUBLIC        IP
  B:0025H.0       PUBLIC        bTimerOutDeal
  B:00B0H.4       PUBLIC        SYS_STATE_LED
  B:0098H.0       PUBLIC        RI
  B:0098H.1       PUBLIC        TI
  D:001DH         PUBLIC        uiIsrTimerCount
  B:0090H.2       PUBLIC        GSM_ON_OFF
  D:00D9H         PUBLIC        CMOD
  D:00D8H         PUBLIC        CCON
  C:1057H         PUBLIC        main
  C:1FE4H         PUBLIC        _UartSendString
  C:1EF3H         PUBLIC        UsartInit
  C:1FAEH         PUBLIC        IOInit
  D:0099H         PUBLIC        SBUF
  D:0087H         PUBLIC        PCON
  D:0098H         PUBLIC        SCON
  D:0089H         PUBLIC        TMOD
  D:0088H         PUBLIC        TCON
  X:0000H         PUBLIC        stLocalControl
  C:1466H         PUBLIC        _UartRecTreat
  D:008EH         PUBLIC        AUXR
  C:0026H         PUBLIC        _UartSendByte
  B:0090H.3       PUBLIC        GSM_RST
  X:0042H         PUBLIC        RePeat
  X:0043H         PUBLIC        RecGsmDataResult
  D:00E0H         PUBLIC        ACC
BL51 BANKED LINKER/LOCATER V6.05                                                      09/25/2012  08:54:10  PAGE 9


  C:2155H         PUBLIC        _delay_nus
  B:0088H.7       PUBLIC        TF1
  B:0025H.1       PUBLIC        bUartRecFinished
  D:008DH         PUBLIC        TH1
  C:1F15H         PUBLIC        UsartInit_work
  D:008BH         PUBLIC        TL1
  C:1E2AH         PUBLIC        _Delayms
  X:0044H         PUBLIC        byRecPosition
  B:0088H.6       PUBLIC        TR1
  X:0045H         PUBLIC        TelNum
  D:00E1H         PUBLIC        WDT_CONTR
  X:0051H         PUBLIC        byUsart0RecBuf
  B:00A8H.6       PUBLIC        EPCA_LVD
  X:00B5H         PUBLIC        byRecTimeout
  B:0098H.4       PUBLIC        REN
  C:1F37H         PUBLIC        _Send_Data
  B:0090H.6       PUBLIC        XTA
  C:1533H         PUBLIC        _UartRecTreat2
  B:0090H.7       PUBLIC        XTD
  C:137AH         PUBLIC        UartRecTreat3
  C:1BBFH         PUBLIC        PCA0TimerISR
  D:00D0H         PUBLIC        PSW
  B:00D8H.0       PUBLIC        CCF0
  B:00D8H.1       PUBLIC        CCF1
  -------         PROC          _DELAY_NUS
  D:0007H         SYMBOL        i
  -------         DO            
  D:0006H         SYMBOL        j
  -------         ENDDO         
  C:2155H         LINE#         52
  C:2155H         LINE#         53
  C:2155H         LINE#         56
  C:215BH         LINE#         57
  C:215BH         LINE#         58
  C:215FH         LINE#         59
  C:2162H         LINE#         61
  -------         ENDPROC       _DELAY_NUS
  C:1E26H         SYMBOL        L?0215
  -------         PROC          L?0214
  -------         ENDPROC       L?0214
  C:1E26H         SYMBOL        L?0215
  -------         PROC          _DELAYMS
  D:0006H         SYMBOL        ms
  -------         DO            
  X:010BH         SYMBOL        i
  -------         ENDDO         
  C:1E2AH         LINE#         69
  C:1E2AH         LINE#         70
  C:1E2AH         LINE#         72
  C:1E2EH         LINE#         73
  C:1E54H         LINE#         74
  -------         ENDPROC       _DELAYMS
  -------         PROC          USARTINIT
  C:1EF3H         LINE#         79
  C:1EF3H         LINE#         80
  C:1EF3H         LINE#         81
  C:1EF6H         LINE#         83
BL51 BANKED LINKER/LOCATER V6.05                                                      09/25/2012  08:54:10  PAGE 10


  C:1EF9H         LINE#         84
  C:1EFCH         LINE#         87
  C:1EFFH         LINE#         89
  C:1F02H         LINE#         91
  C:1F05H         LINE#         94
  C:1F08H         LINE#         95
  C:1F0AH         LINE#         96
  C:1F0CH         LINE#         98
  C:1F0EH         LINE#         99
  C:1F10H         LINE#         100
  C:1F12H         LINE#         101
  C:1F14H         LINE#         102
  -------         ENDPROC       USARTINIT
  -------         PROC          USARTINIT_WORK
  C:1F15H         LINE#         106
  C:1F15H         LINE#         107
  C:1F15H         LINE#         108
  C:1F18H         LINE#         110
  C:1F1BH         LINE#         111
  C:1F1EH         LINE#         114
  C:1F21H         LINE#         116
  C:1F24H         LINE#         117
  C:1F27H         LINE#         120
  C:1F2AH         LINE#         121
  C:1F2CH         LINE#         122
  C:1F2EH         LINE#         124
  C:1F30H         LINE#         125
  C:1F32H         LINE#         126
  C:1F34H         LINE#         127
  C:1F36H         LINE#         128
  -------         ENDPROC       USARTINIT_WORK
  -------         PROC          UARTISR
  -------         DO            
  D:0007H         SYMBOL        RecData
  -------         ENDDO         
  C:19B0H         LINE#         131
  C:19CDH         LINE#         134
  C:19D0H         LINE#         135
  C:19D0H         LINE#         136
  C:19D2H         LINE#         137
  C:19D4H         LINE#         139
  C:19DAH         LINE#         140
  C:19DAH         LINE#         141
  C:19E0H         LINE#         142
  C:19E0H         LINE#         143
  C:19E6H         LINE#         145
  C:19E6H         LINE#         146
  C:19E6H         LINE#         147
  C:19ECH         LINE#         148
  C:19FFH         LINE#         149
  C:1A08H         LINE#         150
  C:1A08H         LINE#         151
  C:1A0AH         LINE#         152
  C:1A0EH         LINE#         153
  C:1A1BH         LINE#         154
  C:1A1BH         LINE#         155
  C:1A1BH         LINE#         156
BL51 BANKED LINKER/LOCATER V6.05                                                      09/25/2012  08:54:10  PAGE 11


  C:1A1EH         LINE#         157
  C:1A1EH         LINE#         158
  C:1A20H         LINE#         159
  C:1A20H         LINE#         160
  -------         ENDPROC       UARTISR
  -------         PROC          _UARTSENDBYTE
  D:0007H         SYMBOL        Data
  C:0026H         LINE#         163
  C:0026H         LINE#         164
  C:0026H         LINE#         165
  C:0028H         LINE#         166
  C:002AH         LINE#         167
  C:002DH         LINE#         168
  C:002FH         LINE#         169
  C:0031H         LINE#         170
  -------         ENDPROC       _UARTSENDBYTE
  -------         PROC          _SEND_DATA
  D:0001H         SYMBOL        Databuf
  D:0005H         SYMBOL        l
  -------         DO            
  D:0007H         SYMBOL        i
  -------         ENDDO         
  C:1F37H         LINE#         174
  C:1F37H         LINE#         175
  C:1F37H         LINE#         177
  C:1F39H         LINE#         178
  C:1F40H         LINE#         179
  C:1F40H         LINE#         180
  C:1F45H         LINE#         181
  C:1F48H         LINE#         182
  C:1F4AH         LINE#         183
  C:1F51H         LINE#         184
  C:1F54H         LINE#         185
  C:1F56H         LINE#         186
  -------         ENDPROC       _SEND_DATA
  -------         PROC          _UARTSENDSTRING
  D:0001H         SYMBOL        Databuf
  C:1FE4H         LINE#         189
  C:1FE4H         LINE#         190
  C:1FE4H         LINE#         191
  C:1FE6H         LINE#         192
  C:1FEBH         LINE#         193
  C:1FEBH         LINE#         194
  C:1FEDH         LINE#         195
  C:1FF0H         LINE#         196
  C:1FF2H         LINE#         197
  C:1FF9H         LINE#         198
  C:1FFBH         LINE#         199
  C:1FFDH         LINE#         200
  -------         ENDPROC       _UARTSENDSTRING
  -------         PROC          IOINIT
  C:1FAEH         LINE#         203
  C:1FAEH         LINE#         204
  C:1FAEH         LINE#         207
  C:1FB1H         LINE#         208
  C:1FB4H         LINE#         212
  C:1FB7H         LINE#         213
BL51 BANKED LINKER/LOCATER V6.05                                                      09/25/2012  08:54:10  PAGE 12


  C:1FBAH         LINE#         214
  C:1FBCH         LINE#         215
  C:1FBEH         LINE#         218
  C:1FC1H         LINE#         219
  C:1FC4H         LINE#         220
  C:1FC6H         LINE#         221
  C:1FC8H         LINE#         222
  -------         ENDPROC       IOINIT
  C:145EH         SYMBOL        L?0217
  -------         PROC          L?0216
  -------         ENDPROC       L?0216
  C:145EH         SYMBOL        L?0217
  -------         PROC          _UARTRECTREAT
  D:000BH         SYMBOL        pCmd
  D:000EH         SYMBOL        byCmdLen
  -------         DO            
  D:000FH         SYMBOL        i
  D:0010H         SYMBOL        j
  D:0011H         SYMBOL        k
  -------         ENDDO         
  C:1466H         LINE#         227
  C:146EH         LINE#         228
  C:146EH         LINE#         230
  C:1470H         LINE#         231
  C:1481H         LINE#         232
  C:1481H         LINE#         234
  C:149DH         LINE#         235
  C:149DH         LINE#         236
  C:14A2H         LINE#         237
  C:14A2H         LINE#         238
  C:14A2H         LINE#         240
  C:14A2H         LINE#         241
  C:14A4H         LINE#         242
  C:14A4H         LINE#         244
  C:14BBH         LINE#         245
  C:14BBH         LINE#         246
  C:14BCH         LINE#         248
  C:14BCH         LINE#         249
  C:14BEH         LINE#         250
  C:14BEH         LINE#         253
  C:14C1H         LINE#         254
  C:14DBH         LINE#         255
  C:14DBH         LINE#         256
  C:14FAH         LINE#         257
  C:14FCH         LINE#         258
  C:1500H         LINE#         260
  C:1515H         LINE#         261
  C:1515H         LINE#         262
  C:151AH         LINE#         264
  C:151CH         LINE#         265
  C:1521H         LINE#         266
  C:1521H         LINE#         268
  C:1521H         LINE#         269
  C:1526H         LINE#         271
  C:152BH         LINE#         273
  C:152DH         LINE#         274
  C:152EH         LINE#         275
BL51 BANKED LINKER/LOCATER V6.05                                                      09/25/2012  08:54:10  PAGE 13


  -------         ENDPROC       _UARTRECTREAT
  -------         PROC          L?0218
  -------         ENDPROC       L?0218
  -------         PROC          _UARTRECTREAT2
  D:0008H         SYMBOL        pCmd
  D:000BH         SYMBOL        byCmdLen
  -------         DO            
  D:000CH         SYMBOL        i
  D:000DH         SYMBOL        j
  D:000EH         SYMBOL        k
  -------         ENDDO         
  C:1533H         LINE#         280
  C:153BH         LINE#         281
  C:153BH         LINE#         283
  C:153DH         LINE#         284
  C:154EH         LINE#         285
  C:154EH         LINE#         287
  C:156AH         LINE#         288
  C:156AH         LINE#         289
  C:156FH         LINE#         290
  C:156FH         LINE#         291
  C:156FH         LINE#         293
  C:156FH         LINE#         294
  C:1571H         LINE#         295
  C:1571H         LINE#         297
  C:1588H         LINE#         298
  C:1588H         LINE#         302
  C:158BH         LINE#         303
  C:158BH         LINE#         306
  C:158EH         LINE#         307
  C:15A8H         LINE#         308
  C:15A8H         LINE#         309
  C:15C7H         LINE#         310
  C:15C9H         LINE#         311
  C:15CDH         LINE#         313
  C:15E2H         LINE#         314
  C:15E2H         LINE#         315
  C:15E7H         LINE#         317
  C:15E9H         LINE#         318
  C:15EEH         LINE#         319
  C:15EEH         LINE#         321
  C:15EEH         LINE#         322
  C:15F3H         LINE#         327
  C:15F5H         LINE#         328
  -------         ENDPROC       _UARTRECTREAT2
  -------         PROC          UARTRECTREAT3
  C:137AH         LINE#         332
  C:137AH         LINE#         333
  C:137AH         LINE#         335
  C:137CH         LINE#         336
  C:138FH         LINE#         337
  C:138FH         LINE#         338
  C:1392H         LINE#         339
  C:1392H         LINE#         340
  C:13A0H         LINE#         341
  C:13A0H         LINE#         342
  C:13A3H         LINE#         343
BL51 BANKED LINKER/LOCATER V6.05                                                      09/25/2012  08:54:10  PAGE 14


  C:13A3H         LINE#         344
  C:13B6H         LINE#         345
  C:13B6H         LINE#         346
  C:13B9H         LINE#         347
  C:13B9H         LINE#         348
  C:13D0H         LINE#         349
  C:13D0H         LINE#         350
  C:13D3H         LINE#         351
  C:13D3H         LINE#         353
  C:13EAH         LINE#         354
  C:13EAH         LINE#         355
  C:13EDH         LINE#         356
  C:13EDH         LINE#         358
  C:1404H         LINE#         359
  C:1404H         LINE#         360
  C:1407H         LINE#         361
  C:1407H         LINE#         362
  C:141EH         LINE#         363
  C:141EH         LINE#         365
  C:1421H         LINE#         366
  C:1421H         LINE#         367
  C:1438H         LINE#         368
  C:1438H         LINE#         369
  C:143BH         LINE#         370
  C:143BH         LINE#         371
  C:1452H         LINE#         372
  C:1452H         LINE#         373
  C:1455H         LINE#         374
  C:1455H         LINE#         376
  C:1455H         LINE#         377
  C:145AH         LINE#         378
  C:145CH         LINE#         379
  C:145DH         LINE#         380
  C:145DH         LINE#         382
  -------         ENDPROC       UARTRECTREAT3
  -------         PROC          PCA0TIMERISR
  C:1BBFH         LINE#         387
  C:1BC7H         LINE#         389
  C:1BCAH         LINE#         390
  C:1BCAH         LINE#         391
  C:1BCCH         LINE#         392
  C:1BCFH         LINE#         393
  C:1BDAH         LINE#         394
  C:1BDDH         LINE#         395
  C:1BE1H         LINE#         397
  C:1BE3H         LINE#         399
  C:1BE9H         LINE#         400
  C:1BE9H         LINE#         401
  C:1BEDH         LINE#         402
  C:1BEDH         LINE#         403
  C:1BEFH         LINE#         405
  C:1BEFH         LINE#         406
  C:1BEFH         LINE#         407
  C:1BF1H         LINE#         408
  C:1BF4H         LINE#         409
  C:1BF4H         LINE#         410
  C:1BF6H         LINE#         411
BL51 BANKED LINKER/LOCATER V6.05                                                      09/25/2012  08:54:10  PAGE 15


  C:1BF8H         LINE#         412
  C:1BFBH         LINE#         413
  C:1BFBH         LINE#         414
  C:1BFDH         LINE#         415
  C:1BFFH         LINE#         416
  C:1C02H         LINE#         417
  C:1C02H         LINE#         418
  C:1C04H         LINE#         419
  C:1C04H         LINE#         421
  -------         ENDPROC       PCA0TIMERISR
  -------         PROC          INIT
  -------         DO            
  D:0008H         SYMBOL        i
  C:0AF2H         SYMBOL        RE_GSM_UART_AUTOBRT_SET
  C:0B33H         SYMBOL        RE_AFFIRM_UART_COM
  C:0B6DH         SYMBOL        RE_LOOP_DISP_OFF
  C:0BA7H         SYMBOL        RE_SIM_STATE_QUERY
  C:0BEAH         SYMBOL        RE_GSM_SWPATH_SET
  C:0C27H         SYMBOL        RE_ECHO_REST_SET
  C:0C64H         SYMBOL        RE_GSM_SPK_VOL_SET
  C:0CA1H         SYMBOL        RE_GSM_MIC_GAIN_SET
  C:0CE0H         SYMBOL        RE_NETOPS_QUERY
  -------         ENDDO         
  C:0A83H         LINE#         442
  C:0A83H         LINE#         443
  C:0A83H         LINE#         453
  C:0A86H         LINE#         454
  C:0A88H         LINE#         455
  C:0A8AH         LINE#         456
  C:0A8CH         LINE#         457
  C:0A8FH         LINE#         458
  C:0A93H         LINE#         460
  C:0A96H         LINE#         462
  C:0A98H         LINE#         464
  C:0A9AH         LINE#         466
  C:0A9DH         LINE#         467
  C:0AA0H         LINE#         468
  C:0AA3H         LINE#         477
  C:0AA6H         LINE#         482
  C:0AA9H         LINE#         485
  C:0AB1H         LINE#         486
  C:0AB9H         LINE#         487
  C:0AC1H         LINE#         488
  C:0AC5H         LINE#         489
  C:0ACDH         LINE#         490
  C:0AD1H         LINE#         491
  C:0AD4H         LINE#         492
  C:0ADDH         LINE#         494
  C:0AE3H         LINE#         495
  C:0AE5H         LINE#         497
  C:0AE8H         LINE#         498
  C:0AEAH         LINE#         499
  C:0AECH         LINE#         504
  C:0AEEH         LINE#         505
  C:0AF0H         LINE#         506
  C:0AF2H         LINE#         509
  C:0AF2H         LINE#         510
BL51 BANKED LINKER/LOCATER V6.05                                                      09/25/2012  08:54:10  PAGE 16


  C:0AF5H         LINE#         511
  C:0AFBH         LINE#         512
  C:0AFEH         LINE#         513
  C:0AFEH         LINE#         514
  C:0B01H         LINE#         515
  C:0B0EH         LINE#         516
  C:0B0EH         LINE#         517
  C:0B11H         LINE#         518
  C:0B11H         LINE#         519
  C:0B13H         LINE#         520
  C:0B21H         LINE#         521
  C:0B21H         LINE#         523
  C:0B21H         LINE#         525
  C:0B21H         LINE#         527
  C:0B21H         LINE#         528
  C:0B23H         LINE#         529
  C:0B23H         LINE#         530
  C:0B23H         LINE#         532
  C:0B23H         LINE#         534
  C:0B2AH         LINE#         535
  C:0B2CH         LINE#         536
  C:0B2CH         LINE#         539
  C:0B2EH         LINE#         540
  C:0B31H         LINE#         541
  C:0B31H         LINE#         544
  C:0B33H         LINE#         545
  C:0B36H         LINE#         546
  C:0B3CH         LINE#         547
  C:0B3FH         LINE#         548
  C:0B3FH         LINE#         549
  C:0B42H         LINE#         550
  C:0B4FH         LINE#         551
  C:0B4FH         LINE#         552
  C:0B52H         LINE#         553
  C:0B52H         LINE#         554
  C:0B54H         LINE#         555
  C:0B62H         LINE#         556
  C:0B62H         LINE#         559
  C:0B62H         LINE#         561
  C:0B62H         LINE#         563
  C:0B62H         LINE#         564
  C:0B64H         LINE#         565
  C:0B64H         LINE#         566
  C:0B64H         LINE#         568
  C:0B64H         LINE#         570
  C:0B6BH         LINE#         571
  C:0B6DH         LINE#         572
  C:0B6DH         LINE#         575
  C:0B6DH         LINE#         576
  C:0B70H         LINE#         577
  C:0B76H         LINE#         578
  C:0B79H         LINE#         579
  C:0B79H         LINE#         580
  C:0B7CH         LINE#         581
  C:0B89H         LINE#         582
  C:0B89H         LINE#         583
  C:0B8CH         LINE#         584
BL51 BANKED LINKER/LOCATER V6.05                                                      09/25/2012  08:54:10  PAGE 17


  C:0B8CH         LINE#         585
  C:0B8EH         LINE#         586
  C:0B9CH         LINE#         587
  C:0B9CH         LINE#         589
  C:0B9CH         LINE#         591
  C:0B9CH         LINE#         593
  C:0B9CH         LINE#         594
  C:0B9EH         LINE#         595
  C:0B9EH         LINE#         596
  C:0B9EH         LINE#         598
  C:0B9EH         LINE#         600
  C:0BA5H         LINE#         601
  C:0BA7H         LINE#         602
  C:0BA7H         LINE#         605
  C:0BA7H         LINE#         606
  C:0BAAH         LINE#         607
  C:0BB0H         LINE#         608
  C:0BB3H         LINE#         609
  C:0BB3H         LINE#         610
  C:0BB6H         LINE#         611
  C:0BC3H         LINE#         612
  C:0BC3H         LINE#         614
  C:0BC6H         LINE#         615
  C:0BC6H         LINE#         616
  C:0BC8H         LINE#         617
  C:0BDFH         LINE#         618
  C:0BDFH         LINE#         620
  C:0BDFH         LINE#         622
  C:0BDFH         LINE#         624
  C:0BDFH         LINE#         625
  C:0BE1H         LINE#         626
  C:0BE1H         LINE#         627
  C:0BE1H         LINE#         629
  C:0BE1H         LINE#         631
  C:0BE8H         LINE#         632
  C:0BEAH         LINE#         633
  C:0BEAH         LINE#         640
  C:0BEAH         LINE#         641
  C:0BEFH         LINE#         642
  C:0BF5H         LINE#         643
  C:0BF8H         LINE#         644
  C:0BF8H         LINE#         645
  C:0BFBH         LINE#         646
  C:0C08H         LINE#         647
  C:0C08H         LINE#         649
  C:0C0BH         LINE#         650
  C:0C0BH         LINE#         651
  C:0C0DH         LINE#         652
  C:0C1CH         LINE#         653
  C:0C1CH         LINE#         655
  C:0C1CH         LINE#         657
  C:0C1CH         LINE#         659
  C:0C1CH         LINE#         660
  C:0C1EH         LINE#         661
  C:0C1EH         LINE#         662
  C:0C1EH         LINE#         664
  C:0C1EH         LINE#         666
BL51 BANKED LINKER/LOCATER V6.05                                                      09/25/2012  08:54:10  PAGE 18


  C:0C25H         LINE#         667
  C:0C27H         LINE#         668
  C:0C27H         LINE#         671
  C:0C27H         LINE#         672
  C:0C2CH         LINE#         673
  C:0C32H         LINE#         674
  C:0C35H         LINE#         675
  C:0C35H         LINE#         676
  C:0C38H         LINE#         677
  C:0C45H         LINE#         678
  C:0C45H         LINE#         680
  C:0C48H         LINE#         681
  C:0C48H         LINE#         682
  C:0C4AH         LINE#         683
  C:0C59H         LINE#         684
  C:0C59H         LINE#         686
  C:0C59H         LINE#         688
  C:0C59H         LINE#         690
  C:0C59H         LINE#         691
  C:0C5BH         LINE#         692
  C:0C5BH         LINE#         693
  C:0C5BH         LINE#         695
  C:0C5BH         LINE#         697
  C:0C62H         LINE#         698
  C:0C64H         LINE#         699
  C:0C64H         LINE#         702
  C:0C64H         LINE#         703
  C:0C69H         LINE#         704
  C:0C6FH         LINE#         705
  C:0C72H         LINE#         706
  C:0C72H         LINE#         707
  C:0C75H         LINE#         708
  C:0C82H         LINE#         709
  C:0C82H         LINE#         711
  C:0C85H         LINE#         712
  C:0C85H         LINE#         713
  C:0C87H         LINE#         714
  C:0C96H         LINE#         715
  C:0C96H         LINE#         717
  C:0C96H         LINE#         719
  C:0C96H         LINE#         721
  C:0C96H         LINE#         722
  C:0C98H         LINE#         723
  C:0C98H         LINE#         724
  C:0C98H         LINE#         726
  C:0C98H         LINE#         728
  C:0C9FH         LINE#         729
  C:0CA1H         LINE#         730
  C:0CA1H         LINE#         732
  C:0CA1H         LINE#         733
  C:0CA6H         LINE#         734
  C:0CACH         LINE#         735
  C:0CAFH         LINE#         736
  C:0CAFH         LINE#         737
  C:0CB2H         LINE#         738
  C:0CBFH         LINE#         739
  C:0CBFH         LINE#         741
BL51 BANKED LINKER/LOCATER V6.05                                                      09/25/2012  08:54:10  PAGE 19


  C:0CC2H         LINE#         742
  C:0CC2H         LINE#         743
  C:0CC4H         LINE#         744
  C:0CD3H         LINE#         745
  C:0CD3H         LINE#         746
  C:0CD5H         LINE#         747
  C:0CD7H         LINE#         753
  C:0CD7H         LINE#         754
  C:0CD7H         LINE#         756
  C:0CD7H         LINE#         758
  C:0CDEH         LINE#         759
  C:0CE0H         LINE#         760
  C:0CE0H         LINE#         763
  C:0CE0H         LINE#         764
  C:0CE3H         LINE#         765
  C:0CE9H         LINE#         766
  C:0CECH         LINE#         767
  C:0CECH         LINE#         768
  C:0CEFH         LINE#         769
  C:0CFCH         LINE#         770
  C:0CFCH         LINE#         772
  C:0CFFH         LINE#         773
  C:0CFFH         LINE#         774
  C:0D01H         LINE#         775
  C:0D18H         LINE#         776
  C:0D18H         LINE#         777
  C:0D1AH         LINE#         778
  C:0D1BH         LINE#         784
  C:0D1BH         LINE#         785
  C:0D1BH         LINE#         787
  C:0D1BH         LINE#         788
  C:0D1DH         LINE#         789
  C:0D24H         LINE#         790
  -------         ENDPROC       INIT
  -------         PROC          MAIN
  C:1057H         LINE#         811
  C:1057H         LINE#         812
  C:1057H         LINE#         814
  C:105AH         LINE#         815
  C:105FH         LINE#         816
  C:105FH         LINE#         817
  C:105FH         LINE#         818
  C:1062H         LINE#         819
  C:1062H         LINE#         820
  C:1064H         LINE#         821
  C:1067H         LINE#         823
  C:1067H         LINE#         824
  C:106AH         LINE#         825
  C:106AH         LINE#         826
  C:106CH         LINE#         827
  C:106FH         LINE#         828
  C:106FH         LINE#         830
  C:1075H         LINE#         831
  C:1075H         LINE#         833
  C:1077H         LINE#         834
  C:107FH         LINE#         835
  C:1087H         LINE#         836
BL51 BANKED LINKER/LOCATER V6.05                                                      09/25/2012  08:54:10  PAGE 20


  C:108FH         LINE#         837
  C:1097H         LINE#         838
  C:109FH         LINE#         839
  C:10A7H         LINE#         840
  C:10AFH         LINE#         841
  C:10B4H         LINE#         842
  C:10B4H         LINE#         843
  C:10B8H         LINE#         844
  C:10BDH         LINE#         845
  C:10BFH         LINE#         847
  C:10C5H         LINE#         848
  C:10C5H         LINE#         849
  C:10CDH         LINE#         850
  C:10D5H         LINE#         851
  C:10DDH         LINE#         852
  C:10E7H         LINE#         853
  C:10E7H         LINE#         854
  C:10EDH         LINE#         855
  C:10F0H         LINE#         857
  C:10F0H         LINE#         858
  C:10FAH         LINE#         859
  C:10FAH         LINE#         860
  C:10FDH         LINE#         861
  C:10FFH         LINE#         863
  C:10FFH         LINE#         864
  C:1101H         LINE#         865
  C:1105H         LINE#         866
  C:1105H         LINE#         867
  C:1105H         LINE#         868
  C:1105H         LINE#         869
  C:1105H         LINE#         870
  C:1107H         LINE#         871
  C:110FH         LINE#         872
  C:110FH         LINE#         874
  C:1110H         LINE#         897
  C:1110H         LINE#         899
  C:1112H         LINE#         900
  C:1114H         LINE#         901
  C:111CH         LINE#         902
  C:111CH         LINE#         903
  C:1122H         LINE#         904
  C:1124H         LINE#         905
  C:1127H         LINE#         906
  C:1127H         LINE#         907
  C:112EH         LINE#         908
  C:1130H         LINE#         910
  C:1133H         LINE#         911
  C:1133H         LINE#         913
  C:1135H         LINE#         914
  C:113DH         LINE#         915
  C:1145H         LINE#         916
  C:114DH         LINE#         917
  C:1157H         LINE#         918
  C:1157H         LINE#         919
  C:115DH         LINE#         920
  C:115FH         LINE#         921
  C:1162H         LINE#         922
BL51 BANKED LINKER/LOCATER V6.05                                                      09/25/2012  08:54:10  PAGE 21


  C:1162H         LINE#         923
  C:1168H         LINE#         924
  C:116AH         LINE#         925
  C:116DH         LINE#         926
  C:116DH         LINE#         927
  C:1173H         LINE#         928
  C:1173H         LINE#         929
  C:117CH         LINE#         930
  C:117CH         LINE#         931
  C:117CH         LINE#         933
  C:117CH         LINE#         936
  C:117CH         LINE#         938
  C:1182H         LINE#         939
  C:1182H         LINE#         940
  C:1184H         LINE#         941
  C:1187H         LINE#         942
  C:1187H         LINE#         943
  -------         ENDPROC       MAIN
  -------         ENDMOD        MAIN

  -------         MODULE        PARAMETER
  C:0000H         SYMBOL        _ICE_DUMMY_
  C:2300H         PUBLIC        ParameterData
  -------         ENDMOD        PARAMETER

  -------         MODULE        SINGLEBUS
  C:0000H         SYMBOL        _ICE_DUMMY_
  D:0026H         PUBLIC        byBus0DisableCount
  D:0080H         PUBLIC        P0
  D:00B1H         PUBLIC        P3M0
  D:0090H         PUBLIC        P1
  D:00B2H         PUBLIC        P3M1
  D:00A0H         PUBLIC        P2
  D:00B0H         PUBLIC        P3
  B:00A8H.7       PUBLIC        EA
  B:0020H.7       PUBLIC        bBusy
  B:0021H.2       PUBLIC        bBus0Enable
  B:0022H.7       PUBLIC        bWaitAck
  C:1C0DH         PUBLIC        _SndRecAddrCompare
  C:1DBAH         PUBLIC        _SaveCallAddr
  D:00A8H         PUBLIC        IE
  B:0023H.4       PUBLIC        bConfusionNoting
  B:00B0H.7       PUBLIC        Bus0SendPin
  D:0027H         PUBLIC        byBus0TxTail
  D:00DAH         PUBLIC        CCAPM0
  C:1E84H         PUBLIC        _SaveIndicationData
  B:0021H.1       PUBLIC        bBus0OnRec
  D:00B8H         PUBLIC        IP
  B:00B0H.4       PUBLIC        SYS_STATE_LED
  B:0021H.5       PUBLIC        bBus0OnSendFreq
  B:0022H.2       PUBLIC        bOfficeBroad
  B:00B0H.2       PUBLIC        Bus0RecPin
  D:0028H         PUBLIC        byBus0RecTimeOut
  B:0022H.5       PUBLIC        bDealKeyDown
  B:0020H.0       PUBLIC        bLanding
  D:00D8H         PUBLIC        CCON
  C:202BH         PUBLIC        Bus0RecInt
BL51 BANKED LINKER/LOCATER V6.05                                                      09/25/2012  08:54:10  PAGE 22


  C:1CA9H         PUBLIC        ReadParameter
  C:1D80H         PUBLIC        SingleBusInit
  B:0021H.4       PUBLIC        bBus0OnSendBit
  B:0023H.3       PUBLIC        bServiceNoting
  B:0024H.2       PUBLIC        bBus0SendFinish
  D:0020H         PUBLIC        byDevState1
  D:0022H         PUBLIC        byDevState2
  D:0098H         PUBLIC        SCON
  B:0024H.1       PUBLIC        bBus0RecBit9
  D:0023H         PUBLIC        byDevState3
  D:0089H         PUBLIC        TMOD
  D:0088H         PUBLIC        TCON
  C:128EH         PUBLIC        TimerOutDeal
  C:1B68H         PUBLIC        SaveParameter
  C:118AH         PUBLIC        InitParameter
  B:0088H.1       PUBLIC        IE0
  B:0024H.0       PUBLIC        bBus0RecFinish
  B:0023H.5       PUBLIC        bMusicPlaying
  D:008EH         PUBLIC        AUXR
  X:00B6H         PUBLIC        byBus0SendData
  C:1ECFH         PUBLIC        SysReset
  D:00E0H         PUBLIC        ACC
  C:1D02H         PUBLIC        _AddrCompare
  B:00A8H.1       PUBLIC        ET0
  B:0088H.5       PUBLIC        TF0
  B:0021H.7       PUBLIC        bBus0Error
  D:008CH         PUBLIC        TH0
  B:0088H.0       PUBLIC        IT0
  B:00A8H.0       PUBLIC        EX0
  B:0023H.6       PUBLIC        bVoiceNoting
  D:008AH         PUBLIC        TL0
  X:00BDH         PUBLIC        byBus0RecData
  D:0029H         PUBLIC        byBus0SendCount
  D:00E7H         PUBLIC        ISP_CONTR
  B:0088H.4       PUBLIC        TR0
  C:1C5BH         PUBLIC        ReadTelNum
  X:00C4H         PUBLIC        byBus0TxQ
  B:0021H.6       PUBLIC        bBus0SendError
  B:0022H.4       PUBLIC        bChannel0Talk
  B:0020H.2       PUBLIC        bChannel1Talk
  C:0F1FH         PUBLIC        Bus0SendDeal
  C:073DH         PUBLIC        Timer0Int
  D:002AH         PUBLIC        byBus0RecCount
  B:0023H.2       PUBLIC        bHelpNoting
  D:002BH         PUBLIC        byBus0SendBuf
  C:1FC9H         PUBLIC        VoiceChannelCtx
  B:0022H.1       PUBLIC        bAllBroad
  B:0020H.1       PUBLIC        bIndicatingOther
  C:1B0FH         PUBLIC        SaveTelNum
  C:1DF4H         PUBLIC        _DirAddrCompare
  B:0024H.4       PUBLIC        bBus0SendBit
  B:0021H.0       PUBLIC        bBus0StartRec
  D:0021H         PUBLIC        byBus0State0
  B:0090H.6       PUBLIC        XTA
  B:0022H.6       PUBLIC        bWaitListen
  D:002CH         PUBLIC        byBus0RecSendCount
  D:0024H         PUBLIC        byBus0State1
BL51 BANKED LINKER/LOCATER V6.05                                                      09/25/2012  08:54:10  PAGE 23


  C:18B8H         PUBLIC        _Bus0OutputData
  C:0036H         PUBLIC        Bus0RecDeal
  C:1E55H         PUBLIC        _SndAddrCompare
  B:0090H.7       PUBLIC        XTD
  D:002DH         PUBLIC        byBus0RecBuf
  C:2015H         PUBLIC        _BcdToHex
  B:0021H.3       PUBLIC        bBus0ReqSend
  B:0024H.3       PUBLIC        bBus0Disable
  D:002EH         PUBLIC        byBus0TxHead
  B:0022H.3       PUBLIC        bSickRoomBroad
  D:00D0H         PUBLIC        PSW
  C:2048H         PUBLIC        _MakeCH0TimerOut
  D:002FH         PUBLIC        byBus0SendStopCount
  B:0024H.5       PUBLIC        bBus0RecBit
  B:0023H.1       PUBLIC        bEmergencyNoting
  C:216FH         PUBLIC        _MakeCH1TimerOut
  C:0009H         PUBLIC        LedControl
  -------         PROC          SINGLEBUSINIT
  C:1D80H         LINE#         82
  C:1D80H         LINE#         83
  C:1D80H         LINE#         88
  C:1D83H         LINE#         89
  C:1D86H         LINE#         90
  C:1D89H         LINE#         91
  C:1D8CH         LINE#         95
  C:1D8EH         LINE#         96
  C:1D90H         LINE#         100
  C:1D93H         LINE#         101
  C:1D96H         LINE#         103
  C:1D99H         LINE#         104
  C:1D9CH         LINE#         105
  C:1D9EH         LINE#         106
  C:1DA1H         LINE#         107
  C:1DA3H         LINE#         108
  C:1DA5H         LINE#         110
  C:1DA8H         LINE#         111
  C:1DABH         LINE#         112
  C:1DADH         LINE#         114
  C:1DAFH         LINE#         115
  C:1DB1H         LINE#         117
  C:1DB4H         LINE#         118
  C:1DB4H         LINE#         119
  C:1DB6H         LINE#         121
  C:1DB7H         LINE#         123
  C:1DB7H         LINE#         124
  C:1DB9H         LINE#         125
  C:1DB9H         LINE#         127
  -------         ENDPROC       SINGLEBUSINIT
  -------         PROC          BUS0RECINT
  C:202BH         LINE#         144
  C:202DH         LINE#         146
  C:202FH         LINE#         147
  C:2031H         LINE#         148
  C:2033H         LINE#         149
  C:2036H         LINE#         151
  C:2039H         LINE#         152
  C:2039H         LINE#         153
BL51 BANKED LINKER/LOCATER V6.05                                                      09/25/2012  08:54:10  PAGE 24


  C:203CH         LINE#         154
  C:203CH         LINE#         156
  -------         ENDPROC       BUS0RECINT
  -------         PROC          TIMER0INT
  C:073DH         LINE#         176
  C:075AH         LINE#         179
  C:075CH         LINE#         180
  C:075FH         LINE#         181
  C:0762H         LINE#         182
  C:0764H         LINE#         184
  C:0768H         LINE#         186
  C:076BH         LINE#         187
  C:076BH         LINE#         188
  C:0771H         LINE#         189
  C:077AH         LINE#         190
  C:077AH         LINE#         191
  C:077CH         LINE#         192
  C:077EH         LINE#         193
  C:0781H         LINE#         194
  C:0781H         LINE#         195
  C:0787H         LINE#         196
  C:0787H         LINE#         197
  C:078AH         LINE#         198
  C:078CH         LINE#         199
  C:078EH         LINE#         200
  C:078EH         LINE#         201
  C:0791H         LINE#         202
  C:0794H         LINE#         203
  C:0794H         LINE#         204
  C:0796H         LINE#         206
  C:0796H         LINE#         207
  C:0798H         LINE#         208
  C:0798H         LINE#         209
  C:0798H         LINE#         210
  C:079BH         LINE#         211
  C:07A1H         LINE#         212
  C:07A1H         LINE#         213
  C:07A7H         LINE#         214
  C:07B0H         LINE#         215
  C:07B0H         LINE#         216
  C:07B3H         LINE#         217
  C:07B5H         LINE#         218
  C:07BEH         LINE#         219
  C:07BEH         LINE#         220
  C:07C0H         LINE#         221
  C:07C3H         LINE#         222
  C:07C3H         LINE#         223
  C:07CFH         LINE#         224
  C:07CFH         LINE#         225
  C:07D2H         LINE#         226
  C:07D5H         LINE#         227
  C:07D7H         LINE#         229
  C:07D7H         LINE#         230
  C:07DAH         LINE#         231
  C:07EBH         LINE#         232
  C:07F1H         LINE#         233
  C:07F8H         LINE#         234
BL51 BANKED LINKER/LOCATER V6.05                                                      09/25/2012  08:54:10  PAGE 25


  C:07F8H         LINE#         235
  C:07FBH         LINE#         236
  C:0801H         LINE#         237
  C:0801H         LINE#         238
  C:0803H         LINE#         239
  C:0803H         LINE#         240
  C:0806H         LINE#         241
  C:0809H         LINE#         242
  C:080BH         LINE#         243
  C:080BH         LINE#         244
  C:080BH         LINE#         245
  C:080EH         LINE#         246
  C:0812H         LINE#         247
  C:0814H         LINE#         249
  C:0814H         LINE#         250
  C:0816H         LINE#         251
  C:081CH         LINE#         252
  C:081CH         LINE#         253
  C:081FH         LINE#         254
  C:0821H         LINE#         255
  C:0823H         LINE#         256
  C:0823H         LINE#         257
  C:0826H         LINE#         259
  C:0826H         LINE#         260
  C:0828H         LINE#         261
  C:082BH         LINE#         262
  C:082BH         LINE#         263
  C:082FH         LINE#         264
  C:0831H         LINE#         266
  C:0831H         LINE#         267
  C:0837H         LINE#         268
  C:083AH         LINE#         269
  C:083AH         LINE#         270
  C:083DH         LINE#         271
  C:083DH         LINE#         272
  C:083DH         LINE#         273
  C:083DH         LINE#         274
  C:083DH         LINE#         277
  C:0845H         LINE#         278
  C:0845H         LINE#         279
  C:0848H         LINE#         280
  C:0848H         LINE#         281
  C:084AH         LINE#         282
  C:084CH         LINE#         283
  C:084EH         LINE#         284
  C:0851H         LINE#         285
  C:0861H         LINE#         286
  C:0863H         LINE#         287
  C:0866H         LINE#         289
  C:0866H         LINE#         290
  C:0869H         LINE#         291
  C:086BH         LINE#         292
  C:086EH         LINE#         293
  C:086EH         LINE#         294
  C:086EH         LINE#         295
  C:086EH         LINE#         296
  C:0871H         LINE#         297
BL51 BANKED LINKER/LOCATER V6.05                                                      09/25/2012  08:54:10  PAGE 26


  C:0877H         LINE#         298
  C:0877H         LINE#         299
  C:087FH         LINE#         300
  C:087FH         LINE#         301
  C:0885H         LINE#         302
  C:088BH         LINE#         303
  C:088BH         LINE#         304
  C:088EH         LINE#         305
  C:0890H         LINE#         306
  C:0898H         LINE#         307
  C:0898H         LINE#         308
  C:08A1H         LINE#         309
  C:08A6H         LINE#         310
  C:08A8H         LINE#         311
  C:08ABH         LINE#         312
  C:08ABH         LINE#         313
  C:08ADH         LINE#         314
  C:08AFH         LINE#         315
  C:08B1H         LINE#         316
  C:08B9H         LINE#         317
  C:08B9H         LINE#         318
  C:08BBH         LINE#         319
  C:08BDH         LINE#         320
  C:08C6H         LINE#         321
  C:08C6H         LINE#         322
  C:08C9H         LINE#         323
  C:08CCH         LINE#         324
  C:08CFH         LINE#         325
  C:08D2H         LINE#         326
  C:08D5H         LINE#         327
  C:08D7H         LINE#         329
  C:08D7H         LINE#         330
  C:08DAH         LINE#         331
  C:08DCH         LINE#         332
  C:08DCH         LINE#         333
  C:08E0H         LINE#         334
  C:08E2H         LINE#         336
  C:08E2H         LINE#         337
  C:08E7H         LINE#         338
  C:08E7H         LINE#         339
  C:08E9H         LINE#         340
  C:08EBH         LINE#         341
  C:08EDH         LINE#         343
  C:08EDH         LINE#         344
  C:08EFH         LINE#         345
  C:08F1H         LINE#         346
  C:08F1H         LINE#         347
  C:08F7H         LINE#         348
  C:08F7H         LINE#         349
  C:08F7H         LINE#         350
  C:08F9H         LINE#         352
  C:08F9H         LINE#         353
  C:08FCH         LINE#         354
  C:08FFH         LINE#         355
  C:0901H         LINE#         356
  C:0903H         LINE#         357
  C:0906H         LINE#         358
BL51 BANKED LINKER/LOCATER V6.05                                                      09/25/2012  08:54:10  PAGE 27


  C:0906H         LINE#         359
  C:0906H         LINE#         362
  C:090CH         LINE#         363
  C:090CH         LINE#         364
  C:0910H         LINE#         365
  C:0910H         LINE#         366
  C:0913H         LINE#         367
  C:0913H         LINE#         368
  C:0915H         LINE#         369
  C:0915H         LINE#         370
  C:0915H         LINE#         371
  C:0918H         LINE#         372
  C:0918H         LINE#         373
  C:091AH         LINE#         374
  C:091DH         LINE#         375
  C:091DH         LINE#         376
  C:091FH         LINE#         377
  C:0923H         LINE#         378
  C:0926H         LINE#         379
  C:0926H         LINE#         380
  C:0926H         LINE#         381
  C:0926H         LINE#         384
  C:092AH         LINE#         385
  C:092AH         LINE#         386
  C:092DH         LINE#         387
  C:092DH         LINE#         388
  C:0930H         LINE#         390
  C:0930H         LINE#         391
  C:0930H         LINE#         392
  C:0934H         LINE#         393
  C:0934H         LINE#         394
  C:0937H         LINE#         395
  C:0937H         LINE#         396
  C:0939H         LINE#         397
  C:0939H         LINE#         398
  C:0939H         LINE#         401
  C:0942H         LINE#         402
  C:0942H         LINE#         403
  C:0945H         LINE#         404
  C:0945H         LINE#         405
  C:0947H         LINE#         406
  C:0947H         LINE#         407
  C:094AH         LINE#         409
  C:094AH         LINE#         410
  C:0953H         LINE#         411
  C:0953H         LINE#         412
  C:0977H         LINE#         413
  C:0977H         LINE#         414
  C:0987H         LINE#         415
  C:0997H         LINE#         416
  C:09A7H         LINE#         417
  C:09B8H         LINE#         418
  C:09C8H         LINE#         419
  C:09D9H         LINE#         420
  C:09E9H         LINE#         421
  C:09FAH         LINE#         422
  C:0A0AH         LINE#         423
BL51 BANKED LINKER/LOCATER V6.05                                                      09/25/2012  08:54:10  PAGE 28


  C:0A1BH         LINE#         424
  C:0A2BH         LINE#         425
  C:0A3CH         LINE#         426
  C:0A4CH         LINE#         427
  C:0A5DH         LINE#         428
  C:0A60H         LINE#         429
  C:0A62H         LINE#         431
  C:0A62H         LINE#         432
  C:0A68H         LINE#         433
  C:0A68H         LINE#         434
  C:0A68H         LINE#         435
  C:0A68H         LINE#         436
  C:0A68H         LINE#         438
  -------         ENDPROC       TIMER0INT
  -------         PROC          _BCDTOHEX
  D:0007H         SYMBOL        byData
  -------         DO            
  X:010BH         SYMBOL        byRet
  -------         ENDDO         
  C:2015H         LINE#         454
  C:2015H         LINE#         455
  C:2015H         LINE#         458
  C:201DH         LINE#         459
  C:2022H         LINE#         460
  C:2025H         LINE#         461
  C:2028H         LINE#         462
  C:202AH         LINE#         463
  -------         ENDPROC       _BCDTOHEX
  C:18ADH         SYMBOL        L?0297
  C:18B1H         SYMBOL        L?0298
  -------         PROC          L?0296
  -------         ENDPROC       L?0296
  C:18ADH         SYMBOL        L?0297
  C:18B1H         SYMBOL        L?0298
  -------         PROC          _BUS0OUTPUTDATA
  D:000AH         SYMBOL        pbyData
  -------         DO            
  D:000DH         SYMBOL        byTemp
  -------         ENDDO         
  C:18B8H         LINE#         480
  C:18BEH         LINE#         481
  C:18BEH         LINE#         482
  C:18C1H         LINE#         484
  C:18C3H         LINE#         485
  C:18E1H         LINE#         486
  C:18E1H         LINE#         487
  C:18E3H         LINE#         488
  C:18E6H         LINE#         489
  C:18E6H         LINE#         490
  C:18EDH         LINE#         491
  C:18EDH         LINE#         492
  C:190CH         LINE#         493
  C:191DH         LINE#         494
  C:191FH         LINE#         495
  C:1921H         LINE#         496
  C:1923H         LINE#         497
  -------         ENDPROC       _BUS0OUTPUTDATA
BL51 BANKED LINKER/LOCATER V6.05                                                      09/25/2012  08:54:10  PAGE 29


  C:1CF8H         SYMBOL        L?0300
  C:1CFCH         SYMBOL        L?0301
  -------         PROC          L?0299
  -------         ENDPROC       L?0299
  C:1CF8H         SYMBOL        L?0300
  C:1CFCH         SYMBOL        L?0301
  -------         PROC          _ADDRCOMPARE
  D:0001H         SYMBOL        pstBusFreq
  C:1D02H         LINE#         515
  C:1D02H         LINE#         516
  C:1D02H         LINE#         517
  C:1D13H         LINE#         518
  C:1D13H         LINE#         519
  C:1D15H         LINE#         520
  C:1D15H         LINE#         521
  C:1D26H         LINE#         522
  C:1D26H         LINE#         523
  C:1D28H         LINE#         524
  C:1D28H         LINE#         525
  C:1D39H         LINE#         526
  C:1D39H         LINE#         527
  C:1D3BH         LINE#         528
  C:1D3BH         LINE#         529
  C:1D3CH         LINE#         540
  -------         ENDPROC       _ADDRCOMPARE
  -------         PROC          _SNDADDRCOMPARE
  D:0001H         SYMBOL        pstBusFreq
  C:1E55H         LINE#         559
  C:1E55H         LINE#         560
  C:1E55H         LINE#         561
  C:1E60H         LINE#         562
  C:1E60H         LINE#         563
  C:1E62H         LINE#         564
  C:1E62H         LINE#         565
  C:1E70H         LINE#         566
  C:1E70H         LINE#         567
  C:1E72H         LINE#         568
  C:1E72H         LINE#         569
  C:1E80H         LINE#         570
  C:1E80H         LINE#         571
  C:1E82H         LINE#         572
  C:1E82H         LINE#         573
  C:1E83H         LINE#         575
  -------         ENDPROC       _SNDADDRCOMPARE
  -------         PROC          _SNDRECADDRCOMPARE
  D:0001H         SYMBOL        pAddr
  C:1C0DH         LINE#         592
  C:1C0DH         LINE#         593
  C:1C0DH         LINE#         595
  C:1C57H         LINE#         601
  C:1C59H         LINE#         602
  C:1C5AH         LINE#         604
  -------         ENDPROC       _SNDRECADDRCOMPARE
  -------         PROC          _DIRADDRCOMPARE
  D:0001H         SYMBOL        pstBusFreq
  C:1DF4H         LINE#         623
  C:1DF4H         LINE#         624
BL51 BANKED LINKER/LOCATER V6.05                                                      09/25/2012  08:54:10  PAGE 30


  C:1DF4H         LINE#         625
  C:1E02H         LINE#         626
  C:1E02H         LINE#         627
  C:1E04H         LINE#         628
  C:1E04H         LINE#         629
  C:1E12H         LINE#         630
  C:1E12H         LINE#         631
  C:1E14H         LINE#         632
  C:1E14H         LINE#         633
  C:1E22H         LINE#         634
  C:1E22H         LINE#         635
  C:1E24H         LINE#         636
  C:1E24H         LINE#         637
  C:1E25H         LINE#         638
  -------         ENDPROC       _DIRADDRCOMPARE
  -------         PROC          _SAVEINDICATIONDATA
  D:0001H         SYMBOL        pstBus0SendFreq
  C:1E84H         LINE#         656
  C:1E84H         LINE#         657
  C:1E84H         LINE#         658
  C:1E8BH         LINE#         659
  C:1E95H         LINE#         660
  C:1E9FH         LINE#         661
  C:1EA9H         LINE#         664
  -------         ENDPROC       _SAVEINDICATIONDATA
  -------         PROC          VOICECHANNELCTX
  C:1FC9H         LINE#         681
  C:1FC9H         LINE#         682
  C:1FC9H         LINE#         684
  C:1FCCH         LINE#         685
  C:1FCCH         LINE#         686
  C:1FCEH         LINE#         687
  C:1FD0H         LINE#         688
  C:1FD1H         LINE#         689
  C:1FD4H         LINE#         690
  C:1FD4H         LINE#         691
  C:1FD6H         LINE#         692
  C:1FD8H         LINE#         693
  C:1FD9H         LINE#         695
  C:1FDCH         LINE#         696
  C:1FDCH         LINE#         698
  C:1FDCH         LINE#         699
  C:1FDFH         LINE#         700
  C:1FDFH         LINE#         702
  C:1FDFH         LINE#         704
  C:1FDFH         LINE#         705
  C:1FE3H         LINE#         706
  C:1FE3H         LINE#         707
  -------         ENDPROC       VOICECHANNELCTX
  -------         PROC          L?0302
  -------         ENDPROC       L?0302
  -------         PROC          LEDCONTROL
  C:0009H         LINE#         723
  C:0009H         LINE#         724
  C:0009H         LINE#         726
  -------         ENDPROC       LEDCONTROL
  -------         PROC          SYSRESET
BL51 BANKED LINKER/LOCATER V6.05                                                      09/25/2012  08:54:10  PAGE 31


  C:1ECFH         LINE#         743
  C:1ECFH         LINE#         744
  C:1ECFH         LINE#         746
  C:1EE7H         LINE#         751
  C:1EEAH         LINE#         752
  C:1EEFH         LINE#         753
  C:1EEFH         LINE#         755
  C:1EF2H         LINE#         756
  C:1EF2H         LINE#         757
  -------         ENDPROC       SYSRESET
  -------         PROC          SAVEPARAMETER
  C:1B68H         LINE#         775
  C:1B68H         LINE#         776
  C:1B68H         LINE#         777
  C:1B6FH         LINE#         778
  C:1B79H         LINE#         779
  C:1B7FH         LINE#         780
  C:1B84H         LINE#         781
  C:1B8AH         LINE#         782
  C:1B8FH         LINE#         783
  C:1B99H         LINE#         784
  C:1B99H         LINE#         785
  C:1BBAH         LINE#         786
  C:1BBCH         LINE#         787
  -------         ENDPROC       SAVEPARAMETER
  -------         PROC          SAVETELNUM
  C:1B0FH         LINE#         792
  C:1B0FH         LINE#         793
  C:1B0FH         LINE#         794
  C:1B18H         LINE#         795
  C:1B22H         LINE#         796
  C:1B28H         LINE#         797
  C:1B2DH         LINE#         798
  C:1B33H         LINE#         799
  C:1B38H         LINE#         800
  C:1B42H         LINE#         801
  C:1B42H         LINE#         802
  C:1B63H         LINE#         803
  C:1B65H         LINE#         804
  -------         ENDPROC       SAVETELNUM
  -------         PROC          READPARAMETER
  C:1CA9H         LINE#         821
  C:1CA9H         LINE#         822
  C:1CA9H         LINE#         824
  C:1CB0H         LINE#         825
  C:1CBAH         LINE#         826
  C:1CC0H         LINE#         828
  C:1CC5H         LINE#         829
  C:1CCFH         LINE#         830
  C:1CCFH         LINE#         831
  C:1CF0H         LINE#         832
  C:1CF2H         LINE#         833
  -------         ENDPROC       READPARAMETER
  -------         PROC          READTELNUM
  C:1C5BH         LINE#         838
  C:1C5BH         LINE#         839
  C:1C5BH         LINE#         841
BL51 BANKED LINKER/LOCATER V6.05                                                      09/25/2012  08:54:10  PAGE 32


  C:1C64H         LINE#         842
  C:1C6EH         LINE#         843
  C:1C74H         LINE#         846
  C:1C79H         LINE#         847
  C:1C83H         LINE#         848
  C:1C83H         LINE#         849
  C:1CA4H         LINE#         850
  C:1CA6H         LINE#         851
  -------         ENDPROC       READTELNUM
  -------         PROC          INITPARAMETER
  C:118AH         LINE#         869
  C:118AH         LINE#         870
  C:118AH         LINE#         871
  C:118FH         LINE#         872
  C:119DH         LINE#         873
  C:119DH         LINE#         874
  C:11A0H         LINE#         876
  C:11A0H         LINE#         878
  C:11A0H         LINE#         879
  C:11A9H         LINE#         880
  C:11B2H         LINE#         881
  C:11BBH         LINE#         882
  C:11C4H         LINE#         884
  C:11CDH         LINE#         885
  C:11D6H         LINE#         886
  C:11DFH         LINE#         887
  C:11E8H         LINE#         888
  C:11F1H         LINE#         890
  C:11FAH         LINE#         891
  C:1203H         LINE#         892
  C:120CH         LINE#         893
  C:1215H         LINE#         894
  C:121EH         LINE#         895
  C:1227H         LINE#         896
  C:1230H         LINE#         897
  C:1239H         LINE#         898
  C:1242H         LINE#         899
  C:124BH         LINE#         900
  C:1254H         LINE#         901
  C:125DH         LINE#         902
  C:1266H         LINE#         904
  C:126FH         LINE#         905
  C:1278H         LINE#         906
  C:1281H         LINE#         907
  C:128AH         LINE#         908
  C:128DH         LINE#         909
  C:128DH         LINE#         910
  -------         ENDPROC       INITPARAMETER
  -------         PROC          _SAVECALLADDR
  D:0001H         SYMBOL        pstBusFreq
  C:1DBAH         LINE#         913
  C:1DBAH         LINE#         914
  C:1DBAH         LINE#         915
  C:1DC1H         LINE#         916
  C:1DCBH         LINE#         917
  C:1DD5H         LINE#         919
  C:1DDFH         LINE#         920
BL51 BANKED LINKER/LOCATER V6.05                                                      09/25/2012  08:54:10  PAGE 33


  C:1DE9H         LINE#         921
  C:1DF3H         LINE#         922
  -------         ENDPROC       _SAVECALLADDR
  -------         PROC          L?0303
  -------         ENDPROC       L?0303
  -------         PROC          _MAKECH0TIMEROUT
  D:0007H         SYMBOL        byTimerOut
  D:0005H         SYMBOL        byTimerOutCount
  C:2048H         LINE#         940
  C:2048H         LINE#         941
  C:2048H         LINE#         942
  C:204DH         LINE#         943
  C:204FH         LINE#         944
  C:2052H         LINE#         945
  -------         ENDPROC       _MAKECH0TIMEROUT
  -------         PROC          _MAKECH1TIMEROUT
  D:0007H         SYMBOL        byTimerOut
  D:0005H         SYMBOL        byTimerOutCount
  C:216FH         LINE#         961
  C:216FH         LINE#         962
  C:216FH         LINE#         963
  C:2174H         LINE#         964
  C:2176H         LINE#         965
  C:2179H         LINE#         966
  -------         ENDPROC       _MAKECH1TIMEROUT
  -------         PROC          BUS0RECDEAL
  -------         DO            
  D:0008H         SYMBOL        i
  -------         ENDDO         
  C:0036H         LINE#         986
  C:0036H         LINE#         987
  C:0036H         LINE#         990
  C:0038H         LINE#         991
  C:004BH         LINE#         992
  C:004DH         LINE#         993
  C:004FH         LINE#         997
  C:005AH         LINE#         1004
  C:00C5H         LINE#         1005
  C:00C5H         LINE#         1006
  C:00C5H         LINE#         1007
  C:00CBH         LINE#         1008
  C:00CBH         LINE#         1009
  C:00D9H         LINE#         1010
  C:00D9H         LINE#         1011
  C:00DBH         LINE#         1012
  C:00DDH         LINE#         1013
  C:00DDH         LINE#         1014
  C:00DDH         LINE#         1015
  C:00DEH         LINE#         1017
  C:00DEH         LINE#         1018
  C:00E4H         LINE#         1019
  C:00E4H         LINE#         1020
  C:00E6H         LINE#         1022
  C:00EAH         LINE#         1035
  C:00EAH         LINE#         1036
  C:00ECH         LINE#         1038
  C:00ECH         LINE#         1039
BL51 BANKED LINKER/LOCATER V6.05                                                      09/25/2012  08:54:10  PAGE 34


  C:00EEH         LINE#         1041
  C:00F1H         LINE#         1042
  C:00F9H         LINE#         1043
  C:00F9H         LINE#         1044
  C:00FBH         LINE#         1045
  C:00FDH         LINE#         1046
  C:0103H         LINE#         1047
  C:0103H         LINE#         1048
  C:0107H         LINE#         1049
  C:0109H         LINE#         1050
  C:0109H         LINE#         1055
  C:0109H         LINE#         1056
  C:010BH         LINE#         1058
  C:010EH         LINE#         1059
  C:0116H         LINE#         1060
  C:0116H         LINE#         1061
  C:0118H         LINE#         1062
  C:011AH         LINE#         1063
  C:0120H         LINE#         1064
  C:0120H         LINE#         1065
  C:0124H         LINE#         1066
  C:0126H         LINE#         1067
  C:0126H         LINE#         1068
  C:0126H         LINE#         1069
  C:0126H         LINE#         1070
  C:0126H         LINE#         1071
  C:0129H         LINE#         1073
  C:0129H         LINE#         1074
  C:0129H         LINE#         1075
  C:0129H         LINE#         1076
  C:012FH         LINE#         1077
  C:012FH         LINE#         1078
  C:0131H         LINE#         1080
  C:013BH         LINE#         1115
  C:013BH         LINE#         1116
  C:013BH         LINE#         1118
  C:013BH         LINE#         1119
  C:013BH         LINE#         1120
  C:013BH         LINE#         1121
  C:013BH         LINE#         1123
  C:013BH         LINE#         1126
  C:013BH         LINE#         1127
  C:0141H         LINE#         1128
  C:0141H         LINE#         1129
  C:0147H         LINE#         1130
  C:0147H         LINE#         1132
  C:0147H         LINE#         1134
  C:015CH         LINE#         1135
  C:015CH         LINE#         1136
  C:015CH         LINE#         1137
  C:015CH         LINE#         1138
  C:015CH         LINE#         1140
  C:015FH         LINE#         1142
  C:015FH         LINE#         1143
  C:015FH         LINE#         1144
  C:015FH         LINE#         1146
  C:015FH         LINE#         1148
BL51 BANKED LINKER/LOCATER V6.05                                                      09/25/2012  08:54:10  PAGE 35


  C:0168H         LINE#         1149
  C:016AH         LINE#         1150
  C:016AH         LINE#         1151
  C:016DH         LINE#         1152
  C:0172H         LINE#         1153
  C:0172H         LINE#         1154
  C:0172H         LINE#         1157
  C:0172H         LINE#         1158
  C:0172H         LINE#         1159
  C:0172H         LINE#         1160
  C:0172H         LINE#         1161
  C:0178H         LINE#         1162
  C:0178H         LINE#         1163
  C:017AH         LINE#         1165
  C:017DH         LINE#         1169
  C:0180H         LINE#         1170
  C:0180H         LINE#         1173
  C:0180H         LINE#         1174
  C:0186H         LINE#         1175
  C:0186H         LINE#         1176
  C:0186H         LINE#         1178
  C:0186H         LINE#         1180
  C:0186H         LINE#         1181
  C:0186H         LINE#         1182
  C:0186H         LINE#         1184
  C:0186H         LINE#         1185
  C:0188H         LINE#         1186
  C:0188H         LINE#         1187
  C:018EH         LINE#         1188
  C:018EH         LINE#         1189
  C:018EH         LINE#         1191
  C:018EH         LINE#         1193
  C:018EH         LINE#         1194
  C:018EH         LINE#         1195
  C:018EH         LINE#         1196
  C:0190H         LINE#         1197
  C:0190H         LINE#         1198
  C:0190H         LINE#         1199
  C:0190H         LINE#         1200
  C:0190H         LINE#         1201
  C:0198H         LINE#         1202
  C:0198H         LINE#         1203
  C:01DEH         LINE#         1208
  C:01DEH         LINE#         1209
  C:01E0H         LINE#         1211
  C:01E3H         LINE#         1213
[...]
  C:0FF8H         LINE#         1598
  C:0FFAH         LINE#         1599
  C:0FFAH         LINE#         1600
  C:0FFAH         LINE#         1601
  C:0FFAH         LINE#         1602
  C:0FFCH         LINE#         1604
  C:0FFCH         LINE#         1605
  C:0FFEH         LINE#         1606
BL51 BANKED LINKER/LOCATER V6.05                                                      09/25/2012  08:54:10  PAGE 41


  C:1004H         LINE#         1607
  C:1007H         LINE#         1608
  C:100AH         LINE#         1609
  C:100AH         LINE#         1611
  C:100AH         LINE#         1612
  C:100CH         LINE#         1613
  C:100FH         LINE#         1614
  C:1011H         LINE#         1615
  C:1012H         LINE#         1617
  C:1012H         LINE#         1618
  C:1015H         LINE#         1619
  C:1015H         LINE#         1621
  C:1015H         LINE#         1622
  C:102CH         LINE#         1623
  C:102CH         LINE#         1624
  C:102CH         LINE#         1625
  C:102EH         LINE#         1627
  C:1031H         LINE#         1628
  C:1033H         LINE#         1629
  C:1035H         LINE#         1630
  C:1037H         LINE#         1631
  C:103AH         LINE#         1634
  C:103AH         LINE#         1635
  C:103CH         LINE#         1636
  C:103DH         LINE#         1638
  C:103DH         LINE#         1642
  C:103DH         LINE#         1643
  C:104CH         LINE#         1644
  C:1051H         LINE#         1645
  C:1051H         LINE#         1646
  C:1053H         LINE#         1648
  C:1053H         LINE#         1649
  C:1056H         LINE#         1650
  C:1056H         LINE#         1652
  C:1056H         LINE#         1653
  C:1056H         LINE#         1655
  C:1056H         LINE#         1656
  C:1056H         LINE#         1658
  C:1056H         LINE#         1659
  -------         ENDPROC       BUS0SENDDEAL
  -------         PROC          TIMEROUTDEAL
  -------         DO            
  C:12ACH         SYMBOL        TIMER0OUTDEAL
  C:133BH         SYMBOL        TIMER1OUTDEAL
  -------         ENDDO         
  C:128EH         LINE#         1677
  C:128EH         LINE#         1678
  C:128EH         LINE#         1679
  C:1297H         LINE#         1680
  C:1297H         LINE#         1681
  C:1299H         LINE#         1682
  C:129FH         LINE#         1683
  C:129FH         LINE#         1684
  C:12A3H         LINE#         1685
  C:12A3H         LINE#         1686
  C:12A3H         LINE#         1687
  C:12A3H         LINE#         1689
BL51 BANKED LINKER/LOCATER V6.05                                                      09/25/2012  08:54:10  PAGE 42


  C:12A3H         LINE#         1690
  C:12A9H         LINE#         1691
  C:12ACH         LINE#         1692
  C:12ACH         LINE#         1693
  C:12ACH         LINE#         1694
  C:12AFH         LINE#         1695
  C:12AFH         LINE#         1696
  C:12B7H         LINE#         1697
  C:12BFH         LINE#         1698
  C:12C7H         LINE#         1699
  C:12CBH         LINE#         1700
  C:12D3H         LINE#         1701
  C:12DBH         LINE#         1702
  C:12DEH         LINE#         1703
  C:12E1H         LINE#         1704
  C:12E3H         LINE#         1706
  C:12EBH         LINE#         1707
  C:12EBH         LINE#         1708
  C:12F3H         LINE#         1709
  C:12FBH         LINE#         1710
  C:1303H         LINE#         1711
  C:1305H         LINE#         1713
  C:1305H         LINE#         1714
  C:1305H         LINE#         1715
  C:1305H         LINE#         1716
  C:1308H         LINE#         1718
  C:130BH         LINE#         1719
  C:130DH         LINE#         1721
  C:130DH         LINE#         1722
  C:1315H         LINE#         1723
  C:1318H         LINE#         1724
  C:131BH         LINE#         1725
  C:131BH         LINE#         1726
  C:131DH         LINE#         1728
  C:131DH         LINE#         1729
  C:1323H         LINE#         1730
  C:1323H         LINE#         1731
  C:1323H         LINE#         1732
  C:1323H         LINE#         1733
  C:1323H         LINE#         1735
  C:1329H         LINE#         1736
  C:1329H         LINE#         1737
  C:132BH         LINE#         1738
  C:132EH         LINE#         1739
  C:132EH         LINE#         1740
  C:1332H         LINE#         1741
  C:1332H         LINE#         1742
  C:1332H         LINE#         1743
  C:1332H         LINE#         1745
  C:1332H         LINE#         1746
  C:1338H         LINE#         1747
  C:133BH         LINE#         1748
  C:133BH         LINE#         1749
  C:133BH         LINE#         1750
  C:133EH         LINE#         1751
  C:133EH         LINE#         1752
  C:1346H         LINE#         1753
BL51 BANKED LINKER/LOCATER V6.05                                                      09/25/2012  08:54:10  PAGE 43


  C:134EH         LINE#         1754
  C:1356H         LINE#         1755
  C:1358H         LINE#         1761
  C:1358H         LINE#         1762
  C:1358H         LINE#         1763
  C:1358H         LINE#         1764
  C:135BH         LINE#         1766
  C:135EH         LINE#         1767
  C:135EH         LINE#         1769
  C:1360H         LINE#         1771
  C:1360H         LINE#         1772
  C:1366H         LINE#         1773
  C:1366H         LINE#         1774
  C:1366H         LINE#         1775
  C:1366H         LINE#         1776
  C:1366H         LINE#         1779
  C:1369H         LINE#         1780
  C:1369H         LINE#         1781
  C:1371H         LINE#         1782
  C:1371H         LINE#         1783
  C:1377H         LINE#         1784
  C:1379H         LINE#         1785
  C:1379H         LINE#         1786
  C:1379H         LINE#         1787
  -------         ENDPROC       TIMEROUTDEAL
  -------         ENDMOD        SINGLEBUS

  -------         MODULE        GSM
  C:0000H         SYMBOL        _ICE_DUMMY_
  C:1FFEH         PUBLIC        GSMInit
  C:1F74H         PUBLIC        _GSMSPKVoiceSet
  D:0080H         PUBLIC        P0
  D:0090H         PUBLIC        P1
  B:00B0H.5       PUBLIC        GSM_STATE_LED
  D:00A0H         PUBLIC        P2
  D:00B0H         PUBLIC        P3
  C:208CH         PUBLIC        SIMStateQuery
  D:00A8H         PUBLIC        IE
  C:20EBH         PUBLIC        GSMPathQuery
  C:2053H         PUBLIC        AffirmUartCom
  D:00B8H         PUBLIC        IP
  B:0090H.2       PUBLIC        GSM_ON_OFF
  D:00D8H         PUBLIC        CCON
  C:2111H         PUBLIC        GSMHandUp
  C:1A3BH         PUBLIC        GSMHandUpTreat
  D:0098H         PUBLIC        SCON
  D:0088H         PUBLIC        TCON
  C:20B2H         PUBLIC        NetOPSQuery
  C:209FH         PUBLIC        SignalIntensionQuery
  B:0090H.3       PUBLIC        GSM_RST
  D:00E0H         PUBLIC        ACC
  C:2066H         PUBLIC        LoopDispOff
  B:0090H.1       PUBLIC        GSM_PWR_SW
  C:1EAAH         PUBLIC        _GSMSWPathSet
  C:2163H         PUBLIC        GSMRestar
  C:17FDH         PUBLIC        _GSMUartBrtSet
  C:1AAAH         PUBLIC        GSMCall
BL51 BANKED LINKER/LOCATER V6.05                                                      09/25/2012  08:54:10  PAGE 44


  C:20FEH         PUBLIC        EchoRestrainQuery
  C:16AFH         PUBLIC        GSMCallTreat
  C:2079H         PUBLIC        LoopDispOn
  C:1F91H         PUBLIC        _GSMMICGainSet
  D:00D0H         PUBLIC        PSW
  C:20D8H         PUBLIC        GSMUartAutoBrtSet
  C:20C5H         PUBLIC        GSMModuleInfoQuery
  C:1F57H         PUBLIC        _EchoRestrainSet
  -------         PROC          AFFIRMUARTCOM
  C:2053H         LINE#         4
  C:2053H         LINE#         5
  C:2053H         LINE#         6
  C:205CH         LINE#         7
  C:2061H         LINE#         8
  -------         ENDPROC       AFFIRMUARTCOM
  -------         PROC          LOOPDISPOFF
  C:2066H         LINE#         12
  C:2066H         LINE#         13
  C:2066H         LINE#         14
  C:206FH         LINE#         15
  C:2074H         LINE#         16
  -------         ENDPROC       LOOPDISPOFF
  -------         PROC          LOOPDISPON
  C:2079H         LINE#         19
  C:2079H         LINE#         20
  C:2079H         LINE#         21
  C:2082H         LINE#         22
  C:2087H         LINE#         23
  -------         ENDPROC       LOOPDISPON
  -------         PROC          SIMSTATEQUERY
  C:208CH         LINE#         27
  C:208CH         LINE#         28
  C:208CH         LINE#         29
  C:2095H         LINE#         30
  C:209AH         LINE#         31
  -------         ENDPROC       SIMSTATEQUERY
  -------         PROC          SIGNALINTENSIONQUERY
  C:209FH         LINE#         35
  C:209FH         LINE#         36
  C:209FH         LINE#         37
  C:20A8H         LINE#         38
  C:20ADH         LINE#         39
  -------         ENDPROC       SIGNALINTENSIONQUERY
  -------         PROC          NETOPSQUERY
  C:20B2H         LINE#         43
  C:20B2H         LINE#         44
  C:20B2H         LINE#         45
  C:20BBH         LINE#         46
  C:20C0H         LINE#         47
  -------         ENDPROC       NETOPSQUERY
  -------         PROC          GSMMODULEINFOQUERY
  C:20C5H         LINE#         52
  C:20C5H         LINE#         53
  C:20C5H         LINE#         54
  C:20CEH         LINE#         55
  C:20D3H         LINE#         56
  -------         ENDPROC       GSMMODULEINFOQUERY
BL51 BANKED LINKER/LOCATER V6.05                                                      09/25/2012  08:54:10  PAGE 45


  -------         PROC          GSMUARTAUTOBRTSET
  C:20D8H         LINE#         60
  C:20D8H         LINE#         61
  C:20D8H         LINE#         62
  C:20E1H         LINE#         63
  C:20E6H         LINE#         64
  -------         ENDPROC       GSMUARTAUTOBRTSET
  -------         PROC          _GSMUARTBRTSET
  D:0002H         SYMBOL        UartBrt
  -------         DO            
  D:0018H         SYMBOL        BaudRate
  -------         ENDDO         
  C:17FDH         LINE#         69
  C:1801H         LINE#         70
  C:1801H         LINE#         72
  C:180DH         LINE#         73
  C:181CH         LINE#         74
  C:182CH         LINE#         75
  C:183BH         LINE#         76
  C:184BH         LINE#         77
  C:185AH         LINE#         78
  C:186AH         LINE#         79
  C:1875H         LINE#         80
  C:187AH         LINE#         83
  C:1883H         LINE#         84
  C:188EH         LINE#         85
  C:1893H         LINE#         86
  -------         ENDPROC       _GSMUARTBRTSET
  -------         PROC          GSMPATHQUERY
  C:20EBH         LINE#         91
  C:20EBH         LINE#         92
  C:20EBH         LINE#         93
  C:20F4H         LINE#         94
  C:20F9H         LINE#         95
  -------         ENDPROC       GSMPATHQUERY
  -------         PROC          ECHORESTRAINQUERY
  C:20FEH         LINE#         98
  C:20FEH         LINE#         99
  C:20FEH         LINE#         100
  C:2107H         LINE#         101
  C:210CH         LINE#         102
  -------         ENDPROC       ECHORESTRAINQUERY
  -------         PROC          _ECHORESTRAINSET
  D:000AH         SYMBOL        Parameter
  C:1F57H         LINE#         106
  C:1F59H         LINE#         107
  C:1F59H         LINE#         108
  C:1F62H         LINE#         109
  C:1F6AH         LINE#         110
  C:1F6FH         LINE#         111
  -------         ENDPROC       _ECHORESTRAINSET
  -------         PROC          _GSMSWPATHSET
  D:000AH         SYMBOL        path
  C:1EAAH         LINE#         117
  C:1EACH         LINE#         118
  C:1EACH         LINE#         119
  C:1EB3H         LINE#         121
BL51 BANKED LINKER/LOCATER V6.05                                                      09/25/2012  08:54:10  PAGE 46


  C:1EBCH         LINE#         122
  C:1EC4H         LINE#         123
  C:1EC9H         LINE#         124
  C:1ECEH         LINE#         125
  -------         ENDPROC       _GSMSWPATHSET
  -------         PROC          _GSMSPKVOICESET
  D:000AH         SYMBOL        Voice
  C:1F74H         LINE#         128
  C:1F76H         LINE#         129
  C:1F76H         LINE#         131
  C:1F7FH         LINE#         132
  C:1F87H         LINE#         133
  C:1F8CH         LINE#         134
  -------         ENDPROC       _GSMSPKVOICESET
  -------         PROC          _GSMMICGAINSET
  D:000AH         SYMBOL        Gain
  C:1F91H         LINE#         138
  C:1F93H         LINE#         139
  C:1F93H         LINE#         140
  C:1F9CH         LINE#         141
  C:1FA4H         LINE#         142
  C:1FA9H         LINE#         143
  -------         ENDPROC       _GSMMICGAINSET
  -------         PROC          GSMCALL
  -------         DO            
  D:000BH         SYMBOL        TelPhoneNum
  D:0017H         SYMBOL        i
  -------         ENDDO         
  C:1AAAH         LINE#         148
  C:1AAAH         LINE#         149
  C:1AAAH         LINE#         152
  C:1AC0H         LINE#         153
  C:1ADBH         LINE#         155
  C:1AE4H         LINE#         156
  C:1AF2H         LINE#         157
  C:1AF2H         LINE#         158
  C:1AFCH         LINE#         159
  C:1B00H         LINE#         161
  C:1B05H         LINE#         162
  C:1B0AH         LINE#         163
  -------         ENDPROC       GSMCALL
  -------         PROC          GSMHANDUP
  C:2111H         LINE#         166
  C:2111H         LINE#         167
  C:2111H         LINE#         168
  C:211AH         LINE#         169
  C:211FH         LINE#         170
  -------         ENDPROC       GSMHANDUP
  -------         PROC          GSMINIT
  C:1FFEH         LINE#         174
  C:1FFEH         LINE#         175
  C:1FFEH         LINE#         176
  C:2000H         LINE#         177
  C:2002H         LINE#         178
  C:2009H         LINE#         180
  C:200BH         LINE#         181
  C:2012H         LINE#         182
BL51 BANKED LINKER/LOCATER V6.05                                                      09/25/2012  08:54:10  PAGE 47


  C:2014H         LINE#         183
  -------         ENDPROC       GSMINIT
  -------         PROC          GSMRESTAR
  C:2163H         LINE#         186
  C:2163H         LINE#         187
  C:2163H         LINE#         188
  C:2165H         LINE#         189
  C:216CH         LINE#         190
  C:216EH         LINE#         191
  -------         ENDPROC       GSMRESTAR
  -------         PROC          GSMCALLTREAT
  -------         DO            
  D:0009H         SYMBOL        i
  C:16C4H         SYMBOL        RE_GSM_CALL
  -------         ENDDO         
  C:16AFH         LINE#         194
  C:16AFH         LINE#         195
  C:16AFH         LINE#         197
  C:16BFH         LINE#         198
  C:16C4H         LINE#         199
  C:16C4H         LINE#         200
  C:16D0H         LINE#         201
  C:16D0H         LINE#         202
  C:16D3H         LINE#         203
  C:16D9H         LINE#         204
  C:16DCH         LINE#         205
  C:16DCH         LINE#         206
  C:16E3H         LINE#         207
  C:16F0H         LINE#         208
  C:16F0H         LINE#         210
  C:16F3H         LINE#         211
  C:16F3H         LINE#         212
  C:16F5H         LINE#         213
  C:170CH         LINE#         214
  C:170CH         LINE#         216
  C:1712H         LINE#         217
  C:1715H         LINE#         218
  C:1715H         LINE#         219
  C:171CH         LINE#         220
  C:1729H         LINE#         221
  C:1729H         LINE#         222
  C:172CH         LINE#         223
  C:172CH         LINE#         224
  C:172EH         LINE#         225
  C:1745H         LINE#         226
  C:1745H         LINE#         228
  C:1747H         LINE#         230
  C:174AH         LINE#         231
  C:174AH         LINE#         233
  C:174AH         LINE#         234
  C:174AH         LINE#         235
  C:174AH         LINE#         239
  C:1751H         LINE#         240
  C:1757H         LINE#         241
  C:175AH         LINE#         243
  C:175AH         LINE#         244
  C:175CH         LINE#         245
BL51 BANKED LINKER/LOCATER V6.05                                                      09/25/2012  08:54:10  PAGE 48


  -------         ENDPROC       GSMCALLTREAT
  -------         PROC          GSMHANDUPTREAT
  -------         DO            
  D:0009H         SYMBOL        i
  C:1A50H         SYMBOL        RE_GSM_HUNDUP
  -------         ENDDO         
  C:1A3BH         LINE#         248
  C:1A3BH         LINE#         249
  C:1A3BH         LINE#         251
  C:1A4BH         LINE#         252
  C:1A50H         LINE#         253
  C:1A50H         LINE#         254
  C:1A59H         LINE#         255
  C:1A59H         LINE#         256
  C:1A5CH         LINE#         257
  C:1A62H         LINE#         258
  C:1A65H         LINE#         259
  C:1A65H         LINE#         260
  C:1A6CH         LINE#         261
  C:1A79H         LINE#         262
  C:1A79H         LINE#         264
  C:1A7CH         LINE#         265
  C:1A7CH         LINE#         266
  C:1A7EH         LINE#         267
  C:1A95H         LINE#         268
  C:1A95H         LINE#         271
  C:1A98H         LINE#         273
  C:1A98H         LINE#         274
  C:1A98H         LINE#         275
  C:1A9FH         LINE#         276
  C:1AA5H         LINE#         277
  C:1AA7H         LINE#         278
  C:1AA7H         LINE#         279
  C:1AA9H         LINE#         281
  -------         ENDPROC       GSMHANDUPTREAT
  -------         ENDMOD        GSM

  -------         MODULE        ?C?COPY
  C:0DF6H         PUBLIC        ?C?COPY
  -------         ENDMOD        ?C?COPY

  -------         MODULE        ?C?CLDPTR
  C:0E1CH         PUBLIC        ?C?CLDPTR
  -------         ENDMOD        ?C?CLDPTR

  -------         MODULE        ?C?CLDOPTR
  C:0E35H         PUBLIC        ?C?CLDOPTR
  -------         ENDMOD        ?C?CLDOPTR

  -------         MODULE        ?C?UIDIV
  C:0E62H         PUBLIC        ?C?UIDIV
  -------         ENDMOD        ?C?UIDIV

  -------         MODULE        ?C?ILDIX
  C:0EB7H         PUBLIC        ?C?ILDIX
  -------         ENDMOD        ?C?ILDIX

BL51 BANKED LINKER/LOCATER V6.05                                                      09/25/2012  08:54:10  PAGE 49


  -------         MODULE        ?C?CCASE
  C:0ECDH         PUBLIC        ?C?CCASE
  -------         ENDMOD        ?C?CCASE

  -------         MODULE        STRLEN
  C:000EH         PUBLIC        _STRLEN
  -------         ENDMOD        STRLEN

  -------         MODULE        ?C?MEMSET
  C:0EF3H         PUBLIC        ?C?MEMSET
  -------         ENDMOD        ?C?MEMSET

*** WARNING L16: UNCALLED SEGMENT, IGNORED FOR OVERLAY PROCESS
    SEGMENT: ?PR?_DELAY_NUS?MAIN

*** WARNING L16: UNCALLED SEGMENT, IGNORED FOR OVERLAY PROCESS
    SEGMENT: ?PR?_SNDADDRCOMPARE?SINGLEBUS

*** WARNING L16: UNCALLED SEGMENT, IGNORED FOR OVERLAY PROCESS
    SEGMENT: ?PR?SAVETELNUM?SINGLEBUS

*** WARNING L16: UNCALLED SEGMENT, IGNORED FOR OVERLAY PROCESS
    SEGMENT: ?PR?READTELNUM?SINGLEBUS

*** WARNING L16: UNCALLED SEGMENT, IGNORED FOR OVERLAY PROCESS
    SEGMENT: ?PR?LOOPDISPON?GSM

*** WARNING L16: UNCALLED SEGMENT, IGNORED FOR OVERLAY PROCESS
    SEGMENT: ?PR?SIGNALINTENSIONQUERY?GSM

*** WARNING L16: UNCALLED SEGMENT, IGNORED FOR OVERLAY PROCESS
    SEGMENT: ?PR?GSMMODULEINFOQUERY?GSM

*** WARNING L16: UNCALLED SEGMENT, IGNORED FOR OVERLAY PROCESS
    SEGMENT: ?PR?_GSMUARTBRTSET?GSM

*** WARNING L16: UNCALLED SEGMENT, IGNORED FOR OVERLAY PROCESS
    SEGMENT: ?PR?GSMPATHQUERY?GSM

*** WARNING L16: UNCALLED SEGMENT, IGNORED FOR OVERLAY PROCESS
    SEGMENT: ?PR?ECHORESTRAINQUERY?GSM

*** WARNING L16: UNCALLED SEGMENT, IGNORED FOR OVERLAY PROCESS
    SEGMENT: ?PR?GSMRESTAR?GSM

Program Size: data=47.2 xdata=269 code=8608
LINK/LOCATE RUN COMPLETE.  11 WARNING(S),  0 ERROR(S)
