BL51 BANKED LINKER/LOCATER V6.22                                                        03/06/2019  08:16:57  PAGE 1


BL51 BANKED LINKER/LOCATER V6.22, INVOKED BY:
C:\KEIL\C51\BIN\BL51.EXE IAP.obj, Key.obj, main.obj, SingleBus.obj, parameter.obj, .\OS_CORE.obj, .\OS_MEM.obj, .\OS_Q.o
>> bj, .\OS_SEM.obj, .\OS_CPU_C.obj, .\OS_CPU_A.obj TO YHFJ-ZB-GSM-V21 RAMSIZE (256) CODE (?CO?PARAMETER (0X4000))


MEMORY MODEL: SMALL


INPUT MODULES INCLUDED:
  IAP.obj (IAP)
  Key.obj (KEY)
  main.obj (MAIN)
  SingleBus.obj (SINGLEBUS)
  parameter.obj (PARAMETER)
  .\OS_CORE.obj (OS_CORE)
  .\OS_MEM.obj (OS_MEM)
  .\OS_Q.obj (OS_Q)
  .\OS_SEM.obj (OS_SEM)
  .\OS_CPU_C.obj (OS_CPU_C)
  .\OS_CPU_A.obj (OS_CPU_A_ASM)
  C:\KEIL\C51\LIB\C51S.LIB (?C_STARTUP)
  C:\KEIL\C51\LIB\C51S.LIB (?C?COPY)
  C:\KEIL\C51\LIB\C51S.LIB (?C?CLDPTR)
  C:\KEIL\C51\LIB\C51S.LIB (?C?CLDOPTR)
  C:\KEIL\C51\LIB\C51S.LIB (?C?CSTPTR)
  C:\KEIL\C51\LIB\C51S.LIB (?C?CSTOPTR)
  C:\KEIL\C51\LIB\C51S.LIB (?C?UIDIV)
  C:\KEIL\C51\LIB\C51S.LIB (?C?CCASE)
  C:\KEIL\C51\LIB\C51S.LIB (?C?MEMSET)
  C:\KEIL\C51\LIB\C51S.LIB (?C_INIT)


LINK MAP OF MODULE:  YHFJ-ZB-GSM-V21 (IAP)


            TYPE    BASE      LENGTH    RELOCATION   SEGMENT NAME
            -----------------------------------------------------

            * * * * * * *   D A T A   M E M O R Y   * * * * * * *
            REG     0000H     0008H     ABSOLUTE     "REG BANK 0"
            DATA    0008H     0014H     UNIT         _DATA_GROUP_
            DATA    001CH     0003H     UNIT         ?DT?MAIN
                    001FH     0001H                  *** GAP ***
            DATA    0020H     000AH     BIT_ADDR     ?BA?SINGLEBUS
            BIT     002AH.0   0001H.1   UNIT         ?BI?SINGLEBUS
                    002BH.1   0000H.7                *** GAP ***
            DATA    002CH     0030H     UNIT         ?DT?SINGLEBUS
            DATA    005CH     000BH     UNIT         ?DT?OS_CORE
            DATA    0067H     0008H     UNIT         ?DT?OS_CPU_C
            IDATA   006FH     0010H     UNIT         ?ID?MAIN
            IDATA   007FH     0002H     UNIT         ?STACK

            * * * * * * *  X D A T A   M E M O R Y  * * * * * * *
            XDATA   0000H     00E8H     UNIT         ?XD?SINGLEBUS
            XDATA   00E8H     0078H     UNIT         ?XD?MAIN
            XDATA   0160H     0002H     UNIT         _XDATA_GROUP_

            * * * * * * *   C O D E   M E M O R Y   * * * * * * *
BL51 BANKED LINKER/LOCATER V6.22                                                      03/06/2019  08:16:57  PAGE 2


            CODE    0000H     0003H     ABSOLUTE     
            CODE    0003H     0003H     ABSOLUTE     
            CODE    0006H     0004H     UNIT         ?PR?SPIINT?MAIN
                    000AH     0001H                  *** GAP ***
            CODE    000BH     0003H     ABSOLUTE     
            CODE    000EH     0003H     UNIT         ?PR?TIMER1INT?MAIN
                    0011H     0002H                  *** GAP ***
            CODE    0013H     0003H     ABSOLUTE     
            CODE    0016H     0003H     UNIT         ?PR?USARTINT?MAIN
                    0019H     0002H                  *** GAP ***
            CODE    001BH     0003H     ABSOLUTE     
            CODE    001EH     0003H     UNIT         ?PR?ADCINT?MAIN
                    0021H     0002H                  *** GAP ***
            CODE    0023H     0003H     ABSOLUTE     
            CODE    0026H     0003H     UNIT         ?PR?LVDINT?MAIN
                    0029H     0002H                  *** GAP ***
            CODE    002BH     0003H     ABSOLUTE     
                    002EH     0005H                  *** GAP ***
            CODE    0033H     0003H     ABSOLUTE     
                    0036H     0005H                  *** GAP ***
            CODE    003BH     0003H     ABSOLUTE     
            CODE    003EH     000DH     UNIT         ?PR?LED0FLASH?SINGLEBUS
            CODE    004BH     0003H     ABSOLUTE     
            CODE    004EH     069AH     UNIT         ?PR?BUS0RECDEAL?SINGLEBUS
            CODE    06E8H     066FH     UNIT         ?PR?TIMER0INT?SINGLEBUS
            CODE    0D57H     034EH     UNIT         ?PR?BUS0SENDDEAL?SINGLEBUS
            CODE    10A5H     032FH     UNIT         ?PR?_KEYDOWNDEAL?SINGLEBUS
            CODE    13D4H     02EBH     UNIT         ?PR?VOICECHANNELCTX?SINGLEBUS
            CODE    16BFH     02B1H     UNIT         ?PR?MAINTASK?MAIN
            CODE    1970H     0260H     UNIT         ?PR?BUS1RECDEAL?SINGLEBUS
            CODE    1BD0H     0254H     UNIT         ?PR?_BACKLIGHTTIMERTREAT?SINGLEBUS
            CODE    1E24H     0238H     UNIT         ?PR?INITPARAMETER?SINGLEBUS
            CODE    205CH     0217H     UNIT         ?C?LIB_CODE
            CODE    2273H     01FEH     UNIT         ?PR?TIMEROUTDEAL?SINGLEBUS
            CODE    2471H     014DH     UNIT         ?PR?_SAVEPARAMETER?SINGLEBUS
            CODE    25BEH     00B6H     UNIT         ?PR?INIT?MAIN
            CODE    2674H     009EH     UNIT         ?PR?_BUS0OUTPUTDATA?SINGLEBUS
            CODE    2712H     0092H     UNIT         ?PR?_OSQPEND?OS_Q
            CODE    27A4H     008CH     UNIT         ?PR?C_OSCTXSW?OS_CPU_A
            CODE    2830H     008CH     UNIT         ?C_C51STARTUP
            CODE    28BCH     0085H     UNIT         ?PR?KEYUP?KEY
            CODE    2941H     0085H     UNIT         ?PR?_OSQPOST?OS_Q
            CODE    29C6H     0080H     UNIT         ?PR?_BUS1OUTPUTDATA?SINGLEBUS
            CODE    2A46H     007FH     UNIT         ?PR?_BUS0RECDATA?SINGLEBUS
            CODE    2AC5H     007FH     UNIT         ?PR?_BUS1RECDATA?SINGLEBUS
            CODE    2B44H     007CH     UNIT         ?PR?_OSTASKSTKINIT?OS_CPU_A
            CODE    2BC0H     0073H     UNIT         ?PR?_LEVELTOVALUE?SINGLEBUS
            CODE    2C33H     0060H     UNIT         ?PR?SYSRESET?SINGLEBUS
            CODE    2C93H     005EH     UNIT         ?PR?_OSWAIT?OS_CORE
            CODE    2CF1H     005DH     UNIT         ?C_INITSEG
            CODE    2D4EH     005BH     UNIT         ?PR?_GETKEYCALLADDR?SINGLEBUS
            CODE    2DA9H     005AH     UNIT         ?PR?OSTICKISR?OS_CPU_C
            CODE    2E03H     0053H     UNIT         ?PR?_READPARAMETER?SINGLEBUS
            CODE    2E56H     004FH     UNIT         ?PR?SINGLEBUSINIT?SINGLEBUS
            CODE    2EA5H     0048H     UNIT         ?PR?_ADDRCOMPARE?SINGLEBUS
            CODE    2EEDH     0045H     UNIT         ?PR?_PARACRCCHECK?SINGLEBUS
            CODE    2F32H     0044H     UNIT         ?PR?_SAVECALLADDR?SINGLEBUS
BL51 BANKED LINKER/LOCATER V6.22                                                      03/06/2019  08:16:57  PAGE 3


            CODE    2F76H     0043H     UNIT         ?PR?_STKDELA?OS_CPU_C
            CODE    2FB9H     0042H     UNIT         ?PR?_KEYUPDEAL?SINGLEBUS
            CODE    2FFBH     0042H     UNIT         ?PR?_STKDELB?OS_CPU_C
            CODE    303DH     003CH     UNIT         ?PR?__OSTASKCREATE?OS_CORE
            CODE    3079H     003AH     UNIT         ?PR?KEYMANAGER?KEY
            CODE    30B3H     0038H     UNIT         ?PR?_DIRADDRCOMPARE?SINGLEBUS
            CODE    30EBH     0037H     UNIT         ?PR?BUS1SENDDEAL?SINGLEBUS
            CODE    3122H     0037H     UNIT         ?PR?_OSQCREATE?OS_Q
            CODE    3159H     0035H     UNIT         ?PR?_DISPATCHMESSAGE?MAIN
            CODE    318EH     0035H     UNIT         ?PR?CALCPARACRC?SINGLEBUS
            CODE    31C3H     0034H     UNIT         ?PR?_GETVOLLEVEL?SINGLEBUS
            CODE    31F7H     0033H     UNIT         ?PR?KEYDOWN?KEY
            CODE    322AH     0033H     UNIT         ?PR?LOADCTX?OS_CPU_A
            CODE    325DH     002FH     UNIT         ?PR?OSINTCTXSW?OS_CPU_A
            CODE    328CH     002EH     UNIT         ?PR?_DELAYMS?MAIN
            CODE    32BAH     002CH     UNIT         ?PR?_UART_SEND?MAIN
            CODE    32E6H     0026H     UNIT         ?PR?_SAVEINDICATIONDATA?SINGLEBUS
            CODE    330CH     0026H     UNIT         ?PR?_OSTASKSTKDEL?OS_CPU_C
            CODE    3332H     0024H     UNIT         ?PR?_ADDKEYVALUE?SINGLEBUS
            CODE    3356H     0024H     UNIT         ?PR?OSINTEXIT?OS_CORE
            CODE    337AH     0023H     UNIT         ?PR?INITKEYCALLADDR?SINGLEBUS
            CODE    339DH     0023H     UNIT         ?PR?_OSTIMEDLY?OS_CORE
            CODE    33C0H     0022H     UNIT         ?PR?USARTINIT?MAIN
            CODE    33E2H     0022H     UNIT         ?PR?TIMEROUTMANAGER?SINGLEBUS
            CODE    3404H     0020H     UNIT         ?PR?BUS0MANAGE?SINGLEBUS
            CODE    3424H     0020H     UNIT         ?PR?BUS1MANAGE?SINGLEBUS
            CODE    3444H     001FH     UNIT         ?PR?OSTIMETICK?OS_CORE
            CODE    3463H     001EH     UNIT         ?PR?_ADDPLAYVOICEVOL?SINGLEBUS
            CODE    3481H     0019H     UNIT         ?PR?_OSTASKRESUME?OS_CORE
            CODE    349AH     0018H     UNIT         ?PR?_OS_TASKSUSPEND?OS_CORE
            CODE    34B2H     0018H     UNIT         ?PR?OSFINDNEXTRUNNINGTASK?OS_CORE
            CODE    34CAH     0018H     UNIT         ?PR?_STKDELC?OS_CPU_C
            CODE    34E2H     0016H     UNIT         ?PR?_UART_SEND_BYTE?MAIN
            CODE    34F8H     0015H     UNIT         ?PR?_ADDVOL?SINGLEBUS
            CODE    350DH     0014H     UNIT         ?PR?MAIN?MAIN
            CODE    3521H     0014H     UNIT         ?PR?BUS0RECINT?SINGLEBUS
            CODE    3535H     0014H     UNIT         ?PR?OSSCHED?OS_CORE
            CODE    3549H     0012H     UNIT         ?PR?_MAKECH0TIMEROUT?SINGLEBUS
            CODE    355BH     0012H     UNIT         ?PR?_MAKECH1TIMEROUT?SINGLEBUS
            CODE    356DH     0012H     UNIT         ?PR?_DECVOL?SINGLEBUS
            CODE    357FH     0011H     UNIT         ?PR?_IAPWRITEBYTE?IAP
            CODE    3590H     0011H     UNIT         ?PR?_IAPREADBYTE?IAP
            CODE    35A1H     0011H     UNIT         ?PR?OSINIT?OS_CORE
            CODE    35B2H     0010H     UNIT         ?PR?OSCPUINIT?OS_CPU_C
            CODE    35C2H     000FH     UNIT         ?PR?_IAPERASE?IAP
            CODE    35D1H     000EH     UNIT         ?PR?BUS1RECINT?SINGLEBUS
            CODE    35DFH     000DH     UNIT         ?PR?OSCTXSW?OS_CPU_A
            CODE    35ECH     000CH     UNIT         ?PR?_OSTASKSUSPEND?OS_CORE
            CODE    35F8H     000BH     UNIT         ?PR?LED0INIT?SINGLEBUS
            CODE    3603H     0009H     UNIT         ?CO?SINGLEBUS
            CODE    360CH     0009H     UNIT         ?CO?OS_CORE
            CODE    3615H     0008H     UNIT         ?PR?DISABLEIAP?IAP
            CODE    361DH     0007H     UNIT         ?PR?_GETMESSAGE?MAIN
            CODE    3624H     0006H     UNIT         ?PR?_ENABLEIAP?IAP
                    362AH     09D6H                  *** GAP ***
            CODE    4000H     0031H     UNIT         ?CO?PARAMETER

BL51 BANKED LINKER/LOCATER V6.22                                                      03/06/2019  08:16:57  PAGE 4




OVERLAY MAP OF MODULE:   YHFJ-ZB-GSM-V21 (IAP)


SEGMENT                                      DATA_GROUP          XDATA_GROUP
  +--> CALLED SEGMENT                      START    LENGTH     START    LENGTH
------------------------------------------------------------------------------
?PR?TIMER0INT?SINGLEBUS                    -----    -----      -----    -----
  +--> ?PR?_BUS0RECDATA?SINGLEBUS
  +--> ?PR?_BUS1RECDATA?SINGLEBUS

?PR?_BUS0RECDATA?SINGLEBUS                 0008H    0004H      -----    -----

?PR?_BUS1RECDATA?SINGLEBUS                 0008H    0004H      -----    -----

*** NEW ROOT ***************************************************

?PR?OSTICKISR?OS_CPU_C                     -----    -----      -----    -----
  +--> ?PR?OSTIMETICK?OS_CORE
  +--> ?PR?OSINTEXIT?OS_CORE

?PR?OSTIMETICK?OS_CORE                     -----    -----      -----    -----
  +--> ?CO?OS_CORE
  +--> ?PR?OSSCHED?OS_CORE

?PR?OSSCHED?OS_CORE                        -----    -----      -----    -----
  +--> ?PR?OSFINDNEXTRUNNINGTASK?OS_CORE
  +--> ?PR?OSCTXSW?OS_CPU_A

?PR?OSCTXSW?OS_CPU_A                       -----    -----      -----    -----
  +--> ?CO?OS_CORE
  +--> ?PR?C_OSCTXSW?OS_CPU_A

?PR?C_OSCTXSW?OS_CPU_A                     -----    -----      -----    -----
  +--> ?PR?LOADCTX?OS_CPU_A

?PR?LOADCTX?OS_CPU_A                       -----    -----      -----    -----
  +--> ?CO?OS_CORE

?PR?OSINTEXIT?OS_CORE                      -----    -----      -----    -----
  +--> ?PR?OSFINDNEXTRUNNINGTASK?OS_CORE
  +--> ?PR?OSINTCTXSW?OS_CPU_A

?PR?OSINTCTXSW?OS_CPU_A                    -----    -----      -----    -----
  +--> ?PR?OSCTXSW?OS_CPU_A
  +--> ?CO?OS_CORE
  +--> ?PR?C_OSCTXSW?OS_CPU_A

*** NEW ROOT ***************************************************

?C_C51STARTUP                              -----    -----      -----    -----
  +--> ?PR?MAIN?MAIN
  +--> ?C_INITSEG

?PR?MAIN?MAIN                              -----    -----      -----    -----
  +--> ?PR?OSINIT?OS_CORE
BL51 BANKED LINKER/LOCATER V6.22                                                      03/06/2019  08:16:57  PAGE 5


  +--> ?PR?MAINTASK?MAIN
  +--> ?PR?__OSTASKCREATE?OS_CORE

?PR?OSINIT?OS_CORE                         -----    -----      -----    -----
  +--> ?PR?OSCPUINIT?OS_CPU_C

?PR?MAINTASK?MAIN                          -----    -----      -----    -----
  +--> ?PR?INIT?MAIN
  +--> ?PR?_OSQCREATE?OS_Q
  +--> ?PR?BUS0MANAGE?SINGLEBUS
  +--> ?PR?__OSTASKCREATE?OS_CORE
  +--> ?PR?BUS1MANAGE?SINGLEBUS
  +--> ?PR?KEYMANAGER?KEY
  +--> ?PR?TIMEROUTMANAGER?SINGLEBUS
  +--> ?PR?_GETMESSAGE?MAIN
  +--> ?PR?_DISPATCHMESSAGE?MAIN
  +--> ?PR?BUS0RECDEAL?SINGLEBUS
  +--> ?PR?BUS1RECDEAL?SINGLEBUS

?PR?INIT?MAIN                              -----    -----      -----    -----
  +--> ?PR?_DELAYMS?MAIN
  +--> ?PR?INITPARAMETER?SINGLEBUS
  +--> ?PR?USARTINIT?MAIN
  +--> ?PR?_UART_SEND_BYTE?MAIN
  +--> ?PR?SINGLEBUSINIT?SINGLEBUS
  +--> ?PR?INITKEYCALLADDR?SINGLEBUS
  +--> ?PR?_MAKECH0TIMEROUT?SINGLEBUS
  +--> ?PR?LED0INIT?SINGLEBUS

?PR?_DELAYMS?MAIN                          -----    -----      0160H    0002H

?PR?INITPARAMETER?SINGLEBUS                000CH    0002H      -----    -----
  +--> ?PR?_PARACRCCHECK?SINGLEBUS
  +--> ?PR?_ENABLEIAP?IAP
  +--> ?PR?_IAPREADBYTE?IAP
  +--> ?PR?DISABLEIAP?IAP
  +--> ?PR?_READPARAMETER?SINGLEBUS
  +--> ?PR?_SAVEPARAMETER?SINGLEBUS
  +--> ?CO?PARAMETER
  +--> ?PR?CALCPARACRC?SINGLEBUS

?PR?_PARACRCCHECK?SINGLEBUS                000EH    0005H      -----    -----
  +--> ?PR?_ENABLEIAP?IAP
  +--> ?PR?_IAPREADBYTE?IAP
  +--> ?PR?DISABLEIAP?IAP

?PR?_READPARAMETER?SINGLEBUS               000EH    0006H      -----    -----
  +--> ?PR?_ENABLEIAP?IAP
  +--> ?PR?_IAPREADBYTE?IAP
  +--> ?PR?DISABLEIAP?IAP

?PR?_SAVEPARAMETER?SINGLEBUS               000EH    000AH      -----    -----
  +--> ?PR?CALCPARACRC?SINGLEBUS
  +--> ?PR?_ENABLEIAP?IAP
  +--> ?PR?_IAPERASE?IAP
  +--> ?PR?_IAPWRITEBYTE?IAP
  +--> ?PR?_IAPREADBYTE?IAP
BL51 BANKED LINKER/LOCATER V6.22                                                      03/06/2019  08:16:57  PAGE 6


  +--> ?PR?DISABLEIAP?IAP

?PR?CALCPARACRC?SINGLEBUS                  0018H    0004H      -----    -----
  +--> ?PR?_ENABLEIAP?IAP
  +--> ?PR?DISABLEIAP?IAP

?PR?BUS0MANAGE?SINGLEBUS                   -----    -----      -----    -----
  +--> ?PR?_OSQPOST?OS_Q
  +--> ?PR?_OSWAIT?OS_CORE

?PR?_OSQPOST?OS_Q                          -----    -----      -----    -----
  +--> ?CO?OS_CORE
  +--> ?PR?_OSTASKRESUME?OS_CORE

?PR?_OSTASKRESUME?OS_CORE                  -----    -----      -----    -----
  +--> ?CO?OS_CORE
  +--> ?PR?OSSCHED?OS_CORE

?PR?_OSWAIT?OS_CORE                        -----    -----      -----    -----
  +--> ?PR?_OSTASKSUSPEND?OS_CORE
  +--> ?PR?_OSTIMEDLY?OS_CORE
  +--> ?PR?_OS_TASKSUSPEND?OS_CORE
  +--> ?PR?OSSCHED?OS_CORE

?PR?_OSTASKSUSPEND?OS_CORE                 -----    -----      -----    -----
  +--> ?PR?_OS_TASKSUSPEND?OS_CORE
  +--> ?PR?OSSCHED?OS_CORE

?PR?_OS_TASKSUSPEND?OS_CORE                -----    -----      -----    -----
  +--> ?CO?OS_CORE

?PR?_OSTIMEDLY?OS_CORE                     -----    -----      -----    -----
  +--> ?PR?_OS_TASKSUSPEND?OS_CORE
  +--> ?PR?OSSCHED?OS_CORE

?PR?__OSTASKCREATE?OS_CORE                 -----    -----      -----    -----
  +--> ?CO?OS_CORE
  +--> ?PR?_OSTASKSTKINIT?OS_CPU_A
  +--> ?PR?OSSCHED?OS_CORE

?PR?_OSTASKSTKINIT?OS_CPU_A                -----    -----      -----    -----
  +--> ?CO?OS_CORE

?PR?BUS1MANAGE?SINGLEBUS                   -----    -----      -----    -----
  +--> ?PR?_OSQPOST?OS_Q
  +--> ?PR?_OSWAIT?OS_CORE

?PR?KEYMANAGER?KEY                         -----    -----      -----    -----
  +--> ?PR?_OSTIMEDLY?OS_CORE
  +--> ?PR?_OSQPOST?OS_Q

?PR?TIMEROUTMANAGER?SINGLEBUS              -----    -----      -----    -----
  +--> ?PR?_OSWAIT?OS_CORE
  +--> ?PR?_OSQPOST?OS_Q

?PR?_GETMESSAGE?MAIN                       -----    -----      -----    -----
  +--> ?PR?_OSQPEND?OS_Q
BL51 BANKED LINKER/LOCATER V6.22                                                      03/06/2019  08:16:57  PAGE 7



?PR?_OSQPEND?OS_Q                          -----    -----      -----    -----
  +--> ?CO?OS_CORE
  +--> ?PR?_OS_TASKSUSPEND?OS_CORE
  +--> ?PR?OSSCHED?OS_CORE

?PR?_DISPATCHMESSAGE?MAIN                  -----    -----      -----    -----
  +--> ?PR?BUS0RECDEAL?SINGLEBUS
  +--> ?PR?BUS0SENDDEAL?SINGLEBUS
  +--> ?PR?BUS1RECDEAL?SINGLEBUS
  +--> ?PR?BUS1SENDDEAL?SINGLEBUS
  +--> ?PR?KEYDOWN?KEY
  +--> ?PR?KEYUP?KEY
  +--> ?PR?TIMEROUTDEAL?SINGLEBUS

?PR?BUS0RECDEAL?SINGLEBUS                  -----    -----      -----    -----
  +--> ?PR?_ADDRCOMPARE?SINGLEBUS
  +--> ?PR?_DIRADDRCOMPARE?SINGLEBUS
  +--> ?PR?VOICECHANNELCTX?SINGLEBUS
  +--> ?PR?_BUS1OUTPUTDATA?SINGLEBUS
  +--> ?PR?_SAVECALLADDR?SINGLEBUS
  +--> ?PR?_MAKECH0TIMEROUT?SINGLEBUS
  +--> ?PR?_SAVEINDICATIONDATA?SINGLEBUS
  +--> ?PR?_OSWAIT?OS_CORE
  +--> ?PR?SYSRESET?SINGLEBUS
  +--> ?PR?_BUS0OUTPUTDATA?SINGLEBUS
  +--> ?PR?_MAKECH1TIMEROUT?SINGLEBUS
  +--> ?PR?_SAVEPARAMETER?SINGLEBUS
  +--> ?PR?_BACKLIGHTTIMERTREAT?SINGLEBUS

?PR?_ADDRCOMPARE?SINGLEBUS                 -----    -----      -----    -----
  +--> ?PR?_MAKECH0TIMEROUT?SINGLEBUS

?PR?VOICECHANNELCTX?SINGLEBUS              -----    -----      -----    -----
  +--> ?PR?_LEVELTOVALUE?SINGLEBUS

?PR?_LEVELTOVALUE?SINGLEBUS                -----    -----      0160H    0001H

?PR?_BUS1OUTPUTDATA?SINGLEBUS              000DH    0004H      -----    -----

?PR?SYSRESET?SINGLEBUS                     -----    -----      -----    -----
  +--> ?PR?_MAKECH0TIMEROUT?SINGLEBUS
  +--> ?PR?VOICECHANNELCTX?SINGLEBUS
  +--> ?PR?_BUS1OUTPUTDATA?SINGLEBUS

?PR?_BUS0OUTPUTDATA?SINGLEBUS              000FH    0004H      -----    -----

?PR?_BACKLIGHTTIMERTREAT?SINGLEBUS         000CH    0003H      -----    -----
  +--> ?PR?_BUS0OUTPUTDATA?SINGLEBUS
  +--> ?PR?_OSWAIT?OS_CORE

?PR?BUS0SENDDEAL?SINGLEBUS                 -----    -----      -----    -----
  +--> ?PR?VOICECHANNELCTX?SINGLEBUS
  +--> ?PR?_BUS1OUTPUTDATA?SINGLEBUS
  +--> ?PR?_SAVECALLADDR?SINGLEBUS
  +--> ?PR?_MAKECH0TIMEROUT?SINGLEBUS
  +--> ?PR?_OSWAIT?OS_CORE
BL51 BANKED LINKER/LOCATER V6.22                                                      03/06/2019  08:16:57  PAGE 8


  +--> ?PR?_BUS0OUTPUTDATA?SINGLEBUS
  +--> ?PR?_MAKECH1TIMEROUT?SINGLEBUS
  +--> ?PR?_SAVEPARAMETER?SINGLEBUS
  +--> ?PR?SYSRESET?SINGLEBUS

?PR?BUS1RECDEAL?SINGLEBUS                  -----    -----      -----    -----
  +--> ?PR?_KEYDOWNDEAL?SINGLEBUS
  +--> ?PR?_KEYUPDEAL?SINGLEBUS
  +--> ?PR?_SAVEPARAMETER?SINGLEBUS
  +--> ?PR?_BUS0OUTPUTDATA?SINGLEBUS
  +--> ?PR?_OSWAIT?OS_CORE
  +--> ?PR?_BACKLIGHTTIMERTREAT?SINGLEBUS
  +--> ?CO?SINGLEBUS
  +--> ?PR?_BUS1OUTPUTDATA?SINGLEBUS

?PR?_KEYDOWNDEAL?SINGLEBUS                 000CH    0001H      -----    -----
  +--> ?PR?_BUS1OUTPUTDATA?SINGLEBUS
  +--> ?PR?_SAVEPARAMETER?SINGLEBUS
  +--> ?PR?_ADDPLAYVOICEVOL?SINGLEBUS
  +--> ?PR?_DECVOL?SINGLEBUS
  +--> ?PR?_BUS0OUTPUTDATA?SINGLEBUS
  +--> ?PR?_MAKECH1TIMEROUT?SINGLEBUS
  +--> ?PR?_MAKECH0TIMEROUT?SINGLEBUS
  +--> ?PR?INITKEYCALLADDR?SINGLEBUS
  +--> ?PR?_GETKEYCALLADDR?SINGLEBUS
  +--> ?PR?_ADDKEYVALUE?SINGLEBUS
  +--> ?PR?_DIRADDRCOMPARE?SINGLEBUS
  +--> ?PR?_ADDVOL?SINGLEBUS
  +--> ?PR?_GETVOLLEVEL?SINGLEBUS

?PR?_ADDPLAYVOICEVOL?SINGLEBUS             -----    -----      -----    -----
  +--> ?PR?VOICECHANNELCTX?SINGLEBUS

?PR?_DECVOL?SINGLEBUS                      -----    -----      -----    -----
  +--> ?PR?VOICECHANNELCTX?SINGLEBUS

?PR?_ADDVOL?SINGLEBUS                      -----    -----      -----    -----
  +--> ?PR?VOICECHANNELCTX?SINGLEBUS

?PR?_KEYUPDEAL?SINGLEBUS                   -----    -----      -----    -----
  +--> ?PR?_MAKECH1TIMEROUT?SINGLEBUS
  +--> ?PR?_MAKECH0TIMEROUT?SINGLEBUS

?PR?KEYDOWN?KEY                            -----    -----      -----    -----
  +--> ?PR?VOICECHANNELCTX?SINGLEBUS
  +--> ?PR?_MAKECH1TIMEROUT?SINGLEBUS
  +--> ?PR?_MAKECH0TIMEROUT?SINGLEBUS
  +--> ?PR?INITKEYCALLADDR?SINGLEBUS

?PR?KEYUP?KEY                              -----    -----      -----    -----
  +--> ?PR?VOICECHANNELCTX?SINGLEBUS
  +--> ?PR?_BUS0OUTPUTDATA?SINGLEBUS
  +--> ?PR?_BUS1OUTPUTDATA?SINGLEBUS

?PR?TIMEROUTDEAL?SINGLEBUS                 -----    -----      -----    -----
  +--> ?PR?_BUS0OUTPUTDATA?SINGLEBUS
  +--> ?PR?VOICECHANNELCTX?SINGLEBUS
BL51 BANKED LINKER/LOCATER V6.22                                                      03/06/2019  08:16:57  PAGE 9


  +--> ?PR?_BUS1OUTPUTDATA?SINGLEBUS



SYMBOL TABLE OF MODULE:  YHFJ-ZB-GSM-V21 (IAP)

  VALUE           TYPE          NAME
  ----------------------------------

  -------         MODULE        IAP
  C:0000H         SYMBOL        _ICE_DUMMY_
  D:0080H         PUBLIC        P0
  D:0090H         PUBLIC        P1
  D:00A0H         PUBLIC        P2
  D:00B0H         PUBLIC        P3
  D:00C0H         PUBLIC        P4
  D:00C8H         PUBLIC        P5
  D:00A8H         PUBLIC        IE
  C:35C2H         PUBLIC        _IapErase
  D:00C5H         PUBLIC        IAP_CMD
  C:3615H         PUBLIC        DisableIAP
  D:00B8H         PUBLIC        IP
  D:00C3H         PUBLIC        IAP_ADDRH
  D:00D8H         PUBLIC        CCON
  D:00C4H         PUBLIC        IAP_ADDRL
  C:3624H         PUBLIC        _EnableIAP
  C:3590H         PUBLIC        _IapReadByte
  D:0098H         PUBLIC        SCON
  D:0088H         PUBLIC        TCON
  C:357FH         PUBLIC        _IapWriteByte
  D:00C7H         PUBLIC        IAP_CONTR
  D:00E0H         PUBLIC        ACC
  D:00C2H         PUBLIC        IAP_DATA
  D:00C6H         PUBLIC        IAP_TRIG
  D:00D0H         PUBLIC        PSW
  -------         PROC          _ENABLEIAP
  D:0007H         SYMBOL        byCmd
  C:3624H         LINE#         39
  C:3624H         LINE#         40
  C:3624H         LINE#         41
  C:3627H         LINE#         42
  C:3629H         LINE#         43
  -------         ENDPROC       _ENABLEIAP
  -------         PROC          DISABLEIAP
  C:3615H         LINE#         59
  C:3615H         LINE#         60
  C:3615H         LINE#         61
  C:3618H         LINE#         62
  C:361AH         LINE#         63
  C:361CH         LINE#         64
  -------         ENDPROC       DISABLEIAP
  -------         PROC          _IAPWRITEBYTE
  D:0002H         SYMBOL        uiAddr
  D:0005H         SYMBOL        byData
  C:357FH         LINE#         80
  C:3583H         LINE#         81
  C:3583H         LINE#         82
BL51 BANKED LINKER/LOCATER V6.22                                                      03/06/2019  08:16:57  PAGE 10


  C:3585H         LINE#         83
  C:3587H         LINE#         84
  C:3589H         LINE#         85
  C:358CH         LINE#         86
  C:358FH         LINE#         87
  -------         ENDPROC       _IAPWRITEBYTE
  -------         PROC          _IAPREADBYTE
  D:0004H         SYMBOL        uiAddr
  C:3590H         LINE#         103
  C:3594H         LINE#         104
  C:3594H         LINE#         105
  C:3596H         LINE#         106
  C:3598H         LINE#         107
  C:359BH         LINE#         108
  C:359EH         LINE#         109
  C:35A0H         LINE#         110
  -------         ENDPROC       _IAPREADBYTE
  -------         PROC          _IAPERASE
  D:0004H         SYMBOL        uiAddr
  C:35C2H         LINE#         127
  C:35C6H         LINE#         128
  C:35C6H         LINE#         129
  C:35C8H         LINE#         130
  C:35CAH         LINE#         131
  C:35CDH         LINE#         132
  C:35D0H         LINE#         133
  -------         ENDPROC       _IAPERASE
  -------         ENDMOD        IAP

  -------         MODULE        KEY
  C:0000H         SYMBOL        _ICE_DUMMY_
  D:0080H         PUBLIC        P0
  D:0090H         PUBLIC        P1
  D:00A0H         PUBLIC        P2
  D:00B0H         PUBLIC        P3
  D:00C0H         PUBLIC        P4
  D:00C8H         PUBLIC        P5
  D:00A8H         PUBLIC        IE
  D:00B8H         PUBLIC        IP
  D:00D8H         PUBLIC        CCON
  D:0098H         PUBLIC        SCON
  D:0088H         PUBLIC        TCON
  C:31F7H         PUBLIC        KeyDown
  D:00E0H         PUBLIC        ACC
  D:00C1H         PUBLIC        WDT_CONTR
  B:00C8H.3       PUBLIC        led0
  C:3079H         PUBLIC        KeyManager
  B:00C0H.3       PUBLIC        HandlerKey
  C:28BCH         PUBLIC        KeyUp
  D:00D0H         PUBLIC        PSW
  -------         PROC          KEYMANAGER
  C:3079H         LINE#         43
  C:3079H         LINE#         44
  C:3079H         LINE#         45
  C:307BH         LINE#         46
  C:307BH         LINE#         47
  C:307BH         LINE#         48
BL51 BANKED LINKER/LOCATER V6.22                                                      03/06/2019  08:16:57  PAGE 11


  C:307EH         LINE#         49
  C:3083H         LINE#         50
  C:3086H         LINE#         51
  C:3086H         LINE#         52
  C:3086H         LINE#         53
  C:3086H         LINE#         54
  C:308BH         LINE#         55
  C:308EH         LINE#         56
  C:308EH         LINE#         57
  C:308EH         LINE#         58
  C:308EH         LINE#         59
  C:3095H         LINE#         60
  C:3099H         LINE#         61
  C:309CH         LINE#         62
  C:309CH         LINE#         63
  C:309FH         LINE#         64
  C:30A4H         LINE#         65
  C:30A6H         LINE#         66
  C:30ADH         LINE#         67
  C:30B1H         LINE#         68
  -------         ENDPROC       KEYMANAGER
  -------         PROC          KEYDOWN
  C:31F7H         LINE#         85
  C:31F7H         LINE#         86
  C:31F7H         LINE#         87
  C:31F9H         LINE#         88
  C:31FCH         LINE#         89
  C:3202H         LINE#         90
  C:3202H         LINE#         91
  C:3209H         LINE#         93
  C:3209H         LINE#         94
  C:3216H         LINE#         95
  C:3216H         LINE#         96
  C:321DH         LINE#         98
  C:321DH         LINE#         99
  C:3226H         LINE#         100
  C:3226H         LINE#         101
  C:3229H         LINE#         102
  C:3229H         LINE#         103
  -------         ENDPROC       KEYDOWN
  -------         PROC          KEYUP
  C:28BCH         LINE#         119
  C:28BCH         LINE#         120
  C:28BCH         LINE#         121
  C:28BEH         LINE#         122
  C:28C1H         LINE#         123
  C:28CAH         LINE#         124
  C:28CAH         LINE#         125
  C:28D2H         LINE#         126
  C:28DAH         LINE#         127
  C:28E2H         LINE#         128
  C:28EAH         LINE#         129
  C:28F2H         LINE#         130
  C:28FAH         LINE#         131
  C:2907H         LINE#         132
  C:2907H         LINE#         133
  C:290AH         LINE#         134
BL51 BANKED LINKER/LOCATER V6.22                                                      03/06/2019  08:16:57  PAGE 12


  C:290CH         LINE#         136
  C:290CH         LINE#         137
  C:290EH         LINE#         138
  C:2912H         LINE#         139
  C:2912H         LINE#         140
  C:291EH         LINE#         141
  C:291EH         LINE#         142
  C:2920H         LINE#         143
  C:2920H         LINE#         144
  C:2921H         LINE#         146
  C:2921H         LINE#         147
  C:2927H         LINE#         148
  C:292DH         LINE#         149
  C:2936H         LINE#         150
  C:293CH         LINE#         151
  C:293EH         LINE#         152
  C:2940H         LINE#         153
  C:2940H         LINE#         154
  -------         ENDPROC       KEYUP
  -------         ENDMOD        KEY

  -------         MODULE        MAIN
  C:0000H         SYMBOL        _ICE_DUMMY_
  D:0093H         PUBLIC        P0M1
  D:0092H         PUBLIC        P1M0
  C:3159H         PUBLIC        _DispatchMessage
  D:0096H         PUBLIC        P2M0
  D:0091H         PUBLIC        P1M1
  D:0080H         PUBLIC        P0
  D:0095H         PUBLIC        P2M1
  D:0090H         PUBLIC        P1
  D:00A0H         PUBLIC        P2
  D:00B0H         PUBLIC        P3
  D:00C0H         PUBLIC        P4
  D:00C8H         PUBLIC        P5
  B:00A8H.7       PUBLIC        EA
  D:00F9H         PUBLIC        CH
  B:00A8H.5       PUBLIC        EADC
  D:00A8H         PUBLIC        IE
  D:00E9H         PUBLIC        CL
  D:00FAH         PUBLIC        CCAP0H
  D:00EAH         PUBLIC        CCAP0L
  B:00D8H.6       PUBLIC        CR
  C:25BEH         PUBLIC        Init
  D:00DAH         PUBLIC        CCAPM0
  B:00A8H.4       PUBLIC        ES
  D:00B8H         PUBLIC        IP
  B:0098H.0       PUBLIC        RI
  C:16BFH         PUBLIC        MainTask
  B:0098H.1       PUBLIC        TI
  D:001DH         PUBLIC        uiIsrTimerCount
  D:00D9H         PUBLIC        CMOD
  D:00D8H         PUBLIC        CCON
  C:350DH         PUBLIC        main
  B:0080H.3       PUBLIC        PW
  B:0090H.7       PUBLIC        MC_CTRL
  C:33C0H         PUBLIC        UsartInit
BL51 BANKED LINKER/LOCATER V6.22                                                      03/06/2019  08:16:57  PAGE 13


  B:00A8H.6       PUBLIC        ELVD
  D:0099H         PUBLIC        SBUF
  D:0087H         PUBLIC        PCON
  D:0098H         PUBLIC        SCON
  D:0089H         PUBLIC        TMOD
  D:0088H         PUBLIC        TCON
  C:001EH         PUBLIC        AdcInt
  X:00E8H         PUBLIC        stLocalControl
  C:0016H         PUBLIC        UsartInt
  D:00AFH         PUBLIC        IE2
  D:008EH         PUBLIC        AUXR
  D:00E0H         PUBLIC        ACC
  B:0080H.4       PUBLIC        CBD
  B:00A8H.3       PUBLIC        ET1
  C:32BAH         PUBLIC        _uart_send
  I:006FH         PUBLIC        byMainCmdQ
  B:0088H.7       PUBLIC        TF1
  B:0080H.5       PUBLIC        CGB
  D:008DH         PUBLIC        TH1
  D:008BH         PUBLIC        TL1
  B:00A0H.0       PUBLIC        VL0
  C:328CH         PUBLIC        _Delayms
  C:0026H         PUBLIC        LvdInt
  B:0090H.5       PUBLIC        MC_CNT
  B:0088H.6       PUBLIC        TR1
  D:00C1H         PUBLIC        WDT_CONTR
  B:00C8H.2       PUBLIC        PW2
  C:0006H         PUBLIC        SpiInt
  B:0090H.6       PUBLIC        MCN
  C:000EH         PUBLIC        TIMER1Int
  B:0080H.7       PUBLIC        KDR
  C:34E2H         PUBLIC        _uart_send_byte
  B:0098H.4       PUBLIC        REN
  C:361DH         PUBLIC        _GetMessage
  B:0090H.4       PUBLIC        XTA
  B:0090H.3       PUBLIC        XTD
  B:00B0H.5       PUBLIC        MUS
  D:00D0H         PUBLIC        PSW
  D:0094H         PUBLIC        P0M0
  -------         PROC          TIMER1INT
  C:000EH         LINE#         28
  C:000EH         LINE#         30
  C:0010H         LINE#         31
  -------         ENDPROC       TIMER1INT
  -------         PROC          USARTINT
  C:0016H         LINE#         33
  C:0016H         LINE#         35
  C:0018H         LINE#         36
  -------         ENDPROC       USARTINT
  -------         PROC          ADCINT
  C:001EH         LINE#         39
  C:001EH         LINE#         41
  C:0020H         LINE#         42
  -------         ENDPROC       ADCINT
  -------         PROC          LVDINT
  C:0026H         LINE#         44
  C:0026H         LINE#         46
BL51 BANKED LINKER/LOCATER V6.22                                                      03/06/2019  08:16:57  PAGE 14


  C:0028H         LINE#         47
  -------         ENDPROC       LVDINT
  -------         PROC          SPIINT
  C:0006H         LINE#         56
  C:0006H         LINE#         58
  C:0009H         LINE#         59
  -------         ENDPROC       SPIINT
  -------         PROC          USARTINIT
  C:33C0H         LINE#         66
  C:33C0H         LINE#         67
  C:33C0H         LINE#         68
  C:33C3H         LINE#         69
  C:33C6H         LINE#         70
  C:33C9H         LINE#         73
  C:33CCH         LINE#         74
  C:33CFH         LINE#         75
  C:33D2H         LINE#         77
  C:33D5H         LINE#         78
  C:33D7H         LINE#         79
  C:33D9H         LINE#         81
  C:33DBH         LINE#         82
  C:33DDH         LINE#         83
  C:33DFH         LINE#         84
  C:33E1H         LINE#         87
  -------         ENDPROC       USARTINIT
  -------         PROC          _UART_SEND
  D:0001H         SYMBOL        SDATA
  D:0005H         SYMBOL        length
  C:32BAH         LINE#         90
  C:32BAH         LINE#         91
  C:32BAH         LINE#         93
  C:32BDH         LINE#         95
  C:32BFH         LINE#         96
  C:32C1H         LINE#         97
  C:32C3H         LINE#         98
  C:32C5H         LINE#         99
  C:32CBH         LINE#         100
  C:32CBH         LINE#         101
  C:32D0H         LINE#         102
  C:32D3H         LINE#         103
  C:32D5H         LINE#         104
  C:32DCH         LINE#         105
  C:32DFH         LINE#         106
  C:32E1H         LINE#         107
  C:32E3H         LINE#         108
  C:32E5H         LINE#         110
  -------         ENDPROC       _UART_SEND
  -------         PROC          _UART_SEND_BYTE
  D:0007H         SYMBOL        SDATA
  C:34E2H         LINE#         114
  C:34E2H         LINE#         115
  C:34E2H         LINE#         117
  C:34E4H         LINE#         118
  C:34E6H         LINE#         119
  C:34E8H         LINE#         120
  C:34EAH         LINE#         121
  C:34ECH         LINE#         122
BL51 BANKED LINKER/LOCATER V6.22                                                      03/06/2019  08:16:57  PAGE 15


  C:34EFH         LINE#         123
  C:34F1H         LINE#         124
  C:34F3H         LINE#         125
  C:34F5H         LINE#         126
  C:34F7H         LINE#         128
  -------         ENDPROC       _UART_SEND_BYTE
  -------         PROC          _DELAYMS
  D:0006H         SYMBOL        ms
  -------         DO            
  X:0160H         SYMBOL        i
  -------         ENDDO         
  C:328CH         LINE#         137
  C:328CH         LINE#         138
  C:328CH         LINE#         140
  C:3290H         LINE#         141
  C:3290H         LINE#         142
  C:32AFH         LINE#         143
  C:32B2H         LINE#         144
  C:32B9H         LINE#         145
  -------         ENDPROC       _DELAYMS
  -------         PROC          INIT
  C:25BEH         LINE#         162
  C:25BEH         LINE#         163
  C:25BEH         LINE#         164
  C:25C1H         LINE#         165
  C:25C4H         LINE#         166
  C:25C6H         LINE#         167
  C:25C8H         LINE#         168
  C:25CBH         LINE#         169
  C:25CFH         LINE#         171
  C:25D2H         LINE#         172
  C:25D4H         LINE#         175
  C:25D7H         LINE#         176
  C:25D9H         LINE#         177
  C:25DBH         LINE#         178
  C:25DDH         LINE#         182
  C:25DFH         LINE#         183
  C:25E7H         LINE#         184
  C:25EFH         LINE#         188
  C:25F2H         LINE#         189
  C:25F5H         LINE#         192
  C:25F8H         LINE#         193
  C:25FBH         LINE#         194
  C:25FDH         LINE#         195
  C:25FFH         LINE#         199
  C:2601H         LINE#         202
  C:2607H         LINE#         204
  C:260DH         LINE#         207
  C:2615H         LINE#         209
  C:2617H         LINE#         210
  C:2619H         LINE#         211
  C:261CH         LINE#         212
  C:261FH         LINE#         213
  C:2621H         LINE#         217
  C:2624H         LINE#         218
  C:2627H         LINE#         219
  C:262BH         LINE#         220
BL51 BANKED LINKER/LOCATER V6.22                                                      03/06/2019  08:16:57  PAGE 16


  C:262FH         LINE#         221
  C:2633H         LINE#         224
  C:263AH         LINE#         227
  C:263DH         LINE#         230
  C:2640H         LINE#         231
  C:2645H         LINE#         234
  C:2648H         LINE#         237
  C:264BH         LINE#         238
  C:2651H         LINE#         239
  C:2660H         LINE#         241
  C:2662H         LINE#         243
  C:2664H         LINE#         244
  C:266BH         LINE#         263
  C:266EH         LINE#         264
  C:2673H         LINE#         265
  -------         ENDPROC       INIT
  -------         PROC          _GETMESSAGE
  D:0007H         SYMBOL        Msg
  C:361DH         LINE#         281
  C:361DH         LINE#         282
  C:361DH         LINE#         283
  -------         ENDPROC       _GETMESSAGE
  -------         PROC          _DISPATCHMESSAGE
  D:0007H         SYMBOL        Msg
  C:3159H         LINE#         300
  C:3159H         LINE#         301
  C:3159H         LINE#         302
  C:3178H         LINE#         303
  C:3178H         LINE#         304
  C:3178H         LINE#         305
  C:317BH         LINE#         306
  C:317BH         LINE#         307
  C:317BH         LINE#         308
  C:317EH         LINE#         309
  C:317EH         LINE#         310
  C:317EH         LINE#         311
  C:3181H         LINE#         312
  C:3181H         LINE#         313
  C:3181H         LINE#         314
  C:3184H         LINE#         315
  C:3184H         LINE#         316
  C:3184H         LINE#         317
  C:3187H         LINE#         318
  C:3187H         LINE#         319
  C:3187H         LINE#         320
  C:318AH         LINE#         321
  C:318AH         LINE#         322
  C:318AH         LINE#         323
  C:318DH         LINE#         324
  C:318DH         LINE#         325
  C:318DH         LINE#         326
  -------         ENDPROC       _DISPATCHMESSAGE
  -------         PROC          MAINTASK
  -------         DO            
  D:001CH         SYMBOL        Msg
  -------         ENDDO         
  C:16BFH         LINE#         342
BL51 BANKED LINKER/LOCATER V6.22                                                      03/06/2019  08:16:57  PAGE 17


  C:16BFH         LINE#         343
  C:16BFH         LINE#         347
  C:16C2H         LINE#         349
  C:16C9H         LINE#         351
  C:16D5H         LINE#         352
  C:16E1H         LINE#         353
  C:16EDH         LINE#         354
  C:16F9H         LINE#         356
  C:16F9H         LINE#         357
  C:16F9H         LINE#         358
  C:16FCH         LINE#         359
  C:1701H         LINE#         360
  C:1706H         LINE#         362
  C:172EH         LINE#         363
  C:172EH         LINE#         364
  C:1732H         LINE#         365
  C:1741H         LINE#         366
  C:1754H         LINE#         367
  C:1764H         LINE#         368
  C:1777H         LINE#         369
  C:1787H         LINE#         370
  C:179AH         LINE#         371
  C:17AAH         LINE#         372
  C:17BDH         LINE#         373
  C:17CDH         LINE#         374
  C:17E0H         LINE#         375
  C:17F0H         LINE#         376
  C:1803H         LINE#         377
  C:1813H         LINE#         378
  C:1826H         LINE#         379
  C:182BH         LINE#         380
  C:182EH         LINE#         381
  C:1830H         LINE#         383
  C:1830H         LINE#         384
  C:1839H         LINE#         385
  C:1839H         LINE#         388
  C:1861H         LINE#         389
  C:1861H         LINE#         390
  C:1865H         LINE#         391
  C:1874H         LINE#         392
  C:1887H         LINE#         393
  C:1897H         LINE#         394
  C:18AAH         LINE#         395
  C:18BAH         LINE#         396
  C:18CDH         LINE#         397
  C:18DDH         LINE#         398
  C:18F0H         LINE#         399
  C:1900H         LINE#         400
  C:1913H         LINE#         401
  C:1923H         LINE#         402
  C:1936H         LINE#         403
  C:1946H         LINE#         404
  C:1959H         LINE#         405
  C:195EH         LINE#         406
  C:1961H         LINE#         407
  C:1964H         LINE#         409
  C:1964H         LINE#         410
BL51 BANKED LINKER/LOCATER V6.22                                                      03/06/2019  08:16:57  PAGE 18


  C:196DH         LINE#         411
  C:196DH         LINE#         414
  -------         ENDPROC       MAINTASK
  -------         PROC          MAIN
  C:350DH         LINE#         431
  C:350DH         LINE#         432
  C:350DH         LINE#         434
  C:3510H         LINE#         437
  C:351BH         LINE#         438
  C:351BH         LINE#         439
  C:351BH         LINE#         440
  C:351CH         LINE#         441
  C:351FH         LINE#         442
  -------         ENDPROC       MAIN
  -------         ENDMOD        MAIN

  -------         MODULE        SINGLEBUS
  C:0000H         SYMBOL        _ICE_DUMMY_
  C:33E2H         PUBLIC        TimerOutManager
  D:002CH         PUBLIC        byBus0DisableCount
  D:0093H         PUBLIC        P0M1
  D:002DH         PUBLIC        byBus1DisableCount
  B:0020H.3       PUBLIC        bRoomAddr
  D:0080H         PUBLIC        P0
  D:00B2H         PUBLIC        P3M0
  D:0090H         PUBLIC        P1
  C:2EEDH         PUBLIC        _ParaCrcCheck
  B:0020H.4       PUBLIC        bKeyAnswer
  D:00B1H         PUBLIC        P3M1
  D:00A0H         PUBLIC        P2
  B:002AH.0       PUBLIC        bNumSeting
  D:00CAH         PUBLIC        P5M0
  D:00B0H         PUBLIC        P3
  D:00C9H         PUBLIC        P5M1
  D:00C0H         PUBLIC        P4
  D:00C8H         PUBLIC        P5
  B:00A8H.7       PUBLIC        EA
  B:0021H.7       PUBLIC        bBusy
  B:0022H.2       PUBLIC        bBus0Enable
  B:0023H.2       PUBLIC        bBus1Enable
  B:0024H.7       PUBLIC        bWaitAck
  C:2F3CH         PUBLIC        _SaveCallAddr
  B:0025H.4       PUBLIC        bEnCallDeal
  D:00A8H         PUBLIC        IE
  B:0020H.1       PUBLIC        bPWState
  X:0000H         PUBLIC        byBus0RxTail
  X:0001H         PUBLIC        byBus1RxTail
  B:00B0H.6       PUBLIC        Bus0SendPin
  B:00B0H.4       PUBLIC        Bus1SendPin
  D:002EH         PUBLIC        byBus0TxTail
  D:002FH         PUBLIC        byBus1TxTail
  B:002AH.1       PUBLIC        bSendCmdCloseLcd
  B:002AH.2       PUBLIC        bKeyBroadDown
  C:318EH         PUBLIC        CalcParaCrc
  D:00DAH         PUBLIC        CCAPM0
  C:32E6H         PUBLIC        _SaveIndicationData
  B:0022H.1       PUBLIC        bBus0OnRec
BL51 BANKED LINKER/LOCATER V6.22                                                      03/06/2019  08:16:57  PAGE 19


  D:00B8H         PUBLIC        IP
  B:0023H.1       PUBLIC        bBus1OnRec
  B:0022H.5       PUBLIC        bBus0OnSendFreq
  B:0025H.2       PUBLIC        bEnHelpDeal
  B:0023H.5       PUBLIC        bBus1OnSendFreq
  B:0026H.2       PUBLIC        bEnAllBroad
  C:35F8H         PUBLIC        led0init
  B:0024H.2       PUBLIC        bOfficeBroad
  B:00B0H.2       PUBLIC        Bus0RecPin
  D:0030H         PUBLIC        byBus0RecTimeOut
  B:0021H.5       PUBLIC        bDealKeyDown
  B:00B0H.3       PUBLIC        Bus1RecPin
  D:0031H         PUBLIC        byBus1RecTimeOut
  B:0021H.0       PUBLIC        bLanding
  D:00D8H         PUBLIC        CCON
  C:3521H         PUBLIC        Bus0RecInt
  C:2E03H         PUBLIC        _ReadParameter
  C:35D1H         PUBLIC        Bus1RecInt
  B:0026H.5       PUBLIC        bEnAutoListen
  B:0027H.6       PUBLIC        bCallDealSending
  B:0080H.3       PUBLIC        PW
  B:0090H.7       PUBLIC        MC_CTRL
  C:3404H         PUBLIC        Bus0Manage
  C:2E56H         PUBLIC        SingleBusInit
  B:0026H.6       PUBLIC        bEnVoiceNote
  C:3424H         PUBLIC        Bus1Manage
  B:002AH.3       PUBLIC        bKeyEnterDown
  B:0024H.5       PUBLIC        bChannel0Talked
  B:0022H.4       PUBLIC        bBus0OnSendBit
  B:0021H.3       PUBLIC        bChannel1Talked
  B:0023H.4       PUBLIC        bBus1OnSendBit
  B:0027H.7       PUBLIC        bSetPrio
  B:002AH.4       PUBLIC        bSendCmdOpenLcd
  B:0026H.0       PUBLIC        bEnSickRoomBroad
  B:002AH.5       PUBLIC        bMainMenuSet
  B:0028H.2       PUBLIC        bBus0SendFinish
  B:0029H.2       PUBLIC        bBus1SendFinish
  D:0021H         PUBLIC        byDevState1
  D:0024H         PUBLIC        byDevState2
  D:0098H         PUBLIC        SCON
  B:0028H.1       PUBLIC        bBus0RecBit9
  B:0025H.3       PUBLIC        bEnEmergencyDeal
  D:0020H         PUBLIC        byDevState3
  D:0089H         PUBLIC        TMOD
  D:0088H         PUBLIC        TCON
  C:3332H         PUBLIC        _AddKeyValue
  B:0029H.1       PUBLIC        bBus1RecBit9
  D:0027H         PUBLIC        byDevState4
  C:2273H         PUBLIC        TimerOutDeal
  C:249CH         PUBLIC        _SaveParameter
  B:0026H.3       PUBLIC        bEnSoundNote
  C:34F8H         PUBLIC        _AddVol
  C:10A5H         PUBLIC        _KeyDownDeal
  C:337AH         PUBLIC        InitKeyCallAddr
  C:1E24H         PUBLIC        InitParameter
  B:0020H.7       PUBLIC        bCalledRing
  B:0088H.1       PUBLIC        IE0
BL51 BANKED LINKER/LOCATER V6.22                                                      03/06/2019  08:16:57  PAGE 20


  B:0088H.3       PUBLIC        IE1
  C:356DH         PUBLIC        _DecVol
  C:2BC0H         PUBLIC        _LevelToValue
  B:0028H.0       PUBLIC        bBus0RecFinish
  B:0020H.5       PUBLIC        bMusicPlaying
  B:0029H.0       PUBLIC        bBus1RecFinish
  B:0020H.0       PUBLIC        bPW2State
  D:008EH         PUBLIC        AUXR
  B:002AH.6       PUBLIC        bBus0SndBitOk
  D:0032H         PUBLIC        byBus0SendData
  D:0039H         PUBLIC        byBus1SendData
  D:00C7H         PUBLIC        IAP_CONTR
  C:2C33H         PUBLIC        SysReset
  D:00E0H         PUBLIC        ACC
  C:2D4EH         PUBLIC        _GetKeyCallAddr
  C:2EB2H         PUBLIC        _AddrCompare
  B:0080H.4       PUBLIC        CBD
  B:00A8H.1       PUBLIC        ET0
  B:0088H.5       PUBLIC        TF0
  B:0022H.7       PUBLIC        bBus0Error
  B:0080H.5       PUBLIC        CGB
  D:008CH         PUBLIC        TH0
  B:0023H.7       PUBLIC        bBus1Error
  B:002AH.7       PUBLIC        fled0
  B:0021H.4       PUBLIC        bHandleDown
  B:0088H.0       PUBLIC        IT0
  B:00A8H.0       PUBLIC        EX0
  B:0088H.2       PUBLIC        IT1
  B:00A8H.2       PUBLIC        EX1
  B:0020H.6       PUBLIC        bVoiceNoting
  C:3463H         PUBLIC        _AddPlayVoiceVol
  C:31C3H         PUBLIC        _GetVolLevel
  D:008AH         PUBLIC        TL0
  D:0040H         PUBLIC        byBus0RecData
  D:0047H         PUBLIC        byBus1RecData
  D:004EH         PUBLIC        byBus0SendCount
  B:0026H.1       PUBLIC        bEnOfficeBroad
  B:00A0H.0       PUBLIC        VL0
  C:3603H         PUBLIC        VolValIndex
  D:004FH         PUBLIC        byBus1SendCount
  B:0025H.5       PUBLIC        bEnMusicplay
  B:0020H.2       PUBLIC        bHandAnswer
  X:0002H         PUBLIC        byBus0RxQ
  X:0026H         PUBLIC        byBus1RxQ
  B:0021H.6       PUBLIC        bSetKeyDown
  B:0090H.5       PUBLIC        MC_CNT
  B:0088H.4       PUBLIC        TR0
  X:004AH         PUBLIC        byBus0TxQ
  X:0091H         PUBLIC        byBus1TxQ
  D:0026H         PUBLIC        byEnable1
  D:00C1H         PUBLIC        WDT_CONTR
  B:0022H.6       PUBLIC        bBus0SendError
  D:0025H         PUBLIC        byEnable2
  B:00C8H.2       PUBLIC        PW2
  B:0023H.6       PUBLIC        bBus1SendError
  B:002BH.0       PUBLIC        bVl0State
  B:0024H.0       PUBLIC        bSelfBroad
BL51 BANKED LINKER/LOCATER V6.22                                                      03/06/2019  08:16:57  PAGE 21


  B:0026H.7       PUBLIC        bEnHandleDeal
  B:0024H.4       PUBLIC        bChannel0Talk
  B:0025H.0       PUBLIC        bEnInfusionDeal
  B:0021H.2       PUBLIC        bChannel1Talk
  C:0D57H         PUBLIC        Bus0SendDeal
  C:06E8H         PUBLIC        Timer0Int
  D:0050H         PUBLIC        byBus0RecCount
  C:30EBH         PUBLIC        Bus1SendDeal
  D:0051H         PUBLIC        byBus1RecCount
  B:0026H.4       PUBLIC        bEnOutRing
  D:0052H         PUBLIC        byBus0SendBuf
  D:0053H         PUBLIC        byBus1SendBuf
  B:0025H.1       PUBLIC        bEnServiceDeal
  B:00C8H.3       PUBLIC        led0
  C:13D4H         PUBLIC        VoiceChannelCtx
  B:0024H.1       PUBLIC        bAllBroad
  C:2FB9H         PUBLIC        _KeyUpDeal
  B:0021H.1       PUBLIC        bIndicatingOther
  C:30B9H         PUBLIC        _DirAddrCompare
  B:0028H.4       PUBLIC        bBus0SendBit
  B:0022H.0       PUBLIC        bBus0StartRec
  B:0029H.4       PUBLIC        bBus1SendBit
  B:0023H.0       PUBLIC        bBus1StartRec
  D:0022H         PUBLIC        byBus0State0
  B:0024H.6       PUBLIC        bWaitListen
  B:0090H.4       PUBLIC        XTA
  C:269EH         PUBLIC        _Bus0OutputData
  D:0023H         PUBLIC        byBus1State0
  D:0054H         PUBLIC        byBus0RecSendCount
  D:0028H         PUBLIC        byBus0State1
  C:29D2H         PUBLIC        _Bus1OutputData
  D:0055H         PUBLIC        byBus1RecSendCount
  D:0029H         PUBLIC        byBus1State1
  C:004EH         PUBLIC        Bus0RecDeal
  B:0090H.3       PUBLIC        XTD
  C:1970H         PUBLIC        Bus1RecDeal
  D:0056H         PUBLIC        byBus0RecBuf
  C:2A46H         PUBLIC        _Bus0RecData
  D:0057H         PUBLIC        byBus1RecBuf
  C:2AC5H         PUBLIC        _Bus1RecData
  B:0022H.3       PUBLIC        bBus0ReqSend
  B:0023H.3       PUBLIC        bBus1ReqSend
  C:1BD0H         PUBLIC        _BackLightTimerTreat
  B:0028H.3       PUBLIC        bBus0Disable
  C:003EH         PUBLIC        led0flash
  X:00E6H         PUBLIC        byBus0RxHead
  B:0029H.3       PUBLIC        bBus1Disable
  X:00E7H         PUBLIC        byBus1RxHead
  D:0058H         PUBLIC        byBus0TxHead
  B:0024H.3       PUBLIC        bSickRoomBroad
  D:00D0H         PUBLIC        PSW
  C:3550H         PUBLIC        _MakeCH0TimerOut
  D:0059H         PUBLIC        byBus1TxHead
  D:005AH         PUBLIC        byBus0SendStopCount
  B:0028H.5       PUBLIC        bBus0RecBit
  C:3562H         PUBLIC        _MakeCH1TimerOut
  D:005BH         PUBLIC        byBus1SendStopCount
BL51 BANKED LINKER/LOCATER V6.22                                                      03/06/2019  08:16:57  PAGE 22


  B:0029H.5       PUBLIC        bBus1RecBit
  D:0094H         PUBLIC        P0M0
  -------         PROC          LED0INIT
  C:35F8H         LINE#         139
  C:35F8H         LINE#         140
  C:35F8H         LINE#         141
  C:35FBH         LINE#         142
  C:35FEH         LINE#         143
  C:3602H         LINE#         144
  -------         ENDPROC       LED0INIT
  -------         PROC          LED0FLASH
  C:003EH         LINE#         146
  C:003EH         LINE#         147
  C:003EH         LINE#         148
  C:0041H         LINE#         149
  C:0041H         LINE#         150
  C:0043H         LINE#         151
  C:0045H         LINE#         152
  C:0046H         LINE#         154
  C:0046H         LINE#         155
  C:0048H         LINE#         156
  C:004AH         LINE#         157
  C:004AH         LINE#         158
  -------         ENDPROC       LED0FLASH
  -------         PROC          SINGLEBUSINIT
  C:2E56H         LINE#         176
  C:2E56H         LINE#         177
  C:2E56H         LINE#         180
  C:2E59H         LINE#         181
  C:2E5CH         LINE#         185
  C:2E5FH         LINE#         186
  C:2E62H         LINE#         191
  C:2E65H         LINE#         192
  C:2E68H         LINE#         196
  C:2E6AH         LINE#         197
  C:2E6CH         LINE#         198
  C:2E6EH         LINE#         199
  C:2E70H         LINE#         201
  C:2E73H         LINE#         202
  C:2E76H         LINE#         204
  C:2E79H         LINE#         205
  C:2E7CH         LINE#         206
  C:2E7EH         LINE#         207
  C:2E81H         LINE#         208
  C:2E83H         LINE#         209
  C:2E85H         LINE#         211
  C:2E88H         LINE#         212
  C:2E8BH         LINE#         213
  C:2E8DH         LINE#         214
  C:2E8FH         LINE#         215
  C:2E91H         LINE#         216
  C:2E93H         LINE#         217
  C:2E96H         LINE#         218
  C:2E96H         LINE#         219
  C:2E98H         LINE#         220
  C:2E9AH         LINE#         222
  C:2E9AH         LINE#         223
BL51 BANKED LINKER/LOCATER V6.22                                                      03/06/2019  08:16:57  PAGE 23


  C:2E9CH         LINE#         224
  C:2E9CH         LINE#         225
  C:2E9FH         LINE#         226
  C:2E9FH         LINE#         227
  C:2EA1H         LINE#         228
  C:2EA2H         LINE#         230
  C:2EA2H         LINE#         231
  C:2EA4H         LINE#         232
  C:2EA4H         LINE#         233
  -------         ENDPROC       SINGLEBUSINIT
  -------         PROC          BUS0RECINT
  C:3521H         LINE#         250
  C:3523H         LINE#         252
  C:352BH         LINE#         253
  C:352DH         LINE#         254
  C:352FH         LINE#         255
  C:3532H         LINE#         256
  -------         ENDPROC       BUS0RECINT
  -------         PROC          BUS1RECINT
  C:35D1H         LINE#         273
  C:35D3H         LINE#         275
  C:35D5H         LINE#         276
  C:35D7H         LINE#         277
  C:35D9H         LINE#         278
  C:35DCH         LINE#         279
  -------         ENDPROC       BUS1RECINT
  -------         PROC          TIMER0INT
  C:06E8H         LINE#         297
  C:0707H         LINE#         300
  C:0709H         LINE#         301
  C:070CH         LINE#         302
  C:070FH         LINE#         303
  C:0711H         LINE#         305
  C:0715H         LINE#         306
  C:0719H         LINE#         308
  C:071CH         LINE#         309
  C:071CH         LINE#         310
  C:0722H         LINE#         311
  C:072BH         LINE#         312
  C:072BH         LINE#         313
  C:072DH         LINE#         314
  C:072FH         LINE#         315
  C:0732H         LINE#         316
  C:0732H         LINE#         317
  C:0738H         LINE#         318
  C:0738H         LINE#         319
  C:073BH         LINE#         320
  C:073DH         LINE#         321
  C:073FH         LINE#         322
  C:073FH         LINE#         323
  C:0742H         LINE#         324
  C:0745H         LINE#         325
  C:0749H         LINE#         326
  C:0749H         LINE#         327
  C:0749H         LINE#         328
  C:0749H         LINE#         329
  C:074CH         LINE#         331
BL51 BANKED LINKER/LOCATER V6.22                                                      03/06/2019  08:16:57  PAGE 24


  C:074CH         LINE#         332
  C:074EH         LINE#         333
  C:074EH         LINE#         334
  C:074EH         LINE#         335
  C:0751H         LINE#         336
  C:0757H         LINE#         337
  C:0757H         LINE#         338
  C:075DH         LINE#         339
  C:0766H         LINE#         340
  C:0766H         LINE#         341
  C:0769H         LINE#         342
  C:076BH         LINE#         343
  C:0776H         LINE#         344
  C:0776H         LINE#         345
  C:0778H         LINE#         346
  C:077BH         LINE#         347
  C:077BH         LINE#         348
  C:0787H         LINE#         349
  C:0787H         LINE#         350
  C:078AH         LINE#         351
  C:078DH         LINE#         352
  C:078FH         LINE#         354
  C:078FH         LINE#         355
  C:0792H         LINE#         356
  C:079CH         LINE#         357
  C:07A2H         LINE#         358
  C:07A9H         LINE#         359
  C:07A9H         LINE#         360
  C:07ACH         LINE#         361
  C:07B2H         LINE#         362
  C:07B2H         LINE#         363
  C:07BBH         LINE#         364
  C:07BBH         LINE#         366
  C:07BBH         LINE#         367
  C:07BBH         LINE#         368
  C:07BEH         LINE#         369
  C:07C1H         LINE#         370
  C:07C3H         LINE#         371
  C:07C7H         LINE#         372
  C:07CBH         LINE#         373
  C:07CFH         LINE#         374
  C:07CFH         LINE#         375
  C:07CFH         LINE#         376
  C:07D2H         LINE#         377
  C:07D6H         LINE#         378
  C:07D8H         LINE#         380
  C:07D8H         LINE#         381
  C:07DAH         LINE#         382
  C:07E0H         LINE#         383
  C:07E0H         LINE#         384
  C:07E3H         LINE#         385
  C:07E5H         LINE#         386
  C:07E7H         LINE#         387
  C:07E7H         LINE#         388
  C:07EAH         LINE#         389
  C:07EEH         LINE#         390
  C:07F2H         LINE#         391
BL51 BANKED LINKER/LOCATER V6.22                                                      03/06/2019  08:16:57  PAGE 25


  C:07F6H         LINE#         392
  C:07F6H         LINE#         393
  C:07F8H         LINE#         394
  C:0800H         LINE#         395
  C:0800H         LINE#         396
  C:0804H         LINE#         397
  C:0806H         LINE#         399
  C:0806H         LINE#         400
  C:080CH         LINE#         401
  C:080FH         LINE#         402
  C:080FH         LINE#         403
  C:0812H         LINE#         404
  C:0812H         LINE#         405
  C:0812H         LINE#         406
  C:0812H         LINE#         407
  C:0812H         LINE#         409
  C:0815H         LINE#         410
  C:0815H         LINE#         411
  C:081BH         LINE#         412
  C:0824H         LINE#         413
  C:0824H         LINE#         414
  C:0826H         LINE#         415
  C:0828H         LINE#         416
  C:082BH         LINE#         417
  C:082BH         LINE#         418
  C:0831H         LINE#         419
  C:0831H         LINE#         420
  C:0834H         LINE#         421
  C:0836H         LINE#         422
  C:0838H         LINE#         423
  C:0838H         LINE#         424
  C:083BH         LINE#         425
  C:083EH         LINE#         426
  C:083EH         LINE#         427
  C:0840H         LINE#         429
  C:0840H         LINE#         430
  C:0842H         LINE#         431
  C:0842H         LINE#         432
  C:0842H         LINE#         433
  C:0845H         LINE#         434
  C:084BH         LINE#         435
  C:084BH         LINE#         436
  C:0851H         LINE#         437
  C:085AH         LINE#         438
  C:085AH         LINE#         439
  C:085DH         LINE#         440
  C:085FH         LINE#         441
  C:0867H         LINE#         442
  C:0867H         LINE#         443
  C:0869H         LINE#         444
  C:086CH         LINE#         445
  C:086CH         LINE#         446
  C:0878H         LINE#         447
  C:0878H         LINE#         448
  C:087BH         LINE#         449
  C:087EH         LINE#         450
  C:0880H         LINE#         452
BL51 BANKED LINKER/LOCATER V6.22                                                      03/06/2019  08:16:57  PAGE 26


  C:0880H         LINE#         453
  C:0883H         LINE#         454
  C:088DH         LINE#         455
  C:0893H         LINE#         456
  C:089AH         LINE#         457
  C:089AH         LINE#         458
  C:089DH         LINE#         459
  C:08A3H         LINE#         460
  C:08A3H         LINE#         461
  C:08ACH         LINE#         462
  C:08ACH         LINE#         464
  C:08ACH         LINE#         465
  C:08ACH         LINE#         466
  C:08AFH         LINE#         467
  C:08B2H         LINE#         468
  C:08B4H         LINE#         469
  C:08B4H         LINE#         470
  C:08B4H         LINE#         471
  C:08B7H         LINE#         472
  C:08BBH         LINE#         473
  C:08BDH         LINE#         475
  C:08BDH         LINE#         476
  C:08BFH         LINE#         477
  C:08C5H         LINE#         478
  C:08C5H         LINE#         479
  C:08C8H         LINE#         480
  C:08CAH         LINE#         481
  C:08CCH         LINE#         482
  C:08CCH         LINE#         483
  C:08CFH         LINE#         484
  C:08CFH         LINE#         485
  C:08D1H         LINE#         486
  C:08D9H         LINE#         487
  C:08D9H         LINE#         488
  C:08DDH         LINE#         489
  C:08DFH         LINE#         491
  C:08DFH         LINE#         492
  C:08E5H         LINE#         493
  C:08E8H         LINE#         494
  C:08E8H         LINE#         495
  C:08EBH         LINE#         496
  C:08EBH         LINE#         497
  C:08EBH         LINE#         498
  C:08EBH         LINE#         499
  C:08EBH         LINE#         501
  C:08F3H         LINE#         502
  C:08F3H         LINE#         503
  C:08F6H         LINE#         504
  C:08F6H         LINE#         505
  C:08F8H         LINE#         506
  C:08FAH         LINE#         507
  C:08FCH         LINE#         508
  C:08FFH         LINE#         509
  C:0909H         LINE#         510
  C:090BH         LINE#         511
  C:090EH         LINE#         513
  C:090EH         LINE#         514
BL51 BANKED LINKER/LOCATER V6.22                                                      03/06/2019  08:16:57  PAGE 27


  C:0911H         LINE#         515
  C:0913H         LINE#         516
  C:0916H         LINE#         517
  C:0918H         LINE#         518
  C:091BH         LINE#         519
  C:091BH         LINE#         520
  C:091EH         LINE#         521
  C:0924H         LINE#         522
  C:0924H         LINE#         524
  C:092AH         LINE#         525
  C:0930H         LINE#         526
  C:0930H         LINE#         527
  C:093DH         LINE#         529
  C:093DH         LINE#         530
  C:0940H         LINE#         531
  C:0943H         LINE#         532
  C:0945H         LINE#         533
  C:0947H         LINE#         534
  C:094AH         LINE#         536
  C:094CH         LINE#         537
  C:094CH         LINE#         539
  C:094EH         LINE#         544
  C:0951H         LINE#         545
  C:0951H         LINE#         547
  C:0956H         LINE#         548
  C:0956H         LINE#         549
  C:0958H         LINE#         551
  C:095BH         LINE#         552
  C:095DH         LINE#         553
  C:0965H         LINE#         554
  C:0965H         LINE#         555
  C:096EH         LINE#         556
  C:0973H         LINE#         557
  C:0975H         LINE#         558
  C:0978H         LINE#         559
  C:0978H         LINE#         560
  C:097AH         LINE#         561
  C:097CH         LINE#         562
  C:097EH         LINE#         563
  C:0986H         LINE#         564
  C:0986H         LINE#         565
  C:0988H         LINE#         566
  C:098AH         LINE#         567
  C:0993H         LINE#         568
  C:0993H         LINE#         569
  C:0996H         LINE#         570
  C:0999H         LINE#         571
  C:099CH         LINE#         572
  C:099FH         LINE#         573
  C:09A2H         LINE#         574
  C:09A4H         LINE#         576
  C:09A4H         LINE#         577
  C:09A7H         LINE#         578
  C:09A9H         LINE#         579
  C:09A9H         LINE#         580
  C:09ADH         LINE#         581
  C:09AFH         LINE#         583
BL51 BANKED LINKER/LOCATER V6.22                                                      03/06/2019  08:16:57  PAGE 28


  C:09AFH         LINE#         584
  C:09B4H         LINE#         585
  C:09B4H         LINE#         586
  C:09B6H         LINE#         587
  C:09B8H         LINE#         588
  C:09BAH         LINE#         590
  C:09BAH         LINE#         591
  C:09BCH         LINE#         592
  C:09BEH         LINE#         593
  C:09BEH         LINE#         594
  C:09C4H         LINE#         595
  C:09C4H         LINE#         596
  C:09C4H         LINE#         597
  C:09C4H         LINE#         606
  C:09C4H         LINE#         608
  C:09CCH         LINE#         609
  C:09CCH         LINE#         610
  C:09CFH         LINE#         611
  C:09CFH         LINE#         612
  C:09D1H         LINE#         613
  C:09D3H         LINE#         614
  C:09D5H         LINE#         615
  C:09D8H         LINE#         616
  C:09E2H         LINE#         617
  C:09E4H         LINE#         618
  C:09E7H         LINE#         620
  C:09E7H         LINE#         621
  C:09EAH         LINE#         622
  C:09ECH         LINE#         623
  C:09EFH         LINE#         624
  C:09EFH         LINE#         625
  C:09EFH         LINE#         626
  C:09EFH         LINE#         627
  C:09F2H         LINE#         628
  C:09F8H         LINE#         629
  C:09F8H         LINE#         630
  C:0A00H         LINE#         631
  C:0A00H         LINE#         632
  C:0A06H         LINE#         633
  C:0A0CH         LINE#         634
  C:0A0CH         LINE#         635
  C:0A0FH         LINE#         636
  C:0A11H         LINE#         637
  C:0A19H         LINE#         638
  C:0A19H         LINE#         639
  C:0A22H         LINE#         640
  C:0A26H         LINE#         641
  C:0A28H         LINE#         642
  C:0A2BH         LINE#         643
  C:0A2BH         LINE#         644
  C:0A2DH         LINE#         645
  C:0A2FH         LINE#         646
  C:0A31H         LINE#         647
  C:0A39H         LINE#         648
  C:0A39H         LINE#         649
  C:0A3BH         LINE#         650
  C:0A3DH         LINE#         651
BL51 BANKED LINKER/LOCATER V6.22                                                      03/06/2019  08:16:57  PAGE 29


  C:0A46H         LINE#         652
  C:0A46H         LINE#         653
  C:0A49H         LINE#         654
  C:0A4CH         LINE#         655
  C:0A4FH         LINE#         656
  C:0A52H         LINE#         657
  C:0A55H         LINE#         658
  C:0A57H         LINE#         660
  C:0A57H         LINE#         661
  C:0A5AH         LINE#         662
  C:0A5CH         LINE#         663
  C:0A5CH         LINE#         664
  C:0A60H         LINE#         665
  C:0A62H         LINE#         667
  C:0A62H         LINE#         668
  C:0A67H         LINE#         669
  C:0A67H         LINE#         670
  C:0A69H         LINE#         671
  C:0A6BH         LINE#         672
  C:0A6DH         LINE#         674
  C:0A6DH         LINE#         675
  C:0A6FH         LINE#         676
  C:0A71H         LINE#         677
  C:0A71H         LINE#         678
  C:0A77H         LINE#         679
  C:0A77H         LINE#         680
  C:0A77H         LINE#         681
  C:0A79H         LINE#         683
  C:0A79H         LINE#         684
  C:0A7CH         LINE#         685
  C:0A7FH         LINE#         686
  C:0A81H         LINE#         687
  C:0A83H         LINE#         688
  C:0A86H         LINE#         689
  C:0A86H         LINE#         690
  C:0A86H         LINE#         692
  C:0A8CH         LINE#         693
  C:0A8CH         LINE#         694
  C:0A90H         LINE#         695
  C:0A90H         LINE#         696
  C:0A93H         LINE#         697
  C:0A93H         LINE#         698
  C:0A95H         LINE#         699
  C:0A95H         LINE#         700
  C:0A95H         LINE#         701
  C:0A98H         LINE#         702
  C:0A98H         LINE#         703
  C:0A9AH         LINE#         704
  C:0A9DH         LINE#         705
  C:0A9DH         LINE#         706
  C:0A9FH         LINE#         707
  C:0AA3H         LINE#         708
  C:0AA6H         LINE#         709
  C:0AA6H         LINE#         710
  C:0AA6H         LINE#         711
  C:0AA6H         LINE#         713
  C:0AACH         LINE#         714
BL51 BANKED LINKER/LOCATER V6.22                                                      03/06/2019  08:16:57  PAGE 30


  C:0AACH         LINE#         715
  C:0AB0H         LINE#         716
  C:0AB0H         LINE#         717
  C:0AB3H         LINE#         718
  C:0AB3H         LINE#         719
  C:0AB5H         LINE#         720
  C:0AB5H         LINE#         721
  C:0AB5H         LINE#         722
  C:0AB8H         LINE#         723
  C:0AB8H         LINE#         724
  C:0ABAH         LINE#         725
  C:0ABDH         LINE#         726
  C:0ABDH         LINE#         727
  C:0ABFH         LINE#         728
  C:0AC3H         LINE#         729
  C:0AC6H         LINE#         730
  C:0AC6H         LINE#         731
  C:0AC6H         LINE#         732
  C:0AC6H         LINE#         734
  C:0ACAH         LINE#         735
  C:0ACAH         LINE#         736
  C:0ACDH         LINE#         737
  C:0ACDH         LINE#         738
  C:0AD0H         LINE#         739
  C:0AD4H         LINE#         740
  C:0AD8H         LINE#         741
  C:0ADCH         LINE#         742
  C:0ADCH         LINE#         743
  C:0ADCH         LINE#         744
  C:0AE0H         LINE#         745
  C:0AE0H         LINE#         746
  C:0AE3H         LINE#         747
  C:0AE3H         LINE#         748
  C:0AE5H         LINE#         749
  C:0AE5H         LINE#         750
  C:0AE5H         LINE#         752
  C:0AE9H         LINE#         753
  C:0AE9H         LINE#         754
  C:0AECH         LINE#         755
  C:0AECH         LINE#         756
  C:0AEFH         LINE#         757
  C:0AEFH         LINE#         758
  C:0AEFH         LINE#         759
  C:0AF3H         LINE#         760
  C:0AF3H         LINE#         761
  C:0AF6H         LINE#         762
  C:0AF6H         LINE#         763
  C:0AF8H         LINE#         764
  C:0AF8H         LINE#         765
  C:0AF8H         LINE#         767
  C:0B01H         LINE#         768
  C:0B01H         LINE#         769
  C:0B04H         LINE#         770
  C:0B04H         LINE#         771
  C:0B06H         LINE#         772
  C:0B06H         LINE#         773
  C:0B09H         LINE#         775
BL51 BANKED LINKER/LOCATER V6.22                                                      03/06/2019  08:16:57  PAGE 31


  C:0B09H         LINE#         776
  C:0B12H         LINE#         777
  C:0B12H         LINE#         778
  C:0B36H         LINE#         779
  C:0B36H         LINE#         780
  C:0B44H         LINE#         781
  C:0B54H         LINE#         782
  C:0B62H         LINE#         783
  C:0B73H         LINE#         784
  C:0B81H         LINE#         785
  C:0B92H         LINE#         786
  C:0BA0H         LINE#         787
  C:0BB1H         LINE#         788
  C:0BBFH         LINE#         789
  C:0BD0H         LINE#         790
  C:0BDEH         LINE#         791
  C:0BEFH         LINE#         792
  C:0BFDH         LINE#         793
  C:0C0EH         LINE#         794
  C:0C11H         LINE#         795
  C:0C13H         LINE#         797
  C:0C13H         LINE#         798
  C:0C19H         LINE#         799
  C:0C19H         LINE#         800
  C:0C19H         LINE#         801
  C:0C19H         LINE#         802
  C:0C19H         LINE#         804
  C:0C22H         LINE#         805
  C:0C22H         LINE#         806
  C:0C25H         LINE#         807
  C:0C25H         LINE#         808
  C:0C27H         LINE#         809
  C:0C27H         LINE#         810
  C:0C2AH         LINE#         812
  C:0C2AH         LINE#         813
  C:0C33H         LINE#         814
  C:0C33H         LINE#         815
  C:0C57H         LINE#         816
  C:0C57H         LINE#         817
  C:0C65H         LINE#         818
  C:0C75H         LINE#         819
  C:0C83H         LINE#         820
  C:0C94H         LINE#         821
  C:0CA2H         LINE#         822
  C:0CB3H         LINE#         823
  C:0CC1H         LINE#         824
  C:0CD2H         LINE#         825
  C:0CE0H         LINE#         826
  C:0CF1H         LINE#         827
  C:0CFFH         LINE#         828
  C:0D10H         LINE#         829
  C:0D1EH         LINE#         830
  C:0D2FH         LINE#         831
  C:0D32H         LINE#         832
  C:0D34H         LINE#         834
  C:0D34H         LINE#         835
  C:0D3AH         LINE#         836
BL51 BANKED LINKER/LOCATER V6.22                                                      03/06/2019  08:16:57  PAGE 32


  C:0D3AH         LINE#         837
  C:0D3AH         LINE#         838
  C:0D3AH         LINE#         839
  C:0D3AH         LINE#         840
  -------         ENDPROC       TIMER0INT
  C:2691H         SYMBOL        L?0892
  C:2697H         SYMBOL        L?0893
  C:2698H         SYMBOL        L?0894
  -------         PROC          L?0891
  -------         ENDPROC       L?0891
  C:2691H         SYMBOL        L?0892
  C:2697H         SYMBOL        L?0893
  C:2698H         SYMBOL        L?0894
  -------         PROC          _BUS0OUTPUTDATA
  D:000FH         SYMBOL        pbyData
  -------         DO            
  D:0012H         SYMBOL        byTemp
  -------         ENDDO         
  C:269EH         LINE#         856
  C:26A4H         LINE#         857
  C:26A4H         LINE#         858
  C:26A7H         LINE#         860
  C:26ABH         LINE#         861
  C:26C9H         LINE#         862
  C:26C9H         LINE#         863
  C:26CEH         LINE#         864
  C:26D1H         LINE#         865
  C:26D1H         LINE#         866
  C:26D8H         LINE#         867
  C:26D8H         LINE#         868
  C:26F7H         LINE#         869
  C:2708H         LINE#         870
  C:270AH         LINE#         871
  C:270FH         LINE#         872
  C:2711H         LINE#         873
  -------         ENDPROC       _BUS0OUTPUTDATA
  C:29C6H         SYMBOL        L?0888
  C:29CBH         SYMBOL        L?0889
  C:29CCH         SYMBOL        L?0890
  -------         PROC          L?0887
  -------         ENDPROC       L?0887
  C:29C6H         SYMBOL        L?0888
  C:29CBH         SYMBOL        L?0889
  C:29CCH         SYMBOL        L?0890
  -------         PROC          _BUS1OUTPUTDATA
  D:000DH         SYMBOL        pbyData
  -------         DO            
  D:0010H         SYMBOL        byTemp
  -------         ENDDO         
  C:29D2H         LINE#         889
  C:29D8H         LINE#         890
  C:29D8H         LINE#         891
  C:29DBH         LINE#         893
  C:29DFH         LINE#         894
  C:29FDH         LINE#         895
  C:29FDH         LINE#         896
  C:2A02H         LINE#         897
BL51 BANKED LINKER/LOCATER V6.22                                                      03/06/2019  08:16:57  PAGE 33


  C:2A05H         LINE#         898
  C:2A05H         LINE#         899
  C:2A0CH         LINE#         900
  C:2A0CH         LINE#         901
  C:2A2BH         LINE#         902
  C:2A3CH         LINE#         903
  C:2A3EH         LINE#         904
  C:2A43H         LINE#         905
  C:2A45H         LINE#         906
  -------         ENDPROC       _BUS1OUTPUTDATA
  -------         PROC          _BUS0RECDATA
  D:0008H         SYMBOL        pbyData
  -------         DO            
  D:000BH         SYMBOL        byTemp
  -------         ENDDO         
  C:2A46H         LINE#         923
  C:2A4CH         LINE#         924
  C:2A4CH         LINE#         925
  C:2A4FH         LINE#         927
  C:2A53H         LINE#         928
  C:2A77H         LINE#         929
  C:2A77H         LINE#         930
  C:2A7CH         LINE#         931
  C:2A7FH         LINE#         932
  C:2A7FH         LINE#         933
  C:2A86H         LINE#         934
  C:2A86H         LINE#         935
  C:2AA8H         LINE#         936
  C:2ABBH         LINE#         937
  C:2ABDH         LINE#         938
  C:2AC2H         LINE#         939
  C:2AC4H         LINE#         941
  -------         ENDPROC       _BUS0RECDATA
  -------         PROC          _BUS1RECDATA
  D:0008H         SYMBOL        pbyData
  -------         DO            
  D:000BH         SYMBOL        byTemp
  -------         ENDDO         
  C:2AC5H         LINE#         959
  C:2ACBH         LINE#         960
  C:2ACBH         LINE#         961
  C:2ACEH         LINE#         963
  C:2AD2H         LINE#         964
  C:2AF6H         LINE#         965
  C:2AF6H         LINE#         966
  C:2AFBH         LINE#         967
  C:2AFEH         LINE#         968
  C:2AFEH         LINE#         969
  C:2B05H         LINE#         970
  C:2B05H         LINE#         971
  C:2B27H         LINE#         972
  C:2B3AH         LINE#         973
  C:2B3CH         LINE#         974
  C:2B41H         LINE#         975
  C:2B43H         LINE#         976
  -------         ENDPROC       _BUS1RECDATA
  C:2EA8H         SYMBOL        L?0898
BL51 BANKED LINKER/LOCATER V6.22                                                      03/06/2019  08:16:57  PAGE 34


  C:2EACH         SYMBOL        L?0899
  -------         PROC          L?0897
  -------         ENDPROC       L?0897
  C:2EA8H         SYMBOL        L?0898
  C:2EACH         SYMBOL        L?0899
  -------         PROC          _ADDRCOMPARE
  D:0001H         SYMBOL        pstBusFreq
  C:2EB2H         LINE#         995
  C:2EB2H         LINE#         996
  C:2EB2H         LINE#         997
  C:2EC3H         LINE#         998
  C:2EC3H         LINE#         999
  C:2EC5H         LINE#         1000
  C:2EC5H         LINE#         1001
  C:2ED6H         LINE#         1002
  C:2ED6H         LINE#         1003
  C:2ED8H         LINE#         1004
  C:2ED8H         LINE#         1005
  C:2EE9H         LINE#         1006
  C:2EE9H         LINE#         1007
  C:2EEBH         LINE#         1008
  C:2EEBH         LINE#         1009
  C:2EECH         LINE#         1021
  -------         ENDPROC       _ADDRCOMPARE
  -------         PROC          L?0905
  -------         ENDPROC       L?0905
  -------         PROC          _DIRADDRCOMPARE
  D:0001H         SYMBOL        pstBusFreq
  C:30B9H         LINE#         1038
  C:30B9H         LINE#         1039
  C:30B9H         LINE#         1040
  C:30C7H         LINE#         1041
  C:30C7H         LINE#         1042
  C:30C9H         LINE#         1043
  C:30C9H         LINE#         1044
  C:30D7H         LINE#         1045
  C:30D7H         LINE#         1046
  C:30D9H         LINE#         1047
  C:30D9H         LINE#         1048
  C:30E7H         LINE#         1049
  C:30E7H         LINE#         1050
  C:30E9H         LINE#         1051
  C:30E9H         LINE#         1052
  C:30EAH         LINE#         1053
  -------         ENDPROC       _DIRADDRCOMPARE
  C:354CH         SYMBOL        L?0903
  -------         PROC          L?0902
  -------         ENDPROC       L?0902
  C:354CH         SYMBOL        L?0903
  -------         PROC          _MAKECH0TIMEROUT
  D:0007H         SYMBOL        byTimerOut
  D:0005H         SYMBOL        byTimerOutCount
  C:3550H         LINE#         1069
  C:3550H         LINE#         1070
  C:3550H         LINE#         1071
[...]
  C:2973H         LINE#         335
  C:2973H         LINE#         337
  C:2978H         LINE#         341
  C:2978H         LINE#         344
  C:2983H         LINE#         345
  C:2985H         LINE#         350
  C:2988H         LINE#         352
  C:298DH         LINE#         353
  C:298DH         LINE#         355
  C:2993H         LINE#         357
  C:2995H         LINE#         358
BL51 BANKED LINKER/LOCATER V6.22                                                      03/06/2019  08:16:57  PAGE 83


  C:2995H         LINE#         359
  C:2999H         LINE#         360
  C:2999H         LINE#         361
  C:2999H         LINE#         362
  C:2999H         LINE#         363
  C:299DH         LINE#         364
  C:29A1H         LINE#         365
  C:29A7H         LINE#         366
  C:29A7H         LINE#         368
  C:29B3H         LINE#         369
  C:29B6H         LINE#         370
  C:29B6H         LINE#         406
  C:29B6H         LINE#         407
  C:29BBH         LINE#         408
  C:29BEH         LINE#         409
  C:29BEH         LINE#         411
  C:29BEH         LINE#         412
  C:29C3H         LINE#         413
  C:29C5H         LINE#         414
  C:29C5H         LINE#         415
  -------         ENDPROC       _OSQPOST
  -------         ENDMOD        OS_Q

  -------         MODULE        OS_SEM
  C:0000H         SYMBOL        _ICE_DUMMY_
  D:0080H         PUBLIC        P0
  D:0090H         PUBLIC        P1
  D:00A0H         PUBLIC        P2
  D:00B0H         PUBLIC        P3
  D:00C0H         PUBLIC        P4
  D:00C8H         PUBLIC        P5
  D:00A8H         PUBLIC        IE
  D:00B8H         PUBLIC        IP
  D:00D8H         PUBLIC        CCON
  D:0098H         PUBLIC        SCON
  D:0088H         PUBLIC        TCON
  D:00E0H         PUBLIC        ACC
  D:00D0H         PUBLIC        PSW
  -------         ENDMOD        OS_SEM

  -------         MODULE        OS_CPU_C
  C:0000H         SYMBOL        _ICE_DUMMY_
  D:0080H         PUBLIC        P0
  D:0090H         PUBLIC        P1
  D:00A0H         PUBLIC        P2
  D:00B0H         PUBLIC        P3
  C:330CH         PUBLIC        _OSTaskStkDel
  D:00C0H         PUBLIC        P4
  D:00C8H         PUBLIC        P5
  B:00A8H.7       PUBLIC        EA
  C:2F76H         PUBLIC        _StkDelA
  C:2FFBH         PUBLIC        _StkDelB
  C:34CAH         PUBLIC        _StkDelC
  D:00A8H         PUBLIC        IE
  D:00FAH         PUBLIC        CCAP0H
  D:00EAH         PUBLIC        CCAP0L
  D:00B8H         PUBLIC        IP
BL51 BANKED LINKER/LOCATER V6.22                                                      03/06/2019  08:16:57  PAGE 84


  C:2DA9H         PUBLIC        OSTickISR
  C:35B2H         PUBLIC        OSCPUInit
  D:0081H         PUBLIC        SP
  D:00D8H         PUBLIC        CCON
  D:0067H         PUBLIC        OSTsakStackBotton
  D:0098H         PUBLIC        SCON
  D:0088H         PUBLIC        TCON
  D:00E0H         PUBLIC        ACC
  D:006EH         PUBLIC        OSFastSwap
  D:00D0H         PUBLIC        PSW
  B:00D8H.0       PUBLIC        CCF0
  -------         PROC          OSCPUINIT
  -------         DO            
  D:0007H         SYMBOL        i
  -------         ENDDO         
  C:35B2H         LINE#         78
  C:35B2H         LINE#         82
  C:35B4H         LINE#         83
  C:35B4H         LINE#         84
  C:35BAH         LINE#         85
  C:35BEH         LINE#         86
  C:35C1H         LINE#         88
  -------         ENDPROC       OSCPUINIT
  -------         PROC          _STKDELA
  D:0007H         SYMBOL        TaskID
  -------         DO            
  D:0006H         SYMBOL        cp
  D:0005H         SYMBOL        cp1
  D:0004H         SYMBOL        temp
  D:0007H         SYMBOL        i
  -------         ENDDO         
  C:2F76H         LINE#         200
  C:2F76H         LINE#         201
  C:2F76H         LINE#         206
  C:2F7CH         LINE#         207
  C:2F82H         LINE#         208
  C:2F87H         LINE#         209
  C:2F90H         LINE#         210
  C:2F90H         LINE#         211
  C:2F9BH         LINE#         212
  C:2F9EH         LINE#         213
  C:2FA4H         LINE#         215
  C:2FA4H         LINE#         216
  C:2FB0H         LINE#         217
  C:2FB2H         LINE#         218
  C:2FB8H         LINE#         219
  -------         ENDPROC       _STKDELA
  -------         PROC          _STKDELB
  D:0007H         SYMBOL        TaskID
  -------         DO            
  D:0005H         SYMBOL        cp
  D:0004H         SYMBOL        cp1
  D:0005H         SYMBOL        temp
  D:0006H         SYMBOL        i
  -------         ENDDO         
  C:2FFBH         LINE#         222
  C:2FFBH         LINE#         223
BL51 BANKED LINKER/LOCATER V6.22                                                      03/06/2019  08:16:57  PAGE 85


  C:2FFBH         LINE#         228
  C:3002H         LINE#         229
  C:3008H         LINE#         230
  C:3013H         LINE#         231
  C:3015H         LINE#         232
  C:3015H         LINE#         234
  C:3015H         LINE#         235
  C:3021H         LINE#         236
  C:3023H         LINE#         237
  C:3023H         LINE#         238
  C:3029H         LINE#         239
  C:3032H         LINE#         240
  C:3032H         LINE#         241
  C:3039H         LINE#         242
  C:303CH         LINE#         243
  -------         ENDPROC       _STKDELB
  -------         PROC          _STKDELC
  D:0007H         SYMBOL        TaskID
  -------         DO            
  D:0005H         SYMBOL        cp
  -------         ENDDO         
  C:34CAH         LINE#         245
  C:34CAH         LINE#         246
  C:34CAH         LINE#         251
  C:34D0H         LINE#         252
  C:34D6H         LINE#         253
  C:34DBH         LINE#         254
  C:34DFH         LINE#         255
  -------         ENDPROC       _STKDELC
  -------         PROC          _OSTASKSTKDEL
  D:0007H         SYMBOL        TaskID
  -------         DO            
  D:0006H         SYMBOL        temp
  -------         ENDDO         
  C:330CH         LINE#         258
  C:330CH         LINE#         262
  C:330EH         LINE#         263
  C:3312H         LINE#         264
  C:3312H         LINE#         265
  C:3313H         LINE#         266
  C:3315H         LINE#         267
  C:331BH         LINE#         268
  C:331BH         LINE#         269
  C:331DH         LINE#         270
  C:331DH         LINE#         271
  C:3328H         LINE#         272
  C:3328H         LINE#         273
  C:3328H         LINE#         274
  C:332BH         LINE#         275
  C:332BH         LINE#         276
  C:332BH         LINE#         277
  C:332EH         LINE#         278
  C:332EH         LINE#         279
  C:332EH         LINE#         280
  C:3331H         LINE#         281
  C:3331H         LINE#         282
  C:3331H         LINE#         283
BL51 BANKED LINKER/LOCATER V6.22                                                      03/06/2019  08:16:57  PAGE 86


  C:3331H         LINE#         284
  C:3331H         LINE#         285
  -------         ENDPROC       _OSTASKSTKDEL
  -------         PROC          OSTICKISR
  C:2DA9H         LINE#         307
  C:2DC8H         LINE#         315
  C:2DDCH         LINE#         325
  C:2DE0H         LINE#         328
  C:2DE3H         LINE#         333
  C:2DE6H         LINE#         334
  -------         ENDPROC       OSTICKISR
  -------         ENDMOD        OS_CPU_C

  -------         MODULE        OS_CPU_A_ASM
  C:35DFH         SEGMENT       ?PR?OSCTXSW?OS_CPU_A
  C:325DH         SEGMENT       ?PR?OSINTCTXSW?OS_CPU_A
  C:322AH         SEGMENT       ?PR?LOADCTX?OS_CPU_A
  C:27A4H         SEGMENT       ?PR?C_OSCTXSW?OS_CPU_A
  C:2B44H         SEGMENT       ?PR?_OSTASKSTKINIT?OS_CPU_A
  I:007FH         SEGMENT       ?STACK
  C:27A4H         PUBLIC        C_OSCTXSW
  C:322AH         PUBLIC        LOADCTX
  C:35DFH         PUBLIC        OSCTXSW
  C:325DH         PUBLIC        OSINTCTXSW
  I:007FH         PUBLIC        STACK
  C:2B44H         PUBLIC        _OSTASKSTKINIT
  C:27F1H         SYMBOL        ?C0001
  C:27C2H         SYMBOL        ?C0002
  C:27C8H         SYMBOL        ?C0003
  C:27E5H         SYMBOL        ?C0004
  C:27EBH         SYMBOL        ?C0005
  C:282AH         SYMBOL        ?C0007
  C:27FBH         SYMBOL        ?C0008
  C:2801H         SYMBOL        ?C0009
  C:282DH         SYMBOL        ?C000R
  C:281FH         SYMBOL        ?C0010
  C:2825H         SYMBOL        ?C0011
  D:00E0H         SYMBOL        ACC
  D:00F0H         SYMBOL        B
  D:0083H         SYMBOL        DPH
  D:0082H         SYMBOL        DPL
  B:00A8H.7       SYMBOL        EA
  C:3233H         SYMBOL        LOADCTX_0
  C:3255H         SYMBOL        LOADCTX_2
  C:325CH         SYMBOL        LOADCTX_3
  C:3272H         SYMBOL        OSINTCTXSW_0
  N:0000H         SYMBOL        OS_CPU_A_ASM
  D:00D0H         SYMBOL        PSW
  D:0081H         SYMBOL        SP
  C:2B7BH         SYMBOL        STKINIT11
  C:2BAFH         SYMBOL        STKINIT12
  C:2B8DH         SYMBOL        STKINIT15
  C:2BA9H         SYMBOL        STKINIT18
  C:2B83H         SYMBOL        STKINIT5
  C:2B5EH         SYMBOL        STKINIT8
  C:2B44H         LINE#         137
  C:2B46H         LINE#         138
BL51 BANKED LINKER/LOCATER V6.22                                                      03/06/2019  08:16:57  PAGE 87


  C:2B48H         LINE#         142
  C:2B49H         LINE#         143
  C:2B4CH         LINE#         144
  C:2B4DH         LINE#         145
  C:2B4FH         LINE#         173
  C:2B50H         LINE#         174
  C:2B51H         LINE#         175
  C:2B53H         LINE#         176
  C:2B55H         LINE#         179
  C:2B56H         LINE#         180
  C:2B58H         LINE#         181
  C:2B59H         LINE#         182
  C:2B5AH         LINE#         184
  C:2B5CH         LINE#         185
  C:2B5DH         LINE#         186
  C:2B5EH         LINE#         191
  C:2B60H         LINE#         192
  C:2B61H         LINE#         193
  C:2B62H         LINE#         195
  C:2B63H         LINE#         197
  C:2B65H         LINE#         200
  C:2B67H         LINE#         203
  C:2B69H         LINE#         204
  C:2B6BH         LINE#         205
  C:2B6DH         LINE#         207
  C:2B6FH         LINE#         208
  C:2B70H         LINE#         209
  C:2B71H         LINE#         210
  C:2B73H         LINE#         211
  C:2B74H         LINE#         212
  C:2B76H         LINE#         213
  C:2B77H         LINE#         214
  C:2B78H         LINE#         215
  C:2B79H         LINE#         217
  C:2B7BH         LINE#         222
  C:2B7CH         LINE#         223
  C:2B7DH         LINE#         224
  C:2B7EH         LINE#         225
  C:2B7FH         LINE#         227
  C:2B81H         LINE#         229
  C:2B83H         LINE#         234
  C:2B85H         LINE#         235
  C:2B87H         LINE#         236
  C:2B88H         LINE#         238
  C:2B89H         LINE#         239
  C:2B8AH         LINE#         240
  C:2B8CH         LINE#         241
  C:2B8DH         LINE#         246
  C:2B8FH         LINE#         247
  C:2B90H         LINE#         248
  C:2B91H         LINE#         250
  C:2B92H         LINE#         252
  C:2B94H         LINE#         255
  C:2B96H         LINE#         256
  C:2B98H         LINE#         257
  C:2B99H         LINE#         258
  C:2B9AH         LINE#         259
BL51 BANKED LINKER/LOCATER V6.22                                                      03/06/2019  08:16:57  PAGE 88


  C:2B9BH         LINE#         261
  C:2B9CH         LINE#         262
  C:2B9EH         LINE#         263
  C:2B9FH         LINE#         265
  C:2BA1H         LINE#         266
  C:2BA2H         LINE#         267
  C:2BA3H         LINE#         268
  C:2BA4H         LINE#         269
  C:2BA5H         LINE#         270
  C:2BA6H         LINE#         271
  C:2BA7H         LINE#         273
  C:2BA9H         LINE#         278
  C:2BAAH         LINE#         279
  C:2BABH         LINE#         280
  C:2BACH         LINE#         281
  C:2BADH         LINE#         283
  C:2BAFH         LINE#         287
  C:2BB1H         LINE#         288
  C:2BB2H         LINE#         289
  C:2BB3H         LINE#         290
  C:2BB4H         LINE#         291
  C:2BB5H         LINE#         293
  C:2BB7H         LINE#         294
  C:2BB8H         LINE#         295
  C:2BB9H         LINE#         297
  C:2BBBH         LINE#         298
  C:2BBCH         LINE#         299
  C:2BBDH         LINE#         309
  C:2BBEH         LINE#         310
  C:2BBFH         LINE#         312
  C:322AH         LINE#         340
  C:322CH         LINE#         348
  C:322EH         LINE#         349
  C:3231H         LINE#         350
  C:3233H         LINE#         352
  C:3236H         LINE#         354
  C:3237H         LINE#         355
  C:3239H         LINE#         367
  C:323BH         LINE#         369
  C:323DH         LINE#         370
  C:323FH         LINE#         371
  C:3241H         LINE#         372
  C:3243H         LINE#         373
  C:3245H         LINE#         374
  C:3247H         LINE#         375
  C:3249H         LINE#         376
  C:324BH         LINE#         377
  C:324DH         LINE#         378
  C:324FH         LINE#         379
  C:3251H         LINE#         380
  C:3253H         LINE#         381
  C:3255H         LINE#         384
  C:3257H         LINE#         385
  C:325AH         LINE#         386
  C:325CH         LINE#         388
  C:35DFH         LINE#         415
  C:35E1H         LINE#         417
BL51 BANKED LINKER/LOCATER V6.22                                                      03/06/2019  08:16:57  PAGE 89


  C:35E4H         LINE#         418
  C:35E6H         LINE#         420
  C:35E7H         LINE#         421
  C:35E9H         LINE#         434
  C:27A4H         LINE#         457
  C:27A6H         LINE#         460
  C:27A8H         LINE#         466
  C:27A9H         LINE#         468
  C:27ABH         LINE#         469
  C:27ADH         LINE#         470
  C:27AEH         LINE#         471
  C:27AFH         LINE#         472
  C:27B0H         LINE#         474
  C:27B2H         LINE#         475
  C:27B4H         LINE#         476
  C:27B5H         LINE#         477
  C:27B6H         LINE#         478
  C:27B7H         LINE#         480
  C:27B9H         LINE#         481
  C:27BAH         LINE#         482
  C:27BCH         LINE#         483
  C:27BEH         LINE#         489
  C:27BFH         LINE#         490
  C:27C0H         LINE#         491
  C:27C1H         LINE#         492
  C:27C2H         LINE#         494
  C:27C3H         LINE#         495
  C:27C4H         LINE#         496
  C:27C5H         LINE#         497
  C:27C6H         LINE#         498
  C:27C8H         LINE#         501
  C:27CAH         LINE#         502
  C:27CCH         LINE#         503
  C:27CDH         LINE#         504
  C:27CEH         LINE#         505
  C:27CFH         LINE#         507
  C:27D0H         LINE#         508
  C:27D1H         LINE#         510
  C:27D2H         LINE#         511
  C:27D4H         LINE#         516
  C:27D6H         LINE#         517
  C:27D7H         LINE#         518
  C:27D9H         LINE#         519
  C:27DAH         LINE#         520
  C:27DCH         LINE#         522
  C:27DEH         LINE#         523
  C:27E0H         LINE#         524
  C:27E1H         LINE#         525
  C:27E2H         LINE#         526
  C:27E3H         LINE#         527
  C:27E4H         LINE#         528
  C:27E5H         LINE#         530
  C:27E6H         LINE#         531
  C:27E7H         LINE#         532
  C:27E8H         LINE#         533
  C:27E9H         LINE#         534
  C:27EBH         LINE#         537
BL51 BANKED LINKER/LOCATER V6.22                                                      03/06/2019  08:16:57  PAGE 90


  C:27EEH         LINE#         539
  C:27F1H         LINE#         544
  C:27F3H         LINE#         545
  C:27F5H         LINE#         546
  C:27F7H         LINE#         558
  C:27F8H         LINE#         559
  C:27F9H         LINE#         560
  C:27FAH         LINE#         561
  C:27FBH         LINE#         563
  C:27FCH         LINE#         564
  C:27FDH         LINE#         565
  C:27FEH         LINE#         566
  C:27FFH         LINE#         567
  C:2801H         LINE#         570
  C:2803H         LINE#         571
  C:2805H         LINE#         572
  C:2806H         LINE#         573
  C:2807H         LINE#         574
  C:2808H         LINE#         576
  C:2809H         LINE#         577
  C:280AH         LINE#         579
  C:280CH         LINE#         580
  C:280EH         LINE#         581
  C:280FH         LINE#         582
  C:2810H         LINE#         583
  C:2812H         LINE#         589
  C:2814H         LINE#         590
  C:2815H         LINE#         591
  C:2817H         LINE#         592
  C:2819H         LINE#         594
  C:281AH         LINE#         595
  C:281CH         LINE#         596
  C:281EH         LINE#         597
  C:281FH         LINE#         599
  C:2820H         LINE#         600
  C:2821H         LINE#         601
  C:2822H         LINE#         602
  C:2823H         LINE#         603
  C:2825H         LINE#         607
  C:2828H         LINE#         609
  C:282AH         LINE#         613
  C:282DH         LINE#         618
  C:325DH         LINE#         642
  C:325FH         LINE#         643
  C:3261H         LINE#         644
  C:3263H         LINE#         647
  C:3265H         LINE#         648
  C:3267H         LINE#         649
  C:3269H         LINE#         651
  C:326BH         LINE#         652
  C:326DH         LINE#         653
  C:326FH         LINE#         654
  C:3271H         LINE#         655
  C:3272H         LINE#         659
  C:3274H         LINE#         660
  C:3276H         LINE#         661
  C:3278H         LINE#         663
BL51 BANKED LINKER/LOCATER V6.22                                                      03/06/2019  08:16:57  PAGE 91


  C:327BH         LINE#         664
  C:327DH         LINE#         666
  C:327EH         LINE#         667
  C:327FH         LINE#         668
  C:3281H         LINE#         689
  C:3283H         LINE#         691
  C:3285H         LINE#         692
  C:3287H         LINE#         693
  C:3289H         LINE#         694
  C:328BH         LINE#         695
  -------         ENDMOD        OS_CPU_A_ASM

  -------         MODULE        ?C?COPY
  C:212CH         PUBLIC        ?C?COPY
  -------         ENDMOD        ?C?COPY

  -------         MODULE        ?C?CLDPTR
  C:2152H         PUBLIC        ?C?CLDPTR
  -------         ENDMOD        ?C?CLDPTR

  -------         MODULE        ?C?CLDOPTR
  C:216BH         PUBLIC        ?C?CLDOPTR
  -------         ENDMOD        ?C?CLDOPTR

  -------         MODULE        ?C?CSTPTR
  C:2198H         PUBLIC        ?C?CSTPTR
  -------         ENDMOD        ?C?CSTPTR

  -------         MODULE        ?C?CSTOPTR
  C:21AAH         PUBLIC        ?C?CSTOPTR
  -------         ENDMOD        ?C?CSTOPTR

  -------         MODULE        ?C?UIDIV
  C:21CCH         PUBLIC        ?C?UIDIV
  -------         ENDMOD        ?C?UIDIV

  -------         MODULE        ?C?CCASE
  C:2221H         PUBLIC        ?C?CCASE
  -------         ENDMOD        ?C?CCASE

  -------         MODULE        ?C?MEMSET
  C:2247H         PUBLIC        ?C?MEMSET
  -------         ENDMOD        ?C?MEMSET

*** WARNING L16: UNCALLED SEGMENT, IGNORED FOR OVERLAY PROCESS
    SEGMENT: ?PR?_UART_SEND?MAIN

*** WARNING L16: UNCALLED SEGMENT, IGNORED FOR OVERLAY PROCESS
    SEGMENT: ?PR?LED0FLASH?SINGLEBUS

*** WARNING L16: UNCALLED SEGMENT, IGNORED FOR OVERLAY PROCESS
    SEGMENT: ?PR?_OSTASKSTKDEL?OS_CPU_C

Program Size: data=127.1 xdata=354 code=13896
LINK/LOCATE RUN COMPLETE.  3 WARNING(S),  0 ERROR(S)
